1.010 1.494 0.065 0.020 0.000 0.043 1.378 0.138 0.524
2.020 4.159 1.114 0.052 0.000 0.061 1.327 0.146 13.702
3.041 7.368 8.160 0.339 0.000 0.238 3.171 0.159 10.492
4.062 7.285 8.055 0.346 0.000 0.327 14.202 0.158 10.468
5.075 7.294 8.109 0.348 0.000 0.327 14.041 0.158 10.285
6.094 7.305 8.201 0.333 0.000 0.327 14.006 0.150 10.365
7.114 7.292 8.181 0.348 0.000 0.327 14.035 0.160 10.284
8.127 7.262 8.002 0.334 0.000 0.325 14.034 0.158 10.336
9.148 7.273 8.151 0.343 0.000 0.325 13.971 0.155 10.384
10.169 7.278 8.500 0.319 0.000 0.324 13.946 0.157 10.372
11.182 7.271 8.172 0.329 0.000 0.326 14.011 0.160 10.480
12.197 7.318 8.209 0.330 0.000 0.325 14.009 0.159 10.310
13.215 7.279 8.156 0.332 0.000 0.330 13.969 0.161 10.307
14.236 7.303 8.088 0.329 0.130 0.323 14.161 0.156 10.300
15.256 5.753 5.721 0.250 0.000 0.324 14.001 0.154 0.457
16.285 1.125 0.000 0.021 0.000 0.109 10.482 0.139 0.834
17.310 1.125 0.000 0.022 0.000 0.058 1.290 0.141 0.492
18.329 1.125 0.000 0.024 0.000 0.042 1.433 0.140 0.568
19.354 1.392 0.000 0.021 0.000 0.042 1.368 0.136 0.592
20.372 1.125 0.066 0.023 0.000 0.049 1.238 0.142 0.516
21.390 1.125 0.000 0.022 0.000 0.039 1.439 0.136 0.407
22.412 1.421 0.000 0.020 0.000 0.042 1.206 0.138 0.398
23.437 1.125 0.041 0.021 0.000 0.038 1.200 0.136 0.415
24.459 1.125 0.000 0.021 0.000 0.038 1.340 0.135 0.410
25.482 1.125 0.000 0.022 0.000 0.040 1.223 0.134 0.423
