1.010 1.399 0.068 0.019 0.000 0.040 1.363 0.135 0.380
2.028 2.481 0.537 0.024 0.000 0.058 1.304 0.135 0.875
3.046 1.287 4.693 0.053 0.000 0.082 2.070 0.145 7.232
4.064 1.293 6.133 0.058 0.000 0.200 7.940 0.140 7.744
5.082 1.243 6.294 0.074 0.000 0.207 9.703 0.145 7.259
6.100 1.242 6.198 0.074 0.000 0.208 10.150 0.140 8.044
7.118 1.249 6.203 0.065 0.000 0.203 9.892 0.139 7.035
8.133 1.241 6.243 0.070 0.000 0.206 9.826 0.138 7.174
9.152 1.260 6.237 0.079 0.000 0.201 9.842 0.144 7.674
10.162 1.249 6.245 0.069 0.000 0.201 9.861 0.140 7.133
11.180 1.243 6.242 0.073 0.000 0.201 9.839 0.146 7.174
12.188 1.235 6.262 0.078 0.000 0.206 9.860 0.141 7.822
13.207 1.245 6.368 0.076 0.000 0.208 9.874 0.147 7.459
14.225 1.267 6.258 0.071 0.000 0.213 9.976 0.141 7.323
15.243 1.331 6.178 0.085 0.000 0.140 10.025 0.146 7.261
16.266 1.125 0.502 0.025 0.000 0.050 10.145 0.138 0.467
17.291 1.125 0.000 0.024 0.000 0.053 2.034 0.137 0.422
18.315 1.125 0.000 0.023 0.000 0.043 1.463 0.137 0.644
19.334 1.125 0.000 0.023 0.000 0.040 1.269 0.138 0.778
20.358 1.273 0.000 0.023 0.000 0.049 1.225 0.136 0.924
21.374 1.125 0.041 0.023 0.000 0.043 1.178 0.138 0.853
22.399 1.125 0.000 0.023 0.000 0.040 1.499 0.141 0.640
23.424 1.125 0.000 0.021 0.000 0.039 1.230 0.134 0.360
24.441 1.455 0.000 0.022 0.000 0.043 1.262 0.131 0.422
25.466 1.125 0.034 0.020 0.000 0.052 1.236 0.137 0.461
