1.010 1.476 0.047 0.022 0.130 0.046 1.359 0.138 1.131
2.027 2.504 1.848 0.033 0.000 0.067 1.415 0.142 10.241
3.046 1.355 10.821 0.142 0.000 0.143 3.838 0.151 12.050
4.056 1.270 10.910 0.158 0.000 0.222 16.582 0.155 12.800
5.066 1.266 10.546 0.152 0.000 0.215 16.685 0.150 12.156
6.084 1.262 10.686 0.174 0.000 0.216 16.637 0.146 12.077
7.095 1.270 10.721 0.156 0.000 0.222 16.717 0.153 12.230
8.106 1.269 11.023 0.150 0.000 0.219 16.727 0.148 12.381
9.115 1.281 10.887 0.157 0.000 0.216 16.732 0.151 12.643
10.134 1.379 11.070 0.158 0.000 0.234 16.802 0.150 12.202
11.153 1.265 11.053 0.159 0.000 0.219 17.069 0.148 12.478
12.174 1.273 10.924 0.162 0.000 0.219 16.824 0.147 12.487
13.192 1.280 11.044 0.147 0.000 0.217 16.767 0.147 12.048
14.211 1.263 10.873 0.174 0.000 0.238 16.830 0.156 13.656
15.230 1.358 8.365 0.127 0.000 0.218 16.786 0.143 0.586
16.255 1.125 0.000 0.022 0.000 0.089 13.067 0.137 1.199
17.275 1.125 0.000 0.024 0.000 0.059 1.282 0.141 0.766
18.296 1.125 0.000 0.021 0.000 0.040 1.440 0.135 0.437
19.321 1.125 0.000 0.023 0.000 0.040 1.227 0.140 0.422
20.346 1.125 0.000 0.023 0.000 0.040 1.245 0.135 0.426
21.371 1.125 0.000 0.022 0.000 0.041 1.240 0.135 1.052
22.396 1.125 0.000 0.024 0.000 0.040 1.238 0.138 0.484
23.420 1.346 0.036 0.021 0.000 0.038 1.224 0.137 0.574
24.443 1.125 0.000 0.020 0.000 0.042 1.344 0.137 0.535
25.467 1.125 0.000 0.022 0.000 0.038 1.233 0.133 0.593
