1.010 1.405 0.088 0.021 0.000 0.047 1.279 0.137 0.441
2.027 2.371 0.562 0.028 0.000 0.078 1.457 0.137 0.502
3.043 1.264 3.419 0.047 0.000 0.210 2.211 0.142 7.149
4.061 1.229 6.177 0.085 0.000 0.220 6.055 0.146 7.332
5.079 1.225 6.224 0.087 0.000 0.232 9.955 0.147 7.203
6.088 1.311 6.178 0.094 0.000 0.204 10.047 0.156 7.252
7.098 1.238 6.229 0.063 0.000 0.212 10.052 0.144 7.132
8.115 1.236 6.281 0.069 0.000 0.204 10.093 0.139 7.165
9.134 1.233 6.368 0.081 0.000 0.221 9.975 0.146 8.169
10.148 1.223 6.285 0.080 0.298 0.200 10.024 0.144 7.146
11.157 1.234 6.206 0.071 0.000 0.199 9.945 0.141 7.714
12.168 1.226 6.195 0.067 0.000 0.218 9.894 0.140 7.289
13.186 1.240 6.096 0.167 0.000 0.230 9.940 0.169 7.714
14.195 1.232 6.261 0.080 0.000 0.202 10.314 0.142 7.408
15.214 1.322 6.256 0.075 0.000 0.184 9.906 0.145 7.301
16.235 1.398 2.392 0.040 0.000 0.041 9.901 0.141 0.660
17.260 1.125 0.091 0.023 0.000 0.070 4.651 0.139 1.164
18.284 1.125 0.000 0.022 0.000 0.042 1.761 0.141 0.431
19.304 1.125 0.000 0.023 0.000 0.041 1.373 0.136 0.431
20.329 1.125 0.000 0.023 0.000 0.040 1.192 0.130 0.682
21.355 1.125 0.000 0.022 0.000 0.048 1.239 0.140 0.635
22.374 1.125 0.000 0.023 0.000 0.049 1.629 0.135 0.803
23.397 1.125 0.000 0.022 0.000 0.038 1.228 0.133 0.730
24.417 1.125 0.000 0.021 0.000 0.038 1.220 0.131 0.408
25.440 1.125 0.000 0.022 0.000 0.037 1.213 0.135 0.441
