1.010 1.499 0.065 0.022 0.000 0.043 1.158 0.135 0.602
2.018 2.177 0.570 0.027 0.000 0.101 1.334 0.140 0.465
3.035 1.284 3.795 0.088 0.000 0.229 2.038 0.150 8.919
4.053 1.125 2.977 0.067 0.000 0.101 7.762 0.147 3.109
5.074 1.125 0.451 0.025 0.000 0.079 7.177 0.141 1.827
6.096 1.125 0.427 0.025 0.000 0.054 3.252 0.139 1.041
7.125 1.125 0.433 0.024 0.000 0.060 2.167 0.139 1.094
8.143 1.125 0.440 0.024 0.000 0.051 2.023 0.139 0.981
9.167 1.125 0.440 0.023 0.000 0.051 2.057 0.135 1.188
10.190 1.125 0.446 0.025 0.000 0.051 1.902 0.138 0.929
11.209 1.125 0.439 0.023 0.000 0.062 1.902 0.139 1.027
12.228 1.413 0.450 0.026 0.000 0.064 1.876 0.145 1.307
13.247 1.125 0.580 0.021 0.000 0.052 1.983 0.141 0.913
14.265 1.125 0.427 0.022 0.000 0.052 1.855 0.136 1.034
15.290 1.125 0.441 0.024 0.000 0.052 1.900 0.142 1.016
16.313 1.125 0.456 0.028 0.000 0.050 1.898 0.137 1.019
17.337 1.125 0.183 0.026 0.000 0.051 1.873 0.136 0.431
18.363 1.125 0.000 0.024 0.000 0.042 1.541 0.136 0.720
19.388 1.125 0.000 0.025 0.000 0.061 1.423 0.138 0.422
20.405 1.125 0.000 0.024 0.000 0.057 1.302 0.144 0.455
21.424 1.125 0.000 0.023 0.000 0.054 1.975 0.136 0.521
22.446 1.290 0.037 0.025 0.000 0.047 1.242 0.138 0.821
23.466 1.125 0.000 0.022 0.000 0.045 1.453 0.129 0.514
24.491 1.125 0.000 0.023 0.000 0.042 1.321 0.139 0.531
25.513 1.125 0.000 0.021 0.000 0.042 1.236 0.136 0.488
