1.010 1.450 0.066 0.023 0.000 0.046 1.377 0.132 0.778
2.023 2.461 0.680 0.027 0.000 0.066 1.507 0.136 3.079
3.033 1.262 5.834 0.079 0.000 0.108 2.409 0.144 7.957
4.043 1.246 6.689 0.079 0.000 0.216 9.761 0.145 7.563
5.052 1.433 6.772 0.085 0.000 0.208 10.564 0.148 7.530
6.064 1.258 6.646 0.075 0.000 0.219 10.914 0.143 7.598
7.075 1.250 6.645 0.064 0.000 0.203 10.463 0.147 7.710
8.085 1.256 6.696 0.067 0.000 0.206 10.455 0.144 7.923
9.103 1.305 6.720 0.071 0.000 0.203 10.408 0.142 7.639
10.113 1.246 6.669 0.069 0.000 0.208 10.540 0.142 7.772
11.122 1.247 6.664 0.072 0.000 0.204 10.441 0.144 7.852
12.141 1.255 6.759 0.078 0.000 0.206 10.414 0.144 7.585
13.159 1.250 6.661 0.073 0.000 0.207 10.448 0.140 7.643
14.168 1.299 6.739 0.086 0.000 0.202 10.421 0.143 7.752
15.187 1.362 4.692 0.052 0.000 0.207 10.538 0.146 0.655
16.210 1.125 0.000 0.023 0.000 0.076 7.583 0.135 1.127
17.233 1.125 0.000 0.022 0.000 0.058 1.385 0.136 0.973
18.250 1.125 0.000 0.023 0.000 0.048 1.464 0.142 0.810
19.274 1.225 0.035 0.024 0.000 0.060 1.238 0.138 0.812
20.299 1.125 0.000 0.022 0.000 0.040 1.334 0.138 0.496
21.318 1.125 0.000 0.021 0.000 0.038 1.253 0.135 0.693
22.341 1.125 0.000 0.022 0.000 0.041 1.210 0.142 0.421
23.357 1.125 0.000 0.019 0.000 0.038 1.231 0.137 0.427
24.374 1.125 0.000 0.020 0.000 0.038 1.234 0.139 0.488
25.399 1.304 0.040 0.022 0.000 0.048 1.170 0.135 2.163
