1.010 1.432 0.061 0.026 0.000 0.044 1.226 0.137 0.556
2.027 2.234 0.479 0.026 0.000 0.065 1.330 0.143 0.365
3.037 1.376 2.399 0.069 0.000 0.180 1.991 0.142 6.361
4.054 1.455 5.283 0.133 0.000 0.192 4.791 0.143 6.526
5.072 1.350 5.549 0.136 0.000 0.206 9.042 0.145 6.330
6.091 1.342 5.337 0.147 0.000 0.213 9.434 0.142 6.284
7.109 1.387 5.562 0.150 0.000 0.207 9.367 0.148 6.819
8.125 1.344 5.453 0.142 0.000 0.193 9.366 0.146 6.406
9.143 1.344 5.393 0.137 0.000 0.190 9.418 0.143 6.756
10.153 1.339 5.331 0.133 0.000 0.190 9.105 0.144 6.693
11.162 1.344 5.338 0.136 0.000 0.192 9.211 0.146 6.625
12.171 1.339 5.339 0.132 0.000 0.190 9.186 0.141 6.312
13.181 1.350 5.442 0.137 0.000 0.193 9.155 0.142 6.698
14.199 1.337 5.415 0.143 0.000 0.193 9.195 0.143 6.466
15.218 1.421 5.337 0.141 0.000 0.180 9.286 0.145 6.399
16.238 1.125 2.231 0.069 0.000 0.042 9.191 0.139 0.566
17.265 1.275 0.000 0.022 0.000 0.062 4.538 0.141 0.957
18.288 1.125 0.028 0.020 0.000 0.039 1.407 0.140 0.564
19.312 1.125 0.000 0.024 0.000 0.040 1.242 0.139 0.540
20.334 1.125 0.000 0.020 0.000 0.043 1.230 0.140 0.422
21.354 1.125 0.000 0.021 0.000 0.042 1.359 0.135 0.488
22.370 1.125 0.000 0.021 0.000 0.039 1.303 0.137 0.488
23.394 1.125 0.000 0.022 0.000 0.038 1.319 0.139 0.548
24.416 1.338 0.058 0.022 0.000 0.042 1.289 0.133 0.575
25.438 1.125 0.000 0.021 0.000 0.050 1.510 0.135 0.550
