1.010 1.500 0.096 0.023 0.000 0.043 1.262 0.137 0.429
2.027 2.413 0.533 0.024 0.000 0.071 1.539 0.141 0.470
3.046 1.248 3.254 0.056 0.000 0.189 2.114 0.143 7.241
4.067 1.133 4.030 0.052 0.000 0.063 5.827 0.138 2.766
5.087 1.125 1.287 0.027 0.000 0.055 6.814 0.136 1.615
6.106 1.125 0.970 0.023 0.000 0.055 2.959 0.141 1.679
7.128 1.125 1.071 0.030 0.000 0.115 2.630 0.153 3.269
8.143 1.125 1.709 0.042 0.000 0.104 3.170 0.161 3.145
9.169 1.324 1.355 0.039 0.000 0.078 5.048 0.165 1.852
10.193 1.222 1.079 0.030 0.000 0.063 3.941 0.170 1.510
11.220 1.125 1.060 0.026 0.000 0.056 3.036 0.136 1.396
12.241 1.125 1.005 0.026 0.000 0.059 2.716 0.138 1.544
13.266 1.125 1.005 0.027 0.000 0.058 2.581 0.139 1.550
14.291 1.178 0.995 0.027 0.000 0.057 2.703 0.138 1.672
15.309 1.125 1.021 0.025 0.000 0.056 2.790 0.145 1.515
16.330 1.125 0.976 0.024 0.000 0.086 2.712 0.137 1.398
17.352 1.125 1.225 0.040 0.000 0.139 2.648 0.165 2.748
18.371 1.125 1.000 0.025 0.000 0.070 3.367 0.139 1.585
19.390 1.125 1.042 0.028 0.000 0.072 2.877 0.153 1.715
20.413 1.281 1.056 0.025 0.000 0.060 2.825 0.141 1.544
21.440 1.125 1.054 0.026 0.000 0.068 2.841 0.145 1.647
22.466 1.125 1.017 0.026 0.000 0.056 2.758 0.144 1.376
23.487 1.125 1.462 0.034 0.000 0.074 2.619 0.146 3.014
24.508 1.125 0.027 0.021 0.000 0.083 4.267 0.144 0.469
25.532 1.125 0.000 0.022 0.000 0.043 1.845 0.134 0.716
