1.010 1.446 0.062 0.021 0.000 0.040 1.187 0.139 0.835
2.017 2.754 0.991 0.029 0.000 0.074 1.326 0.145 1.527
3.029 1.419 2.013 0.904 0.000 0.121 3.673 0.147 6.794
4.049 1.363 2.775 1.217 0.000 0.237 7.238 0.151 5.638
5.071 1.355 2.638 1.170 0.000 0.168 9.144 0.144 5.683
6.088 1.399 2.717 1.083 0.000 0.177 7.646 0.145 5.401
7.102 1.348 2.720 1.155 0.000 0.172 7.725 0.139 5.415
8.113 1.340 2.689 1.127 0.000 0.166 7.606 0.142 5.302
9.134 1.334 2.657 1.167 0.000 0.171 7.600 0.142 5.418
10.154 1.331 2.734 1.111 0.000 0.167 7.629 0.144 5.581
11.165 1.352 2.686 1.169 0.000 0.171 7.598 0.143 5.874
12.186 1.356 2.706 1.152 0.000 0.167 7.589 0.140 5.828
13.204 1.374 2.688 1.150 0.000 0.170 7.619 0.146 5.469
14.217 1.440 2.817 1.107 0.000 0.240 7.612 0.147 7.464
15.237 1.342 2.913 1.242 0.000 0.213 8.072 0.149 6.623
16.259 1.125 0.278 0.120 0.000 0.116 9.315 0.151 2.781
17.281 1.125 0.000 0.027 0.000 0.098 3.503 0.148 0.989
18.298 1.125 0.000 0.022 0.000 0.102 3.088 0.143 0.999
19.312 1.125 0.000 0.026 0.000 0.103 1.660 0.180 1.709
20.336 1.125 0.000 0.024 0.000 0.061 2.789 0.149 0.684
21.356 1.125 0.000 0.022 0.000 0.040 2.329 0.134 0.472
22.379 1.125 0.000 0.022 0.000 0.047 1.293 0.135 0.483
23.399 1.125 0.000 0.022 0.000 0.042 1.253 0.138 0.781
24.424 1.784 0.000 0.022 0.000 0.040 1.384 0.135 0.441
25.437 3.820 1.009 0.040 0.000 0.077 1.287 0.142 0.928
