1.010 1.499 0.066 0.021 0.000 0.064 1.406 0.144 0.407
2.027 2.143 0.457 0.024 0.000 0.057 1.621 0.139 0.474
3.038 1.392 1.660 0.500 0.000 0.086 2.052 0.140 4.142
4.059 1.421 2.211 0.631 0.000 0.170 4.786 0.139 4.892
5.071 1.341 2.313 0.668 0.000 0.175 5.937 0.145 4.684
6.082 1.353 2.296 0.682 0.000 0.167 6.061 0.138 4.242
7.094 1.335 2.210 0.673 0.000 0.180 5.946 0.143 4.563
8.105 1.362 2.275 0.656 0.000 0.182 5.967 0.145 4.347
9.126 1.332 2.229 0.680 0.000 0.200 6.021 0.142 4.243
10.137 1.402 2.298 0.686 0.000 0.180 6.012 0.152 3.860
11.148 1.344 2.163 0.683 0.000 0.167 6.180 0.139 4.171
12.163 1.339 2.241 0.662 0.000 0.169 5.952 0.143 4.632
13.184 1.342 2.243 0.670 0.000 0.170 5.937 0.140 4.414
14.197 1.347 2.352 0.692 0.000 0.169 6.002 0.142 4.234
15.217 1.413 2.222 0.641 0.000 0.106 5.959 0.146 0.806
16.239 1.125 0.000 0.022 0.000 0.054 5.971 0.135 0.530
17.265 1.125 0.000 0.023 0.000 0.053 1.255 0.140 0.697
18.290 1.374 0.000 0.022 0.000 0.050 1.607 0.135 0.438
19.315 1.125 0.064 0.023 0.000 0.040 1.228 0.133 0.403
20.339 1.316 0.038 0.023 0.000 0.045 1.460 0.136 0.603
21.356 1.125 0.000 0.022 0.000 0.041 1.334 0.136 0.479
22.374 1.125 0.000 0.021 0.000 0.039 1.228 0.140 0.815
23.390 1.125 0.000 0.022 0.000 0.039 1.229 0.140 0.784
24.415 1.125 0.000 0.022 0.000 0.038 1.246 0.133 0.753
25.439 1.125 0.000 0.021 0.000 0.039 1.227 0.133 0.559
