1.010 1.449 0.063 0.023 0.000 0.047 1.259 0.140 0.459
2.028 3.342 1.039 0.026 0.000 0.072 1.363 0.135 0.507
3.049 1.465 1.201 0.426 0.000 0.062 2.816 0.141 6.043
4.061 1.481 2.839 1.072 0.000 0.199 4.125 0.151 6.267
5.080 1.433 2.807 1.078 0.000 0.184 7.865 0.142 5.938
6.101 1.432 2.897 1.061 0.000 0.175 7.702 0.137 5.642
7.122 1.423 2.799 1.101 0.000 0.179 7.685 0.140 5.533
8.142 1.418 2.839 1.069 0.000 0.175 7.730 0.142 5.481
9.162 1.435 2.852 1.062 0.000 0.179 7.743 0.144 5.391
10.173 1.420 2.849 1.085 0.133 0.182 7.703 0.141 5.422
11.184 1.442 2.913 1.092 0.134 0.300 7.860 0.171 5.828
12.204 1.443 3.015 1.093 0.000 0.214 9.056 0.151 6.296
13.225 1.423 2.842 1.076 0.000 0.223 8.021 0.144 6.149
14.240 1.488 2.911 1.136 0.000 0.286 8.017 0.161 7.818
15.261 1.435 3.064 1.143 0.192 0.206 8.950 0.178 6.867
16.286 1.125 0.179 0.081 0.000 0.051 10.361 0.139 0.392
17.310 1.125 0.000 0.024 0.000 0.056 1.875 0.140 0.536
18.336 1.125 0.000 0.024 0.000 0.044 1.532 0.140 0.844
19.359 1.125 0.000 0.022 0.000 0.040 1.316 0.135 0.472
20.384 1.125 0.000 0.021 0.000 0.040 1.297 0.141 0.511
21.402 1.125 0.000 0.022 0.000 0.040 1.260 0.139 0.909
22.427 1.308 0.000 0.022 0.000 0.040 1.279 0.135 0.593
23.449 1.307 0.068 0.021 0.000 0.048 1.235 0.136 0.422
24.470 1.192 0.018 0.023 0.000 0.043 1.397 0.140 0.439
25.494 1.125 0.000 0.022 0.000 0.043 1.349 0.140 0.419
