1.010 1.572 0.066 0.022 0.000 0.044 1.228 0.133 0.805
2.020 2.702 0.670 0.026 0.000 0.138 1.380 0.139 0.436
3.039 1.393 3.132 0.667 0.749 1.950 2.259 0.288 13.135
4.059 1.317 7.613 1.524 0.786 2.087 8.488 0.412 14.170
5.070 1.313 7.567 1.539 0.882 2.093 17.661 0.415 13.268
6.082 1.317 7.395 1.542 0.811 2.099 18.044 0.412 13.783
7.094 1.300 7.440 1.535 0.000 2.104 18.075 0.420 13.117
8.104 1.355 7.618 1.558 0.787 2.112 18.275 0.416 13.790
9.117 1.315 7.603 1.578 0.781 2.092 18.247 0.416 13.233
10.136 1.313 7.504 1.553 0.757 2.092 18.112 0.411 12.963
11.148 1.316 7.420 1.522 0.763 2.092 18.023 0.416 13.716
12.159 1.318 7.495 1.531 0.780 2.115 18.053 0.415 14.096
13.172 1.305 7.639 1.595 0.000 2.092 18.173 0.416 14.094
14.188 1.485 7.551 1.574 0.775 2.091 18.358 0.413 14.325
15.208 1.417 7.698 1.572 0.000 1.560 18.112 0.415 12.849
16.234 1.125 1.775 0.367 0.000 0.042 18.515 0.201 0.384
17.260 1.498 0.000 0.022 0.000 0.053 5.134 0.141 0.459
18.277 1.125 0.000 0.022 0.000 0.041 1.345 0.136 0.497
19.302 1.125 0.000 0.021 0.000 0.039 1.266 0.128 0.502
20.326 1.125 0.000 0.023 0.000 0.039 1.229 0.138 0.550
21.347 1.125 0.000 0.022 0.000 0.040 1.303 0.133 0.531
22.370 1.125 0.000 0.020 0.000 0.040 1.243 0.136 0.516
23.393 1.125 0.000 0.019 0.000 0.038 1.364 0.142 0.450
24.414 1.125 0.000 0.023 0.000 0.039 1.217 0.137 0.410
25.434 1.125 0.000 0.023 0.000 0.038 1.219 0.136 0.484
