1.010 1.375 0.068 0.020 0.000 0.052 2.296 0.135 0.944
2.028 4.509 2.032 0.037 0.000 0.138 1.585 0.138 5.495
3.047 4.472 4.604 0.026 0.000 0.108 4.352 0.141 5.683
4.065 2.747 3.902 0.023 0.180 0.134 8.051 0.141 0.567
5.088 2.490 0.498 0.176 0.000 0.743 6.941 0.225 10.845
6.110 3.154 1.357 0.382 0.000 0.948 3.377 0.257 10.301
7.132 5.019 1.744 0.398 0.596 1.469 5.474 0.272 8.277
8.150 4.570 5.323 1.089 0.000 1.743 6.104 0.390 10.173
9.179 2.634 2.447 0.557 0.189 0.977 14.693 0.293 2.856
10.191 3.763 1.468 0.526 0.000 1.029 7.866 0.305 0.448
11.209 5.549 3.419 0.774 0.381 1.950 7.522 0.345 10.281
12.226 4.337 5.062 1.060 0.000 1.509 10.071 0.381 11.901
13.242 5.344 2.063 0.533 0.120 1.480 14.128 0.284 11.330
14.254 4.523 5.209 1.051 0.517 1.521 7.183 0.381 0.495
15.272 3.436 2.939 0.628 0.348 1.059 13.742 0.307 0.541
16.292 5.383 3.021 0.703 0.511 1.931 8.812 0.332 10.427
17.316 2.168 3.125 0.644 0.168 0.638 9.507 0.284 0.583
18.327 5.389 1.223 0.427 0.000 1.534 9.071 0.295 10.078
19.347 4.903 5.563 1.121 0.000 1.923 5.622 0.441 10.157
20.372 3.752 3.219 0.634 0.205 0.585 15.376 0.286 0.599
21.391 5.319 2.802 0.687 0.595 1.943 9.361 0.338 11.105
22.413 3.085 4.454 0.949 0.495 1.088 9.778 0.354 0.687
23.431 4.217 3.293 0.764 0.527 1.110 6.973 0.354 10.505
24.450 5.258 3.620 0.779 0.535 1.946 10.700 0.307 0.629
25.478 1.243 0.074 0.023 0.000 0.424 10.373 0.157 1.284
