1.010 1.523 0.062 0.021 0.000 0.043 1.239 0.137 0.408
2.018 2.379 0.519 0.027 0.000 0.066 1.341 0.135 0.913
3.038 1.346 2.008 1.313 0.000 0.924 2.179 0.400 7.754
4.056 1.313 2.338 1.442 0.000 2.080 9.794 0.402 7.694
5.076 1.307 2.369 1.483 0.759 2.111 10.784 0.406 8.056
6.096 1.301 2.393 1.488 0.000 2.104 11.004 0.404 7.880
7.108 1.305 2.384 1.408 0.750 2.102 10.872 0.398 7.918
8.127 1.308 2.392 1.429 0.000 2.100 10.889 0.401 8.114
9.139 1.454 2.361 1.459 0.000 2.107 10.945 0.407 8.019
10.158 1.321 2.493 1.453 0.000 2.124 11.106 0.410 7.811
11.170 1.380 2.384 1.485 0.758 2.101 11.239 0.402 7.801
12.184 1.320 2.501 1.466 0.000 2.100 10.843 0.402 7.516
13.204 1.314 2.393 1.469 0.746 2.100 11.088 0.405 8.049
14.220 1.309 2.382 1.415 0.733 2.100 10.910 0.404 7.683
15.238 1.380 2.367 1.423 0.000 1.260 10.901 0.407 8.379
16.265 1.224 0.273 0.141 0.000 0.044 10.958 0.163 0.433
17.281 1.125 0.000 0.024 0.000 0.052 2.185 0.128 0.450
18.304 1.125 0.000 0.023 0.000 0.047 1.257 0.142 0.445
19.324 1.125 0.000 0.024 0.000 0.046 1.473 0.138 0.634
20.350 1.125 0.000 0.021 0.000 0.061 1.237 0.140 0.820
21.372 1.259 0.000 0.021 0.000 0.071 1.298 0.141 1.189
22.393 1.125 0.033 0.021 0.000 0.039 1.673 0.148 0.521
23.410 1.125 0.000 0.021 0.000 0.068 1.479 0.136 0.606
24.423 1.125 0.000 0.022 0.000 0.106 1.230 0.142 1.179
25.436 1.125 0.000 0.023 0.000 0.117 2.351 0.142 1.294
