OSLOGTAP	[CostModelFeature],matmul_0,Op,ios18.matmul,gFlopCnt,0.008389,totalMB,0.1562,kKBPerOC,64,mbKernel,0.0625,mbInputTensors,0.0625,mbOutputTensors,0.03125,opsPerByte,53.69,inputTensorX,256,inputTensorY,128,outputTensorX,128,outputTensorY,128,outputChannelCount,1,inputChannelCount,256,kernelX,128,kernelY,256,dilationX,0,dilationY,0,workUnitEfficiency16,1,isL2Resident,0,is3DConv,0,GFLOP/s,754.543335,GBP/s,56.666664,Runtime,0.011117,UsedDTree,False,Bound:Compute
OSLOGTAP	[CostModelFeature],matmul_0,Op,ios18.matmul,gFlopCnt,0.008389,totalMB,0.1562,kKBPerOC,64,mbKernel,0.0625,mbInputTensors,0.0625,mbOutputTensors,0.03125,opsPerByte,53.69,inputTensorX,256,inputTensorY,128,outputTensorX,128,outputTensorY,128,outputChannelCount,1,inputChannelCount,256,kernelX,128,kernelY,256,dilationX,0,dilationY,0,workUnitEfficiency16,1,isL2Resident,0,is3DConv,0,GFLOP/s,656.000000,GBP/s,56.666664,Runtime,0.012788,UsedDTree,False,Bound:Compute
OSLOGTAP	[CostModelFeature],matmul_0,Op,ios18.matmul,gFlopCnt,0.008389,totalMB,0.1562,kKBPerOC,64,mbKernel,0.0625,mbInputTensors,0.0625,mbOutputTensors,0.03125,opsPerByte,53.69,inputTensorX,256,inputTensorY,128,outputTensorX,128,outputTensorY,128,outputChannelCount,1,inputChannelCount,256,kernelX,128,kernelY,256,dilationX,0,dilationY,0,workUnitEfficiency16,1,isL2Resident,0,is3DConv,0,GFLOP/s,19400.000000,GBP/s,68.000000,Runtime,0.002244,UsedDTree,False,Bound:Memory
