OSLOGTAP	[CostModelFeature],wrap_in0_0_conv,Op,ios18.conv,gFlopCnt,0.0755,totalMB,0.3203,kKBPerOC,1.125,mbKernel,0.07031,mbInputTensors,0.125,mbOutputTensors,0.125,opsPerByte,235.7,inputTensorX,32,inputTensorY,32,outputTensorX,32,outputTensorY,32,outputChannelCount,64,inputChannelCount,64,kernelX,3,kernelY,3,dilationX,1,dilationY,1,workUnitEfficiency16,1,isL2Resident,0,is3DConv,0,GFLOP/s,729.201904,GBP/s,0.000000,Runtime,0.103534,UsedDTree,True,Bound:Compute
OSLOGTAP	[CostModelFeature],wrap_in0_0_relu,Op,ios18.relu,gFlopCnt,0.0001311,totalMB,0.25,kKBPerOC,0,mbKernel,0,mbInputTensors,0.125,mbOutputTensors,0.125,opsPerByte,0.5243,inputTensorX,32,inputTensorY,0,outputTensorX,32,outputTensorY,0,outputChannelCount,0,inputChannelCount,0,kernelX,0,kernelY,0,dilationX,0,dilationY,0,workUnitEfficiency16,0,isL2Resident,0,is3DConv,0,GFLOP/s,50.000000,GBP/s,0.000000,Runtime,0.002621,UsedDTree,True,Bound:Memory
OSLOGTAP	[CostModelFeature],wrap_in0_1_conv,Op,ios18.conv,gFlopCnt,0.0755,totalMB,0.3203,kKBPerOC,1.125,mbKernel,0.07031,mbInputTensors,0.125,mbOutputTensors,0.125,opsPerByte,235.7,inputTensorX,32,inputTensorY,32,outputTensorX,32,outputTensorY,32,outputChannelCount,64,inputChannelCount,64,kernelX,3,kernelY,3,dilationX,1,dilationY,1,workUnitEfficiency16,1,isL2Resident,0,is3DConv,0,GFLOP/s,729.201904,GBP/s,0.000000,Runtime,0.103534,UsedDTree,True,Bound:Compute
OSLOGTAP	[CostModelFeature],wrap_in0_1_relu,Op,ios18.relu,gFlopCnt,0.0001311,totalMB,0.25,kKBPerOC,0,mbKernel,0,mbInputTensors,0.125,mbOutputTensors,0.125,opsPerByte,0.5243,inputTensorX,32,inputTensorY,0,outputTensorX,32,outputTensorY,0,outputChannelCount,0,inputChannelCount,0,kernelX,0,kernelY,0,dilationX,0,dilationY,0,workUnitEfficiency16,0,isL2Resident,0,is3DConv,0,GFLOP/s,50.000000,GBP/s,0.000000,Runtime,0.002621,UsedDTree,True,Bound:Memory
OSLOGTAP	[CostModelFeature],conv_0,Op,ios18.conv,gFlopCnt,0.008389,totalMB,0.2578,kKBPerOC,0.125,mbKernel,0.007812,mbInputTensors,0.125,mbOutputTensors,0.125,opsPerByte,32.54,inputTensorX,32,inputTensorY,32,outputTensorX,32,outputTensorY,32,outputChannelCount,64,inputChannelCount,64,kernelX,1,kernelY,1,dilationX,1,dilationY,1,workUnitEfficiency16,1,isL2Resident,0,is3DConv,0,GFLOP/s,298.104919,GBP/s,0.000000,Runtime,0.028140,UsedDTree,True,Bound:Compute
OSLOGTAP	[CostModelFeature],wrap_out_0_conv,Op,ios18.conv,gFlopCnt,0.0755,totalMB,0.3203,kKBPerOC,1.125,mbKernel,0.07031,mbInputTensors,0.125,mbOutputTensors,0.125,opsPerByte,235.7,inputTensorX,32,inputTensorY,32,outputTensorX,32,outputTensorY,32,outputChannelCount,64,inputChannelCount,64,kernelX,3,kernelY,3,dilationX,1,dilationY,1,workUnitEfficiency16,1,isL2Resident,0,is3DConv,0,GFLOP/s,729.201904,GBP/s,0.000000,Runtime,0.103534,UsedDTree,True,Bound:Compute
OSLOGTAP	[CostModelFeature],wrap_out_0_relu,Op,ios18.relu,gFlopCnt,0.0001311,totalMB,0.25,kKBPerOC,0,mbKernel,0,mbInputTensors,0.125,mbOutputTensors,0.125,opsPerByte,0.5243,inputTensorX,32,inputTensorY,0,outputTensorX,32,outputTensorY,0,outputChannelCount,0,inputChannelCount,0,kernelX,0,kernelY,0,dilationX,0,dilationY,0,workUnitEfficiency16,0,isL2Resident,0,is3DConv,0,GFLOP/s,50.000000,GBP/s,0.000000,Runtime,0.002621,UsedDTree,True,Bound:Memory
OSLOGTAP	[CostModelFeature],wrap_out_1_conv,Op,ios18.conv,gFlopCnt,0.0755,totalMB,0.3203,kKBPerOC,1.125,mbKernel,0.07031,mbInputTensors,0.125,mbOutputTensors,0.125,opsPerByte,235.7,inputTensorX,32,inputTensorY,32,outputTensorX,32,outputTensorY,32,outputChannelCount,64,inputChannelCount,64,kernelX,3,kernelY,3,dilationX,1,dilationY,1,workUnitEfficiency16,1,isL2Resident,0,is3DConv,0,GFLOP/s,729.201904,GBP/s,0.000000,Runtime,0.103534,UsedDTree,True,Bound:Compute
OSLOGTAP	[CostModelFeature],wrap_out_1_relu,Op,ios18.relu,gFlopCnt,0.0001311,totalMB,0.25,kKBPerOC,0,mbKernel,0,mbInputTensors,0.125,mbOutputTensors,0.125,opsPerByte,0.5243,inputTensorX,32,inputTensorY,0,outputTensorX,32,outputTensorY,0,outputChannelCount,0,inputChannelCount,0,kernelX,0,kernelY,0,dilationX,0,dilationY,0,workUnitEfficiency16,0,isL2Resident,0,is3DConv,0,GFLOP/s,50.000000,GBP/s,0.000000,Runtime,0.002621,UsedDTree,True,Bound:Memory
OSLOGTAP	[CostModelFeature],wrap_in0_0_conv,Op,ios18.conv,gFlopCnt,0.0755,totalMB,0.3203,kKBPerOC,1.125,mbKernel,0.07031,mbInputTensors,0.125,mbOutputTensors,0.125,opsPerByte,235.7,inputTensorX,32,inputTensorY,32,outputTensorX,32,outputTensorY,32,outputChannelCount,64,inputChannelCount,64,kernelX,3,kernelY,3,dilationX,1,dilationY,1,workUnitEfficiency16,1,isL2Resident,0,is3DConv,0,GFLOP/s,633.968140,GBP/s,0.000000,Runtime,0.119087,UsedDTree,True,Bound:Compute
OSLOGTAP	[CostModelFeature],wrap_in0_0_relu,Op,ios18.relu,gFlopCnt,0.0001311,totalMB,0.25,kKBPerOC,0,mbKernel,0,mbInputTensors,0.125,mbOutputTensors,0.125,opsPerByte,0.5243,inputTensorX,32,inputTensorY,0,outputTensorX,32,outputTensorY,0,outputChannelCount,0,inputChannelCount,0,kernelX,0,kernelY,0,dilationX,0,dilationY,0,workUnitEfficiency16,0,isL2Resident,0,is3DConv,0,GFLOP/s,50.000000,GBP/s,0.000000,Runtime,0.002621,UsedDTree,True,Bound:Memory
OSLOGTAP	[CostModelFeature],wrap_in0_1_conv,Op,ios18.conv,gFlopCnt,0.0755,totalMB,0.3203,kKBPerOC,1.125,mbKernel,0.07031,mbInputTensors,0.125,mbOutputTensors,0.125,opsPerByte,235.7,inputTensorX,32,inputTensorY,32,outputTensorX,32,outputTensorY,32,outputChannelCount,64,inputChannelCount,64,kernelX,3,kernelY,3,dilationX,1,dilationY,1,workUnitEfficiency16,1,isL2Resident,0,is3DConv,0,GFLOP/s,633.968140,GBP/s,0.000000,Runtime,0.119087,UsedDTree,True,Bound:Compute
OSLOGTAP	[CostModelFeature],wrap_in0_1_relu,Op,ios18.relu,gFlopCnt,0.0001311,totalMB,0.25,kKBPerOC,0,mbKernel,0,mbInputTensors,0.125,mbOutputTensors,0.125,opsPerByte,0.5243,inputTensorX,32,inputTensorY,0,outputTensorX,32,outputTensorY,0,outputChannelCount,0,inputChannelCount,0,kernelX,0,kernelY,0,dilationX,0,dilationY,0,workUnitEfficiency16,0,isL2Resident,0,is3DConv,0,GFLOP/s,50.000000,GBP/s,0.000000,Runtime,0.002621,UsedDTree,True,Bound:Memory
OSLOGTAP	[CostModelFeature],conv_0,Op,ios18.conv,gFlopCnt,0.008389,totalMB,0.2578,kKBPerOC,0.125,mbKernel,0.007812,mbInputTensors,0.125,mbOutputTensors,0.125,opsPerByte,32.54,inputTensorX,32,inputTensorY,32,outputTensorX,32,outputTensorY,32,outputChannelCount,64,inputChannelCount,64,kernelX,1,kernelY,1,dilationX,1,dilationY,1,workUnitEfficiency16,1,isL2Resident,0,is3DConv,0,GFLOP/s,259.172424,GBP/s,0.000000,Runtime,0.032367,UsedDTree,True,Bound:Compute
OSLOGTAP	[CostModelFeature],wrap_out_0_conv,Op,ios18.conv,gFlopCnt,0.0755,totalMB,0.3203,kKBPerOC,1.125,mbKernel,0.07031,mbInputTensors,0.125,mbOutputTensors,0.125,opsPerByte,235.7,inputTensorX,32,inputTensorY,32,outputTensorX,32,outputTensorY,32,outputChannelCount,64,inputChannelCount,64,kernelX,3,kernelY,3,dilationX,1,dilationY,1,workUnitEfficiency16,1,isL2Resident,0,is3DConv,0,GFLOP/s,633.968140,GBP/s,0.000000,Runtime,0.119087,UsedDTree,True,Bound:Compute
OSLOGTAP	[CostModelFeature],wrap_out_0_relu,Op,ios18.relu,gFlopCnt,0.0001311,totalMB,0.25,kKBPerOC,0,mbKernel,0,mbInputTensors,0.125,mbOutputTensors,0.125,opsPerByte,0.5243,inputTensorX,32,inputTensorY,0,outputTensorX,32,outputTensorY,0,outputChannelCount,0,inputChannelCount,0,kernelX,0,kernelY,0,dilationX,0,dilationY,0,workUnitEfficiency16,0,isL2Resident,0,is3DConv,0,GFLOP/s,50.000000,GBP/s,0.000000,Runtime,0.002621,UsedDTree,True,Bound:Memory
OSLOGTAP	[CostModelFeature],wrap_out_1_conv,Op,ios18.conv,gFlopCnt,0.0755,totalMB,0.3203,kKBPerOC,1.125,mbKernel,0.07031,mbInputTensors,0.125,mbOutputTensors,0.125,opsPerByte,235.7,inputTensorX,32,inputTensorY,32,outputTensorX,32,outputTensorY,32,outputChannelCount,64,inputChannelCount,64,kernelX,3,kernelY,3,dilationX,1,dilationY,1,workUnitEfficiency16,1,isL2Resident,0,is3DConv,0,GFLOP/s,633.968140,GBP/s,0.000000,Runtime,0.119087,UsedDTree,True,Bound:Compute
OSLOGTAP	[CostModelFeature],wrap_out_1_relu,Op,ios18.relu,gFlopCnt,0.0001311,totalMB,0.25,kKBPerOC,0,mbKernel,0,mbInputTensors,0.125,mbOutputTensors,0.125,opsPerByte,0.5243,inputTensorX,32,inputTensorY,0,outputTensorX,32,outputTensorY,0,outputChannelCount,0,inputChannelCount,0,kernelX,0,kernelY,0,dilationX,0,dilationY,0,workUnitEfficiency16,0,isL2Resident,0,is3DConv,0,GFLOP/s,50.000000,GBP/s,0.000000,Runtime,0.002621,UsedDTree,True,Bound:Memory
OSLOGTAP	[CostModelFeature],wrap_in0_0_conv,Op,ios18.conv,gFlopCnt,0.0755,totalMB,0.3203,kKBPerOC,1.125,mbKernel,0.07031,mbInputTensors,0.125,mbOutputTensors,0.125,opsPerByte,235.7,inputTensorX,32,inputTensorY,32,outputTensorX,32,outputTensorY,32,outputChannelCount,64,inputChannelCount,64,kernelX,3,kernelY,3,dilationX,1,dilationY,1,workUnitEfficiency16,1,isL2Resident,0,is3DConv,0,GFLOP/s,11582.157227,GBP/s,0.000000,Runtime,0.006518,UsedDTree,True,Bound:Compute
OSLOGTAP	[CostModelFeature],wrap_in0_0_relu,Op,ios18.relu,gFlopCnt,0.0001311,totalMB,0.25,kKBPerOC,0,mbKernel,0,mbInputTensors,0.125,mbOutputTensors,0.125,opsPerByte,0.5243,inputTensorX,32,inputTensorY,0,outputTensorX,32,outputTensorY,0,outputChannelCount,0,inputChannelCount,0,kernelX,0,kernelY,0,dilationX,0,dilationY,0,workUnitEfficiency16,0,isL2Resident,0,is3DConv,0,GFLOP/s,50.000000,GBP/s,0.000000,Runtime,0.002621,UsedDTree,True,Bound:Memory
OSLOGTAP	[CostModelFeature],wrap_in0_1_conv,Op,ios18.conv,gFlopCnt,0.0755,totalMB,0.3203,kKBPerOC,1.125,mbKernel,0.07031,mbInputTensors,0.125,mbOutputTensors,0.125,opsPerByte,235.7,inputTensorX,32,inputTensorY,32,outputTensorX,32,outputTensorY,32,outputChannelCount,64,inputChannelCount,64,kernelX,3,kernelY,3,dilationX,1,dilationY,1,workUnitEfficiency16,1,isL2Resident,0,is3DConv,0,GFLOP/s,11582.157227,GBP/s,0.000000,Runtime,0.006518,UsedDTree,True,Bound:Compute
OSLOGTAP	[CostModelFeature],wrap_in0_1_relu,Op,ios18.relu,gFlopCnt,0.0001311,totalMB,0.25,kKBPerOC,0,mbKernel,0,mbInputTensors,0.125,mbOutputTensors,0.125,opsPerByte,0.5243,inputTensorX,32,inputTensorY,0,outputTensorX,32,outputTensorY,0,outputChannelCount,0,inputChannelCount,0,kernelX,0,kernelY,0,dilationX,0,dilationY,0,workUnitEfficiency16,0,isL2Resident,0,is3DConv,0,GFLOP/s,50.000000,GBP/s,0.000000,Runtime,0.002621,UsedDTree,True,Bound:Memory
OSLOGTAP	[CostModelFeature],conv_0,Op,ios18.conv,gFlopCnt,0.008389,totalMB,0.2578,kKBPerOC,0.125,mbKernel,0.007812,mbInputTensors,0.125,mbOutputTensors,0.125,opsPerByte,32.54,inputTensorX,32,inputTensorY,32,outputTensorX,32,outputTensorY,32,outputChannelCount,64,inputChannelCount,64,kernelX,1,kernelY,1,dilationX,1,dilationY,1,workUnitEfficiency16,1,isL2Resident,0,is3DConv,0,GFLOP/s,5980.881836,GBP/s,0.000000,Runtime,0.001403,UsedDTree,True,Bound:Memory
OSLOGTAP	[CostModelFeature],wrap_out_0_conv,Op,ios18.conv,gFlopCnt,0.0755,totalMB,0.3203,kKBPerOC,1.125,mbKernel,0.07031,mbInputTensors,0.125,mbOutputTensors,0.125,opsPerByte,235.7,inputTensorX,32,inputTensorY,32,outputTensorX,32,outputTensorY,32,outputChannelCount,64,inputChannelCount,64,kernelX,3,kernelY,3,dilationX,1,dilationY,1,workUnitEfficiency16,1,isL2Resident,0,is3DConv,0,GFLOP/s,11582.157227,GBP/s,0.000000,Runtime,0.006518,UsedDTree,True,Bound:Compute
OSLOGTAP	[CostModelFeature],wrap_out_0_relu,Op,ios18.relu,gFlopCnt,0.0001311,totalMB,0.25,kKBPerOC,0,mbKernel,0,mbInputTensors,0.125,mbOutputTensors,0.125,opsPerByte,0.5243,inputTensorX,32,inputTensorY,0,outputTensorX,32,outputTensorY,0,outputChannelCount,0,inputChannelCount,0,kernelX,0,kernelY,0,dilationX,0,dilationY,0,workUnitEfficiency16,0,isL2Resident,0,is3DConv,0,GFLOP/s,50.000000,GBP/s,0.000000,Runtime,0.002621,UsedDTree,True,Bound:Memory
OSLOGTAP	[CostModelFeature],wrap_out_1_conv,Op,ios18.conv,gFlopCnt,0.0755,totalMB,0.3203,kKBPerOC,1.125,mbKernel,0.07031,mbInputTensors,0.125,mbOutputTensors,0.125,opsPerByte,235.7,inputTensorX,32,inputTensorY,32,outputTensorX,32,outputTensorY,32,outputChannelCount,64,inputChannelCount,64,kernelX,3,kernelY,3,dilationX,1,dilationY,1,workUnitEfficiency16,1,isL2Resident,0,is3DConv,0,GFLOP/s,11582.157227,GBP/s,0.000000,Runtime,0.006518,UsedDTree,True,Bound:Compute
OSLOGTAP	[CostModelFeature],wrap_out_1_relu,Op,ios18.relu,gFlopCnt,0.0001311,totalMB,0.25,kKBPerOC,0,mbKernel,0,mbInputTensors,0.125,mbOutputTensors,0.125,opsPerByte,0.5243,inputTensorX,32,inputTensorY,0,outputTensorX,32,outputTensorY,0,outputChannelCount,0,inputChannelCount,0,kernelX,0,kernelY,0,dilationX,0,dilationY,0,workUnitEfficiency16,0,isL2Resident,0,is3DConv,0,GFLOP/s,50.000000,GBP/s,0.000000,Runtime,0.002621,UsedDTree,True,Bound:Memory
