OSLOGTAP	[CostModelFeature],layer_norm_0,Op,ios18.layer_norm,gFlopCnt,0.002425,totalMB,0.25,kKBPerOC,0,mbKernel,0,mbInputTensors,0.125,mbOutputTensors,0.125,opsPerByte,9.699,inputTensorX,32,inputTensorY,0,outputTensorX,32,outputTensorY,0,outputChannelCount,0,inputChannelCount,0,kernelX,0,kernelY,0,dilationX,0,dilationY,0,workUnitEfficiency16,1,isL2Resident,0,is3DConv,0,GFLOP/s,729.238525,GBP/s,56.666664,Runtime,0.004308,UsedDTree,False,Bound:Memory
OSLOGTAP	[CostModelFeature],layer_norm_0,Op,ios18.layer_norm,gFlopCnt,0.002425,totalMB,0.25,kKBPerOC,0,mbKernel,0,mbInputTensors,0.125,mbOutputTensors,0.125,opsPerByte,9.699,inputTensorX,32,inputTensorY,0,outputTensorX,32,outputTensorY,0,outputChannelCount,0,inputChannelCount,0,kernelX,0,kernelY,0,dilationX,0,dilationY,0,workUnitEfficiency16,1,isL2Resident,0,is3DConv,0,GFLOP/s,634.000000,GBP/s,56.666664,Runtime,0.004308,UsedDTree,False,Bound:Memory
OSLOGTAP	[CostModelFeature],layer_norm_0,Op,ios18.layer_norm,gFlopCnt,0.002425,totalMB,0.25,kKBPerOC,0,mbKernel,0,mbInputTensors,0.125,mbOutputTensors,0.125,opsPerByte,9.699,inputTensorX,32,inputTensorY,0,outputTensorX,32,outputTensorY,0,outputChannelCount,0,inputChannelCount,0,kernelX,0,kernelY,0,dilationX,0,dilationY,0,workUnitEfficiency16,1,isL2Resident,0,is3DConv,0,GFLOP/s,12000.000000,GBP/s,68.000000,Runtime,0.003590,UsedDTree,False,Bound:Memory
