OSLOGTAP	[CostModelFeature],conv_0,Op,ios18.conv,gFlopCnt,0.008389,totalMB,0.2578,kKBPerOC,0.125,mbKernel,0.007812,mbInputTensors,0.125,mbOutputTensors,0.125,opsPerByte,32.54,inputTensorX,32,inputTensorY,32,outputTensorX,32,outputTensorY,32,outputChannelCount,64,inputChannelCount,64,kernelX,1,kernelY,1,dilationX,1,dilationY,1,workUnitEfficiency16,1,isL2Resident,0,is3DConv,0,GFLOP/s,298.104919,GBP/s,0.000000,Runtime,0.028140,UsedDTree,True,Bound:Compute
OSLOGTAP	[CostModelFeature],conv_0,Op,ios18.conv,gFlopCnt,0.008389,totalMB,0.2578,kKBPerOC,0.125,mbKernel,0.007812,mbInputTensors,0.125,mbOutputTensors,0.125,opsPerByte,32.54,inputTensorX,32,inputTensorY,32,outputTensorX,32,outputTensorY,32,outputChannelCount,64,inputChannelCount,64,kernelX,1,kernelY,1,dilationX,1,dilationY,1,workUnitEfficiency16,1,isL2Resident,0,is3DConv,0,GFLOP/s,259.172424,GBP/s,0.000000,Runtime,0.032367,UsedDTree,True,Bound:Compute
OSLOGTAP	[CostModelFeature],conv_0,Op,ios18.conv,gFlopCnt,0.008389,totalMB,0.2578,kKBPerOC,0.125,mbKernel,0.007812,mbInputTensors,0.125,mbOutputTensors,0.125,opsPerByte,32.54,inputTensorX,32,inputTensorY,32,outputTensorX,32,outputTensorY,32,outputChannelCount,64,inputChannelCount,64,kernelX,1,kernelY,1,dilationX,1,dilationY,1,workUnitEfficiency16,1,isL2Resident,0,is3DConv,0,GFLOP/s,5980.881836,GBP/s,0.000000,Runtime,0.001403,UsedDTree,True,Bound:Memory
