OSLOGTAP	[CostModelFeature],add_0,Op,ios18.add,gFlopCnt,0.0002621,totalMB,0.375,kKBPerOC,0,mbKernel,0,mbInputTensors,0.25,mbOutputTensors,0.125,opsPerByte,0.6991,inputTensorX,32,inputTensorY,0,outputTensorX,32,outputTensorY,0,outputChannelCount,0,inputChannelCount,0,kernelX,0,kernelY,0,dilationX,0,dilationY,0,workUnitEfficiency16,0,isL2Resident,0,is3DConv,0,GFLOP/s,14.555234,GBP/s,0.000000,Runtime,0.018010,UsedDTree,True,Bound:Memory
OSLOGTAP	[CostModelFeature],add_0,Op,ios18.add,gFlopCnt,0.0002621,totalMB,0.375,kKBPerOC,0,mbKernel,0,mbInputTensors,0.25,mbOutputTensors,0.125,opsPerByte,0.6991,inputTensorX,32,inputTensorY,0,outputTensorX,32,outputTensorY,0,outputChannelCount,0,inputChannelCount,0,kernelX,0,kernelY,0,dilationX,0,dilationY,0,workUnitEfficiency16,0,isL2Resident,0,is3DConv,0,GFLOP/s,12.654321,GBP/s,0.000000,Runtime,0.020716,UsedDTree,True,Bound:Memory
OSLOGTAP	[CostModelFeature],add_0,Op,ios18.add,gFlopCnt,0.0002621,totalMB,0.375,kKBPerOC,0,mbKernel,0,mbInputTensors,0.25,mbOutputTensors,0.125,opsPerByte,0.6991,inputTensorX,32,inputTensorY,0,outputTensorX,32,outputTensorY,0,outputChannelCount,0,inputChannelCount,0,kernelX,0,kernelY,0,dilationX,0,dilationY,0,workUnitEfficiency16,0,isL2Resident,0,is3DConv,0,GFLOP/s,32.949493,GBP/s,0.000000,Runtime,0.007956,UsedDTree,True,Bound:Memory
