OSLOGTAP	[CostModelFeature],conv_0,Op,ios18.conv,gFlopCnt,0.0755,totalMB,0.3203,kKBPerOC,1.125,mbKernel,0.07031,mbInputTensors,0.125,mbOutputTensors,0.125,opsPerByte,235.7,inputTensorX,32,inputTensorY,32,outputTensorX,32,outputTensorY,32,outputChannelCount,64,inputChannelCount,64,kernelX,3,kernelY,3,dilationX,1,dilationY,1,workUnitEfficiency16,1,isL2Resident,0,is3DConv,0,GFLOP/s,729.201904,GBP/s,0.000000,Runtime,0.103534,UsedDTree,True,Bound:Compute
OSLOGTAP	[CostModelFeature],conv_0,Op,ios18.conv,gFlopCnt,0.0755,totalMB,0.3203,kKBPerOC,1.125,mbKernel,0.07031,mbInputTensors,0.125,mbOutputTensors,0.125,opsPerByte,235.7,inputTensorX,32,inputTensorY,32,outputTensorX,32,outputTensorY,32,outputChannelCount,64,inputChannelCount,64,kernelX,3,kernelY,3,dilationX,1,dilationY,1,workUnitEfficiency16,1,isL2Resident,0,is3DConv,0,GFLOP/s,633.968140,GBP/s,0.000000,Runtime,0.119087,UsedDTree,True,Bound:Compute
OSLOGTAP	[CostModelFeature],conv_0,Op,ios18.conv,gFlopCnt,0.0755,totalMB,0.3203,kKBPerOC,1.125,mbKernel,0.07031,mbInputTensors,0.125,mbOutputTensors,0.125,opsPerByte,235.7,inputTensorX,32,inputTensorY,32,outputTensorX,32,outputTensorY,32,outputChannelCount,64,inputChannelCount,64,kernelX,3,kernelY,3,dilationX,1,dilationY,1,workUnitEfficiency16,1,isL2Resident,0,is3DConv,0,GFLOP/s,11582.157227,GBP/s,0.000000,Runtime,0.006518,UsedDTree,True,Bound:Compute
