OSLOGTAP	[CostModelFeature],wrap_in0_0_conv,Op,ios18.conv,gFlopCnt,0.0755,totalMB,0.3203,kKBPerOC,1.125,mbKernel,0.07031,mbInputTensors,0.125,mbOutputTensors,0.125,opsPerByte,235.7,inputTensorX,32,inputTensorY,32,outputTensorX,32,outputTensorY,32,outputChannelCount,64,inputChannelCount,64,kernelX,3,kernelY,3,dilationX,1,dilationY,1,workUnitEfficiency16,1,isL2Resident,0,is3DConv,0,GFLOP/s,754.492737,GBP/s,0.000000,Runtime,0.100064,UsedDTree,True,Bound:Compute
OSLOGTAP	[CostModelFeature],wrap_in0_0_relu,Op,ios18.relu,gFlopCnt,0.0001311,totalMB,0.25,kKBPerOC,0,mbKernel,0,mbInputTensors,0.125,mbOutputTensors,0.125,opsPerByte,0.5243,inputTensorX,32,inputTensorY,0,outputTensorX,32,outputTensorY,0,outputChannelCount,0,inputChannelCount,0,kernelX,0,kernelY,0,dilationX,0,dilationY,0,workUnitEfficiency16,0,isL2Resident,0,is3DConv,0,GFLOP/s,50.000000,GBP/s,0.000000,Runtime,0.002621,UsedDTree,True,Bound:Memory
OSLOGTAP	[CostModelFeature],wrap_in0_1_conv,Op,ios18.conv,gFlopCnt,0.0755,totalMB,0.3203,kKBPerOC,1.125,mbKernel,0.07031,mbInputTensors,0.125,mbOutputTensors,0.125,opsPerByte,235.7,inputTensorX,32,inputTensorY,32,outputTensorX,32,outputTensorY,32,outputChannelCount,64,inputChannelCount,64,kernelX,3,kernelY,3,dilationX,1,dilationY,1,workUnitEfficiency16,1,isL2Resident,0,is3DConv,0,GFLOP/s,754.492737,GBP/s,0.000000,Runtime,0.100064,UsedDTree,True,Bound:Compute
OSLOGTAP	[CostModelFeature],wrap_in0_1_relu,Op,ios18.relu,gFlopCnt,0.0001311,totalMB,0.25,kKBPerOC,0,mbKernel,0,mbInputTensors,0.125,mbOutputTensors,0.125,opsPerByte,0.5243,inputTensorX,32,inputTensorY,0,outputTensorX,32,outputTensorY,0,outputChannelCount,0,inputChannelCount,0,kernelX,0,kernelY,0,dilationX,0,dilationY,0,workUnitEfficiency16,0,isL2Resident,0,is3DConv,0,GFLOP/s,50.000000,GBP/s,0.000000,Runtime,0.002621,UsedDTree,True,Bound:Memory
OSLOGTAP	[CostModelFeature],x1_to_int16,Op,ios18.cast,gFlopCnt,3.2e-08,totalMB,9.155e-05,kKBPerOC,0,mbKernel,0,mbInputTensors,6.104e-05,mbOutputTensors,3.052e-05,opsPerByte,0.3495,inputTensorX,2,inputTensorY,0,outputTensorX,2,outputTensorY,0,outputChannelCount,0,inputChannelCount,0,kernelX,0,kernelY,0,dilationX,0,dilationY,0,workUnitEfficiency16,0,isL2Resident,0,is3DConv,0,GFLOP/s,754.543335,GBP/s,56.666664,Runtime,0.000002,UsedDTree,False,Bound:Memory
OSLOGTAP	[CostModelFeature],cast_0,Op,ios18.cast,gFlopCnt,3.2e-08,totalMB,9.155e-05,kKBPerOC,0,mbKernel,0,mbInputTensors,3.052e-05,mbOutputTensors,6.104e-05,opsPerByte,0.3495,inputTensorX,2,inputTensorY,0,outputTensorX,2,outputTensorY,0,outputChannelCount,0,inputChannelCount,0,kernelX,0,kernelY,0,dilationX,0,dilationY,0,workUnitEfficiency16,0,isL2Resident,0,is3DConv,0,GFLOP/s,754.543335,GBP/s,56.666664,Runtime,0.000002,UsedDTree,False,Bound:Memory
OSLOGTAP	[CostModelFeature],greater_equal_0,Op,ios18.greater_equal,gFlopCnt,3.4e-08,totalMB,8.011e-05,kKBPerOC,0,mbKernel,0,mbInputTensors,6.485e-05,mbOutputTensors,1.526e-05,opsPerByte,0.4244,inputTensorX,2,inputTensorY,0,outputTensorX,2,outputTensorY,0,outputChannelCount,0,inputChannelCount,0,kernelX,0,kernelY,0,dilationX,0,dilationY,0,workUnitEfficiency16,0,isL2Resident,0,is3DConv,0,GFLOP/s,754.543335,GBP/s,56.666664,Runtime,0.000001,UsedDTree,False,Bound:Memory
OSLOGTAP	[CostModelFeature],add_0,Op,ios18.add,gFlopCnt,3.6e-08,totalMB,0.0001297,kKBPerOC,0,mbKernel,0,mbInputTensors,6.866e-05,mbOutputTensors,6.104e-05,opsPerByte,0.2776,inputTensorX,2,inputTensorY,0,outputTensorX,2,outputTensorY,0,outputChannelCount,0,inputChannelCount,0,kernelX,0,kernelY,0,dilationX,0,dilationY,0,workUnitEfficiency16,0,isL2Resident,0,is3DConv,0,GFLOP/s,21.122192,GBP/s,0.000000,Runtime,0.000002,UsedDTree,True,Bound:Memory
OSLOGTAP	[CostModelFeature],select_0,Op,select,gFlopCnt,9.6e-08,totalMB,0.0001984,kKBPerOC,0,mbKernel,0,mbInputTensors,0.0001373,mbOutputTensors,6.104e-05,opsPerByte,0.484,inputTensorX,0,inputTensorY,0,outputTensorX,2,outputTensorY,0,outputChannelCount,0,inputChannelCount,0,kernelX,0,kernelY,0,dilationX,0,dilationY,0,workUnitEfficiency16,0,isL2Resident,0,is3DConv,0,GFLOP/s,754.543335,GBP/s,56.666664,Runtime,0.000003,UsedDTree,False,Bound:Memory
OSLOGTAP	[CostModelFeature],select_0_to_int16,Op,ios18.cast,gFlopCnt,3.2e-08,totalMB,9.155e-05,kKBPerOC,0,mbKernel,0,mbInputTensors,6.104e-05,mbOutputTensors,3.052e-05,opsPerByte,0.3495,inputTensorX,2,inputTensorY,0,outputTensorX,2,outputTensorY,0,outputChannelCount,0,inputChannelCount,0,kernelX,0,kernelY,0,dilationX,0,dilationY,0,workUnitEfficiency16,0,isL2Resident,0,is3DConv,0,GFLOP/s,754.543335,GBP/s,56.666664,Runtime,0.000002,UsedDTree,False,Bound:Memory
OSLOGTAP	[CostModelFeature],gather_nd_0_cast_uint16_cast_uint16,Op,ios18.gather_nd,gFlopCnt,0.0001311,totalMB,0.1407,kKBPerOC,0,mbKernel,0,mbInputTensors,0.125,mbOutputTensors,0.01562,opsPerByte,0.9321,inputTensorX,32,inputTensorY,0,outputTensorX,32,outputTensorY,0,outputChannelCount,0,inputChannelCount,0,kernelX,0,kernelY,0,dilationX,0,dilationY,0,workUnitEfficiency16,0,isL2Resident,0,is3DConv,0,GFLOP/s,754.543335,GBP/s,56.666664,Runtime,0.002424,UsedDTree,False,Bound:Memory
OSLOGTAP	[CostModelFeature],wrap_out_0_lin,Op,ios18.linear,gFlopCnt,0.0005243,totalMB,0.0332,kKBPerOC,0.0625,mbKernel,0.001953,mbInputTensors,0.01562,mbOutputTensors,0.01562,opsPerByte,15.79,inputTensorX,32,inputTensorY,32,outputTensorX,32,outputTensorY,32,outputChannelCount,32,inputChannelCount,32,kernelX,32,kernelY,32,dilationX,0,dilationY,0,workUnitEfficiency16,1,isL2Resident,0,is3DConv,0,GFLOP/s,22.544456,GBP/s,0.000000,Runtime,0.023257,UsedDTree,True,Bound:Compute
OSLOGTAP	[CostModelFeature],wrap_out_0_relu,Op,ios18.relu,gFlopCnt,1.638e-05,totalMB,0.03125,kKBPerOC,0,mbKernel,0,mbInputTensors,0.01562,mbOutputTensors,0.01562,opsPerByte,0.5243,inputTensorX,32,inputTensorY,0,outputTensorX,32,outputTensorY,0,outputChannelCount,0,inputChannelCount,0,kernelX,0,kernelY,0,dilationX,0,dilationY,0,workUnitEfficiency16,0,isL2Resident,0,is3DConv,0,GFLOP/s,50.000000,GBP/s,0.000000,Runtime,0.000328,UsedDTree,True,Bound:Memory
OSLOGTAP	[CostModelFeature],wrap_out_1_lin,Op,ios18.linear,gFlopCnt,0.0005243,totalMB,0.0332,kKBPerOC,0.0625,mbKernel,0.001953,mbInputTensors,0.01562,mbOutputTensors,0.01562,opsPerByte,15.79,inputTensorX,32,inputTensorY,32,outputTensorX,32,outputTensorY,32,outputChannelCount,32,inputChannelCount,32,kernelX,32,kernelY,32,dilationX,0,dilationY,0,workUnitEfficiency16,1,isL2Resident,0,is3DConv,0,GFLOP/s,22.544456,GBP/s,0.000000,Runtime,0.023257,UsedDTree,True,Bound:Compute
OSLOGTAP	[CostModelFeature],wrap_out_1_relu,Op,ios18.relu,gFlopCnt,1.638e-05,totalMB,0.03125,kKBPerOC,0,mbKernel,0,mbInputTensors,0.01562,mbOutputTensors,0.01562,opsPerByte,0.5243,inputTensorX,32,inputTensorY,0,outputTensorX,32,outputTensorY,0,outputChannelCount,0,inputChannelCount,0,kernelX,0,kernelY,0,dilationX,0,dilationY,0,workUnitEfficiency16,0,isL2Resident,0,is3DConv,0,GFLOP/s,50.000000,GBP/s,0.000000,Runtime,0.000328,UsedDTree,True,Bound:Memory
OSLOGTAP	[CostModelFeature],wrap_in0_0_conv,Op,ios18.conv,gFlopCnt,0.0755,totalMB,0.3203,kKBPerOC,1.125,mbKernel,0.07031,mbInputTensors,0.125,mbOutputTensors,0.125,opsPerByte,235.7,inputTensorX,32,inputTensorY,32,outputTensorX,32,outputTensorY,32,outputChannelCount,64,inputChannelCount,64,kernelX,3,kernelY,3,dilationX,1,dilationY,1,workUnitEfficiency16,1,isL2Resident,0,is3DConv,0,GFLOP/s,655.955994,GBP/s,0.000000,Runtime,0.115095,UsedDTree,True,Bound:Compute
OSLOGTAP	[CostModelFeature],wrap_in0_0_relu,Op,ios18.relu,gFlopCnt,0.0001311,totalMB,0.25,kKBPerOC,0,mbKernel,0,mbInputTensors,0.125,mbOutputTensors,0.125,opsPerByte,0.5243,inputTensorX,32,inputTensorY,0,outputTensorX,32,outputTensorY,0,outputChannelCount,0,inputChannelCount,0,kernelX,0,kernelY,0,dilationX,0,dilationY,0,workUnitEfficiency16,0,isL2Resident,0,is3DConv,0,GFLOP/s,50.000000,GBP/s,0.000000,Runtime,0.002621,UsedDTree,True,Bound:Memory
OSLOGTAP	[CostModelFeature],wrap_in0_1_conv,Op,ios18.conv,gFlopCnt,0.0755,totalMB,0.3203,kKBPerOC,1.125,mbKernel,0.07031,mbInputTensors,0.125,mbOutputTensors,0.125,opsPerByte,235.7,inputTensorX,32,inputTensorY,32,outputTensorX,32,outputTensorY,32,outputChannelCount,64,inputChannelCount,64,kernelX,3,kernelY,3,dilationX,1,dilationY,1,workUnitEfficiency16,1,isL2Resident,0,is3DConv,0,GFLOP/s,655.955994,GBP/s,0.000000,Runtime,0.115095,UsedDTree,True,Bound:Compute
OSLOGTAP	[CostModelFeature],wrap_in0_1_relu,Op,ios18.relu,gFlopCnt,0.0001311,totalMB,0.25,kKBPerOC,0,mbKernel,0,mbInputTensors,0.125,mbOutputTensors,0.125,opsPerByte,0.5243,inputTensorX,32,inputTensorY,0,outputTensorX,32,outputTensorY,0,outputChannelCount,0,inputChannelCount,0,kernelX,0,kernelY,0,dilationX,0,dilationY,0,workUnitEfficiency16,0,isL2Resident,0,is3DConv,0,GFLOP/s,50.000000,GBP/s,0.000000,Runtime,0.002621,UsedDTree,True,Bound:Memory
OSLOGTAP	[CostModelFeature],x1_to_int16,Op,ios18.cast,gFlopCnt,3.2e-08,totalMB,9.155e-05,kKBPerOC,0,mbKernel,0,mbInputTensors,6.104e-05,mbOutputTensors,3.052e-05,opsPerByte,0.3495,inputTensorX,2,inputTensorY,0,outputTensorX,2,outputTensorY,0,outputChannelCount,0,inputChannelCount,0,kernelX,0,kernelY,0,dilationX,0,dilationY,0,workUnitEfficiency16,0,isL2Resident,0,is3DConv,0,GFLOP/s,656.000000,GBP/s,56.666664,Runtime,0.000002,UsedDTree,False,Bound:Memory
OSLOGTAP	[CostModelFeature],cast_0,Op,ios18.cast,gFlopCnt,3.2e-08,totalMB,9.155e-05,kKBPerOC,0,mbKernel,0,mbInputTensors,3.052e-05,mbOutputTensors,6.104e-05,opsPerByte,0.3495,inputTensorX,2,inputTensorY,0,outputTensorX,2,outputTensorY,0,outputChannelCount,0,inputChannelCount,0,kernelX,0,kernelY,0,dilationX,0,dilationY,0,workUnitEfficiency16,0,isL2Resident,0,is3DConv,0,GFLOP/s,656.000000,GBP/s,56.666664,Runtime,0.000002,UsedDTree,False,Bound:Memory
OSLOGTAP	[CostModelFeature],greater_equal_0,Op,ios18.greater_equal,gFlopCnt,3.4e-08,totalMB,8.011e-05,kKBPerOC,0,mbKernel,0,mbInputTensors,6.485e-05,mbOutputTensors,1.526e-05,opsPerByte,0.4244,inputTensorX,2,inputTensorY,0,outputTensorX,2,outputTensorY,0,outputChannelCount,0,inputChannelCount,0,kernelX,0,kernelY,0,dilationX,0,dilationY,0,workUnitEfficiency16,0,isL2Resident,0,is3DConv,0,GFLOP/s,656.000000,GBP/s,56.666664,Runtime,0.000001,UsedDTree,False,Bound:Memory
OSLOGTAP	[CostModelFeature],add_0,Op,ios18.add,gFlopCnt,3.6e-08,totalMB,0.0001297,kKBPerOC,0,mbKernel,0,mbInputTensors,6.866e-05,mbOutputTensors,6.104e-05,opsPerByte,0.2776,inputTensorX,2,inputTensorY,0,outputTensorX,2,outputTensorY,0,outputChannelCount,0,inputChannelCount,0,kernelX,0,kernelY,0,dilationX,0,dilationY,0,workUnitEfficiency16,0,isL2Resident,0,is3DConv,0,GFLOP/s,18.363636,GBP/s,0.000000,Runtime,0.000002,UsedDTree,True,Bound:Memory
OSLOGTAP	[CostModelFeature],select_0,Op,select,gFlopCnt,9.6e-08,totalMB,0.0001984,kKBPerOC,0,mbKernel,0,mbInputTensors,0.0001373,mbOutputTensors,6.104e-05,opsPerByte,0.484,inputTensorX,0,inputTensorY,0,outputTensorX,2,outputTensorY,0,outputChannelCount,0,inputChannelCount,0,kernelX,0,kernelY,0,dilationX,0,dilationY,0,workUnitEfficiency16,0,isL2Resident,0,is3DConv,0,GFLOP/s,656.000000,GBP/s,56.666664,Runtime,0.000003,UsedDTree,False,Bound:Memory
OSLOGTAP	[CostModelFeature],select_0_to_int16,Op,ios18.cast,gFlopCnt,3.2e-08,totalMB,9.155e-05,kKBPerOC,0,mbKernel,0,mbInputTensors,6.104e-05,mbOutputTensors,3.052e-05,opsPerByte,0.3495,inputTensorX,2,inputTensorY,0,outputTensorX,2,outputTensorY,0,outputChannelCount,0,inputChannelCount,0,kernelX,0,kernelY,0,dilationX,0,dilationY,0,workUnitEfficiency16,0,isL2Resident,0,is3DConv,0,GFLOP/s,656.000000,GBP/s,56.666664,Runtime,0.000002,UsedDTree,False,Bound:Memory
OSLOGTAP	[CostModelFeature],gather_nd_0_cast_uint16_cast_uint16,Op,ios18.gather_nd,gFlopCnt,0.0001311,totalMB,0.1407,kKBPerOC,0,mbKernel,0,mbInputTensors,0.125,mbOutputTensors,0.01562,opsPerByte,0.9321,inputTensorX,32,inputTensorY,0,outputTensorX,32,outputTensorY,0,outputChannelCount,0,inputChannelCount,0,kernelX,0,kernelY,0,dilationX,0,dilationY,0,workUnitEfficiency16,0,isL2Resident,0,is3DConv,0,GFLOP/s,656.000000,GBP/s,56.666664,Runtime,0.002424,UsedDTree,False,Bound:Memory
OSLOGTAP	[CostModelFeature],wrap_out_0_lin,Op,ios18.linear,gFlopCnt,0.0005243,totalMB,0.0332,kKBPerOC,0.0625,mbKernel,0.001953,mbInputTensors,0.01562,mbOutputTensors,0.01562,opsPerByte,15.79,inputTensorX,32,inputTensorY,32,outputTensorX,32,outputTensorY,32,outputChannelCount,32,inputChannelCount,32,kernelX,32,kernelY,32,dilationX,0,dilationY,0,workUnitEfficiency16,1,isL2Resident,0,is3DConv,0,GFLOP/s,19.600151,GBP/s,0.000000,Runtime,0.026751,UsedDTree,True,Bound:Compute
OSLOGTAP	[CostModelFeature],wrap_out_0_relu,Op,ios18.relu,gFlopCnt,1.638e-05,totalMB,0.03125,kKBPerOC,0,mbKernel,0,mbInputTensors,0.01562,mbOutputTensors,0.01562,opsPerByte,0.5243,inputTensorX,32,inputTensorY,0,outputTensorX,32,outputTensorY,0,outputChannelCount,0,inputChannelCount,0,kernelX,0,kernelY,0,dilationX,0,dilationY,0,workUnitEfficiency16,0,isL2Resident,0,is3DConv,0,GFLOP/s,50.000000,GBP/s,0.000000,Runtime,0.000328,UsedDTree,True,Bound:Memory
OSLOGTAP	[CostModelFeature],wrap_out_1_lin,Op,ios18.linear,gFlopCnt,0.0005243,totalMB,0.0332,kKBPerOC,0.0625,mbKernel,0.001953,mbInputTensors,0.01562,mbOutputTensors,0.01562,opsPerByte,15.79,inputTensorX,32,inputTensorY,32,outputTensorX,32,outputTensorY,32,outputChannelCount,32,inputChannelCount,32,kernelX,32,kernelY,32,dilationX,0,dilationY,0,workUnitEfficiency16,1,isL2Resident,0,is3DConv,0,GFLOP/s,19.600151,GBP/s,0.000000,Runtime,0.026751,UsedDTree,True,Bound:Compute
OSLOGTAP	[CostModelFeature],wrap_out_1_relu,Op,ios18.relu,gFlopCnt,1.638e-05,totalMB,0.03125,kKBPerOC,0,mbKernel,0,mbInputTensors,0.01562,mbOutputTensors,0.01562,opsPerByte,0.5243,inputTensorX,32,inputTensorY,0,outputTensorX,32,outputTensorY,0,outputChannelCount,0,inputChannelCount,0,kernelX,0,kernelY,0,dilationX,0,dilationY,0,workUnitEfficiency16,0,isL2Resident,0,is3DConv,0,GFLOP/s,50.000000,GBP/s,0.000000,Runtime,0.000328,UsedDTree,True,Bound:Memory
OSLOGTAP	[CostModelFeature],wrap_in0_0_conv,Op,ios18.conv,gFlopCnt,0.0755,totalMB,0.3203,kKBPerOC,1.125,mbKernel,0.07031,mbInputTensors,0.125,mbOutputTensors,0.125,opsPerByte,235.7,inputTensorX,32,inputTensorY,32,outputTensorX,32,outputTensorY,32,outputChannelCount,64,inputChannelCount,64,kernelX,3,kernelY,3,dilationX,1,dilationY,1,workUnitEfficiency16,1,isL2Resident,0,is3DConv,0,GFLOP/s,16151.676758,GBP/s,0.000000,Runtime,0.004674,UsedDTree,True,Bound:Memory
OSLOGTAP	[CostModelFeature],wrap_in0_0_relu,Op,ios18.relu,gFlopCnt,0.0001311,totalMB,0.25,kKBPerOC,0,mbKernel,0,mbInputTensors,0.125,mbOutputTensors,0.125,opsPerByte,0.5243,inputTensorX,32,inputTensorY,0,outputTensorX,32,outputTensorY,0,outputChannelCount,0,inputChannelCount,0,kernelX,0,kernelY,0,dilationX,0,dilationY,0,workUnitEfficiency16,0,isL2Resident,0,is3DConv,0,GFLOP/s,50.000000,GBP/s,0.000000,Runtime,0.002621,UsedDTree,True,Bound:Memory
OSLOGTAP	[CostModelFeature],wrap_in0_1_conv,Op,ios18.conv,gFlopCnt,0.0755,totalMB,0.3203,kKBPerOC,1.125,mbKernel,0.07031,mbInputTensors,0.125,mbOutputTensors,0.125,opsPerByte,235.7,inputTensorX,32,inputTensorY,32,outputTensorX,32,outputTensorY,32,outputChannelCount,64,inputChannelCount,64,kernelX,3,kernelY,3,dilationX,1,dilationY,1,workUnitEfficiency16,1,isL2Resident,0,is3DConv,0,GFLOP/s,16151.676758,GBP/s,0.000000,Runtime,0.004674,UsedDTree,True,Bound:Memory
OSLOGTAP	[CostModelFeature],wrap_in0_1_relu,Op,ios18.relu,gFlopCnt,0.0001311,totalMB,0.25,kKBPerOC,0,mbKernel,0,mbInputTensors,0.125,mbOutputTensors,0.125,opsPerByte,0.5243,inputTensorX,32,inputTensorY,0,outputTensorX,32,outputTensorY,0,outputChannelCount,0,inputChannelCount,0,kernelX,0,kernelY,0,dilationX,0,dilationY,0,workUnitEfficiency16,0,isL2Resident,0,is3DConv,0,GFLOP/s,50.000000,GBP/s,0.000000,Runtime,0.002621,UsedDTree,True,Bound:Memory
OSLOGTAP	[CostModelFeature],gather_nd_0_cast_uint16_cast_uint16,Op,ios18.gather_nd,gFlopCnt,0.0001311,totalMB,0.1407,kKBPerOC,0,mbKernel,0,mbInputTensors,0.125,mbOutputTensors,0.01562,opsPerByte,0.9321,inputTensorX,32,inputTensorY,0,outputTensorX,32,outputTensorY,0,outputChannelCount,0,inputChannelCount,0,kernelX,0,kernelY,0,dilationX,0,dilationY,0,workUnitEfficiency16,0,isL2Resident,0,is3DConv,0,GFLOP/s,19400.000000,GBP/s,68.000000,Runtime,0.002020,UsedDTree,False,Bound:Memory
OSLOGTAP	[CostModelFeature],wrap_out_0_lin,Op,ios18.linear,gFlopCnt,0.0005243,totalMB,0.0332,kKBPerOC,0.0625,mbKernel,0.001953,mbInputTensors,0.01562,mbOutputTensors,0.01562,opsPerByte,15.79,inputTensorX,32,inputTensorY,32,outputTensorX,32,outputTensorY,32,outputChannelCount,32,inputChannelCount,32,kernelX,32,kernelY,32,dilationX,0,dilationY,0,workUnitEfficiency16,1,isL2Resident,0,is3DConv,0,GFLOP/s,580.450378,GBP/s,0.000000,Runtime,0.000903,UsedDTree,True,Bound:Memory
OSLOGTAP	[CostModelFeature],wrap_out_0_relu,Op,ios18.relu,gFlopCnt,1.638e-05,totalMB,0.03125,kKBPerOC,0,mbKernel,0,mbInputTensors,0.01562,mbOutputTensors,0.01562,opsPerByte,0.5243,inputTensorX,32,inputTensorY,0,outputTensorX,32,outputTensorY,0,outputChannelCount,0,inputChannelCount,0,kernelX,0,kernelY,0,dilationX,0,dilationY,0,workUnitEfficiency16,0,isL2Resident,0,is3DConv,0,GFLOP/s,50.000000,GBP/s,0.000000,Runtime,0.000328,UsedDTree,True,Bound:Memory
OSLOGTAP	[CostModelFeature],wrap_out_1_lin,Op,ios18.linear,gFlopCnt,0.0005243,totalMB,0.0332,kKBPerOC,0.0625,mbKernel,0.001953,mbInputTensors,0.01562,mbOutputTensors,0.01562,opsPerByte,15.79,inputTensorX,32,inputTensorY,32,outputTensorX,32,outputTensorY,32,outputChannelCount,32,inputChannelCount,32,kernelX,32,kernelY,32,dilationX,0,dilationY,0,workUnitEfficiency16,1,isL2Resident,0,is3DConv,0,GFLOP/s,580.450378,GBP/s,0.000000,Runtime,0.000903,UsedDTree,True,Bound:Memory
OSLOGTAP	[CostModelFeature],wrap_out_1_relu,Op,ios18.relu,gFlopCnt,1.638e-05,totalMB,0.03125,kKBPerOC,0,mbKernel,0,mbInputTensors,0.01562,mbOutputTensors,0.01562,opsPerByte,0.5243,inputTensorX,32,inputTensorY,0,outputTensorX,32,outputTensorY,0,outputChannelCount,0,inputChannelCount,0,kernelX,0,kernelY,0,dilationX,0,dilationY,0,workUnitEfficiency16,0,isL2Resident,0,is3DConv,0,GFLOP/s,50.000000,GBP/s,0.000000,Runtime,0.000328,UsedDTree,True,Bound:Memory
