OSLOGTAP	[CostModelFeature],wrap_in0_0_lin,Op,ios18.linear,gFlopCnt,0.008389,totalMB,0.1875,kKBPerOC,0.5,mbKernel,0.125,mbInputTensors,0.03125,mbOutputTensors,0.03125,opsPerByte,44.74,inputTensorX,256,inputTensorY,64,outputTensorX,256,outputTensorY,64,outputChannelCount,256,inputChannelCount,256,kernelX,256,kernelY,256,dilationX,0,dilationY,0,workUnitEfficiency16,1,isL2Resident,0,is3DConv,0,GFLOP/s,22.544456,GBP/s,0.000000,Runtime,0.372103,UsedDTree,True,Bound:Compute
OSLOGTAP	[CostModelFeature],wrap_in0_0_relu,Op,ios18.relu,gFlopCnt,3.277e-05,totalMB,0.0625,kKBPerOC,0,mbKernel,0,mbInputTensors,0.03125,mbOutputTensors,0.03125,opsPerByte,0.5243,inputTensorX,256,inputTensorY,0,outputTensorX,256,outputTensorY,0,outputChannelCount,0,inputChannelCount,0,kernelX,0,kernelY,0,dilationX,0,dilationY,0,workUnitEfficiency16,0,isL2Resident,0,is3DConv,0,GFLOP/s,50.000000,GBP/s,0.000000,Runtime,0.000655,UsedDTree,True,Bound:Memory
OSLOGTAP	[CostModelFeature],wrap_in0_1_lin,Op,ios18.linear,gFlopCnt,0.008389,totalMB,0.1875,kKBPerOC,0.5,mbKernel,0.125,mbInputTensors,0.03125,mbOutputTensors,0.03125,opsPerByte,44.74,inputTensorX,256,inputTensorY,64,outputTensorX,256,outputTensorY,64,outputChannelCount,256,inputChannelCount,256,kernelX,256,kernelY,256,dilationX,0,dilationY,0,workUnitEfficiency16,1,isL2Resident,0,is3DConv,0,GFLOP/s,22.544456,GBP/s,0.000000,Runtime,0.372103,UsedDTree,True,Bound:Compute
OSLOGTAP	[CostModelFeature],wrap_in0_1_relu,Op,ios18.relu,gFlopCnt,3.277e-05,totalMB,0.0625,kKBPerOC,0,mbKernel,0,mbInputTensors,0.03125,mbOutputTensors,0.03125,opsPerByte,0.5243,inputTensorX,256,inputTensorY,0,outputTensorX,256,outputTensorY,0,outputChannelCount,0,inputChannelCount,0,kernelX,0,kernelY,0,dilationX,0,dilationY,0,workUnitEfficiency16,0,isL2Resident,0,is3DConv,0,GFLOP/s,50.000000,GBP/s,0.000000,Runtime,0.000655,UsedDTree,True,Bound:Memory
OSLOGTAP	[CostModelFeature],sliding_windows_0,Op,ios18.sliding_windows,gFlopCnt,3.277e-05,totalMB,0.09278,kKBPerOC,0,mbKernel,0,mbInputTensors,0.03126,mbOutputTensors,0.06152,opsPerByte,0.3532,inputTensorX,256,inputTensorY,0,outputTensorX,8,outputTensorY,0,outputChannelCount,0,inputChannelCount,0,kernelX,0,kernelY,0,dilationX,0,dilationY,0,workUnitEfficiency16,0,isL2Resident,0,is3DConv,0,GFLOP/s,754.543335,GBP/s,56.666664,Runtime,0.001599,UsedDTree,False,Bound:Memory
OSLOGTAP	[CostModelFeature],wrap_out_0_conv,Op,ios18.conv,gFlopCnt,0.03716,totalMB,0.1934,kKBPerOC,1.125,mbKernel,0.07031,mbInputTensors,0.06152,mbOutputTensors,0.06152,opsPerByte,192.2,inputTensorX,8,inputTensorY,63,outputTensorX,8,outputTensorY,63,outputChannelCount,64,inputChannelCount,64,kernelX,3,kernelY,3,dilationX,1,dilationY,1,workUnitEfficiency16,0.4922,isL2Resident,0,is3DConv,0,GFLOP/s,754.492737,GBP/s,0.000000,Runtime,0.049250,UsedDTree,True,Bound:Compute
OSLOGTAP	[CostModelFeature],wrap_out_0_relu,Op,ios18.relu,gFlopCnt,6.451e-05,totalMB,0.123,kKBPerOC,0,mbKernel,0,mbInputTensors,0.06152,mbOutputTensors,0.06152,opsPerByte,0.5243,inputTensorX,8,inputTensorY,0,outputTensorX,8,outputTensorY,0,outputChannelCount,0,inputChannelCount,0,kernelX,0,kernelY,0,dilationX,0,dilationY,0,workUnitEfficiency16,0,isL2Resident,0,is3DConv,0,GFLOP/s,50.000000,GBP/s,0.000000,Runtime,0.001290,UsedDTree,True,Bound:Memory
OSLOGTAP	[CostModelFeature],wrap_out_1_conv,Op,ios18.conv,gFlopCnt,0.03716,totalMB,0.1934,kKBPerOC,1.125,mbKernel,0.07031,mbInputTensors,0.06152,mbOutputTensors,0.06152,opsPerByte,192.2,inputTensorX,8,inputTensorY,63,outputTensorX,8,outputTensorY,63,outputChannelCount,64,inputChannelCount,64,kernelX,3,kernelY,3,dilationX,1,dilationY,1,workUnitEfficiency16,0.4922,isL2Resident,0,is3DConv,0,GFLOP/s,754.492737,GBP/s,0.000000,Runtime,0.049250,UsedDTree,True,Bound:Compute
OSLOGTAP	[CostModelFeature],wrap_out_1_relu,Op,ios18.relu,gFlopCnt,6.451e-05,totalMB,0.123,kKBPerOC,0,mbKernel,0,mbInputTensors,0.06152,mbOutputTensors,0.06152,opsPerByte,0.5243,inputTensorX,8,inputTensorY,0,outputTensorX,8,outputTensorY,0,outputChannelCount,0,inputChannelCount,0,kernelX,0,kernelY,0,dilationX,0,dilationY,0,workUnitEfficiency16,0,isL2Resident,0,is3DConv,0,GFLOP/s,50.000000,GBP/s,0.000000,Runtime,0.001290,UsedDTree,True,Bound:Memory
OSLOGTAP	[CostModelFeature],wrap_in0_0_lin,Op,ios18.linear,gFlopCnt,0.008389,totalMB,0.1875,kKBPerOC,0.5,mbKernel,0.125,mbInputTensors,0.03125,mbOutputTensors,0.03125,opsPerByte,44.74,inputTensorX,256,inputTensorY,64,outputTensorX,256,outputTensorY,64,outputChannelCount,256,inputChannelCount,256,kernelX,256,kernelY,256,dilationX,0,dilationY,0,workUnitEfficiency16,1,isL2Resident,0,is3DConv,0,GFLOP/s,19.600151,GBP/s,0.000000,Runtime,0.428000,UsedDTree,True,Bound:Compute
OSLOGTAP	[CostModelFeature],wrap_in0_0_relu,Op,ios18.relu,gFlopCnt,3.277e-05,totalMB,0.0625,kKBPerOC,0,mbKernel,0,mbInputTensors,0.03125,mbOutputTensors,0.03125,opsPerByte,0.5243,inputTensorX,256,inputTensorY,0,outputTensorX,256,outputTensorY,0,outputChannelCount,0,inputChannelCount,0,kernelX,0,kernelY,0,dilationX,0,dilationY,0,workUnitEfficiency16,0,isL2Resident,0,is3DConv,0,GFLOP/s,50.000000,GBP/s,0.000000,Runtime,0.000655,UsedDTree,True,Bound:Memory
OSLOGTAP	[CostModelFeature],wrap_in0_1_lin,Op,ios18.linear,gFlopCnt,0.008389,totalMB,0.1875,kKBPerOC,0.5,mbKernel,0.125,mbInputTensors,0.03125,mbOutputTensors,0.03125,opsPerByte,44.74,inputTensorX,256,inputTensorY,64,outputTensorX,256,outputTensorY,64,outputChannelCount,256,inputChannelCount,256,kernelX,256,kernelY,256,dilationX,0,dilationY,0,workUnitEfficiency16,1,isL2Resident,0,is3DConv,0,GFLOP/s,19.600151,GBP/s,0.000000,Runtime,0.428000,UsedDTree,True,Bound:Compute
OSLOGTAP	[CostModelFeature],wrap_in0_1_relu,Op,ios18.relu,gFlopCnt,3.277e-05,totalMB,0.0625,kKBPerOC,0,mbKernel,0,mbInputTensors,0.03125,mbOutputTensors,0.03125,opsPerByte,0.5243,inputTensorX,256,inputTensorY,0,outputTensorX,256,outputTensorY,0,outputChannelCount,0,inputChannelCount,0,kernelX,0,kernelY,0,dilationX,0,dilationY,0,workUnitEfficiency16,0,isL2Resident,0,is3DConv,0,GFLOP/s,50.000000,GBP/s,0.000000,Runtime,0.000655,UsedDTree,True,Bound:Memory
OSLOGTAP	[CostModelFeature],sliding_windows_0,Op,ios18.sliding_windows,gFlopCnt,3.277e-05,totalMB,0.09278,kKBPerOC,0,mbKernel,0,mbInputTensors,0.03126,mbOutputTensors,0.06152,opsPerByte,0.3532,inputTensorX,256,inputTensorY,0,outputTensorX,8,outputTensorY,0,outputChannelCount,0,inputChannelCount,0,kernelX,0,kernelY,0,dilationX,0,dilationY,0,workUnitEfficiency16,0,isL2Resident,0,is3DConv,0,GFLOP/s,656.000000,GBP/s,56.666664,Runtime,0.001599,UsedDTree,False,Bound:Memory
OSLOGTAP	[CostModelFeature],wrap_out_0_conv,Op,ios18.conv,gFlopCnt,0.03716,totalMB,0.1934,kKBPerOC,1.125,mbKernel,0.07031,mbInputTensors,0.06152,mbOutputTensors,0.06152,opsPerByte,192.2,inputTensorX,8,inputTensorY,63,outputTensorX,8,outputTensorY,63,outputChannelCount,64,inputChannelCount,64,kernelX,3,kernelY,3,dilationX,1,dilationY,1,workUnitEfficiency16,0.4922,isL2Resident,0,is3DConv,0,GFLOP/s,655.955994,GBP/s,0.000000,Runtime,0.056648,UsedDTree,True,Bound:Compute
OSLOGTAP	[CostModelFeature],wrap_out_0_relu,Op,ios18.relu,gFlopCnt,6.451e-05,totalMB,0.123,kKBPerOC,0,mbKernel,0,mbInputTensors,0.06152,mbOutputTensors,0.06152,opsPerByte,0.5243,inputTensorX,8,inputTensorY,0,outputTensorX,8,outputTensorY,0,outputChannelCount,0,inputChannelCount,0,kernelX,0,kernelY,0,dilationX,0,dilationY,0,workUnitEfficiency16,0,isL2Resident,0,is3DConv,0,GFLOP/s,50.000000,GBP/s,0.000000,Runtime,0.001290,UsedDTree,True,Bound:Memory
OSLOGTAP	[CostModelFeature],wrap_out_1_conv,Op,ios18.conv,gFlopCnt,0.03716,totalMB,0.1934,kKBPerOC,1.125,mbKernel,0.07031,mbInputTensors,0.06152,mbOutputTensors,0.06152,opsPerByte,192.2,inputTensorX,8,inputTensorY,63,outputTensorX,8,outputTensorY,63,outputChannelCount,64,inputChannelCount,64,kernelX,3,kernelY,3,dilationX,1,dilationY,1,workUnitEfficiency16,0.4922,isL2Resident,0,is3DConv,0,GFLOP/s,655.955994,GBP/s,0.000000,Runtime,0.056648,UsedDTree,True,Bound:Compute
OSLOGTAP	[CostModelFeature],wrap_out_1_relu,Op,ios18.relu,gFlopCnt,6.451e-05,totalMB,0.123,kKBPerOC,0,mbKernel,0,mbInputTensors,0.06152,mbOutputTensors,0.06152,opsPerByte,0.5243,inputTensorX,8,inputTensorY,0,outputTensorX,8,outputTensorY,0,outputChannelCount,0,inputChannelCount,0,kernelX,0,kernelY,0,dilationX,0,dilationY,0,workUnitEfficiency16,0,isL2Resident,0,is3DConv,0,GFLOP/s,50.000000,GBP/s,0.000000,Runtime,0.001290,UsedDTree,True,Bound:Memory
OSLOGTAP	[CostModelFeature],wrap_in0_0_lin,Op,ios18.linear,gFlopCnt,0.008389,totalMB,0.1875,kKBPerOC,0.5,mbKernel,0.125,mbInputTensors,0.03125,mbOutputTensors,0.03125,opsPerByte,44.74,inputTensorX,256,inputTensorY,64,outputTensorX,256,outputTensorY,64,outputChannelCount,256,inputChannelCount,256,kernelX,256,kernelY,256,dilationX,0,dilationY,0,workUnitEfficiency16,1,isL2Resident,0,is3DConv,0,GFLOP/s,580.450378,GBP/s,0.000000,Runtime,0.014452,UsedDTree,True,Bound:Memory
OSLOGTAP	[CostModelFeature],wrap_in0_0_relu,Op,ios18.relu,gFlopCnt,3.277e-05,totalMB,0.0625,kKBPerOC,0,mbKernel,0,mbInputTensors,0.03125,mbOutputTensors,0.03125,opsPerByte,0.5243,inputTensorX,256,inputTensorY,0,outputTensorX,256,outputTensorY,0,outputChannelCount,0,inputChannelCount,0,kernelX,0,kernelY,0,dilationX,0,dilationY,0,workUnitEfficiency16,0,isL2Resident,0,is3DConv,0,GFLOP/s,50.000000,GBP/s,0.000000,Runtime,0.000655,UsedDTree,True,Bound:Memory
OSLOGTAP	[CostModelFeature],wrap_in0_1_lin,Op,ios18.linear,gFlopCnt,0.008389,totalMB,0.1875,kKBPerOC,0.5,mbKernel,0.125,mbInputTensors,0.03125,mbOutputTensors,0.03125,opsPerByte,44.74,inputTensorX,256,inputTensorY,64,outputTensorX,256,outputTensorY,64,outputChannelCount,256,inputChannelCount,256,kernelX,256,kernelY,256,dilationX,0,dilationY,0,workUnitEfficiency16,1,isL2Resident,0,is3DConv,0,GFLOP/s,580.450378,GBP/s,0.000000,Runtime,0.014452,UsedDTree,True,Bound:Memory
OSLOGTAP	[CostModelFeature],wrap_in0_1_relu,Op,ios18.relu,gFlopCnt,3.277e-05,totalMB,0.0625,kKBPerOC,0,mbKernel,0,mbInputTensors,0.03125,mbOutputTensors,0.03125,opsPerByte,0.5243,inputTensorX,256,inputTensorY,0,outputTensorX,256,outputTensorY,0,outputChannelCount,0,inputChannelCount,0,kernelX,0,kernelY,0,dilationX,0,dilationY,0,workUnitEfficiency16,0,isL2Resident,0,is3DConv,0,GFLOP/s,50.000000,GBP/s,0.000000,Runtime,0.000655,UsedDTree,True,Bound:Memory
OSLOGTAP	[CostModelFeature],wrap_out_0_conv,Op,ios18.conv,gFlopCnt,0.03716,totalMB,0.1934,kKBPerOC,1.125,mbKernel,0.07031,mbInputTensors,0.06152,mbOutputTensors,0.06152,opsPerByte,192.2,inputTensorX,8,inputTensorY,63,outputTensorX,8,outputTensorY,63,outputChannelCount,64,inputChannelCount,64,kernelX,3,kernelY,3,dilationX,1,dilationY,1,workUnitEfficiency16,0.4922,isL2Resident,0,is3DConv,0,GFLOP/s,16151.676758,GBP/s,0.000000,Runtime,0.002301,UsedDTree,True,Bound:Memory
OSLOGTAP	[CostModelFeature],wrap_out_0_relu,Op,ios18.relu,gFlopCnt,6.451e-05,totalMB,0.123,kKBPerOC,0,mbKernel,0,mbInputTensors,0.06152,mbOutputTensors,0.06152,opsPerByte,0.5243,inputTensorX,8,inputTensorY,0,outputTensorX,8,outputTensorY,0,outputChannelCount,0,inputChannelCount,0,kernelX,0,kernelY,0,dilationX,0,dilationY,0,workUnitEfficiency16,0,isL2Resident,0,is3DConv,0,GFLOP/s,50.000000,GBP/s,0.000000,Runtime,0.001290,UsedDTree,True,Bound:Memory
OSLOGTAP	[CostModelFeature],wrap_out_1_conv,Op,ios18.conv,gFlopCnt,0.03716,totalMB,0.1934,kKBPerOC,1.125,mbKernel,0.07031,mbInputTensors,0.06152,mbOutputTensors,0.06152,opsPerByte,192.2,inputTensorX,8,inputTensorY,63,outputTensorX,8,outputTensorY,63,outputChannelCount,64,inputChannelCount,64,kernelX,3,kernelY,3,dilationX,1,dilationY,1,workUnitEfficiency16,0.4922,isL2Resident,0,is3DConv,0,GFLOP/s,16151.676758,GBP/s,0.000000,Runtime,0.002301,UsedDTree,True,Bound:Memory
OSLOGTAP	[CostModelFeature],wrap_out_1_relu,Op,ios18.relu,gFlopCnt,6.451e-05,totalMB,0.123,kKBPerOC,0,mbKernel,0,mbInputTensors,0.06152,mbOutputTensors,0.06152,opsPerByte,0.5243,inputTensorX,8,inputTensorY,0,outputTensorX,8,outputTensorY,0,outputChannelCount,0,inputChannelCount,0,kernelX,0,kernelY,0,dilationX,0,dilationY,0,workUnitEfficiency16,0,isL2Resident,0,is3DConv,0,GFLOP/s,50.000000,GBP/s,0.000000,Runtime,0.001290,UsedDTree,True,Bound:Memory
