OSLOGTAP	[CostModelFeature],wrap_in0_0_lin,Op,ios18.linear,gFlopCnt,0.01678,totalMB,0.25,kKBPerOC,0.5,mbKernel,0.125,mbInputTensors,0.0625,mbOutputTensors,0.0625,opsPerByte,67.11,inputTensorX,256,inputTensorY,128,outputTensorX,256,outputTensorY,128,outputChannelCount,256,inputChannelCount,256,kernelX,256,kernelY,256,dilationX,0,dilationY,0,workUnitEfficiency16,1,isL2Resident,0,is3DConv,0,GFLOP/s,22.544456,GBP/s,0.000000,Runtime,0.744195,UsedDTree,True,Bound:Compute
OSLOGTAP	[CostModelFeature],wrap_in0_0_relu,Op,ios18.relu,gFlopCnt,6.554e-05,totalMB,0.125,kKBPerOC,0,mbKernel,0,mbInputTensors,0.0625,mbOutputTensors,0.0625,opsPerByte,0.5243,inputTensorX,256,inputTensorY,0,outputTensorX,256,outputTensorY,0,outputChannelCount,0,inputChannelCount,0,kernelX,0,kernelY,0,dilationX,0,dilationY,0,workUnitEfficiency16,0,isL2Resident,0,is3DConv,0,GFLOP/s,50.000000,GBP/s,0.000000,Runtime,0.001311,UsedDTree,True,Bound:Memory
OSLOGTAP	[CostModelFeature],wrap_in0_1_lin,Op,ios18.linear,gFlopCnt,0.01678,totalMB,0.25,kKBPerOC,0.5,mbKernel,0.125,mbInputTensors,0.0625,mbOutputTensors,0.0625,opsPerByte,67.11,inputTensorX,256,inputTensorY,128,outputTensorX,256,outputTensorY,128,outputChannelCount,256,inputChannelCount,256,kernelX,256,kernelY,256,dilationX,0,dilationY,0,workUnitEfficiency16,1,isL2Resident,0,is3DConv,0,GFLOP/s,22.544456,GBP/s,0.000000,Runtime,0.744195,UsedDTree,True,Bound:Compute
OSLOGTAP	[CostModelFeature],wrap_in0_1_relu,Op,ios18.relu,gFlopCnt,6.554e-05,totalMB,0.125,kKBPerOC,0,mbKernel,0,mbInputTensors,0.0625,mbOutputTensors,0.0625,opsPerByte,0.5243,inputTensorX,256,inputTensorY,0,outputTensorX,256,outputTensorY,0,outputChannelCount,0,inputChannelCount,0,kernelX,0,kernelY,0,dilationX,0,dilationY,0,workUnitEfficiency16,0,isL2Resident,0,is3DConv,0,GFLOP/s,50.000000,GBP/s,0.000000,Runtime,0.001311,UsedDTree,True,Bound:Memory
OSLOGTAP	[CostModelFeature],matmul_0,Op,ios18.matmul,gFlopCnt,0.03355,totalMB,0.4375,kKBPerOC,1,mbKernel,0.25,mbInputTensors,0.0625,mbOutputTensors,0.125,opsPerByte,76.7,inputTensorX,256,inputTensorY,128,outputTensorX,512,outputTensorY,128,outputChannelCount,256,inputChannelCount,512,kernelX,512,kernelY,256,dilationX,0,dilationY,0,workUnitEfficiency16,1,isL2Resident,0,is3DConv,0,GFLOP/s,754.543335,GBP/s,56.666664,Runtime,0.044470,UsedDTree,False,Bound:Compute
OSLOGTAP	[CostModelFeature],wrap_out_0_lin,Op,ios18.linear,gFlopCnt,0.06711,totalMB,0.75,kKBPerOC,1,mbKernel,0.5,mbInputTensors,0.125,mbOutputTensors,0.125,opsPerByte,89.48,inputTensorX,512,inputTensorY,128,outputTensorX,512,outputTensorY,128,outputChannelCount,512,inputChannelCount,512,kernelX,512,kernelY,512,dilationX,0,dilationY,0,workUnitEfficiency16,1,isL2Resident,0,is3DConv,0,GFLOP/s,167.758301,GBP/s,0.000000,Runtime,0.400036,UsedDTree,True,Bound:Compute
OSLOGTAP	[CostModelFeature],wrap_out_0_relu,Op,ios18.relu,gFlopCnt,0.0001311,totalMB,0.25,kKBPerOC,0,mbKernel,0,mbInputTensors,0.125,mbOutputTensors,0.125,opsPerByte,0.5243,inputTensorX,512,inputTensorY,0,outputTensorX,512,outputTensorY,0,outputChannelCount,0,inputChannelCount,0,kernelX,0,kernelY,0,dilationX,0,dilationY,0,workUnitEfficiency16,0,isL2Resident,0,is3DConv,0,GFLOP/s,50.000000,GBP/s,0.000000,Runtime,0.002621,UsedDTree,True,Bound:Memory
OSLOGTAP	[CostModelFeature],wrap_out_1_lin,Op,ios18.linear,gFlopCnt,0.06711,totalMB,0.75,kKBPerOC,1,mbKernel,0.5,mbInputTensors,0.125,mbOutputTensors,0.125,opsPerByte,89.48,inputTensorX,512,inputTensorY,128,outputTensorX,512,outputTensorY,128,outputChannelCount,512,inputChannelCount,512,kernelX,512,kernelY,512,dilationX,0,dilationY,0,workUnitEfficiency16,1,isL2Resident,0,is3DConv,0,GFLOP/s,167.758301,GBP/s,0.000000,Runtime,0.400036,UsedDTree,True,Bound:Compute
OSLOGTAP	[CostModelFeature],wrap_out_1_relu,Op,ios18.relu,gFlopCnt,0.0001311,totalMB,0.25,kKBPerOC,0,mbKernel,0,mbInputTensors,0.125,mbOutputTensors,0.125,opsPerByte,0.5243,inputTensorX,512,inputTensorY,0,outputTensorX,512,outputTensorY,0,outputChannelCount,0,inputChannelCount,0,kernelX,0,kernelY,0,dilationX,0,dilationY,0,workUnitEfficiency16,0,isL2Resident,0,is3DConv,0,GFLOP/s,50.000000,GBP/s,0.000000,Runtime,0.002621,UsedDTree,True,Bound:Memory
OSLOGTAP	[CostModelFeature],wrap_in0_0_lin,Op,ios18.linear,gFlopCnt,0.01678,totalMB,0.25,kKBPerOC,0.5,mbKernel,0.125,mbInputTensors,0.0625,mbOutputTensors,0.0625,opsPerByte,67.11,inputTensorX,256,inputTensorY,128,outputTensorX,256,outputTensorY,128,outputChannelCount,256,inputChannelCount,256,kernelX,256,kernelY,256,dilationX,0,dilationY,0,workUnitEfficiency16,1,isL2Resident,0,is3DConv,0,GFLOP/s,19.600151,GBP/s,0.000000,Runtime,0.855987,UsedDTree,True,Bound:Compute
OSLOGTAP	[CostModelFeature],wrap_in0_0_relu,Op,ios18.relu,gFlopCnt,6.554e-05,totalMB,0.125,kKBPerOC,0,mbKernel,0,mbInputTensors,0.0625,mbOutputTensors,0.0625,opsPerByte,0.5243,inputTensorX,256,inputTensorY,0,outputTensorX,256,outputTensorY,0,outputChannelCount,0,inputChannelCount,0,kernelX,0,kernelY,0,dilationX,0,dilationY,0,workUnitEfficiency16,0,isL2Resident,0,is3DConv,0,GFLOP/s,50.000000,GBP/s,0.000000,Runtime,0.001311,UsedDTree,True,Bound:Memory
OSLOGTAP	[CostModelFeature],wrap_in0_1_lin,Op,ios18.linear,gFlopCnt,0.01678,totalMB,0.25,kKBPerOC,0.5,mbKernel,0.125,mbInputTensors,0.0625,mbOutputTensors,0.0625,opsPerByte,67.11,inputTensorX,256,inputTensorY,128,outputTensorX,256,outputTensorY,128,outputChannelCount,256,inputChannelCount,256,kernelX,256,kernelY,256,dilationX,0,dilationY,0,workUnitEfficiency16,1,isL2Resident,0,is3DConv,0,GFLOP/s,19.600151,GBP/s,0.000000,Runtime,0.855987,UsedDTree,True,Bound:Compute
OSLOGTAP	[CostModelFeature],wrap_in0_1_relu,Op,ios18.relu,gFlopCnt,6.554e-05,totalMB,0.125,kKBPerOC,0,mbKernel,0,mbInputTensors,0.0625,mbOutputTensors,0.0625,opsPerByte,0.5243,inputTensorX,256,inputTensorY,0,outputTensorX,256,outputTensorY,0,outputChannelCount,0,inputChannelCount,0,kernelX,0,kernelY,0,dilationX,0,dilationY,0,workUnitEfficiency16,0,isL2Resident,0,is3DConv,0,GFLOP/s,50.000000,GBP/s,0.000000,Runtime,0.001311,UsedDTree,True,Bound:Memory
OSLOGTAP	[CostModelFeature],matmul_0,Op,ios18.matmul,gFlopCnt,0.03355,totalMB,0.4375,kKBPerOC,1,mbKernel,0.25,mbInputTensors,0.0625,mbOutputTensors,0.125,opsPerByte,76.7,inputTensorX,256,inputTensorY,128,outputTensorX,512,outputTensorY,128,outputChannelCount,256,inputChannelCount,512,kernelX,512,kernelY,256,dilationX,0,dilationY,0,workUnitEfficiency16,1,isL2Resident,0,is3DConv,0,GFLOP/s,656.000000,GBP/s,56.666664,Runtime,0.051150,UsedDTree,False,Bound:Compute
OSLOGTAP	[CostModelFeature],wrap_out_0_lin,Op,ios18.linear,gFlopCnt,0.06711,totalMB,0.75,kKBPerOC,1,mbKernel,0.5,mbInputTensors,0.125,mbOutputTensors,0.125,opsPerByte,89.48,inputTensorX,512,inputTensorY,128,outputTensorX,512,outputTensorY,128,outputChannelCount,512,inputChannelCount,512,kernelX,512,kernelY,512,dilationX,0,dilationY,0,workUnitEfficiency16,1,isL2Resident,0,is3DConv,0,GFLOP/s,145.849075,GBP/s,0.000000,Runtime,0.460129,UsedDTree,True,Bound:Compute
OSLOGTAP	[CostModelFeature],wrap_out_0_relu,Op,ios18.relu,gFlopCnt,0.0001311,totalMB,0.25,kKBPerOC,0,mbKernel,0,mbInputTensors,0.125,mbOutputTensors,0.125,opsPerByte,0.5243,inputTensorX,512,inputTensorY,0,outputTensorX,512,outputTensorY,0,outputChannelCount,0,inputChannelCount,0,kernelX,0,kernelY,0,dilationX,0,dilationY,0,workUnitEfficiency16,0,isL2Resident,0,is3DConv,0,GFLOP/s,50.000000,GBP/s,0.000000,Runtime,0.002621,UsedDTree,True,Bound:Memory
OSLOGTAP	[CostModelFeature],wrap_out_1_lin,Op,ios18.linear,gFlopCnt,0.06711,totalMB,0.75,kKBPerOC,1,mbKernel,0.5,mbInputTensors,0.125,mbOutputTensors,0.125,opsPerByte,89.48,inputTensorX,512,inputTensorY,128,outputTensorX,512,outputTensorY,128,outputChannelCount,512,inputChannelCount,512,kernelX,512,kernelY,512,dilationX,0,dilationY,0,workUnitEfficiency16,1,isL2Resident,0,is3DConv,0,GFLOP/s,145.849075,GBP/s,0.000000,Runtime,0.460129,UsedDTree,True,Bound:Compute
OSLOGTAP	[CostModelFeature],wrap_out_1_relu,Op,ios18.relu,gFlopCnt,0.0001311,totalMB,0.25,kKBPerOC,0,mbKernel,0,mbInputTensors,0.125,mbOutputTensors,0.125,opsPerByte,0.5243,inputTensorX,512,inputTensorY,0,outputTensorX,512,outputTensorY,0,outputChannelCount,0,inputChannelCount,0,kernelX,0,kernelY,0,dilationX,0,dilationY,0,workUnitEfficiency16,0,isL2Resident,0,is3DConv,0,GFLOP/s,50.000000,GBP/s,0.000000,Runtime,0.002621,UsedDTree,True,Bound:Memory
OSLOGTAP	[CostModelFeature],wrap_in0_0_lin,Op,ios18.linear,gFlopCnt,0.01678,totalMB,0.25,kKBPerOC,0.5,mbKernel,0.125,mbInputTensors,0.0625,mbOutputTensors,0.0625,opsPerByte,67.11,inputTensorX,256,inputTensorY,128,outputTensorX,256,outputTensorY,128,outputChannelCount,256,inputChannelCount,256,kernelX,256,kernelY,256,dilationX,0,dilationY,0,workUnitEfficiency16,1,isL2Resident,0,is3DConv,0,GFLOP/s,580.450378,GBP/s,0.000000,Runtime,0.028904,UsedDTree,True,Bound:Memory
OSLOGTAP	[CostModelFeature],wrap_in0_0_relu,Op,ios18.relu,gFlopCnt,6.554e-05,totalMB,0.125,kKBPerOC,0,mbKernel,0,mbInputTensors,0.0625,mbOutputTensors,0.0625,opsPerByte,0.5243,inputTensorX,256,inputTensorY,0,outputTensorX,256,outputTensorY,0,outputChannelCount,0,inputChannelCount,0,kernelX,0,kernelY,0,dilationX,0,dilationY,0,workUnitEfficiency16,0,isL2Resident,0,is3DConv,0,GFLOP/s,50.000000,GBP/s,0.000000,Runtime,0.001311,UsedDTree,True,Bound:Memory
OSLOGTAP	[CostModelFeature],wrap_in0_1_lin,Op,ios18.linear,gFlopCnt,0.01678,totalMB,0.25,kKBPerOC,0.5,mbKernel,0.125,mbInputTensors,0.0625,mbOutputTensors,0.0625,opsPerByte,67.11,inputTensorX,256,inputTensorY,128,outputTensorX,256,outputTensorY,128,outputChannelCount,256,inputChannelCount,256,kernelX,256,kernelY,256,dilationX,0,dilationY,0,workUnitEfficiency16,1,isL2Resident,0,is3DConv,0,GFLOP/s,580.450378,GBP/s,0.000000,Runtime,0.028904,UsedDTree,True,Bound:Memory
OSLOGTAP	[CostModelFeature],wrap_in0_1_relu,Op,ios18.relu,gFlopCnt,6.554e-05,totalMB,0.125,kKBPerOC,0,mbKernel,0,mbInputTensors,0.0625,mbOutputTensors,0.0625,opsPerByte,0.5243,inputTensorX,256,inputTensorY,0,outputTensorX,256,outputTensorY,0,outputChannelCount,0,inputChannelCount,0,kernelX,0,kernelY,0,dilationX,0,dilationY,0,workUnitEfficiency16,0,isL2Resident,0,is3DConv,0,GFLOP/s,50.000000,GBP/s,0.000000,Runtime,0.001311,UsedDTree,True,Bound:Memory
OSLOGTAP	[CostModelFeature],matmul_0,Op,ios18.matmul,gFlopCnt,0.03355,totalMB,0.4375,kKBPerOC,1,mbKernel,0.25,mbInputTensors,0.0625,mbOutputTensors,0.125,opsPerByte,76.7,inputTensorX,256,inputTensorY,128,outputTensorX,512,outputTensorY,128,outputChannelCount,256,inputChannelCount,512,kernelX,512,kernelY,256,dilationX,0,dilationY,0,workUnitEfficiency16,1,isL2Resident,0,is3DConv,0,GFLOP/s,19400.000000,GBP/s,68.000000,Runtime,0.006283,UsedDTree,False,Bound:Memory
OSLOGTAP	[CostModelFeature],wrap_out_0_lin,Op,ios18.linear,gFlopCnt,0.06711,totalMB,0.75,kKBPerOC,1,mbKernel,0.5,mbInputTensors,0.125,mbOutputTensors,0.125,opsPerByte,89.48,inputTensorX,512,inputTensorY,128,outputTensorX,512,outputTensorY,128,outputChannelCount,512,inputChannelCount,512,kernelX,512,kernelY,512,dilationX,0,dilationY,0,workUnitEfficiency16,1,isL2Resident,0,is3DConv,0,GFLOP/s,5290.789551,GBP/s,0.000000,Runtime,0.012684,UsedDTree,True,Bound:Memory
OSLOGTAP	[CostModelFeature],wrap_out_0_relu,Op,ios18.relu,gFlopCnt,0.0001311,totalMB,0.25,kKBPerOC,0,mbKernel,0,mbInputTensors,0.125,mbOutputTensors,0.125,opsPerByte,0.5243,inputTensorX,512,inputTensorY,0,outputTensorX,512,outputTensorY,0,outputChannelCount,0,inputChannelCount,0,kernelX,0,kernelY,0,dilationX,0,dilationY,0,workUnitEfficiency16,0,isL2Resident,0,is3DConv,0,GFLOP/s,50.000000,GBP/s,0.000000,Runtime,0.002621,UsedDTree,True,Bound:Memory
OSLOGTAP	[CostModelFeature],wrap_out_1_lin,Op,ios18.linear,gFlopCnt,0.06711,totalMB,0.75,kKBPerOC,1,mbKernel,0.5,mbInputTensors,0.125,mbOutputTensors,0.125,opsPerByte,89.48,inputTensorX,512,inputTensorY,128,outputTensorX,512,outputTensorY,128,outputChannelCount,512,inputChannelCount,512,kernelX,512,kernelY,512,dilationX,0,dilationY,0,workUnitEfficiency16,1,isL2Resident,0,is3DConv,0,GFLOP/s,5290.789551,GBP/s,0.000000,Runtime,0.012684,UsedDTree,True,Bound:Memory
OSLOGTAP	[CostModelFeature],wrap_out_1_relu,Op,ios18.relu,gFlopCnt,0.0001311,totalMB,0.25,kKBPerOC,0,mbKernel,0,mbInputTensors,0.125,mbOutputTensors,0.125,opsPerByte,0.5243,inputTensorX,512,inputTensorY,0,outputTensorX,512,outputTensorY,0,outputChannelCount,0,inputChannelCount,0,kernelX,0,kernelY,0,dilationX,0,dilationY,0,workUnitEfficiency16,0,isL2Resident,0,is3DConv,0,GFLOP/s,50.000000,GBP/s,0.000000,Runtime,0.002621,UsedDTree,True,Bound:Memory
