OSLOGTAP	[CostModelFeature],wrap_in0_0_lin,Op,ios18.linear,gFlopCnt,0.0001311,totalMB,0.01172,kKBPerOC,0.125,mbKernel,0.007812,mbInputTensors,0.001953,mbOutputTensors,0.001953,opsPerByte,11.19,inputTensorX,64,inputTensorY,1,outputTensorX,64,outputTensorY,1,outputChannelCount,64,inputChannelCount,64,kernelX,64,kernelY,64,dilationX,0,dilationY,0,workUnitEfficiency16,0.0625,isL2Resident,0,is3DConv,0,GFLOP/s,68.870583,GBP/s,0.000000,Runtime,0.001904,UsedDTree,True,Bound:Memory
OSLOGTAP	[CostModelFeature],wrap_in0_0_relu,Op,ios18.relu,gFlopCnt,2.048e-06,totalMB,0.003906,kKBPerOC,0,mbKernel,0,mbInputTensors,0.001953,mbOutputTensors,0.001953,opsPerByte,0.5243,inputTensorX,64,inputTensorY,0,outputTensorX,64,outputTensorY,0,outputChannelCount,0,inputChannelCount,0,kernelX,0,kernelY,0,dilationX,0,dilationY,0,workUnitEfficiency16,0,isL2Resident,0,is3DConv,0,GFLOP/s,50.000000,GBP/s,0.000000,Runtime,0.000041,UsedDTree,True,Bound:Memory
OSLOGTAP	[CostModelFeature],wrap_in0_1_lin,Op,ios18.linear,gFlopCnt,0.0001311,totalMB,0.01172,kKBPerOC,0.125,mbKernel,0.007812,mbInputTensors,0.001953,mbOutputTensors,0.001953,opsPerByte,11.19,inputTensorX,64,inputTensorY,1,outputTensorX,64,outputTensorY,1,outputChannelCount,64,inputChannelCount,64,kernelX,64,kernelY,64,dilationX,0,dilationY,0,workUnitEfficiency16,0.0625,isL2Resident,0,is3DConv,0,GFLOP/s,68.870583,GBP/s,0.000000,Runtime,0.001904,UsedDTree,True,Bound:Memory
OSLOGTAP	[CostModelFeature],wrap_in0_1_relu,Op,ios18.relu,gFlopCnt,2.048e-06,totalMB,0.003906,kKBPerOC,0,mbKernel,0,mbInputTensors,0.001953,mbOutputTensors,0.001953,opsPerByte,0.5243,inputTensorX,64,inputTensorY,0,outputTensorX,64,outputTensorY,0,outputChannelCount,0,inputChannelCount,0,kernelX,0,kernelY,0,dilationX,0,dilationY,0,workUnitEfficiency16,0,isL2Resident,0,is3DConv,0,GFLOP/s,50.000000,GBP/s,0.000000,Runtime,0.000041,UsedDTree,True,Bound:Memory
OSLOGTAP	[CostModelFeature],gru_0_0,Op,ios18.gru,gFlopCnt,0.02567,totalMB,0.0509,kKBPerOC,3.008,mbKernel,0.047,mbInputTensors,0.001953,mbOutputTensors,0.001953,opsPerByte,504.4,inputTensorX,64,inputTensorY,0,outputTensorX,64,outputTensorY,0,outputChannelCount,16,inputChannelCount,0,kernelX,0,kernelY,0,dilationX,0,dilationY,0,workUnitEfficiency16,0.0625,isL2Resident,0,is3DConv,0,GFLOP/s,754.543335,GBP/s,56.666664,Runtime,0.034026,UsedDTree,False,Bound:Compute
OSLOGTAP	[CostModelFeature],wrap_out_0_lin,Op,ios18.linear,gFlopCnt,0.0001311,totalMB,0.01172,kKBPerOC,0.125,mbKernel,0.007812,mbInputTensors,0.001953,mbOutputTensors,0.001953,opsPerByte,11.19,inputTensorX,64,inputTensorY,1,outputTensorX,64,outputTensorY,1,outputChannelCount,64,inputChannelCount,64,kernelX,64,kernelY,64,dilationX,0,dilationY,0,workUnitEfficiency16,0.0625,isL2Resident,0,is3DConv,0,GFLOP/s,68.870583,GBP/s,0.000000,Runtime,0.001904,UsedDTree,True,Bound:Memory
OSLOGTAP	[CostModelFeature],wrap_out_0_relu,Op,ios18.relu,gFlopCnt,2.048e-06,totalMB,0.003906,kKBPerOC,0,mbKernel,0,mbInputTensors,0.001953,mbOutputTensors,0.001953,opsPerByte,0.5243,inputTensorX,64,inputTensorY,0,outputTensorX,64,outputTensorY,0,outputChannelCount,0,inputChannelCount,0,kernelX,0,kernelY,0,dilationX,0,dilationY,0,workUnitEfficiency16,0,isL2Resident,0,is3DConv,0,GFLOP/s,50.000000,GBP/s,0.000000,Runtime,0.000041,UsedDTree,True,Bound:Memory
OSLOGTAP	[CostModelFeature],wrap_out_1_lin,Op,ios18.linear,gFlopCnt,0.0001311,totalMB,0.01172,kKBPerOC,0.125,mbKernel,0.007812,mbInputTensors,0.001953,mbOutputTensors,0.001953,opsPerByte,11.19,inputTensorX,64,inputTensorY,1,outputTensorX,64,outputTensorY,1,outputChannelCount,64,inputChannelCount,64,kernelX,64,kernelY,64,dilationX,0,dilationY,0,workUnitEfficiency16,0.0625,isL2Resident,0,is3DConv,0,GFLOP/s,68.870583,GBP/s,0.000000,Runtime,0.001904,UsedDTree,True,Bound:Memory
OSLOGTAP	[CostModelFeature],wrap_out_1_relu,Op,ios18.relu,gFlopCnt,2.048e-06,totalMB,0.003906,kKBPerOC,0,mbKernel,0,mbInputTensors,0.001953,mbOutputTensors,0.001953,opsPerByte,0.5243,inputTensorX,64,inputTensorY,0,outputTensorX,64,outputTensorY,0,outputChannelCount,0,inputChannelCount,0,kernelX,0,kernelY,0,dilationX,0,dilationY,0,workUnitEfficiency16,0,isL2Resident,0,is3DConv,0,GFLOP/s,50.000000,GBP/s,0.000000,Runtime,0.000041,UsedDTree,True,Bound:Memory
OSLOGTAP	[CostModelFeature],wrap_in0_0_lin,Op,ios18.linear,gFlopCnt,0.0001311,totalMB,0.01172,kKBPerOC,0.125,mbKernel,0.007812,mbInputTensors,0.001953,mbOutputTensors,0.001953,opsPerByte,11.19,inputTensorX,64,inputTensorY,1,outputTensorX,64,outputTensorY,1,outputChannelCount,64,inputChannelCount,64,kernelX,64,kernelY,64,dilationX,0,dilationY,0,workUnitEfficiency16,0.0625,isL2Resident,0,is3DConv,0,GFLOP/s,59.876083,GBP/s,0.000000,Runtime,0.002190,UsedDTree,True,Bound:Memory
OSLOGTAP	[CostModelFeature],wrap_in0_0_relu,Op,ios18.relu,gFlopCnt,2.048e-06,totalMB,0.003906,kKBPerOC,0,mbKernel,0,mbInputTensors,0.001953,mbOutputTensors,0.001953,opsPerByte,0.5243,inputTensorX,64,inputTensorY,0,outputTensorX,64,outputTensorY,0,outputChannelCount,0,inputChannelCount,0,kernelX,0,kernelY,0,dilationX,0,dilationY,0,workUnitEfficiency16,0,isL2Resident,0,is3DConv,0,GFLOP/s,50.000000,GBP/s,0.000000,Runtime,0.000041,UsedDTree,True,Bound:Memory
OSLOGTAP	[CostModelFeature],wrap_in0_1_lin,Op,ios18.linear,gFlopCnt,0.0001311,totalMB,0.01172,kKBPerOC,0.125,mbKernel,0.007812,mbInputTensors,0.001953,mbOutputTensors,0.001953,opsPerByte,11.19,inputTensorX,64,inputTensorY,1,outputTensorX,64,outputTensorY,1,outputChannelCount,64,inputChannelCount,64,kernelX,64,kernelY,64,dilationX,0,dilationY,0,workUnitEfficiency16,0.0625,isL2Resident,0,is3DConv,0,GFLOP/s,59.876083,GBP/s,0.000000,Runtime,0.002190,UsedDTree,True,Bound:Memory
OSLOGTAP	[CostModelFeature],wrap_in0_1_relu,Op,ios18.relu,gFlopCnt,2.048e-06,totalMB,0.003906,kKBPerOC,0,mbKernel,0,mbInputTensors,0.001953,mbOutputTensors,0.001953,opsPerByte,0.5243,inputTensorX,64,inputTensorY,0,outputTensorX,64,outputTensorY,0,outputChannelCount,0,inputChannelCount,0,kernelX,0,kernelY,0,dilationX,0,dilationY,0,workUnitEfficiency16,0,isL2Resident,0,is3DConv,0,GFLOP/s,50.000000,GBP/s,0.000000,Runtime,0.000041,UsedDTree,True,Bound:Memory
OSLOGTAP	[CostModelFeature],gru_0_0,Op,ios18.gru,gFlopCnt,0.02567,totalMB,0.0509,kKBPerOC,3.008,mbKernel,0.047,mbInputTensors,0.001953,mbOutputTensors,0.001953,opsPerByte,504.4,inputTensorX,64,inputTensorY,0,outputTensorX,64,outputTensorY,0,outputChannelCount,16,inputChannelCount,0,kernelX,0,kernelY,0,dilationX,0,dilationY,0,workUnitEfficiency16,0.0625,isL2Resident,0,is3DConv,0,GFLOP/s,656.000000,GBP/s,56.666664,Runtime,0.039137,UsedDTree,False,Bound:Compute
OSLOGTAP	[CostModelFeature],wrap_out_0_lin,Op,ios18.linear,gFlopCnt,0.0001311,totalMB,0.01172,kKBPerOC,0.125,mbKernel,0.007812,mbInputTensors,0.001953,mbOutputTensors,0.001953,opsPerByte,11.19,inputTensorX,64,inputTensorY,1,outputTensorX,64,outputTensorY,1,outputChannelCount,64,inputChannelCount,64,kernelX,64,kernelY,64,dilationX,0,dilationY,0,workUnitEfficiency16,0.0625,isL2Resident,0,is3DConv,0,GFLOP/s,59.876083,GBP/s,0.000000,Runtime,0.002190,UsedDTree,True,Bound:Memory
OSLOGTAP	[CostModelFeature],wrap_out_0_relu,Op,ios18.relu,gFlopCnt,2.048e-06,totalMB,0.003906,kKBPerOC,0,mbKernel,0,mbInputTensors,0.001953,mbOutputTensors,0.001953,opsPerByte,0.5243,inputTensorX,64,inputTensorY,0,outputTensorX,64,outputTensorY,0,outputChannelCount,0,inputChannelCount,0,kernelX,0,kernelY,0,dilationX,0,dilationY,0,workUnitEfficiency16,0,isL2Resident,0,is3DConv,0,GFLOP/s,50.000000,GBP/s,0.000000,Runtime,0.000041,UsedDTree,True,Bound:Memory
OSLOGTAP	[CostModelFeature],wrap_out_1_lin,Op,ios18.linear,gFlopCnt,0.0001311,totalMB,0.01172,kKBPerOC,0.125,mbKernel,0.007812,mbInputTensors,0.001953,mbOutputTensors,0.001953,opsPerByte,11.19,inputTensorX,64,inputTensorY,1,outputTensorX,64,outputTensorY,1,outputChannelCount,64,inputChannelCount,64,kernelX,64,kernelY,64,dilationX,0,dilationY,0,workUnitEfficiency16,0.0625,isL2Resident,0,is3DConv,0,GFLOP/s,59.876083,GBP/s,0.000000,Runtime,0.002190,UsedDTree,True,Bound:Memory
OSLOGTAP	[CostModelFeature],wrap_out_1_relu,Op,ios18.relu,gFlopCnt,2.048e-06,totalMB,0.003906,kKBPerOC,0,mbKernel,0,mbInputTensors,0.001953,mbOutputTensors,0.001953,opsPerByte,0.5243,inputTensorX,64,inputTensorY,0,outputTensorX,64,outputTensorY,0,outputChannelCount,0,inputChannelCount,0,kernelX,0,kernelY,0,dilationX,0,dilationY,0,workUnitEfficiency16,0,isL2Resident,0,is3DConv,0,GFLOP/s,50.000000,GBP/s,0.000000,Runtime,0.000041,UsedDTree,True,Bound:Memory
OSLOGTAP	[CostModelFeature],wrap_in0_0_lin,Op,ios18.linear,gFlopCnt,0.0001311,totalMB,0.01172,kKBPerOC,0.125,mbKernel,0.007812,mbInputTensors,0.001953,mbOutputTensors,0.001953,opsPerByte,11.19,inputTensorX,64,inputTensorY,1,outputTensorX,64,outputTensorY,1,outputChannelCount,64,inputChannelCount,64,kernelX,64,kernelY,64,dilationX,0,dilationY,0,workUnitEfficiency16,0.0625,isL2Resident,0,is3DConv,0,GFLOP/s,106.973114,GBP/s,0.000000,Runtime,0.001226,UsedDTree,True,Bound:Memory
OSLOGTAP	[CostModelFeature],wrap_in0_0_relu,Op,ios18.relu,gFlopCnt,2.048e-06,totalMB,0.003906,kKBPerOC,0,mbKernel,0,mbInputTensors,0.001953,mbOutputTensors,0.001953,opsPerByte,0.5243,inputTensorX,64,inputTensorY,0,outputTensorX,64,outputTensorY,0,outputChannelCount,0,inputChannelCount,0,kernelX,0,kernelY,0,dilationX,0,dilationY,0,workUnitEfficiency16,0,isL2Resident,0,is3DConv,0,GFLOP/s,50.000000,GBP/s,0.000000,Runtime,0.000041,UsedDTree,True,Bound:Memory
OSLOGTAP	[CostModelFeature],wrap_in0_1_lin,Op,ios18.linear,gFlopCnt,0.0001311,totalMB,0.01172,kKBPerOC,0.125,mbKernel,0.007812,mbInputTensors,0.001953,mbOutputTensors,0.001953,opsPerByte,11.19,inputTensorX,64,inputTensorY,1,outputTensorX,64,outputTensorY,1,outputChannelCount,64,inputChannelCount,64,kernelX,64,kernelY,64,dilationX,0,dilationY,0,workUnitEfficiency16,0.0625,isL2Resident,0,is3DConv,0,GFLOP/s,106.973114,GBP/s,0.000000,Runtime,0.001226,UsedDTree,True,Bound:Memory
OSLOGTAP	[CostModelFeature],wrap_in0_1_relu,Op,ios18.relu,gFlopCnt,2.048e-06,totalMB,0.003906,kKBPerOC,0,mbKernel,0,mbInputTensors,0.001953,mbOutputTensors,0.001953,opsPerByte,0.5243,inputTensorX,64,inputTensorY,0,outputTensorX,64,outputTensorY,0,outputChannelCount,0,inputChannelCount,0,kernelX,0,kernelY,0,dilationX,0,dilationY,0,workUnitEfficiency16,0,isL2Resident,0,is3DConv,0,GFLOP/s,50.000000,GBP/s,0.000000,Runtime,0.000041,UsedDTree,True,Bound:Memory
OSLOGTAP	[CostModelFeature],wrap_out_0_lin,Op,ios18.linear,gFlopCnt,0.0001311,totalMB,0.01172,kKBPerOC,0.125,mbKernel,0.007812,mbInputTensors,0.001953,mbOutputTensors,0.001953,opsPerByte,11.19,inputTensorX,64,inputTensorY,1,outputTensorX,64,outputTensorY,1,outputChannelCount,64,inputChannelCount,64,kernelX,64,kernelY,64,dilationX,0,dilationY,0,workUnitEfficiency16,0.0625,isL2Resident,0,is3DConv,0,GFLOP/s,106.973114,GBP/s,0.000000,Runtime,0.001226,UsedDTree,True,Bound:Memory
OSLOGTAP	[CostModelFeature],wrap_out_0_relu,Op,ios18.relu,gFlopCnt,2.048e-06,totalMB,0.003906,kKBPerOC,0,mbKernel,0,mbInputTensors,0.001953,mbOutputTensors,0.001953,opsPerByte,0.5243,inputTensorX,64,inputTensorY,0,outputTensorX,64,outputTensorY,0,outputChannelCount,0,inputChannelCount,0,kernelX,0,kernelY,0,dilationX,0,dilationY,0,workUnitEfficiency16,0,isL2Resident,0,is3DConv,0,GFLOP/s,50.000000,GBP/s,0.000000,Runtime,0.000041,UsedDTree,True,Bound:Memory
OSLOGTAP	[CostModelFeature],wrap_out_1_lin,Op,ios18.linear,gFlopCnt,0.0001311,totalMB,0.01172,kKBPerOC,0.125,mbKernel,0.007812,mbInputTensors,0.001953,mbOutputTensors,0.001953,opsPerByte,11.19,inputTensorX,64,inputTensorY,1,outputTensorX,64,outputTensorY,1,outputChannelCount,64,inputChannelCount,64,kernelX,64,kernelY,64,dilationX,0,dilationY,0,workUnitEfficiency16,0.0625,isL2Resident,0,is3DConv,0,GFLOP/s,106.973114,GBP/s,0.000000,Runtime,0.001226,UsedDTree,True,Bound:Memory
OSLOGTAP	[CostModelFeature],wrap_out_1_relu,Op,ios18.relu,gFlopCnt,2.048e-06,totalMB,0.003906,kKBPerOC,0,mbKernel,0,mbInputTensors,0.001953,mbOutputTensors,0.001953,opsPerByte,0.5243,inputTensorX,64,inputTensorY,0,outputTensorX,64,outputTensorY,0,outputChannelCount,0,inputChannelCount,0,kernelX,0,kernelY,0,dilationX,0,dilationY,0,workUnitEfficiency16,0,isL2Resident,0,is3DConv,0,GFLOP/s,50.000000,GBP/s,0.000000,Runtime,0.000041,UsedDTree,True,Bound:Memory
