OSLOGTAP	[CostModelFeature],wrap_in0_0_lin,Op,ios18.linear,gFlopCnt,0.1342,totalMB,2.25,kKBPerOC,2,mbKernel,2,mbInputTensors,0.125,mbOutputTensors,0.125,opsPerByte,59.65,inputTensorX,1024,inputTensorY,64,outputTensorX,1024,outputTensorY,64,outputChannelCount,1024,inputChannelCount,1024,kernelX,1024,kernelY,1024,dilationX,0,dilationY,0,workUnitEfficiency16,1,isL2Resident,0,is3DConv,0,GFLOP/s,167.758301,GBP/s,0.000000,Runtime,0.800072,UsedDTree,True,Bound:Compute
OSLOGTAP	[CostModelFeature],wrap_in0_0_relu,Op,ios18.relu,gFlopCnt,0.0001311,totalMB,0.25,kKBPerOC,0,mbKernel,0,mbInputTensors,0.125,mbOutputTensors,0.125,opsPerByte,0.5243,inputTensorX,1024,inputTensorY,0,outputTensorX,1024,outputTensorY,0,outputChannelCount,0,inputChannelCount,0,kernelX,0,kernelY,0,dilationX,0,dilationY,0,workUnitEfficiency16,0,isL2Resident,0,is3DConv,0,GFLOP/s,50.000000,GBP/s,0.000000,Runtime,0.002621,UsedDTree,True,Bound:Memory
OSLOGTAP	[CostModelFeature],wrap_in0_1_lin,Op,ios18.linear,gFlopCnt,0.1342,totalMB,2.25,kKBPerOC,2,mbKernel,2,mbInputTensors,0.125,mbOutputTensors,0.125,opsPerByte,59.65,inputTensorX,1024,inputTensorY,64,outputTensorX,1024,outputTensorY,64,outputChannelCount,1024,inputChannelCount,1024,kernelX,1024,kernelY,1024,dilationX,0,dilationY,0,workUnitEfficiency16,1,isL2Resident,0,is3DConv,0,GFLOP/s,167.758301,GBP/s,0.000000,Runtime,0.800072,UsedDTree,True,Bound:Compute
OSLOGTAP	[CostModelFeature],wrap_in0_1_relu,Op,ios18.relu,gFlopCnt,0.0001311,totalMB,0.25,kKBPerOC,0,mbKernel,0,mbInputTensors,0.125,mbOutputTensors,0.125,opsPerByte,0.5243,inputTensorX,1024,inputTensorY,0,outputTensorX,1024,outputTensorY,0,outputChannelCount,0,inputChannelCount,0,kernelX,0,kernelY,0,dilationX,0,dilationY,0,workUnitEfficiency16,0,isL2Resident,0,is3DConv,0,GFLOP/s,50.000000,GBP/s,0.000000,Runtime,0.002621,UsedDTree,True,Bound:Memory
OSLOGTAP	[CostModelFeature],conv_0,Op,ios18.conv,gFlopCnt,0.02517,totalMB,0.2734,kKBPerOC,0.375,mbKernel,0.02344,mbInputTensors,0.125,mbOutputTensors,0.125,opsPerByte,92.04,inputTensorX,1024,inputTensorY,64,outputTensorX,1024,outputTensorY,64,outputChannelCount,64,inputChannelCount,64,kernelX,3,kernelY,64,dilationX,0,dilationY,0,workUnitEfficiency16,1,isL2Resident,0,is3DConv,0,GFLOP/s,754.492737,GBP/s,0.000000,Runtime,0.033355,UsedDTree,True,Bound:Compute
OSLOGTAP	[CostModelFeature],wrap_out_0_lin,Op,ios18.linear,gFlopCnt,0.1342,totalMB,2.25,kKBPerOC,2,mbKernel,2,mbInputTensors,0.125,mbOutputTensors,0.125,opsPerByte,59.65,inputTensorX,1024,inputTensorY,64,outputTensorX,1024,outputTensorY,64,outputChannelCount,1024,inputChannelCount,1024,kernelX,1024,kernelY,1024,dilationX,0,dilationY,0,workUnitEfficiency16,1,isL2Resident,0,is3DConv,0,GFLOP/s,167.758301,GBP/s,0.000000,Runtime,0.800072,UsedDTree,True,Bound:Compute
OSLOGTAP	[CostModelFeature],wrap_out_0_relu,Op,ios18.relu,gFlopCnt,0.0001311,totalMB,0.25,kKBPerOC,0,mbKernel,0,mbInputTensors,0.125,mbOutputTensors,0.125,opsPerByte,0.5243,inputTensorX,1024,inputTensorY,0,outputTensorX,1024,outputTensorY,0,outputChannelCount,0,inputChannelCount,0,kernelX,0,kernelY,0,dilationX,0,dilationY,0,workUnitEfficiency16,0,isL2Resident,0,is3DConv,0,GFLOP/s,50.000000,GBP/s,0.000000,Runtime,0.002621,UsedDTree,True,Bound:Memory
OSLOGTAP	[CostModelFeature],wrap_out_1_lin,Op,ios18.linear,gFlopCnt,0.1342,totalMB,2.25,kKBPerOC,2,mbKernel,2,mbInputTensors,0.125,mbOutputTensors,0.125,opsPerByte,59.65,inputTensorX,1024,inputTensorY,64,outputTensorX,1024,outputTensorY,64,outputChannelCount,1024,inputChannelCount,1024,kernelX,1024,kernelY,1024,dilationX,0,dilationY,0,workUnitEfficiency16,1,isL2Resident,0,is3DConv,0,GFLOP/s,167.758301,GBP/s,0.000000,Runtime,0.800072,UsedDTree,True,Bound:Compute
OSLOGTAP	[CostModelFeature],wrap_out_1_relu,Op,ios18.relu,gFlopCnt,0.0001311,totalMB,0.25,kKBPerOC,0,mbKernel,0,mbInputTensors,0.125,mbOutputTensors,0.125,opsPerByte,0.5243,inputTensorX,1024,inputTensorY,0,outputTensorX,1024,outputTensorY,0,outputChannelCount,0,inputChannelCount,0,kernelX,0,kernelY,0,dilationX,0,dilationY,0,workUnitEfficiency16,0,isL2Resident,0,is3DConv,0,GFLOP/s,50.000000,GBP/s,0.000000,Runtime,0.002621,UsedDTree,True,Bound:Memory
OSLOGTAP	[CostModelFeature],wrap_in0_0_lin,Op,ios18.linear,gFlopCnt,0.1342,totalMB,2.25,kKBPerOC,2,mbKernel,2,mbInputTensors,0.125,mbOutputTensors,0.125,opsPerByte,59.65,inputTensorX,1024,inputTensorY,64,outputTensorX,1024,outputTensorY,64,outputChannelCount,1024,inputChannelCount,1024,kernelX,1024,kernelY,1024,dilationX,0,dilationY,0,workUnitEfficiency16,1,isL2Resident,0,is3DConv,0,GFLOP/s,145.849075,GBP/s,0.000000,Runtime,0.920258,UsedDTree,True,Bound:Compute
OSLOGTAP	[CostModelFeature],wrap_in0_0_relu,Op,ios18.relu,gFlopCnt,0.0001311,totalMB,0.25,kKBPerOC,0,mbKernel,0,mbInputTensors,0.125,mbOutputTensors,0.125,opsPerByte,0.5243,inputTensorX,1024,inputTensorY,0,outputTensorX,1024,outputTensorY,0,outputChannelCount,0,inputChannelCount,0,kernelX,0,kernelY,0,dilationX,0,dilationY,0,workUnitEfficiency16,0,isL2Resident,0,is3DConv,0,GFLOP/s,50.000000,GBP/s,0.000000,Runtime,0.002621,UsedDTree,True,Bound:Memory
OSLOGTAP	[CostModelFeature],wrap_in0_1_lin,Op,ios18.linear,gFlopCnt,0.1342,totalMB,2.25,kKBPerOC,2,mbKernel,2,mbInputTensors,0.125,mbOutputTensors,0.125,opsPerByte,59.65,inputTensorX,1024,inputTensorY,64,outputTensorX,1024,outputTensorY,64,outputChannelCount,1024,inputChannelCount,1024,kernelX,1024,kernelY,1024,dilationX,0,dilationY,0,workUnitEfficiency16,1,isL2Resident,0,is3DConv,0,GFLOP/s,145.849075,GBP/s,0.000000,Runtime,0.920258,UsedDTree,True,Bound:Compute
OSLOGTAP	[CostModelFeature],wrap_in0_1_relu,Op,ios18.relu,gFlopCnt,0.0001311,totalMB,0.25,kKBPerOC,0,mbKernel,0,mbInputTensors,0.125,mbOutputTensors,0.125,opsPerByte,0.5243,inputTensorX,1024,inputTensorY,0,outputTensorX,1024,outputTensorY,0,outputChannelCount,0,inputChannelCount,0,kernelX,0,kernelY,0,dilationX,0,dilationY,0,workUnitEfficiency16,0,isL2Resident,0,is3DConv,0,GFLOP/s,50.000000,GBP/s,0.000000,Runtime,0.002621,UsedDTree,True,Bound:Memory
OSLOGTAP	[CostModelFeature],conv_0,Op,ios18.conv,gFlopCnt,0.02517,totalMB,0.2734,kKBPerOC,0.375,mbKernel,0.02344,mbInputTensors,0.125,mbOutputTensors,0.125,opsPerByte,92.04,inputTensorX,1024,inputTensorY,64,outputTensorX,1024,outputTensorY,64,outputChannelCount,64,inputChannelCount,64,kernelX,3,kernelY,64,dilationX,0,dilationY,0,workUnitEfficiency16,1,isL2Resident,0,is3DConv,0,GFLOP/s,655.955994,GBP/s,0.000000,Runtime,0.038365,UsedDTree,True,Bound:Compute
OSLOGTAP	[CostModelFeature],wrap_out_0_lin,Op,ios18.linear,gFlopCnt,0.1342,totalMB,2.25,kKBPerOC,2,mbKernel,2,mbInputTensors,0.125,mbOutputTensors,0.125,opsPerByte,59.65,inputTensorX,1024,inputTensorY,64,outputTensorX,1024,outputTensorY,64,outputChannelCount,1024,inputChannelCount,1024,kernelX,1024,kernelY,1024,dilationX,0,dilationY,0,workUnitEfficiency16,1,isL2Resident,0,is3DConv,0,GFLOP/s,145.849075,GBP/s,0.000000,Runtime,0.920258,UsedDTree,True,Bound:Compute
OSLOGTAP	[CostModelFeature],wrap_out_0_relu,Op,ios18.relu,gFlopCnt,0.0001311,totalMB,0.25,kKBPerOC,0,mbKernel,0,mbInputTensors,0.125,mbOutputTensors,0.125,opsPerByte,0.5243,inputTensorX,1024,inputTensorY,0,outputTensorX,1024,outputTensorY,0,outputChannelCount,0,inputChannelCount,0,kernelX,0,kernelY,0,dilationX,0,dilationY,0,workUnitEfficiency16,0,isL2Resident,0,is3DConv,0,GFLOP/s,50.000000,GBP/s,0.000000,Runtime,0.002621,UsedDTree,True,Bound:Memory
OSLOGTAP	[CostModelFeature],wrap_out_1_lin,Op,ios18.linear,gFlopCnt,0.1342,totalMB,2.25,kKBPerOC,2,mbKernel,2,mbInputTensors,0.125,mbOutputTensors,0.125,opsPerByte,59.65,inputTensorX,1024,inputTensorY,64,outputTensorX,1024,outputTensorY,64,outputChannelCount,1024,inputChannelCount,1024,kernelX,1024,kernelY,1024,dilationX,0,dilationY,0,workUnitEfficiency16,1,isL2Resident,0,is3DConv,0,GFLOP/s,145.849075,GBP/s,0.000000,Runtime,0.920258,UsedDTree,True,Bound:Compute
OSLOGTAP	[CostModelFeature],wrap_out_1_relu,Op,ios18.relu,gFlopCnt,0.0001311,totalMB,0.25,kKBPerOC,0,mbKernel,0,mbInputTensors,0.125,mbOutputTensors,0.125,opsPerByte,0.5243,inputTensorX,1024,inputTensorY,0,outputTensorX,1024,outputTensorY,0,outputChannelCount,0,inputChannelCount,0,kernelX,0,kernelY,0,dilationX,0,dilationY,0,workUnitEfficiency16,0,isL2Resident,0,is3DConv,0,GFLOP/s,50.000000,GBP/s,0.000000,Runtime,0.002621,UsedDTree,True,Bound:Memory
OSLOGTAP	[CostModelFeature],wrap_in0_0_lin,Op,ios18.linear,gFlopCnt,0.1342,totalMB,2.25,kKBPerOC,2,mbKernel,2,mbInputTensors,0.125,mbOutputTensors,0.125,opsPerByte,59.65,inputTensorX,1024,inputTensorY,64,outputTensorX,1024,outputTensorY,64,outputChannelCount,1024,inputChannelCount,1024,kernelX,1024,kernelY,1024,dilationX,0,dilationY,0,workUnitEfficiency16,1,isL2Resident,0,is3DConv,0,GFLOP/s,5290.789551,GBP/s,0.000000,Runtime,0.025368,UsedDTree,True,Bound:Memory
OSLOGTAP	[CostModelFeature],wrap_in0_0_relu,Op,ios18.relu,gFlopCnt,0.0001311,totalMB,0.25,kKBPerOC,0,mbKernel,0,mbInputTensors,0.125,mbOutputTensors,0.125,opsPerByte,0.5243,inputTensorX,1024,inputTensorY,0,outputTensorX,1024,outputTensorY,0,outputChannelCount,0,inputChannelCount,0,kernelX,0,kernelY,0,dilationX,0,dilationY,0,workUnitEfficiency16,0,isL2Resident,0,is3DConv,0,GFLOP/s,50.000000,GBP/s,0.000000,Runtime,0.002621,UsedDTree,True,Bound:Memory
OSLOGTAP	[CostModelFeature],wrap_in0_1_lin,Op,ios18.linear,gFlopCnt,0.1342,totalMB,2.25,kKBPerOC,2,mbKernel,2,mbInputTensors,0.125,mbOutputTensors,0.125,opsPerByte,59.65,inputTensorX,1024,inputTensorY,64,outputTensorX,1024,outputTensorY,64,outputChannelCount,1024,inputChannelCount,1024,kernelX,1024,kernelY,1024,dilationX,0,dilationY,0,workUnitEfficiency16,1,isL2Resident,0,is3DConv,0,GFLOP/s,5290.789551,GBP/s,0.000000,Runtime,0.025368,UsedDTree,True,Bound:Memory
OSLOGTAP	[CostModelFeature],wrap_in0_1_relu,Op,ios18.relu,gFlopCnt,0.0001311,totalMB,0.25,kKBPerOC,0,mbKernel,0,mbInputTensors,0.125,mbOutputTensors,0.125,opsPerByte,0.5243,inputTensorX,1024,inputTensorY,0,outputTensorX,1024,outputTensorY,0,outputChannelCount,0,inputChannelCount,0,kernelX,0,kernelY,0,dilationX,0,dilationY,0,workUnitEfficiency16,0,isL2Resident,0,is3DConv,0,GFLOP/s,50.000000,GBP/s,0.000000,Runtime,0.002621,UsedDTree,True,Bound:Memory
OSLOGTAP	[CostModelFeature],conv_0,Op,ios18.conv,gFlopCnt,0.02517,totalMB,0.2734,kKBPerOC,0.375,mbKernel,0.02344,mbInputTensors,0.125,mbOutputTensors,0.125,opsPerByte,92.04,inputTensorX,1024,inputTensorY,64,outputTensorX,1024,outputTensorY,64,outputChannelCount,64,inputChannelCount,64,kernelX,3,kernelY,64,dilationX,0,dilationY,0,workUnitEfficiency16,1,isL2Resident,0,is3DConv,0,GFLOP/s,16151.676758,GBP/s,0.000000,Runtime,0.001558,UsedDTree,True,Bound:Memory
OSLOGTAP	[CostModelFeature],wrap_out_0_lin,Op,ios18.linear,gFlopCnt,0.1342,totalMB,2.25,kKBPerOC,2,mbKernel,2,mbInputTensors,0.125,mbOutputTensors,0.125,opsPerByte,59.65,inputTensorX,1024,inputTensorY,64,outputTensorX,1024,outputTensorY,64,outputChannelCount,1024,inputChannelCount,1024,kernelX,1024,kernelY,1024,dilationX,0,dilationY,0,workUnitEfficiency16,1,isL2Resident,0,is3DConv,0,GFLOP/s,5290.789551,GBP/s,0.000000,Runtime,0.025368,UsedDTree,True,Bound:Memory
OSLOGTAP	[CostModelFeature],wrap_out_0_relu,Op,ios18.relu,gFlopCnt,0.0001311,totalMB,0.25,kKBPerOC,0,mbKernel,0,mbInputTensors,0.125,mbOutputTensors,0.125,opsPerByte,0.5243,inputTensorX,1024,inputTensorY,0,outputTensorX,1024,outputTensorY,0,outputChannelCount,0,inputChannelCount,0,kernelX,0,kernelY,0,dilationX,0,dilationY,0,workUnitEfficiency16,0,isL2Resident,0,is3DConv,0,GFLOP/s,50.000000,GBP/s,0.000000,Runtime,0.002621,UsedDTree,True,Bound:Memory
OSLOGTAP	[CostModelFeature],wrap_out_1_lin,Op,ios18.linear,gFlopCnt,0.1342,totalMB,2.25,kKBPerOC,2,mbKernel,2,mbInputTensors,0.125,mbOutputTensors,0.125,opsPerByte,59.65,inputTensorX,1024,inputTensorY,64,outputTensorX,1024,outputTensorY,64,outputChannelCount,1024,inputChannelCount,1024,kernelX,1024,kernelY,1024,dilationX,0,dilationY,0,workUnitEfficiency16,1,isL2Resident,0,is3DConv,0,GFLOP/s,5290.789551,GBP/s,0.000000,Runtime,0.025368,UsedDTree,True,Bound:Memory
OSLOGTAP	[CostModelFeature],wrap_out_1_relu,Op,ios18.relu,gFlopCnt,0.0001311,totalMB,0.25,kKBPerOC,0,mbKernel,0,mbInputTensors,0.125,mbOutputTensors,0.125,opsPerByte,0.5243,inputTensorX,1024,inputTensorY,0,outputTensorX,1024,outputTensorY,0,outputChannelCount,0,inputChannelCount,0,kernelX,0,kernelY,0,dilationX,0,dilationY,0,workUnitEfficiency16,0,isL2Resident,0,is3DConv,0,GFLOP/s,50.000000,GBP/s,0.000000,Runtime,0.002621,UsedDTree,True,Bound:Memory
