OSLOGTAP	[CostModelFeature],wrap_in0_0_conv,Op,ios18.conv,gFlopCnt,0.0755,totalMB,0.3203,kKBPerOC,1.125,mbKernel,0.07031,mbInputTensors,0.125,mbOutputTensors,0.125,opsPerByte,235.7,inputTensorX,32,inputTensorY,32,outputTensorX,32,outputTensorY,32,outputChannelCount,64,inputChannelCount,64,kernelX,3,kernelY,3,dilationX,1,dilationY,1,workUnitEfficiency16,1,isL2Resident,0,is3DConv,0,GFLOP/s,754.492737,GBP/s,0.000000,Runtime,0.100064,UsedDTree,True,Bound:Compute
OSLOGTAP	[CostModelFeature],wrap_in0_0_relu,Op,ios18.relu,gFlopCnt,0.0001311,totalMB,0.25,kKBPerOC,0,mbKernel,0,mbInputTensors,0.125,mbOutputTensors,0.125,opsPerByte,0.5243,inputTensorX,32,inputTensorY,0,outputTensorX,32,outputTensorY,0,outputChannelCount,0,inputChannelCount,0,kernelX,0,kernelY,0,dilationX,0,dilationY,0,workUnitEfficiency16,0,isL2Resident,0,is3DConv,0,GFLOP/s,50.000000,GBP/s,0.000000,Runtime,0.002621,UsedDTree,True,Bound:Memory
OSLOGTAP	[CostModelFeature],wrap_in0_1_conv,Op,ios18.conv,gFlopCnt,0.0755,totalMB,0.3203,kKBPerOC,1.125,mbKernel,0.07031,mbInputTensors,0.125,mbOutputTensors,0.125,opsPerByte,235.7,inputTensorX,32,inputTensorY,32,outputTensorX,32,outputTensorY,32,outputChannelCount,64,inputChannelCount,64,kernelX,3,kernelY,3,dilationX,1,dilationY,1,workUnitEfficiency16,1,isL2Resident,0,is3DConv,0,GFLOP/s,754.492737,GBP/s,0.000000,Runtime,0.100064,UsedDTree,True,Bound:Compute
OSLOGTAP	[CostModelFeature],wrap_in0_1_relu,Op,ios18.relu,gFlopCnt,0.0001311,totalMB,0.25,kKBPerOC,0,mbKernel,0,mbInputTensors,0.125,mbOutputTensors,0.125,opsPerByte,0.5243,inputTensorX,32,inputTensorY,0,outputTensorX,32,outputTensorY,0,outputChannelCount,0,inputChannelCount,0,kernelX,0,kernelY,0,dilationX,0,dilationY,0,workUnitEfficiency16,0,isL2Resident,0,is3DConv,0,GFLOP/s,50.000000,GBP/s,0.000000,Runtime,0.002621,UsedDTree,True,Bound:Memory
OSLOGTAP	[CostModelFeature],reduce_min_0,Op,ios16.reduce_min,gFlopCnt,0.0001311,totalMB,0.127,kKBPerOC,0,mbKernel,0,mbInputTensors,0.125,mbOutputTensors,0.001953,opsPerByte,1.032,inputTensorX,32,inputTensorY,0,outputTensorX,32,outputTensorY,0,outputChannelCount,0,inputChannelCount,0,kernelX,0,kernelY,0,dilationX,0,dilationY,0,workUnitEfficiency16,0,isL2Resident,0,is3DConv,0,GFLOP/s,754.543335,GBP/s,56.666664,Runtime,0.002188,UsedDTree,False,Bound:Memory
OSLOGTAP	[CostModelFeature],wrap_out_0_conv,Op,ios18.conv,gFlopCnt,1.843e-05,totalMB,0.003923,kKBPerOC,0.01758,mbKernel,1.717e-05,mbInputTensors,0.001953,mbOutputTensors,0.001953,opsPerByte,4.698,inputTensorX,32,inputTensorY,32,outputTensorX,32,outputTensorY,32,outputChannelCount,1,inputChannelCount,1,kernelX,3,kernelY,3,dilationX,1,dilationY,1,workUnitEfficiency16,1,isL2Resident,0,is3DConv,0,GFLOP/s,27.085213,GBP/s,0.000000,Runtime,0.000681,UsedDTree,True,Bound:Memory
OSLOGTAP	[CostModelFeature],wrap_out_0_relu,Op,ios18.relu,gFlopCnt,2.048e-06,totalMB,0.003906,kKBPerOC,0,mbKernel,0,mbInputTensors,0.001953,mbOutputTensors,0.001953,opsPerByte,0.5243,inputTensorX,32,inputTensorY,0,outputTensorX,32,outputTensorY,0,outputChannelCount,0,inputChannelCount,0,kernelX,0,kernelY,0,dilationX,0,dilationY,0,workUnitEfficiency16,0,isL2Resident,0,is3DConv,0,GFLOP/s,50.000000,GBP/s,0.000000,Runtime,0.000041,UsedDTree,True,Bound:Memory
OSLOGTAP	[CostModelFeature],wrap_out_1_conv,Op,ios18.conv,gFlopCnt,1.843e-05,totalMB,0.003923,kKBPerOC,0.01758,mbKernel,1.717e-05,mbInputTensors,0.001953,mbOutputTensors,0.001953,opsPerByte,4.698,inputTensorX,32,inputTensorY,32,outputTensorX,32,outputTensorY,32,outputChannelCount,1,inputChannelCount,1,kernelX,3,kernelY,3,dilationX,1,dilationY,1,workUnitEfficiency16,1,isL2Resident,0,is3DConv,0,GFLOP/s,27.085213,GBP/s,0.000000,Runtime,0.000681,UsedDTree,True,Bound:Memory
OSLOGTAP	[CostModelFeature],wrap_out_1_relu,Op,ios18.relu,gFlopCnt,2.048e-06,totalMB,0.003906,kKBPerOC,0,mbKernel,0,mbInputTensors,0.001953,mbOutputTensors,0.001953,opsPerByte,0.5243,inputTensorX,32,inputTensorY,0,outputTensorX,32,outputTensorY,0,outputChannelCount,0,inputChannelCount,0,kernelX,0,kernelY,0,dilationX,0,dilationY,0,workUnitEfficiency16,0,isL2Resident,0,is3DConv,0,GFLOP/s,50.000000,GBP/s,0.000000,Runtime,0.000041,UsedDTree,True,Bound:Memory
OSLOGTAP	[CostModelFeature],wrap_in0_0_conv,Op,ios18.conv,gFlopCnt,0.0755,totalMB,0.3203,kKBPerOC,1.125,mbKernel,0.07031,mbInputTensors,0.125,mbOutputTensors,0.125,opsPerByte,235.7,inputTensorX,32,inputTensorY,32,outputTensorX,32,outputTensorY,32,outputChannelCount,64,inputChannelCount,64,kernelX,3,kernelY,3,dilationX,1,dilationY,1,workUnitEfficiency16,1,isL2Resident,0,is3DConv,0,GFLOP/s,655.955994,GBP/s,0.000000,Runtime,0.115095,UsedDTree,True,Bound:Compute
OSLOGTAP	[CostModelFeature],wrap_in0_0_relu,Op,ios18.relu,gFlopCnt,0.0001311,totalMB,0.25,kKBPerOC,0,mbKernel,0,mbInputTensors,0.125,mbOutputTensors,0.125,opsPerByte,0.5243,inputTensorX,32,inputTensorY,0,outputTensorX,32,outputTensorY,0,outputChannelCount,0,inputChannelCount,0,kernelX,0,kernelY,0,dilationX,0,dilationY,0,workUnitEfficiency16,0,isL2Resident,0,is3DConv,0,GFLOP/s,50.000000,GBP/s,0.000000,Runtime,0.002621,UsedDTree,True,Bound:Memory
OSLOGTAP	[CostModelFeature],wrap_in0_1_conv,Op,ios18.conv,gFlopCnt,0.0755,totalMB,0.3203,kKBPerOC,1.125,mbKernel,0.07031,mbInputTensors,0.125,mbOutputTensors,0.125,opsPerByte,235.7,inputTensorX,32,inputTensorY,32,outputTensorX,32,outputTensorY,32,outputChannelCount,64,inputChannelCount,64,kernelX,3,kernelY,3,dilationX,1,dilationY,1,workUnitEfficiency16,1,isL2Resident,0,is3DConv,0,GFLOP/s,655.955994,GBP/s,0.000000,Runtime,0.115095,UsedDTree,True,Bound:Compute
OSLOGTAP	[CostModelFeature],wrap_in0_1_relu,Op,ios18.relu,gFlopCnt,0.0001311,totalMB,0.25,kKBPerOC,0,mbKernel,0,mbInputTensors,0.125,mbOutputTensors,0.125,opsPerByte,0.5243,inputTensorX,32,inputTensorY,0,outputTensorX,32,outputTensorY,0,outputChannelCount,0,inputChannelCount,0,kernelX,0,kernelY,0,dilationX,0,dilationY,0,workUnitEfficiency16,0,isL2Resident,0,is3DConv,0,GFLOP/s,50.000000,GBP/s,0.000000,Runtime,0.002621,UsedDTree,True,Bound:Memory
OSLOGTAP	[CostModelFeature],reduce_min_0,Op,ios16.reduce_min,gFlopCnt,0.0001311,totalMB,0.127,kKBPerOC,0,mbKernel,0,mbInputTensors,0.125,mbOutputTensors,0.001953,opsPerByte,1.032,inputTensorX,32,inputTensorY,0,outputTensorX,32,outputTensorY,0,outputChannelCount,0,inputChannelCount,0,kernelX,0,kernelY,0,dilationX,0,dilationY,0,workUnitEfficiency16,0,isL2Resident,0,is3DConv,0,GFLOP/s,656.000000,GBP/s,56.666664,Runtime,0.002188,UsedDTree,False,Bound:Memory
OSLOGTAP	[CostModelFeature],wrap_out_0_conv,Op,ios18.conv,gFlopCnt,1.843e-05,totalMB,0.003923,kKBPerOC,0.01758,mbKernel,1.717e-05,mbInputTensors,0.001953,mbOutputTensors,0.001953,opsPerByte,4.698,inputTensorX,32,inputTensorY,32,outputTensorX,32,outputTensorY,32,outputChannelCount,1,inputChannelCount,1,kernelX,3,kernelY,3,dilationX,1,dilationY,1,workUnitEfficiency16,1,isL2Resident,0,is3DConv,0,GFLOP/s,23.547886,GBP/s,0.000000,Runtime,0.000783,UsedDTree,True,Bound:Memory
OSLOGTAP	[CostModelFeature],wrap_out_0_relu,Op,ios18.relu,gFlopCnt,2.048e-06,totalMB,0.003906,kKBPerOC,0,mbKernel,0,mbInputTensors,0.001953,mbOutputTensors,0.001953,opsPerByte,0.5243,inputTensorX,32,inputTensorY,0,outputTensorX,32,outputTensorY,0,outputChannelCount,0,inputChannelCount,0,kernelX,0,kernelY,0,dilationX,0,dilationY,0,workUnitEfficiency16,0,isL2Resident,0,is3DConv,0,GFLOP/s,50.000000,GBP/s,0.000000,Runtime,0.000041,UsedDTree,True,Bound:Memory
OSLOGTAP	[CostModelFeature],wrap_out_1_conv,Op,ios18.conv,gFlopCnt,1.843e-05,totalMB,0.003923,kKBPerOC,0.01758,mbKernel,1.717e-05,mbInputTensors,0.001953,mbOutputTensors,0.001953,opsPerByte,4.698,inputTensorX,32,inputTensorY,32,outputTensorX,32,outputTensorY,32,outputChannelCount,1,inputChannelCount,1,kernelX,3,kernelY,3,dilationX,1,dilationY,1,workUnitEfficiency16,1,isL2Resident,0,is3DConv,0,GFLOP/s,23.547886,GBP/s,0.000000,Runtime,0.000783,UsedDTree,True,Bound:Memory
OSLOGTAP	[CostModelFeature],wrap_out_1_relu,Op,ios18.relu,gFlopCnt,2.048e-06,totalMB,0.003906,kKBPerOC,0,mbKernel,0,mbInputTensors,0.001953,mbOutputTensors,0.001953,opsPerByte,0.5243,inputTensorX,32,inputTensorY,0,outputTensorX,32,outputTensorY,0,outputChannelCount,0,inputChannelCount,0,kernelX,0,kernelY,0,dilationX,0,dilationY,0,workUnitEfficiency16,0,isL2Resident,0,is3DConv,0,GFLOP/s,50.000000,GBP/s,0.000000,Runtime,0.000041,UsedDTree,True,Bound:Memory
OSLOGTAP	[CostModelFeature],wrap_in0_0_conv,Op,ios18.conv,gFlopCnt,0.0755,totalMB,0.3203,kKBPerOC,1.125,mbKernel,0.07031,mbInputTensors,0.125,mbOutputTensors,0.125,opsPerByte,235.7,inputTensorX,32,inputTensorY,32,outputTensorX,32,outputTensorY,32,outputChannelCount,64,inputChannelCount,64,kernelX,3,kernelY,3,dilationX,1,dilationY,1,workUnitEfficiency16,1,isL2Resident,0,is3DConv,0,GFLOP/s,16151.676758,GBP/s,0.000000,Runtime,0.004674,UsedDTree,True,Bound:Memory
OSLOGTAP	[CostModelFeature],wrap_in0_0_relu,Op,ios18.relu,gFlopCnt,0.0001311,totalMB,0.25,kKBPerOC,0,mbKernel,0,mbInputTensors,0.125,mbOutputTensors,0.125,opsPerByte,0.5243,inputTensorX,32,inputTensorY,0,outputTensorX,32,outputTensorY,0,outputChannelCount,0,inputChannelCount,0,kernelX,0,kernelY,0,dilationX,0,dilationY,0,workUnitEfficiency16,0,isL2Resident,0,is3DConv,0,GFLOP/s,50.000000,GBP/s,0.000000,Runtime,0.002621,UsedDTree,True,Bound:Memory
OSLOGTAP	[CostModelFeature],wrap_in0_1_conv,Op,ios18.conv,gFlopCnt,0.0755,totalMB,0.3203,kKBPerOC,1.125,mbKernel,0.07031,mbInputTensors,0.125,mbOutputTensors,0.125,opsPerByte,235.7,inputTensorX,32,inputTensorY,32,outputTensorX,32,outputTensorY,32,outputChannelCount,64,inputChannelCount,64,kernelX,3,kernelY,3,dilationX,1,dilationY,1,workUnitEfficiency16,1,isL2Resident,0,is3DConv,0,GFLOP/s,16151.676758,GBP/s,0.000000,Runtime,0.004674,UsedDTree,True,Bound:Memory
OSLOGTAP	[CostModelFeature],wrap_in0_1_relu,Op,ios18.relu,gFlopCnt,0.0001311,totalMB,0.25,kKBPerOC,0,mbKernel,0,mbInputTensors,0.125,mbOutputTensors,0.125,opsPerByte,0.5243,inputTensorX,32,inputTensorY,0,outputTensorX,32,outputTensorY,0,outputChannelCount,0,inputChannelCount,0,kernelX,0,kernelY,0,dilationX,0,dilationY,0,workUnitEfficiency16,0,isL2Resident,0,is3DConv,0,GFLOP/s,50.000000,GBP/s,0.000000,Runtime,0.002621,UsedDTree,True,Bound:Memory
OSLOGTAP	[CostModelFeature],reduce_min_0,Op,ios16.reduce_min,gFlopCnt,0.0001311,totalMB,0.127,kKBPerOC,0,mbKernel,0,mbInputTensors,0.125,mbOutputTensors,0.001953,opsPerByte,1.032,inputTensorX,32,inputTensorY,0,outputTensorX,32,outputTensorY,0,outputChannelCount,0,inputChannelCount,0,kernelX,0,kernelY,0,dilationX,0,dilationY,0,workUnitEfficiency16,0,isL2Resident,0,is3DConv,0,GFLOP/s,19400.000000,GBP/s,68.000000,Runtime,0.001823,UsedDTree,False,Bound:Memory
OSLOGTAP	[CostModelFeature],wrap_out_0_conv,Op,ios18.conv,gFlopCnt,1.843e-05,totalMB,0.003923,kKBPerOC,0.01758,mbKernel,1.717e-05,mbInputTensors,0.001953,mbOutputTensors,0.001953,opsPerByte,4.698,inputTensorX,32,inputTensorY,32,outputTensorX,32,outputTensorY,32,outputChannelCount,1,inputChannelCount,1,kernelX,3,kernelY,3,dilationX,1,dilationY,1,workUnitEfficiency16,1,isL2Resident,0,is3DConv,0,GFLOP/s,471.180908,GBP/s,0.000000,Runtime,0.000039,UsedDTree,True,Bound:Memory
OSLOGTAP	[CostModelFeature],wrap_out_0_relu,Op,ios18.relu,gFlopCnt,2.048e-06,totalMB,0.003906,kKBPerOC,0,mbKernel,0,mbInputTensors,0.001953,mbOutputTensors,0.001953,opsPerByte,0.5243,inputTensorX,32,inputTensorY,0,outputTensorX,32,outputTensorY,0,outputChannelCount,0,inputChannelCount,0,kernelX,0,kernelY,0,dilationX,0,dilationY,0,workUnitEfficiency16,0,isL2Resident,0,is3DConv,0,GFLOP/s,50.000000,GBP/s,0.000000,Runtime,0.000041,UsedDTree,True,Bound:Memory
OSLOGTAP	[CostModelFeature],wrap_out_1_conv,Op,ios18.conv,gFlopCnt,1.843e-05,totalMB,0.003923,kKBPerOC,0.01758,mbKernel,1.717e-05,mbInputTensors,0.001953,mbOutputTensors,0.001953,opsPerByte,4.698,inputTensorX,32,inputTensorY,32,outputTensorX,32,outputTensorY,32,outputChannelCount,1,inputChannelCount,1,kernelX,3,kernelY,3,dilationX,1,dilationY,1,workUnitEfficiency16,1,isL2Resident,0,is3DConv,0,GFLOP/s,471.180908,GBP/s,0.000000,Runtime,0.000039,UsedDTree,True,Bound:Memory
OSLOGTAP	[CostModelFeature],wrap_out_1_relu,Op,ios18.relu,gFlopCnt,2.048e-06,totalMB,0.003906,kKBPerOC,0,mbKernel,0,mbInputTensors,0.001953,mbOutputTensors,0.001953,opsPerByte,0.5243,inputTensorX,32,inputTensorY,0,outputTensorX,32,outputTensorY,0,outputChannelCount,0,inputChannelCount,0,kernelX,0,kernelY,0,dilationX,0,dilationY,0,workUnitEfficiency16,0,isL2Resident,0,is3DConv,0,GFLOP/s,50.000000,GBP/s,0.000000,Runtime,0.000041,UsedDTree,True,Bound:Memory
