OSLOGTAP	[CostModelFeature],matmul_0,Op,ios18.matmul,gFlopCnt,0.01678,totalMB,2,kKBPerOC,1024,mbKernel,1,mbInputTensors,1,mbOutputTensors,0.0004883,opsPerByte,8.387,inputTensorX,3.277e+04,inputTensorY,16,outputTensorX,16,outputTensorY,16,outputChannelCount,1,inputChannelCount,3.277e+04,kernelX,16,kernelY,3.277e+04,dilationX,0,dilationY,0,workUnitEfficiency16,1,isL2Resident,0,is3DConv,0,GFLOP/s,754.543335,GBP/s,56.666664,Runtime,0.034475,UsedDTree,False,Bound:Memory
OSLOGTAP	[CostModelFeature],matmul_0,Op,ios18.matmul,gFlopCnt,0.01678,totalMB,2,kKBPerOC,1024,mbKernel,1,mbInputTensors,1,mbOutputTensors,0.0004883,opsPerByte,8.387,inputTensorX,3.277e+04,inputTensorY,16,outputTensorX,16,outputTensorY,16,outputChannelCount,1,inputChannelCount,3.277e+04,kernelX,16,kernelY,3.277e+04,dilationX,0,dilationY,0,workUnitEfficiency16,1,isL2Resident,0,is3DConv,0,GFLOP/s,656.000000,GBP/s,56.666664,Runtime,0.034475,UsedDTree,False,Bound:Memory
OSLOGTAP	[CostModelFeature],matmul_0,Op,ios18.matmul,gFlopCnt,0.01678,totalMB,2,kKBPerOC,1024,mbKernel,1,mbInputTensors,1,mbOutputTensors,0.0004883,opsPerByte,8.387,inputTensorX,3.277e+04,inputTensorY,16,outputTensorX,16,outputTensorY,16,outputChannelCount,1,inputChannelCount,3.277e+04,kernelX,16,kernelY,3.277e+04,dilationX,0,dilationY,0,workUnitEfficiency16,1,isL2Resident,0,is3DConv,0,GFLOP/s,19400.000000,GBP/s,68.000000,Runtime,0.028729,UsedDTree,False,Bound:Memory
