OSLOGTAP	[CostModelFeature],conv_transpose_0,Op,ios18.conv_transpose,gFlopCnt,0.302,totalMB,0.6953,kKBPerOC,1.125,mbKernel,0.07031,mbInputTensors,0.125,mbOutputTensors,0.5,opsPerByte,434.3,inputTensorX,32,inputTensorY,32,outputTensorX,64,outputTensorY,64,outputChannelCount,64,inputChannelCount,64,kernelX,3,kernelY,3,dilationX,1,dilationY,1,workUnitEfficiency16,1,isL2Resident,0,is3DConv,0,GFLOP/s,63.142517,GBP/s,0.000000,Runtime,4.782671,UsedDTree,True,Bound:Compute
OSLOGTAP	[CostModelFeature],conv_transpose_0,Op,ios18.conv_transpose,gFlopCnt,0.302,totalMB,0.6953,kKBPerOC,1.125,mbKernel,0.07031,mbInputTensors,0.125,mbOutputTensors,0.5,opsPerByte,434.3,inputTensorX,32,inputTensorY,32,outputTensorX,64,outputTensorY,64,outputChannelCount,64,inputChannelCount,64,kernelX,3,kernelY,3,dilationX,1,dilationY,1,workUnitEfficiency16,1,isL2Resident,0,is3DConv,0,GFLOP/s,54.896103,GBP/s,0.000000,Runtime,5.501117,UsedDTree,True,Bound:Compute
OSLOGTAP	[CostModelFeature],conv_transpose_0,Op,ios18.conv_transpose,gFlopCnt,0.302,totalMB,0.6953,kKBPerOC,1.125,mbKernel,0.07031,mbInputTensors,0.125,mbOutputTensors,0.5,opsPerByte,434.3,inputTensorX,32,inputTensorY,32,outputTensorX,64,outputTensorY,64,outputChannelCount,64,inputChannelCount,64,kernelX,3,kernelY,3,dilationX,1,dilationY,1,workUnitEfficiency16,1,isL2Resident,0,is3DConv,0,GFLOP/s,15205.035156,GBP/s,0.000000,Runtime,0.019861,UsedDTree,True,Bound:Compute
