OSLOGTAP	[CostModelFeature],relu_0,Op,ios18.relu,gFlopCnt,6.554e-05,totalMB,0.125,kKBPerOC,0,mbKernel,0,mbInputTensors,0.0625,mbOutputTensors,0.0625,opsPerByte,0.5243,inputTensorX,256,inputTensorY,0,outputTensorX,256,outputTensorY,0,outputChannelCount,0,inputChannelCount,0,kernelX,0,kernelY,0,dilationX,0,dilationY,0,workUnitEfficiency16,0,isL2Resident,0,is3DConv,0,GFLOP/s,50.000000,GBP/s,0.000000,Runtime,0.001311,UsedDTree,True,Bound:Memory
OSLOGTAP	[CostModelFeature],relu_0,Op,ios18.relu,gFlopCnt,6.554e-05,totalMB,0.125,kKBPerOC,0,mbKernel,0,mbInputTensors,0.0625,mbOutputTensors,0.0625,opsPerByte,0.5243,inputTensorX,256,inputTensorY,0,outputTensorX,256,outputTensorY,0,outputChannelCount,0,inputChannelCount,0,kernelX,0,kernelY,0,dilationX,0,dilationY,0,workUnitEfficiency16,0,isL2Resident,0,is3DConv,0,GFLOP/s,50.000000,GBP/s,0.000000,Runtime,0.001311,UsedDTree,True,Bound:Memory
OSLOGTAP	[CostModelFeature],relu_0,Op,ios18.relu,gFlopCnt,6.554e-05,totalMB,0.125,kKBPerOC,0,mbKernel,0,mbInputTensors,0.0625,mbOutputTensors,0.0625,opsPerByte,0.5243,inputTensorX,256,inputTensorY,0,outputTensorX,256,outputTensorY,0,outputChannelCount,0,inputChannelCount,0,kernelX,0,kernelY,0,dilationX,0,dilationY,0,workUnitEfficiency16,0,isL2Resident,0,is3DConv,0,GFLOP/s,50.000000,GBP/s,0.000000,Runtime,0.001311,UsedDTree,True,Bound:Memory
