OSLOGTAP	[CostModelFeature],conv_0,Op,ios18.conv,gFlopCnt,0.00118,totalMB,0.2511,kKBPerOC,0.01758,mbKernel,0.001099,mbInputTensors,0.125,mbOutputTensors,0.125,opsPerByte,4.698,inputTensorX,32,inputTensorY,32,outputTensorX,32,outputTensorY,32,outputChannelCount,64,inputChannelCount,1,kernelX,3,kernelY,3,dilationX,1,dilationY,1,workUnitEfficiency16,1,isL2Resident,0,is3DConv,0,GFLOP/s,27.085213,GBP/s,0.000000,Runtime,0.043553,UsedDTree,True,Bound:Memory
OSLOGTAP	[CostModelFeature],conv_0,Op,ios18.conv,gFlopCnt,0.00118,totalMB,0.2511,kKBPerOC,0.01758,mbKernel,0.001099,mbInputTensors,0.125,mbOutputTensors,0.125,opsPerByte,4.698,inputTensorX,32,inputTensorY,32,outputTensorX,32,outputTensorY,32,outputChannelCount,64,inputChannelCount,1,kernelX,3,kernelY,3,dilationX,1,dilationY,1,workUnitEfficiency16,1,isL2Resident,0,is3DConv,0,GFLOP/s,23.547886,GBP/s,0.000000,Runtime,0.050096,UsedDTree,True,Bound:Memory
OSLOGTAP	[CostModelFeature],conv_0,Op,ios18.conv,gFlopCnt,0.00118,totalMB,0.2511,kKBPerOC,0.01758,mbKernel,0.001099,mbInputTensors,0.125,mbOutputTensors,0.125,opsPerByte,4.698,inputTensorX,32,inputTensorY,32,outputTensorX,32,outputTensorY,32,outputChannelCount,64,inputChannelCount,1,kernelX,3,kernelY,3,dilationX,1,dilationY,1,workUnitEfficiency16,1,isL2Resident,0,is3DConv,0,GFLOP/s,471.180908,GBP/s,0.000000,Runtime,0.002504,UsedDTree,True,Bound:Memory
