OSLOGTAP	[CostModelFeature],x1_to_int16,Op,ios18.cast,gFlopCnt,3.2e-08,totalMB,9.155e-05,kKBPerOC,0,mbKernel,0,mbInputTensors,6.104e-05,mbOutputTensors,3.052e-05,opsPerByte,0.3495,inputTensorX,2,inputTensorY,0,outputTensorX,2,outputTensorY,0,outputChannelCount,0,inputChannelCount,0,kernelX,0,kernelY,0,dilationX,0,dilationY,0,workUnitEfficiency16,0,isL2Resident,0,is3DConv,0,GFLOP/s,754.543335,GBP/s,56.666664,Runtime,0.000002,UsedDTree,False,Bound:Memory
OSLOGTAP	[CostModelFeature],cast_0,Op,ios18.cast,gFlopCnt,3.2e-08,totalMB,9.155e-05,kKBPerOC,0,mbKernel,0,mbInputTensors,3.052e-05,mbOutputTensors,6.104e-05,opsPerByte,0.3495,inputTensorX,2,inputTensorY,0,outputTensorX,2,outputTensorY,0,outputChannelCount,0,inputChannelCount,0,kernelX,0,kernelY,0,dilationX,0,dilationY,0,workUnitEfficiency16,0,isL2Resident,0,is3DConv,0,GFLOP/s,754.543335,GBP/s,56.666664,Runtime,0.000002,UsedDTree,False,Bound:Memory
OSLOGTAP	[CostModelFeature],greater_equal_0,Op,ios18.greater_equal,gFlopCnt,3.4e-08,totalMB,8.011e-05,kKBPerOC,0,mbKernel,0,mbInputTensors,6.485e-05,mbOutputTensors,1.526e-05,opsPerByte,0.4244,inputTensorX,2,inputTensorY,0,outputTensorX,2,outputTensorY,0,outputChannelCount,0,inputChannelCount,0,kernelX,0,kernelY,0,dilationX,0,dilationY,0,workUnitEfficiency16,0,isL2Resident,0,is3DConv,0,GFLOP/s,754.543335,GBP/s,56.666664,Runtime,0.000001,UsedDTree,False,Bound:Memory
OSLOGTAP	[CostModelFeature],add_0,Op,ios18.add,gFlopCnt,3.6e-08,totalMB,0.0001297,kKBPerOC,0,mbKernel,0,mbInputTensors,6.866e-05,mbOutputTensors,6.104e-05,opsPerByte,0.2776,inputTensorX,2,inputTensorY,0,outputTensorX,2,outputTensorY,0,outputChannelCount,0,inputChannelCount,0,kernelX,0,kernelY,0,dilationX,0,dilationY,0,workUnitEfficiency16,0,isL2Resident,0,is3DConv,0,GFLOP/s,21.122192,GBP/s,0.000000,Runtime,0.000002,UsedDTree,True,Bound:Memory
OSLOGTAP	[CostModelFeature],select_0,Op,select,gFlopCnt,9.6e-08,totalMB,0.0001984,kKBPerOC,0,mbKernel,0,mbInputTensors,0.0001373,mbOutputTensors,6.104e-05,opsPerByte,0.484,inputTensorX,0,inputTensorY,0,outputTensorX,2,outputTensorY,0,outputChannelCount,0,inputChannelCount,0,kernelX,0,kernelY,0,dilationX,0,dilationY,0,workUnitEfficiency16,0,isL2Resident,0,is3DConv,0,GFLOP/s,754.543335,GBP/s,56.666664,Runtime,0.000003,UsedDTree,False,Bound:Memory
OSLOGTAP	[CostModelFeature],select_0_to_int16,Op,ios18.cast,gFlopCnt,3.2e-08,totalMB,9.155e-05,kKBPerOC,0,mbKernel,0,mbInputTensors,6.104e-05,mbOutputTensors,3.052e-05,opsPerByte,0.3495,inputTensorX,2,inputTensorY,0,outputTensorX,2,outputTensorY,0,outputChannelCount,0,inputChannelCount,0,kernelX,0,kernelY,0,dilationX,0,dilationY,0,workUnitEfficiency16,0,isL2Resident,0,is3DConv,0,GFLOP/s,754.543335,GBP/s,56.666664,Runtime,0.000002,UsedDTree,False,Bound:Memory
OSLOGTAP	[CostModelFeature],gather_nd_0,Op,ios18.gather_nd,gFlopCnt,0.0001311,totalMB,0.1407,kKBPerOC,0,mbKernel,0,mbInputTensors,0.125,mbOutputTensors,0.01562,opsPerByte,0.9321,inputTensorX,32,inputTensorY,0,outputTensorX,32,outputTensorY,0,outputChannelCount,0,inputChannelCount,0,kernelX,0,kernelY,0,dilationX,0,dilationY,0,workUnitEfficiency16,0,isL2Resident,0,is3DConv,0,GFLOP/s,754.543335,GBP/s,56.666664,Runtime,0.002424,UsedDTree,False,Bound:Memory
OSLOGTAP	[CostModelFeature],x1_to_int16,Op,ios18.cast,gFlopCnt,3.2e-08,totalMB,9.155e-05,kKBPerOC,0,mbKernel,0,mbInputTensors,6.104e-05,mbOutputTensors,3.052e-05,opsPerByte,0.3495,inputTensorX,2,inputTensorY,0,outputTensorX,2,outputTensorY,0,outputChannelCount,0,inputChannelCount,0,kernelX,0,kernelY,0,dilationX,0,dilationY,0,workUnitEfficiency16,0,isL2Resident,0,is3DConv,0,GFLOP/s,656.000000,GBP/s,56.666664,Runtime,0.000002,UsedDTree,False,Bound:Memory
OSLOGTAP	[CostModelFeature],cast_0,Op,ios18.cast,gFlopCnt,3.2e-08,totalMB,9.155e-05,kKBPerOC,0,mbKernel,0,mbInputTensors,3.052e-05,mbOutputTensors,6.104e-05,opsPerByte,0.3495,inputTensorX,2,inputTensorY,0,outputTensorX,2,outputTensorY,0,outputChannelCount,0,inputChannelCount,0,kernelX,0,kernelY,0,dilationX,0,dilationY,0,workUnitEfficiency16,0,isL2Resident,0,is3DConv,0,GFLOP/s,656.000000,GBP/s,56.666664,Runtime,0.000002,UsedDTree,False,Bound:Memory
OSLOGTAP	[CostModelFeature],greater_equal_0,Op,ios18.greater_equal,gFlopCnt,3.4e-08,totalMB,8.011e-05,kKBPerOC,0,mbKernel,0,mbInputTensors,6.485e-05,mbOutputTensors,1.526e-05,opsPerByte,0.4244,inputTensorX,2,inputTensorY,0,outputTensorX,2,outputTensorY,0,outputChannelCount,0,inputChannelCount,0,kernelX,0,kernelY,0,dilationX,0,dilationY,0,workUnitEfficiency16,0,isL2Resident,0,is3DConv,0,GFLOP/s,656.000000,GBP/s,56.666664,Runtime,0.000001,UsedDTree,False,Bound:Memory
OSLOGTAP	[CostModelFeature],add_0,Op,ios18.add,gFlopCnt,3.6e-08,totalMB,0.0001297,kKBPerOC,0,mbKernel,0,mbInputTensors,6.866e-05,mbOutputTensors,6.104e-05,opsPerByte,0.2776,inputTensorX,2,inputTensorY,0,outputTensorX,2,outputTensorY,0,outputChannelCount,0,inputChannelCount,0,kernelX,0,kernelY,0,dilationX,0,dilationY,0,workUnitEfficiency16,0,isL2Resident,0,is3DConv,0,GFLOP/s,18.363636,GBP/s,0.000000,Runtime,0.000002,UsedDTree,True,Bound:Memory
OSLOGTAP	[CostModelFeature],select_0,Op,select,gFlopCnt,9.6e-08,totalMB,0.0001984,kKBPerOC,0,mbKernel,0,mbInputTensors,0.0001373,mbOutputTensors,6.104e-05,opsPerByte,0.484,inputTensorX,0,inputTensorY,0,outputTensorX,2,outputTensorY,0,outputChannelCount,0,inputChannelCount,0,kernelX,0,kernelY,0,dilationX,0,dilationY,0,workUnitEfficiency16,0,isL2Resident,0,is3DConv,0,GFLOP/s,656.000000,GBP/s,56.666664,Runtime,0.000003,UsedDTree,False,Bound:Memory
OSLOGTAP	[CostModelFeature],select_0_to_int16,Op,ios18.cast,gFlopCnt,3.2e-08,totalMB,9.155e-05,kKBPerOC,0,mbKernel,0,mbInputTensors,6.104e-05,mbOutputTensors,3.052e-05,opsPerByte,0.3495,inputTensorX,2,inputTensorY,0,outputTensorX,2,outputTensorY,0,outputChannelCount,0,inputChannelCount,0,kernelX,0,kernelY,0,dilationX,0,dilationY,0,workUnitEfficiency16,0,isL2Resident,0,is3DConv,0,GFLOP/s,656.000000,GBP/s,56.666664,Runtime,0.000002,UsedDTree,False,Bound:Memory
OSLOGTAP	[CostModelFeature],gather_nd_0,Op,ios18.gather_nd,gFlopCnt,0.0001311,totalMB,0.1407,kKBPerOC,0,mbKernel,0,mbInputTensors,0.125,mbOutputTensors,0.01562,opsPerByte,0.9321,inputTensorX,32,inputTensorY,0,outputTensorX,32,outputTensorY,0,outputChannelCount,0,inputChannelCount,0,kernelX,0,kernelY,0,dilationX,0,dilationY,0,workUnitEfficiency16,0,isL2Resident,0,is3DConv,0,GFLOP/s,656.000000,GBP/s,56.666664,Runtime,0.002424,UsedDTree,False,Bound:Memory
OSLOGTAP	[CostModelFeature],gather_nd_0,Op,ios18.gather_nd,gFlopCnt,0.0001311,totalMB,0.1407,kKBPerOC,0,mbKernel,0,mbInputTensors,0.125,mbOutputTensors,0.01562,opsPerByte,0.9321,inputTensorX,32,inputTensorY,0,outputTensorX,32,outputTensorY,0,outputChannelCount,0,inputChannelCount,0,kernelX,0,kernelY,0,dilationX,0,dilationY,0,workUnitEfficiency16,0,isL2Resident,0,is3DConv,0,GFLOP/s,19400.000000,GBP/s,68.000000,Runtime,0.002020,UsedDTree,False,Bound:Memory
