OSLOGTAP	[CostModelFeature],softmax_0,Op,ios18.softmax,gFlopCnt,0.004588,totalMB,0.5,kKBPerOC,0,mbKernel,0,mbInputTensors,0.25,mbOutputTensors,0.25,opsPerByte,9.175,inputTensorX,16,inputTensorY,0,outputTensorX,16,outputTensorY,0,outputChannelCount,0,inputChannelCount,0,kernelX,0,kernelY,0,dilationX,0,dilationY,0,workUnitEfficiency16,0,isL2Resident,0,is3DConv,0,GFLOP/s,754.543335,GBP/s,56.666664,Runtime,0.008617,UsedDTree,False,Bound:Memory
OSLOGTAP	[CostModelFeature],softmax_0,Op,ios18.softmax,gFlopCnt,0.004588,totalMB,0.5,kKBPerOC,0,mbKernel,0,mbInputTensors,0.25,mbOutputTensors,0.25,opsPerByte,9.175,inputTensorX,16,inputTensorY,0,outputTensorX,16,outputTensorY,0,outputChannelCount,0,inputChannelCount,0,kernelX,0,kernelY,0,dilationX,0,dilationY,0,workUnitEfficiency16,0,isL2Resident,0,is3DConv,0,GFLOP/s,656.000000,GBP/s,56.666664,Runtime,0.008617,UsedDTree,False,Bound:Memory
OSLOGTAP	[CostModelFeature],softmax_0,Op,ios18.softmax,gFlopCnt,0.004588,totalMB,0.5,kKBPerOC,0,mbKernel,0,mbInputTensors,0.25,mbOutputTensors,0.25,opsPerByte,9.175,inputTensorX,16,inputTensorY,0,outputTensorX,16,outputTensorY,0,outputChannelCount,0,inputChannelCount,0,kernelX,0,kernelY,0,dilationX,0,dilationY,0,workUnitEfficiency16,0,isL2Resident,0,is3DConv,0,GFLOP/s,19400.000000,GBP/s,68.000000,Runtime,0.007181,UsedDTree,False,Bound:Memory
