OSLOGTAP	[CostModelFeature],conv_0,Op,ios18.conv,gFlopCnt,0.02831,totalMB,0.1382,kKBPerOC,0.8438,mbKernel,0.01318,mbInputTensors,0.0625,mbOutputTensors,0.0625,opsPerByte,204.9,inputTensorX,16,inputTensorY,16,outputTensorX,16,outputTensorY,16,outputChannelCount,16,inputChannelCount,16,kernelX,3,kernelY,3,dilationX,1,dilationY,1,workUnitEfficiency16,1,isL2Resident,0,is3DConv,1,GFLOP/s,754.492737,GBP/s,0.000000,Runtime,0.037524,UsedDTree,True,Bound:Compute
OSLOGTAP	[CostModelFeature],conv_0,Op,ios18.conv,gFlopCnt,0.02831,totalMB,0.1382,kKBPerOC,0.8438,mbKernel,0.01318,mbInputTensors,0.0625,mbOutputTensors,0.0625,opsPerByte,204.9,inputTensorX,16,inputTensorY,16,outputTensorX,16,outputTensorY,16,outputChannelCount,16,inputChannelCount,16,kernelX,3,kernelY,3,dilationX,1,dilationY,1,workUnitEfficiency16,1,isL2Resident,0,is3DConv,1,GFLOP/s,655.955994,GBP/s,0.000000,Runtime,0.043161,UsedDTree,True,Bound:Compute
OSLOGTAP	[CostModelFeature],conv_0,Op,ios18.conv,gFlopCnt,0.02831,totalMB,0.1382,kKBPerOC,0.8438,mbKernel,0.01318,mbInputTensors,0.0625,mbOutputTensors,0.0625,opsPerByte,204.9,inputTensorX,16,inputTensorY,16,outputTensorX,16,outputTensorY,16,outputChannelCount,16,inputChannelCount,16,kernelX,3,kernelY,3,dilationX,1,dilationY,1,workUnitEfficiency16,1,isL2Resident,0,is3DConv,1,GFLOP/s,16151.676758,GBP/s,0.000000,Runtime,0.001753,UsedDTree,True,Bound:Memory
