OSLOGTAP	[CostModelFeature],matmul_0,Op,ios18.matmul,gFlopCnt,0.008389,totalMB,1,kKBPerOC,512,mbKernel,0.5,mbInputTensors,0.5,mbOutputTensors,0.0004883,opsPerByte,8.385,inputTensorX,1.638e+04,inputTensorY,16,outputTensorX,16,outputTensorY,16,outputChannelCount,1,inputChannelCount,1.638e+04,kernelX,16,kernelY,1.638e+04,dilationX,0,dilationY,0,workUnitEfficiency16,1,isL2Resident,0,is3DConv,0,GFLOP/s,754.543335,GBP/s,56.666664,Runtime,0.017242,UsedDTree,False,Bound:Memory
OSLOGTAP	[CostModelFeature],matmul_0,Op,ios18.matmul,gFlopCnt,0.008389,totalMB,1,kKBPerOC,512,mbKernel,0.5,mbInputTensors,0.5,mbOutputTensors,0.0004883,opsPerByte,8.385,inputTensorX,1.638e+04,inputTensorY,16,outputTensorX,16,outputTensorY,16,outputChannelCount,1,inputChannelCount,1.638e+04,kernelX,16,kernelY,1.638e+04,dilationX,0,dilationY,0,workUnitEfficiency16,1,isL2Resident,0,is3DConv,0,GFLOP/s,656.000000,GBP/s,56.666664,Runtime,0.017242,UsedDTree,False,Bound:Memory
OSLOGTAP	[CostModelFeature],matmul_0,Op,ios18.matmul,gFlopCnt,0.008389,totalMB,1,kKBPerOC,512,mbKernel,0.5,mbInputTensors,0.5,mbOutputTensors,0.0004883,opsPerByte,8.385,inputTensorX,1.638e+04,inputTensorY,16,outputTensorX,16,outputTensorY,16,outputChannelCount,1,inputChannelCount,1.638e+04,kernelX,16,kernelY,1.638e+04,dilationX,0,dilationY,0,workUnitEfficiency16,1,isL2Resident,0,is3DConv,0,GFLOP/s,19400.000000,GBP/s,68.000000,Runtime,0.014368,UsedDTree,False,Bound:Memory
