OSLOGTAP	[CostModelFeature],transpose_0,Op,ios18.transpose,gFlopCnt,0.0002622,totalMB,0.5,kKBPerOC,0,mbKernel,0,mbInputTensors,0.25,mbOutputTensors,0.25,opsPerByte,0.5243,inputTensorX,16,inputTensorY,0,outputTensorX,16,outputTensorY,0,outputChannelCount,0,inputChannelCount,0,kernelX,0,kernelY,0,dilationX,0,dilationY,0,workUnitEfficiency16,0,isL2Resident,0,is3DConv,0,GFLOP/s,1.875472,GBP/s,0.000000,Runtime,0.139779,UsedDTree,True,Bound:Memory
OSLOGTAP	[CostModelFeature],transpose_0,Op,ios18.transpose,gFlopCnt,0.0002622,totalMB,0.5,kKBPerOC,0,mbKernel,0,mbInputTensors,0.25,mbOutputTensors,0.25,opsPerByte,0.5243,inputTensorX,16,inputTensorY,0,outputTensorX,16,outputTensorY,0,outputChannelCount,0,inputChannelCount,0,kernelX,0,kernelY,0,dilationX,0,dilationY,0,workUnitEfficiency16,0,isL2Resident,0,is3DConv,0,GFLOP/s,1.630535,GBP/s,0.000000,Runtime,0.160777,UsedDTree,True,Bound:Memory
OSLOGTAP	[CostModelFeature],transpose_0,Op,ios18.transpose,gFlopCnt,0.0002622,totalMB,0.5,kKBPerOC,0,mbKernel,0,mbInputTensors,0.25,mbOutputTensors,0.25,opsPerByte,0.5243,inputTensorX,16,inputTensorY,0,outputTensorX,16,outputTensorY,0,outputChannelCount,0,inputChannelCount,0,kernelX,0,kernelY,0,dilationX,0,dilationY,0,workUnitEfficiency16,0,isL2Resident,0,is3DConv,0,GFLOP/s,22.856550,GBP/s,0.000000,Runtime,0.011469,UsedDTree,True,Bound:Memory
