OSLOGTAP	[CostModelFeature],wrap_in0_conv,Op,ios18.conv,gFlopCnt,4.832,totalMB,5.125,kKBPerOC,4.5,mbKernel,1.125,mbInputTensors,2,mbOutputTensors,2,opsPerByte,942.8,inputTensorX,64,inputTensorY,64,outputTensorX,64,outputTensorY,64,outputChannelCount,256,inputChannelCount,256,kernelX,3,kernelY,3,dilationX,1,dilationY,1,workUnitEfficiency16,1,isL2Resident,0,is3DConv,0,GFLOP/s,754.492737,GBP/s,0.000000,Runtime,6.404088,UsedDTree,True,Bound:Compute
OSLOGTAP	[CostModelFeature],wrap_in0_relu,Op,ios18.relu,gFlopCnt,0.002097,totalMB,4,kKBPerOC,0,mbKernel,0,mbInputTensors,2,mbOutputTensors,2,opsPerByte,0.5243,inputTensorX,64,inputTensorY,0,outputTensorX,64,outputTensorY,0,outputChannelCount,0,inputChannelCount,0,kernelX,0,kernelY,0,dilationX,0,dilationY,0,workUnitEfficiency16,0,isL2Resident,0,is3DConv,0,GFLOP/s,50.000000,GBP/s,0.000000,Runtime,0.041943,UsedDTree,True,Bound:Memory
OSLOGTAP	[CostModelFeature],wrap_in1_conv,Op,ios18.conv,gFlopCnt,4.832,totalMB,5.125,kKBPerOC,4.5,mbKernel,1.125,mbInputTensors,2,mbOutputTensors,2,opsPerByte,942.8,inputTensorX,64,inputTensorY,64,outputTensorX,64,outputTensorY,64,outputChannelCount,256,inputChannelCount,256,kernelX,3,kernelY,3,dilationX,1,dilationY,1,workUnitEfficiency16,1,isL2Resident,0,is3DConv,0,GFLOP/s,754.492737,GBP/s,0.000000,Runtime,6.404088,UsedDTree,True,Bound:Compute
OSLOGTAP	[CostModelFeature],wrap_in1_relu,Op,ios18.relu,gFlopCnt,0.002097,totalMB,4,kKBPerOC,0,mbKernel,0,mbInputTensors,2,mbOutputTensors,2,opsPerByte,0.5243,inputTensorX,64,inputTensorY,0,outputTensorX,64,outputTensorY,0,outputChannelCount,0,inputChannelCount,0,kernelX,0,kernelY,0,dilationX,0,dilationY,0,workUnitEfficiency16,0,isL2Resident,0,is3DConv,0,GFLOP/s,50.000000,GBP/s,0.000000,Runtime,0.041943,UsedDTree,True,Bound:Memory
OSLOGTAP	[CostModelFeature],wrap_in2_conv,Op,ios18.conv,gFlopCnt,4.832,totalMB,5.125,kKBPerOC,4.5,mbKernel,1.125,mbInputTensors,2,mbOutputTensors,2,opsPerByte,942.8,inputTensorX,64,inputTensorY,64,outputTensorX,64,outputTensorY,64,outputChannelCount,256,inputChannelCount,256,kernelX,3,kernelY,3,dilationX,1,dilationY,1,workUnitEfficiency16,1,isL2Resident,0,is3DConv,0,GFLOP/s,754.492737,GBP/s,0.000000,Runtime,6.404088,UsedDTree,True,Bound:Compute
OSLOGTAP	[CostModelFeature],wrap_in2_relu,Op,ios18.relu,gFlopCnt,0.002097,totalMB,4,kKBPerOC,0,mbKernel,0,mbInputTensors,2,mbOutputTensors,2,opsPerByte,0.5243,inputTensorX,64,inputTensorY,0,outputTensorX,64,outputTensorY,0,outputChannelCount,0,inputChannelCount,0,kernelX,0,kernelY,0,dilationX,0,dilationY,0,workUnitEfficiency16,0,isL2Resident,0,is3DConv,0,GFLOP/s,50.000000,GBP/s,0.000000,Runtime,0.041943,UsedDTree,True,Bound:Memory
OSLOGTAP	[CostModelFeature],wrap_in3_conv,Op,ios18.conv,gFlopCnt,4.832,totalMB,5.125,kKBPerOC,4.5,mbKernel,1.125,mbInputTensors,2,mbOutputTensors,2,opsPerByte,942.8,inputTensorX,64,inputTensorY,64,outputTensorX,64,outputTensorY,64,outputChannelCount,256,inputChannelCount,256,kernelX,3,kernelY,3,dilationX,1,dilationY,1,workUnitEfficiency16,1,isL2Resident,0,is3DConv,0,GFLOP/s,754.492737,GBP/s,0.000000,Runtime,6.404088,UsedDTree,True,Bound:Compute
OSLOGTAP	[CostModelFeature],wrap_in3_relu,Op,ios18.relu,gFlopCnt,0.002097,totalMB,4,kKBPerOC,0,mbKernel,0,mbInputTensors,2,mbOutputTensors,2,opsPerByte,0.5243,inputTensorX,64,inputTensorY,0,outputTensorX,64,outputTensorY,0,outputChannelCount,0,inputChannelCount,0,kernelX,0,kernelY,0,dilationX,0,dilationY,0,workUnitEfficiency16,0,isL2Resident,0,is3DConv,0,GFLOP/s,50.000000,GBP/s,0.000000,Runtime,0.041943,UsedDTree,True,Bound:Memory
OSLOGTAP	[CostModelFeature],slice_by_index_0,Op,ios18.slice_by_index,gFlopCnt,0.002097,totalMB,2.125,kKBPerOC,0,mbKernel,0,mbInputTensors,2,mbOutputTensors,0.125,opsPerByte,0.9869,inputTensorX,64,inputTensorY,0,outputTensorX,4,outputTensorY,0,outputChannelCount,0,inputChannelCount,0,kernelX,0,kernelY,0,dilationX,0,dilationY,0,workUnitEfficiency16,0,isL2Resident,0,is3DConv,0,GFLOP/s,754.543335,GBP/s,56.666664,Runtime,0.036622,UsedDTree,False,Bound:Memory
OSLOGTAP	[CostModelFeature],wrap_out0_conv,Op,ios18.conv,gFlopCnt,0.302,totalMB,1.375,kKBPerOC,4.5,mbKernel,1.125,mbInputTensors,0.125,mbOutputTensors,0.125,opsPerByte,219.6,inputTensorX,4,inputTensorY,64,outputTensorX,4,outputTensorY,64,outputChannelCount,256,inputChannelCount,256,kernelX,3,kernelY,3,dilationX,1,dilationY,1,workUnitEfficiency16,0.25,isL2Resident,0,is3DConv,0,GFLOP/s,754.492737,GBP/s,0.000000,Runtime,0.400256,UsedDTree,True,Bound:Compute
OSLOGTAP	[CostModelFeature],wrap_out0_relu,Op,ios18.relu,gFlopCnt,0.0001311,totalMB,0.25,kKBPerOC,0,mbKernel,0,mbInputTensors,0.125,mbOutputTensors,0.125,opsPerByte,0.5243,inputTensorX,4,inputTensorY,0,outputTensorX,4,outputTensorY,0,outputChannelCount,0,inputChannelCount,0,kernelX,0,kernelY,0,dilationX,0,dilationY,0,workUnitEfficiency16,0,isL2Resident,0,is3DConv,0,GFLOP/s,50.000000,GBP/s,0.000000,Runtime,0.002621,UsedDTree,True,Bound:Memory
OSLOGTAP	[CostModelFeature],wrap_out1_conv,Op,ios18.conv,gFlopCnt,0.302,totalMB,1.375,kKBPerOC,4.5,mbKernel,1.125,mbInputTensors,0.125,mbOutputTensors,0.125,opsPerByte,219.6,inputTensorX,4,inputTensorY,64,outputTensorX,4,outputTensorY,64,outputChannelCount,256,inputChannelCount,256,kernelX,3,kernelY,3,dilationX,1,dilationY,1,workUnitEfficiency16,0.25,isL2Resident,0,is3DConv,0,GFLOP/s,754.492737,GBP/s,0.000000,Runtime,0.400256,UsedDTree,True,Bound:Compute
OSLOGTAP	[CostModelFeature],wrap_out1_relu,Op,ios18.relu,gFlopCnt,0.0001311,totalMB,0.25,kKBPerOC,0,mbKernel,0,mbInputTensors,0.125,mbOutputTensors,0.125,opsPerByte,0.5243,inputTensorX,4,inputTensorY,0,outputTensorX,4,outputTensorY,0,outputChannelCount,0,inputChannelCount,0,kernelX,0,kernelY,0,dilationX,0,dilationY,0,workUnitEfficiency16,0,isL2Resident,0,is3DConv,0,GFLOP/s,50.000000,GBP/s,0.000000,Runtime,0.002621,UsedDTree,True,Bound:Memory
OSLOGTAP	[CostModelFeature],wrap_out2_conv,Op,ios18.conv,gFlopCnt,0.302,totalMB,1.375,kKBPerOC,4.5,mbKernel,1.125,mbInputTensors,0.125,mbOutputTensors,0.125,opsPerByte,219.6,inputTensorX,4,inputTensorY,64,outputTensorX,4,outputTensorY,64,outputChannelCount,256,inputChannelCount,256,kernelX,3,kernelY,3,dilationX,1,dilationY,1,workUnitEfficiency16,0.25,isL2Resident,0,is3DConv,0,GFLOP/s,754.492737,GBP/s,0.000000,Runtime,0.400256,UsedDTree,True,Bound:Compute
OSLOGTAP	[CostModelFeature],wrap_out2_relu,Op,ios18.relu,gFlopCnt,0.0001311,totalMB,0.25,kKBPerOC,0,mbKernel,0,mbInputTensors,0.125,mbOutputTensors,0.125,opsPerByte,0.5243,inputTensorX,4,inputTensorY,0,outputTensorX,4,outputTensorY,0,outputChannelCount,0,inputChannelCount,0,kernelX,0,kernelY,0,dilationX,0,dilationY,0,workUnitEfficiency16,0,isL2Resident,0,is3DConv,0,GFLOP/s,50.000000,GBP/s,0.000000,Runtime,0.002621,UsedDTree,True,Bound:Memory
OSLOGTAP	[CostModelFeature],wrap_out3_conv,Op,ios18.conv,gFlopCnt,0.302,totalMB,1.375,kKBPerOC,4.5,mbKernel,1.125,mbInputTensors,0.125,mbOutputTensors,0.125,opsPerByte,219.6,inputTensorX,4,inputTensorY,64,outputTensorX,4,outputTensorY,64,outputChannelCount,256,inputChannelCount,256,kernelX,3,kernelY,3,dilationX,1,dilationY,1,workUnitEfficiency16,0.25,isL2Resident,0,is3DConv,0,GFLOP/s,754.492737,GBP/s,0.000000,Runtime,0.400256,UsedDTree,True,Bound:Compute
OSLOGTAP	[CostModelFeature],wrap_out3_relu,Op,ios18.relu,gFlopCnt,0.0001311,totalMB,0.25,kKBPerOC,0,mbKernel,0,mbInputTensors,0.125,mbOutputTensors,0.125,opsPerByte,0.5243,inputTensorX,4,inputTensorY,0,outputTensorX,4,outputTensorY,0,outputChannelCount,0,inputChannelCount,0,kernelX,0,kernelY,0,dilationX,0,dilationY,0,workUnitEfficiency16,0,isL2Resident,0,is3DConv,0,GFLOP/s,50.000000,GBP/s,0.000000,Runtime,0.002621,UsedDTree,True,Bound:Memory
OSLOGTAP	[CostModelFeature],wrap_in0_conv,Op,ios18.conv,gFlopCnt,4.832,totalMB,5.125,kKBPerOC,4.5,mbKernel,1.125,mbInputTensors,2,mbOutputTensors,2,opsPerByte,942.8,inputTensorX,64,inputTensorY,64,outputTensorX,64,outputTensorY,64,outputChannelCount,256,inputChannelCount,256,kernelX,3,kernelY,3,dilationX,1,dilationY,1,workUnitEfficiency16,1,isL2Resident,0,is3DConv,0,GFLOP/s,655.955994,GBP/s,0.000000,Runtime,7.366101,UsedDTree,True,Bound:Compute
OSLOGTAP	[CostModelFeature],wrap_in0_relu,Op,ios18.relu,gFlopCnt,0.002097,totalMB,4,kKBPerOC,0,mbKernel,0,mbInputTensors,2,mbOutputTensors,2,opsPerByte,0.5243,inputTensorX,64,inputTensorY,0,outputTensorX,64,outputTensorY,0,outputChannelCount,0,inputChannelCount,0,kernelX,0,kernelY,0,dilationX,0,dilationY,0,workUnitEfficiency16,0,isL2Resident,0,is3DConv,0,GFLOP/s,50.000000,GBP/s,0.000000,Runtime,0.041943,UsedDTree,True,Bound:Memory
OSLOGTAP	[CostModelFeature],wrap_in1_conv,Op,ios18.conv,gFlopCnt,4.832,totalMB,5.125,kKBPerOC,4.5,mbKernel,1.125,mbInputTensors,2,mbOutputTensors,2,opsPerByte,942.8,inputTensorX,64,inputTensorY,64,outputTensorX,64,outputTensorY,64,outputChannelCount,256,inputChannelCount,256,kernelX,3,kernelY,3,dilationX,1,dilationY,1,workUnitEfficiency16,1,isL2Resident,0,is3DConv,0,GFLOP/s,655.955994,GBP/s,0.000000,Runtime,7.366101,UsedDTree,True,Bound:Compute
OSLOGTAP	[CostModelFeature],wrap_in1_relu,Op,ios18.relu,gFlopCnt,0.002097,totalMB,4,kKBPerOC,0,mbKernel,0,mbInputTensors,2,mbOutputTensors,2,opsPerByte,0.5243,inputTensorX,64,inputTensorY,0,outputTensorX,64,outputTensorY,0,outputChannelCount,0,inputChannelCount,0,kernelX,0,kernelY,0,dilationX,0,dilationY,0,workUnitEfficiency16,0,isL2Resident,0,is3DConv,0,GFLOP/s,50.000000,GBP/s,0.000000,Runtime,0.041943,UsedDTree,True,Bound:Memory
OSLOGTAP	[CostModelFeature],wrap_in2_conv,Op,ios18.conv,gFlopCnt,4.832,totalMB,5.125,kKBPerOC,4.5,mbKernel,1.125,mbInputTensors,2,mbOutputTensors,2,opsPerByte,942.8,inputTensorX,64,inputTensorY,64,outputTensorX,64,outputTensorY,64,outputChannelCount,256,inputChannelCount,256,kernelX,3,kernelY,3,dilationX,1,dilationY,1,workUnitEfficiency16,1,isL2Resident,0,is3DConv,0,GFLOP/s,655.955994,GBP/s,0.000000,Runtime,7.366101,UsedDTree,True,Bound:Compute
OSLOGTAP	[CostModelFeature],wrap_in2_relu,Op,ios18.relu,gFlopCnt,0.002097,totalMB,4,kKBPerOC,0,mbKernel,0,mbInputTensors,2,mbOutputTensors,2,opsPerByte,0.5243,inputTensorX,64,inputTensorY,0,outputTensorX,64,outputTensorY,0,outputChannelCount,0,inputChannelCount,0,kernelX,0,kernelY,0,dilationX,0,dilationY,0,workUnitEfficiency16,0,isL2Resident,0,is3DConv,0,GFLOP/s,50.000000,GBP/s,0.000000,Runtime,0.041943,UsedDTree,True,Bound:Memory
OSLOGTAP	[CostModelFeature],wrap_in3_conv,Op,ios18.conv,gFlopCnt,4.832,totalMB,5.125,kKBPerOC,4.5,mbKernel,1.125,mbInputTensors,2,mbOutputTensors,2,opsPerByte,942.8,inputTensorX,64,inputTensorY,64,outputTensorX,64,outputTensorY,64,outputChannelCount,256,inputChannelCount,256,kernelX,3,kernelY,3,dilationX,1,dilationY,1,workUnitEfficiency16,1,isL2Resident,0,is3DConv,0,GFLOP/s,655.955994,GBP/s,0.000000,Runtime,7.366101,UsedDTree,True,Bound:Compute
OSLOGTAP	[CostModelFeature],wrap_in3_relu,Op,ios18.relu,gFlopCnt,0.002097,totalMB,4,kKBPerOC,0,mbKernel,0,mbInputTensors,2,mbOutputTensors,2,opsPerByte,0.5243,inputTensorX,64,inputTensorY,0,outputTensorX,64,outputTensorY,0,outputChannelCount,0,inputChannelCount,0,kernelX,0,kernelY,0,dilationX,0,dilationY,0,workUnitEfficiency16,0,isL2Resident,0,is3DConv,0,GFLOP/s,50.000000,GBP/s,0.000000,Runtime,0.041943,UsedDTree,True,Bound:Memory
OSLOGTAP	[CostModelFeature],slice_by_index_0,Op,ios18.slice_by_index,gFlopCnt,0.002097,totalMB,2.125,kKBPerOC,0,mbKernel,0,mbInputTensors,2,mbOutputTensors,0.125,opsPerByte,0.9869,inputTensorX,64,inputTensorY,0,outputTensorX,4,outputTensorY,0,outputChannelCount,0,inputChannelCount,0,kernelX,0,kernelY,0,dilationX,0,dilationY,0,workUnitEfficiency16,0,isL2Resident,0,is3DConv,0,GFLOP/s,656.000000,GBP/s,56.666664,Runtime,0.036622,UsedDTree,False,Bound:Memory
OSLOGTAP	[CostModelFeature],wrap_out0_conv,Op,ios18.conv,gFlopCnt,0.302,totalMB,1.375,kKBPerOC,4.5,mbKernel,1.125,mbInputTensors,0.125,mbOutputTensors,0.125,opsPerByte,219.6,inputTensorX,4,inputTensorY,64,outputTensorX,4,outputTensorY,64,outputChannelCount,256,inputChannelCount,256,kernelX,3,kernelY,3,dilationX,1,dilationY,1,workUnitEfficiency16,0.25,isL2Resident,0,is3DConv,0,GFLOP/s,655.955994,GBP/s,0.000000,Runtime,0.460381,UsedDTree,True,Bound:Compute
OSLOGTAP	[CostModelFeature],wrap_out0_relu,Op,ios18.relu,gFlopCnt,0.0001311,totalMB,0.25,kKBPerOC,0,mbKernel,0,mbInputTensors,0.125,mbOutputTensors,0.125,opsPerByte,0.5243,inputTensorX,4,inputTensorY,0,outputTensorX,4,outputTensorY,0,outputChannelCount,0,inputChannelCount,0,kernelX,0,kernelY,0,dilationX,0,dilationY,0,workUnitEfficiency16,0,isL2Resident,0,is3DConv,0,GFLOP/s,50.000000,GBP/s,0.000000,Runtime,0.002621,UsedDTree,True,Bound:Memory
OSLOGTAP	[CostModelFeature],wrap_out1_conv,Op,ios18.conv,gFlopCnt,0.302,totalMB,1.375,kKBPerOC,4.5,mbKernel,1.125,mbInputTensors,0.125,mbOutputTensors,0.125,opsPerByte,219.6,inputTensorX,4,inputTensorY,64,outputTensorX,4,outputTensorY,64,outputChannelCount,256,inputChannelCount,256,kernelX,3,kernelY,3,dilationX,1,dilationY,1,workUnitEfficiency16,0.25,isL2Resident,0,is3DConv,0,GFLOP/s,655.955994,GBP/s,0.000000,Runtime,0.460381,UsedDTree,True,Bound:Compute
OSLOGTAP	[CostModelFeature],wrap_out1_relu,Op,ios18.relu,gFlopCnt,0.0001311,totalMB,0.25,kKBPerOC,0,mbKernel,0,mbInputTensors,0.125,mbOutputTensors,0.125,opsPerByte,0.5243,inputTensorX,4,inputTensorY,0,outputTensorX,4,outputTensorY,0,outputChannelCount,0,inputChannelCount,0,kernelX,0,kernelY,0,dilationX,0,dilationY,0,workUnitEfficiency16,0,isL2Resident,0,is3DConv,0,GFLOP/s,50.000000,GBP/s,0.000000,Runtime,0.002621,UsedDTree,True,Bound:Memory
OSLOGTAP	[CostModelFeature],wrap_out2_conv,Op,ios18.conv,gFlopCnt,0.302,totalMB,1.375,kKBPerOC,4.5,mbKernel,1.125,mbInputTensors,0.125,mbOutputTensors,0.125,opsPerByte,219.6,inputTensorX,4,inputTensorY,64,outputTensorX,4,outputTensorY,64,outputChannelCount,256,inputChannelCount,256,kernelX,3,kernelY,3,dilationX,1,dilationY,1,workUnitEfficiency16,0.25,isL2Resident,0,is3DConv,0,GFLOP/s,655.955994,GBP/s,0.000000,Runtime,0.460381,UsedDTree,True,Bound:Compute
OSLOGTAP	[CostModelFeature],wrap_out2_relu,Op,ios18.relu,gFlopCnt,0.0001311,totalMB,0.25,kKBPerOC,0,mbKernel,0,mbInputTensors,0.125,mbOutputTensors,0.125,opsPerByte,0.5243,inputTensorX,4,inputTensorY,0,outputTensorX,4,outputTensorY,0,outputChannelCount,0,inputChannelCount,0,kernelX,0,kernelY,0,dilationX,0,dilationY,0,workUnitEfficiency16,0,isL2Resident,0,is3DConv,0,GFLOP/s,50.000000,GBP/s,0.000000,Runtime,0.002621,UsedDTree,True,Bound:Memory
OSLOGTAP	[CostModelFeature],wrap_out3_conv,Op,ios18.conv,gFlopCnt,0.302,totalMB,1.375,kKBPerOC,4.5,mbKernel,1.125,mbInputTensors,0.125,mbOutputTensors,0.125,opsPerByte,219.6,inputTensorX,4,inputTensorY,64,outputTensorX,4,outputTensorY,64,outputChannelCount,256,inputChannelCount,256,kernelX,3,kernelY,3,dilationX,1,dilationY,1,workUnitEfficiency16,0.25,isL2Resident,0,is3DConv,0,GFLOP/s,655.955994,GBP/s,0.000000,Runtime,0.460381,UsedDTree,True,Bound:Compute
OSLOGTAP	[CostModelFeature],wrap_out3_relu,Op,ios18.relu,gFlopCnt,0.0001311,totalMB,0.25,kKBPerOC,0,mbKernel,0,mbInputTensors,0.125,mbOutputTensors,0.125,opsPerByte,0.5243,inputTensorX,4,inputTensorY,0,outputTensorX,4,outputTensorY,0,outputChannelCount,0,inputChannelCount,0,kernelX,0,kernelY,0,dilationX,0,dilationY,0,workUnitEfficiency16,0,isL2Resident,0,is3DConv,0,GFLOP/s,50.000000,GBP/s,0.000000,Runtime,0.002621,UsedDTree,True,Bound:Memory
OSLOGTAP	[CostModelFeature],wrap_in0_conv,Op,ios18.conv,gFlopCnt,4.832,totalMB,5.125,kKBPerOC,4.5,mbKernel,1.125,mbInputTensors,2,mbOutputTensors,2,opsPerByte,942.8,inputTensorX,64,inputTensorY,64,outputTensorX,64,outputTensorY,64,outputChannelCount,256,inputChannelCount,256,kernelX,3,kernelY,3,dilationX,1,dilationY,1,workUnitEfficiency16,1,isL2Resident,0,is3DConv,0,GFLOP/s,16151.676758,GBP/s,0.000000,Runtime,0.299154,UsedDTree,True,Bound:Compute
OSLOGTAP	[CostModelFeature],wrap_in0_relu,Op,ios18.relu,gFlopCnt,0.002097,totalMB,4,kKBPerOC,0,mbKernel,0,mbInputTensors,2,mbOutputTensors,2,opsPerByte,0.5243,inputTensorX,64,inputTensorY,0,outputTensorX,64,outputTensorY,0,outputChannelCount,0,inputChannelCount,0,kernelX,0,kernelY,0,dilationX,0,dilationY,0,workUnitEfficiency16,0,isL2Resident,0,is3DConv,0,GFLOP/s,50.000000,GBP/s,0.000000,Runtime,0.041943,UsedDTree,True,Bound:Memory
OSLOGTAP	[CostModelFeature],wrap_in1_conv,Op,ios18.conv,gFlopCnt,4.832,totalMB,5.125,kKBPerOC,4.5,mbKernel,1.125,mbInputTensors,2,mbOutputTensors,2,opsPerByte,942.8,inputTensorX,64,inputTensorY,64,outputTensorX,64,outputTensorY,64,outputChannelCount,256,inputChannelCount,256,kernelX,3,kernelY,3,dilationX,1,dilationY,1,workUnitEfficiency16,1,isL2Resident,0,is3DConv,0,GFLOP/s,16151.676758,GBP/s,0.000000,Runtime,0.299154,UsedDTree,True,Bound:Compute
OSLOGTAP	[CostModelFeature],wrap_in1_relu,Op,ios18.relu,gFlopCnt,0.002097,totalMB,4,kKBPerOC,0,mbKernel,0,mbInputTensors,2,mbOutputTensors,2,opsPerByte,0.5243,inputTensorX,64,inputTensorY,0,outputTensorX,64,outputTensorY,0,outputChannelCount,0,inputChannelCount,0,kernelX,0,kernelY,0,dilationX,0,dilationY,0,workUnitEfficiency16,0,isL2Resident,0,is3DConv,0,GFLOP/s,50.000000,GBP/s,0.000000,Runtime,0.041943,UsedDTree,True,Bound:Memory
OSLOGTAP	[CostModelFeature],wrap_in2_conv,Op,ios18.conv,gFlopCnt,4.832,totalMB,5.125,kKBPerOC,4.5,mbKernel,1.125,mbInputTensors,2,mbOutputTensors,2,opsPerByte,942.8,inputTensorX,64,inputTensorY,64,outputTensorX,64,outputTensorY,64,outputChannelCount,256,inputChannelCount,256,kernelX,3,kernelY,3,dilationX,1,dilationY,1,workUnitEfficiency16,1,isL2Resident,0,is3DConv,0,GFLOP/s,16151.676758,GBP/s,0.000000,Runtime,0.299154,UsedDTree,True,Bound:Compute
OSLOGTAP	[CostModelFeature],wrap_in2_relu,Op,ios18.relu,gFlopCnt,0.002097,totalMB,4,kKBPerOC,0,mbKernel,0,mbInputTensors,2,mbOutputTensors,2,opsPerByte,0.5243,inputTensorX,64,inputTensorY,0,outputTensorX,64,outputTensorY,0,outputChannelCount,0,inputChannelCount,0,kernelX,0,kernelY,0,dilationX,0,dilationY,0,workUnitEfficiency16,0,isL2Resident,0,is3DConv,0,GFLOP/s,50.000000,GBP/s,0.000000,Runtime,0.041943,UsedDTree,True,Bound:Memory
OSLOGTAP	[CostModelFeature],wrap_in3_conv,Op,ios18.conv,gFlopCnt,4.832,totalMB,5.125,kKBPerOC,4.5,mbKernel,1.125,mbInputTensors,2,mbOutputTensors,2,opsPerByte,942.8,inputTensorX,64,inputTensorY,64,outputTensorX,64,outputTensorY,64,outputChannelCount,256,inputChannelCount,256,kernelX,3,kernelY,3,dilationX,1,dilationY,1,workUnitEfficiency16,1,isL2Resident,0,is3DConv,0,GFLOP/s,16151.676758,GBP/s,0.000000,Runtime,0.299154,UsedDTree,True,Bound:Compute
OSLOGTAP	[CostModelFeature],wrap_in3_relu,Op,ios18.relu,gFlopCnt,0.002097,totalMB,4,kKBPerOC,0,mbKernel,0,mbInputTensors,2,mbOutputTensors,2,opsPerByte,0.5243,inputTensorX,64,inputTensorY,0,outputTensorX,64,outputTensorY,0,outputChannelCount,0,inputChannelCount,0,kernelX,0,kernelY,0,dilationX,0,dilationY,0,workUnitEfficiency16,0,isL2Resident,0,is3DConv,0,GFLOP/s,50.000000,GBP/s,0.000000,Runtime,0.041943,UsedDTree,True,Bound:Memory
OSLOGTAP	[CostModelFeature],slice_by_index_0,Op,ios18.slice_by_index,gFlopCnt,0.002097,totalMB,2.125,kKBPerOC,0,mbKernel,0,mbInputTensors,2,mbOutputTensors,0.125,opsPerByte,0.9869,inputTensorX,64,inputTensorY,0,outputTensorX,4,outputTensorY,0,outputChannelCount,0,inputChannelCount,0,kernelX,0,kernelY,0,dilationX,0,dilationY,0,workUnitEfficiency16,0,isL2Resident,0,is3DConv,0,GFLOP/s,19400.000000,GBP/s,68.000000,Runtime,0.030518,UsedDTree,False,Bound:Memory
OSLOGTAP	[CostModelFeature],wrap_out0_conv,Op,ios18.conv,gFlopCnt,0.302,totalMB,1.375,kKBPerOC,4.5,mbKernel,1.125,mbInputTensors,0.125,mbOutputTensors,0.125,opsPerByte,219.6,inputTensorX,4,inputTensorY,64,outputTensorX,4,outputTensorY,64,outputChannelCount,256,inputChannelCount,256,kernelX,3,kernelY,3,dilationX,1,dilationY,1,workUnitEfficiency16,0.25,isL2Resident,0,is3DConv,0,GFLOP/s,16151.676758,GBP/s,0.000000,Runtime,0.018697,UsedDTree,True,Bound:Memory
OSLOGTAP	[CostModelFeature],wrap_out0_relu,Op,ios18.relu,gFlopCnt,0.0001311,totalMB,0.25,kKBPerOC,0,mbKernel,0,mbInputTensors,0.125,mbOutputTensors,0.125,opsPerByte,0.5243,inputTensorX,4,inputTensorY,0,outputTensorX,4,outputTensorY,0,outputChannelCount,0,inputChannelCount,0,kernelX,0,kernelY,0,dilationX,0,dilationY,0,workUnitEfficiency16,0,isL2Resident,0,is3DConv,0,GFLOP/s,50.000000,GBP/s,0.000000,Runtime,0.002621,UsedDTree,True,Bound:Memory
OSLOGTAP	[CostModelFeature],wrap_out1_conv,Op,ios18.conv,gFlopCnt,0.302,totalMB,1.375,kKBPerOC,4.5,mbKernel,1.125,mbInputTensors,0.125,mbOutputTensors,0.125,opsPerByte,219.6,inputTensorX,4,inputTensorY,64,outputTensorX,4,outputTensorY,64,outputChannelCount,256,inputChannelCount,256,kernelX,3,kernelY,3,dilationX,1,dilationY,1,workUnitEfficiency16,0.25,isL2Resident,0,is3DConv,0,GFLOP/s,16151.676758,GBP/s,0.000000,Runtime,0.018697,UsedDTree,True,Bound:Memory
OSLOGTAP	[CostModelFeature],wrap_out1_relu,Op,ios18.relu,gFlopCnt,0.0001311,totalMB,0.25,kKBPerOC,0,mbKernel,0,mbInputTensors,0.125,mbOutputTensors,0.125,opsPerByte,0.5243,inputTensorX,4,inputTensorY,0,outputTensorX,4,outputTensorY,0,outputChannelCount,0,inputChannelCount,0,kernelX,0,kernelY,0,dilationX,0,dilationY,0,workUnitEfficiency16,0,isL2Resident,0,is3DConv,0,GFLOP/s,50.000000,GBP/s,0.000000,Runtime,0.002621,UsedDTree,True,Bound:Memory
OSLOGTAP	[CostModelFeature],wrap_out2_conv,Op,ios18.conv,gFlopCnt,0.302,totalMB,1.375,kKBPerOC,4.5,mbKernel,1.125,mbInputTensors,0.125,mbOutputTensors,0.125,opsPerByte,219.6,inputTensorX,4,inputTensorY,64,outputTensorX,4,outputTensorY,64,outputChannelCount,256,inputChannelCount,256,kernelX,3,kernelY,3,dilationX,1,dilationY,1,workUnitEfficiency16,0.25,isL2Resident,0,is3DConv,0,GFLOP/s,16151.676758,GBP/s,0.000000,Runtime,0.018697,UsedDTree,True,Bound:Memory
OSLOGTAP	[CostModelFeature],wrap_out2_relu,Op,ios18.relu,gFlopCnt,0.0001311,totalMB,0.25,kKBPerOC,0,mbKernel,0,mbInputTensors,0.125,mbOutputTensors,0.125,opsPerByte,0.5243,inputTensorX,4,inputTensorY,0,outputTensorX,4,outputTensorY,0,outputChannelCount,0,inputChannelCount,0,kernelX,0,kernelY,0,dilationX,0,dilationY,0,workUnitEfficiency16,0,isL2Resident,0,is3DConv,0,GFLOP/s,50.000000,GBP/s,0.000000,Runtime,0.002621,UsedDTree,True,Bound:Memory
OSLOGTAP	[CostModelFeature],wrap_out3_conv,Op,ios18.conv,gFlopCnt,0.302,totalMB,1.375,kKBPerOC,4.5,mbKernel,1.125,mbInputTensors,0.125,mbOutputTensors,0.125,opsPerByte,219.6,inputTensorX,4,inputTensorY,64,outputTensorX,4,outputTensorY,64,outputChannelCount,256,inputChannelCount,256,kernelX,3,kernelY,3,dilationX,1,dilationY,1,workUnitEfficiency16,0.25,isL2Resident,0,is3DConv,0,GFLOP/s,16151.676758,GBP/s,0.000000,Runtime,0.018697,UsedDTree,True,Bound:Memory
OSLOGTAP	[CostModelFeature],wrap_out3_relu,Op,ios18.relu,gFlopCnt,0.0001311,totalMB,0.25,kKBPerOC,0,mbKernel,0,mbInputTensors,0.125,mbOutputTensors,0.125,opsPerByte,0.5243,inputTensorX,4,inputTensorY,0,outputTensorX,4,outputTensorY,0,outputChannelCount,0,inputChannelCount,0,kernelX,0,kernelY,0,dilationX,0,dilationY,0,workUnitEfficiency16,0,isL2Resident,0,is3DConv,0,GFLOP/s,50.000000,GBP/s,0.000000,Runtime,0.002621,UsedDTree,True,Bound:Memory
