OSLOGTAP	[CostModelFeature],add_0,Op,ios18.add,gFlopCnt,0.0001312,totalMB,0.2501,kKBPerOC,0,mbKernel,0,mbInputTensors,0.1251,mbOutputTensors,0.125,opsPerByte,0.5245,inputTensorX,32,inputTensorY,0,outputTensorX,32,outputTensorY,0,outputChannelCount,0,inputChannelCount,0,kernelX,0,kernelY,0,dilationX,0,dilationY,0,workUnitEfficiency16,0,isL2Resident,0,is3DConv,0,GFLOP/s,21.122192,GBP/s,0.000000,Runtime,0.006211,UsedDTree,True,Bound:Memory
OSLOGTAP	[CostModelFeature],add_0,Op,ios18.add,gFlopCnt,0.0001312,totalMB,0.2501,kKBPerOC,0,mbKernel,0,mbInputTensors,0.1251,mbOutputTensors,0.125,opsPerByte,0.5245,inputTensorX,32,inputTensorY,0,outputTensorX,32,outputTensorY,0,outputChannelCount,0,inputChannelCount,0,kernelX,0,kernelY,0,dilationX,0,dilationY,0,workUnitEfficiency16,0,isL2Resident,0,is3DConv,0,GFLOP/s,18.363636,GBP/s,0.000000,Runtime,0.007145,UsedDTree,True,Bound:Memory
OSLOGTAP	[CostModelFeature],add_0,Op,ios18.add,gFlopCnt,0.0001312,totalMB,0.2501,kKBPerOC,0,mbKernel,0,mbInputTensors,0.1251,mbOutputTensors,0.125,opsPerByte,0.5245,inputTensorX,32,inputTensorY,0,outputTensorX,32,outputTensorY,0,outputChannelCount,0,inputChannelCount,0,kernelX,0,kernelY,0,dilationX,0,dilationY,0,workUnitEfficiency16,0,isL2Resident,0,is3DConv,0,GFLOP/s,35.980530,GBP/s,0.000000,Runtime,0.003646,UsedDTree,True,Bound:Memory
