OSLOGTAP	[CostModelFeature],non_zero_0,Op,non_zero,gFlopCnt,5.12e-07,totalMB,0.0004959,kKBPerOC,0,mbKernel,0,mbInputTensors,0.0004883,mbOutputTensors,7.629e-06,opsPerByte,1.032,inputTensorX,256,inputTensorY,0,outputTensorX,2,outputTensorY,0,outputChannelCount,0,inputChannelCount,0,kernelX,0,kernelY,0,dilationX,0,dilationY,0,workUnitEfficiency16,0,isL2Resident,0,is3DConv,0,GFLOP/s,754.543335,GBP/s,56.666664,Runtime,0.000009,UsedDTree,False,Bound:Memory
OSLOGTAP	[CostModelFeature],cast_0,Op,ios18.cast,gFlopCnt,4e-09,totalMB,1.144e-05,kKBPerOC,0,mbKernel,0,mbInputTensors,7.629e-06,mbOutputTensors,3.815e-06,opsPerByte,0.3495,inputTensorX,2,inputTensorY,0,outputTensorX,2,outputTensorY,0,outputChannelCount,0,inputChannelCount,0,kernelX,0,kernelY,0,dilationX,0,dilationY,0,workUnitEfficiency16,0,isL2Resident,0,is3DConv,0,GFLOP/s,754.543335,GBP/s,56.666664,Runtime,0.000000,UsedDTree,False,Bound:Memory
OSLOGTAP	[CostModelFeature],non_zero_0,Op,non_zero,gFlopCnt,5.12e-07,totalMB,0.0004959,kKBPerOC,0,mbKernel,0,mbInputTensors,0.0004883,mbOutputTensors,7.629e-06,opsPerByte,1.032,inputTensorX,256,inputTensorY,0,outputTensorX,2,outputTensorY,0,outputChannelCount,0,inputChannelCount,0,kernelX,0,kernelY,0,dilationX,0,dilationY,0,workUnitEfficiency16,0,isL2Resident,0,is3DConv,0,GFLOP/s,656.000000,GBP/s,56.666664,Runtime,0.000009,UsedDTree,False,Bound:Memory
OSLOGTAP	[CostModelFeature],cast_0,Op,ios18.cast,gFlopCnt,4e-09,totalMB,1.144e-05,kKBPerOC,0,mbKernel,0,mbInputTensors,7.629e-06,mbOutputTensors,3.815e-06,opsPerByte,0.3495,inputTensorX,2,inputTensorY,0,outputTensorX,2,outputTensorY,0,outputChannelCount,0,inputChannelCount,0,kernelX,0,kernelY,0,dilationX,0,dilationY,0,workUnitEfficiency16,0,isL2Resident,0,is3DConv,0,GFLOP/s,656.000000,GBP/s,56.666664,Runtime,0.000000,UsedDTree,False,Bound:Memory
