OSLOGTAP	[CostModelFeature],concat_0,Op,ios18.concat,gFlopCnt,0.0001311,totalMB,0.5,kKBPerOC,0,mbKernel,0,mbInputTensors,0.25,mbOutputTensors,0.25,opsPerByte,0.2621,inputTensorX,32,inputTensorY,0,outputTensorX,64,outputTensorY,0,outputChannelCount,64,inputChannelCount,0,kernelX,0,kernelY,0,dilationX,0,dilationY,0,workUnitEfficiency16,1,isL2Resident,0,is3DConv,0,GFLOP/s,5.751092,GBP/s,0.000000,Runtime,0.022791,UsedDTree,True,Bound:Memory
OSLOGTAP	[CostModelFeature],concat_0,Op,ios18.concat,gFlopCnt,0.0001311,totalMB,0.5,kKBPerOC,0,mbKernel,0,mbInputTensors,0.25,mbOutputTensors,0.25,opsPerByte,0.2621,inputTensorX,32,inputTensorY,0,outputTensorX,64,outputTensorY,0,outputChannelCount,64,inputChannelCount,0,kernelX,0,kernelY,0,dilationX,0,dilationY,0,workUnitEfficiency16,1,isL2Resident,0,is3DConv,0,GFLOP/s,5.000000,GBP/s,0.000000,Runtime,0.026214,UsedDTree,True,Bound:Memory
OSLOGTAP	[CostModelFeature],concat_0,Op,ios18.concat,gFlopCnt,0.0001311,totalMB,0.5,kKBPerOC,0,mbKernel,0,mbInputTensors,0.25,mbOutputTensors,0.25,opsPerByte,0.2621,inputTensorX,32,inputTensorY,0,outputTensorX,64,outputTensorY,0,outputChannelCount,64,inputChannelCount,0,kernelX,0,kernelY,0,dilationX,0,dilationY,0,workUnitEfficiency16,1,isL2Resident,0,is3DConv,0,GFLOP/s,50.000000,GBP/s,0.000000,Runtime,0.002621,UsedDTree,True,Bound:Memory
