OSLOGTAP	[CostModelFeature],avg_pool_0,Op,ios18.avg_pool,gFlopCnt,6.554e-05,totalMB,0.1563,kKBPerOC,0,mbKernel,1.526e-05,mbInputTensors,0.125,mbOutputTensors,0.03125,opsPerByte,0.4194,inputTensorX,32,inputTensorY,0,outputTensorX,16,outputTensorY,0,outputChannelCount,0,inputChannelCount,0,kernelX,0,kernelY,0,dilationX,0,dilationY,0,workUnitEfficiency16,1,isL2Resident,0,is3DConv,0,GFLOP/s,754.543335,GBP/s,56.666664,Runtime,0.002693,UsedDTree,False,Bound:Memory
OSLOGTAP	[CostModelFeature],avg_pool_0,Op,ios18.avg_pool,gFlopCnt,6.554e-05,totalMB,0.1563,kKBPerOC,0,mbKernel,1.526e-05,mbInputTensors,0.125,mbOutputTensors,0.03125,opsPerByte,0.4194,inputTensorX,32,inputTensorY,0,outputTensorX,16,outputTensorY,0,outputChannelCount,0,inputChannelCount,0,kernelX,0,kernelY,0,dilationX,0,dilationY,0,workUnitEfficiency16,1,isL2Resident,0,is3DConv,0,GFLOP/s,656.000000,GBP/s,56.666664,Runtime,0.002693,UsedDTree,False,Bound:Memory
OSLOGTAP	[CostModelFeature],avg_pool_0,Op,ios18.avg_pool,gFlopCnt,6.554e-05,totalMB,0.1563,kKBPerOC,0,mbKernel,1.526e-05,mbInputTensors,0.125,mbOutputTensors,0.03125,opsPerByte,0.4194,inputTensorX,32,inputTensorY,0,outputTensorX,16,outputTensorY,0,outputChannelCount,0,inputChannelCount,0,kernelX,0,kernelY,0,dilationX,0,dilationY,0,workUnitEfficiency16,1,isL2Resident,0,is3DConv,0,GFLOP/s,19400.000000,GBP/s,68.000000,Runtime,0.002244,UsedDTree,False,Bound:Memory
