OSLOGTAP	[CostModelFeature],conv_0,Op,ios18.conv,gFlopCnt,1.418,totalMB,1.57,kKBPerOC,21.12,mbKernel,1.32,mbInputTensors,0.125,mbOutputTensors,0.125,opsPerByte,902.8,inputTensorX,32,inputTensorY,32,outputTensorX,32,outputTensorY,32,outputChannelCount,64,inputChannelCount,64,kernelX,13,kernelY,13,dilationX,1,dilationY,1,workUnitEfficiency16,1,isL2Resident,0,is3DConv,0,GFLOP/s,754.492737,GBP/s,0.000000,Runtime,1.878977,UsedDTree,True,Bound:Compute
OSLOGTAP	[CostModelFeature],conv_0,Op,ios18.conv,gFlopCnt,1.418,totalMB,1.57,kKBPerOC,21.12,mbKernel,1.32,mbInputTensors,0.125,mbOutputTensors,0.125,opsPerByte,902.8,inputTensorX,32,inputTensorY,32,outputTensorX,32,outputTensorY,32,outputChannelCount,64,inputChannelCount,64,kernelX,13,kernelY,13,dilationX,1,dilationY,1,workUnitEfficiency16,1,isL2Resident,0,is3DConv,0,GFLOP/s,655.955994,GBP/s,0.000000,Runtime,2.161235,UsedDTree,True,Bound:Compute
OSLOGTAP	[CostModelFeature],conv_0,Op,ios18.conv,gFlopCnt,1.418,totalMB,1.57,kKBPerOC,21.12,mbKernel,1.32,mbInputTensors,0.125,mbOutputTensors,0.125,opsPerByte,902.8,inputTensorX,32,inputTensorY,32,outputTensorX,32,outputTensorY,32,outputChannelCount,64,inputChannelCount,64,kernelX,13,kernelY,13,dilationX,1,dilationY,1,workUnitEfficiency16,1,isL2Resident,0,is3DConv,0,GFLOP/s,16151.676758,GBP/s,0.000000,Runtime,0.087773,UsedDTree,True,Bound:Compute
