OSLOGTAP	[CostModelFeature],linear_0,Op,ios18.linear,gFlopCnt,0.01678,totalMB,0.4375,kKBPerOC,0.5,mbKernel,0.25,mbInputTensors,0.0625,mbOutputTensors,0.125,opsPerByte,38.35,inputTensorX,256,inputTensorY,128,outputTensorX,512,outputTensorY,128,outputChannelCount,512,inputChannelCount,256,kernelX,256,kernelY,512,dilationX,0,dilationY,0,workUnitEfficiency16,1,isL2Resident,0,is3DConv,0,GFLOP/s,167.758301,GBP/s,0.000000,Runtime,0.100011,UsedDTree,True,Bound:Compute
OSLOGTAP	[CostModelFeature],linear_0,Op,ios18.linear,gFlopCnt,0.01678,totalMB,0.4375,kKBPerOC,0.5,mbKernel,0.25,mbInputTensors,0.0625,mbOutputTensors,0.125,opsPerByte,38.35,inputTensorX,256,inputTensorY,128,outputTensorX,512,outputTensorY,128,outputChannelCount,512,inputChannelCount,256,kernelX,256,kernelY,512,dilationX,0,dilationY,0,workUnitEfficiency16,1,isL2Resident,0,is3DConv,0,GFLOP/s,145.849075,GBP/s,0.000000,Runtime,0.115035,UsedDTree,True,Bound:Compute
OSLOGTAP	[CostModelFeature],linear_0,Op,ios18.linear,gFlopCnt,0.01678,totalMB,0.4375,kKBPerOC,0.5,mbKernel,0.25,mbInputTensors,0.0625,mbOutputTensors,0.125,opsPerByte,38.35,inputTensorX,256,inputTensorY,128,outputTensorX,512,outputTensorY,128,outputChannelCount,512,inputChannelCount,256,kernelX,256,kernelY,512,dilationX,0,dilationY,0,workUnitEfficiency16,1,isL2Resident,0,is3DConv,0,GFLOP/s,5290.789551,GBP/s,0.000000,Runtime,0.003171,UsedDTree,True,Bound:Memory
