OSLOGTAP	[CostModelFeature],x0_to_int16,Op,ios18.cast,gFlopCnt,1.28e-07,totalMB,0.0003662,kKBPerOC,0,mbKernel,0,mbInputTensors,0.0002441,mbOutputTensors,0.0001221,opsPerByte,0.3495,inputTensorX,64,inputTensorY,0,outputTensorX,64,outputTensorY,0,outputChannelCount,0,inputChannelCount,0,kernelX,0,kernelY,0,dilationX,0,dilationY,0,workUnitEfficiency16,0,isL2Resident,0,is3DConv,0,GFLOP/s,754.543335,GBP/s,56.666664,Runtime,0.000006,UsedDTree,False,Bound:Memory
OSLOGTAP	[CostModelFeature],cast_0,Op,ios18.cast,gFlopCnt,1.28e-07,totalMB,0.0003662,kKBPerOC,0,mbKernel,0,mbInputTensors,0.0001221,mbOutputTensors,0.0002441,opsPerByte,0.3495,inputTensorX,64,inputTensorY,0,outputTensorX,64,outputTensorY,0,outputChannelCount,0,inputChannelCount,0,kernelX,0,kernelY,0,dilationX,0,dilationY,0,workUnitEfficiency16,0,isL2Resident,0,is3DConv,0,GFLOP/s,754.543335,GBP/s,56.666664,Runtime,0.000006,UsedDTree,False,Bound:Memory
OSLOGTAP	[CostModelFeature],greater_equal_0,Op,ios18.greater_equal,gFlopCnt,1.3e-07,totalMB,0.000309,kKBPerOC,0,mbKernel,0,mbInputTensors,0.000248,mbOutputTensors,6.104e-05,opsPerByte,0.4207,inputTensorX,64,inputTensorY,0,outputTensorX,64,outputTensorY,0,outputChannelCount,0,inputChannelCount,0,kernelX,0,kernelY,0,dilationX,0,dilationY,0,workUnitEfficiency16,0,isL2Resident,0,is3DConv,0,GFLOP/s,754.543335,GBP/s,56.666664,Runtime,0.000005,UsedDTree,False,Bound:Memory
OSLOGTAP	[CostModelFeature],add_0,Op,ios18.add,gFlopCnt,1.3e-07,totalMB,0.0004921,kKBPerOC,0,mbKernel,0,mbInputTensors,0.000248,mbOutputTensors,0.0002441,opsPerByte,0.2642,inputTensorX,64,inputTensorY,0,outputTensorX,64,outputTensorY,0,outputChannelCount,0,inputChannelCount,0,kernelX,0,kernelY,0,dilationX,0,dilationY,0,workUnitEfficiency16,0,isL2Resident,0,is3DConv,0,GFLOP/s,21.122192,GBP/s,0.000000,Runtime,0.000006,UsedDTree,True,Bound:Memory
OSLOGTAP	[CostModelFeature],select_0,Op,select,gFlopCnt,3.84e-07,totalMB,0.0007935,kKBPerOC,0,mbKernel,0,mbInputTensors,0.0005493,mbOutputTensors,0.0002441,opsPerByte,0.484,inputTensorX,0,inputTensorY,0,outputTensorX,64,outputTensorY,0,outputChannelCount,0,inputChannelCount,0,kernelX,0,kernelY,0,dilationX,0,dilationY,0,workUnitEfficiency16,0,isL2Resident,0,is3DConv,0,GFLOP/s,754.543335,GBP/s,56.666664,Runtime,0.000014,UsedDTree,False,Bound:Memory
OSLOGTAP	[CostModelFeature],select_0_to_int16,Op,ios18.cast,gFlopCnt,1.28e-07,totalMB,0.0003662,kKBPerOC,0,mbKernel,0,mbInputTensors,0.0002441,mbOutputTensors,0.0001221,opsPerByte,0.3495,inputTensorX,64,inputTensorY,0,outputTensorX,64,outputTensorY,0,outputChannelCount,0,inputChannelCount,0,kernelX,0,kernelY,0,dilationX,0,dilationY,0,workUnitEfficiency16,0,isL2Resident,0,is3DConv,0,GFLOP/s,754.543335,GBP/s,56.666664,Runtime,0.000006,UsedDTree,False,Bound:Memory
OSLOGTAP	[CostModelFeature],gather_0,Op,ios18.gather,gFlopCnt,0.01638,totalMB,15.66,kKBPerOC,0,mbKernel,0,mbInputTensors,15.63,mbOutputTensors,0.03125,opsPerByte,1.046,inputTensorX,256,inputTensorY,0,outputTensorX,256,outputTensorY,0,outputChannelCount,0,inputChannelCount,0,kernelX,0,kernelY,0,dilationX,0,dilationY,0,workUnitEfficiency16,0,isL2Resident,0,is3DConv,0,GFLOP/s,23.004370,GBP/s,0.000000,Runtime,0.712218,UsedDTree,True,Bound:Memory
OSLOGTAP	[CostModelFeature],x0_to_int16,Op,ios18.cast,gFlopCnt,1.28e-07,totalMB,0.0003662,kKBPerOC,0,mbKernel,0,mbInputTensors,0.0002441,mbOutputTensors,0.0001221,opsPerByte,0.3495,inputTensorX,64,inputTensorY,0,outputTensorX,64,outputTensorY,0,outputChannelCount,0,inputChannelCount,0,kernelX,0,kernelY,0,dilationX,0,dilationY,0,workUnitEfficiency16,0,isL2Resident,0,is3DConv,0,GFLOP/s,656.000000,GBP/s,56.666664,Runtime,0.000006,UsedDTree,False,Bound:Memory
OSLOGTAP	[CostModelFeature],cast_0,Op,ios18.cast,gFlopCnt,1.28e-07,totalMB,0.0003662,kKBPerOC,0,mbKernel,0,mbInputTensors,0.0001221,mbOutputTensors,0.0002441,opsPerByte,0.3495,inputTensorX,64,inputTensorY,0,outputTensorX,64,outputTensorY,0,outputChannelCount,0,inputChannelCount,0,kernelX,0,kernelY,0,dilationX,0,dilationY,0,workUnitEfficiency16,0,isL2Resident,0,is3DConv,0,GFLOP/s,656.000000,GBP/s,56.666664,Runtime,0.000006,UsedDTree,False,Bound:Memory
OSLOGTAP	[CostModelFeature],greater_equal_0,Op,ios18.greater_equal,gFlopCnt,1.3e-07,totalMB,0.000309,kKBPerOC,0,mbKernel,0,mbInputTensors,0.000248,mbOutputTensors,6.104e-05,opsPerByte,0.4207,inputTensorX,64,inputTensorY,0,outputTensorX,64,outputTensorY,0,outputChannelCount,0,inputChannelCount,0,kernelX,0,kernelY,0,dilationX,0,dilationY,0,workUnitEfficiency16,0,isL2Resident,0,is3DConv,0,GFLOP/s,656.000000,GBP/s,56.666664,Runtime,0.000005,UsedDTree,False,Bound:Memory
OSLOGTAP	[CostModelFeature],add_0,Op,ios18.add,gFlopCnt,1.3e-07,totalMB,0.0004921,kKBPerOC,0,mbKernel,0,mbInputTensors,0.000248,mbOutputTensors,0.0002441,opsPerByte,0.2642,inputTensorX,64,inputTensorY,0,outputTensorX,64,outputTensorY,0,outputChannelCount,0,inputChannelCount,0,kernelX,0,kernelY,0,dilationX,0,dilationY,0,workUnitEfficiency16,0,isL2Resident,0,is3DConv,0,GFLOP/s,18.363636,GBP/s,0.000000,Runtime,0.000007,UsedDTree,True,Bound:Memory
OSLOGTAP	[CostModelFeature],select_0,Op,select,gFlopCnt,3.84e-07,totalMB,0.0007935,kKBPerOC,0,mbKernel,0,mbInputTensors,0.0005493,mbOutputTensors,0.0002441,opsPerByte,0.484,inputTensorX,0,inputTensorY,0,outputTensorX,64,outputTensorY,0,outputChannelCount,0,inputChannelCount,0,kernelX,0,kernelY,0,dilationX,0,dilationY,0,workUnitEfficiency16,0,isL2Resident,0,is3DConv,0,GFLOP/s,656.000000,GBP/s,56.666664,Runtime,0.000014,UsedDTree,False,Bound:Memory
OSLOGTAP	[CostModelFeature],select_0_to_int16,Op,ios18.cast,gFlopCnt,1.28e-07,totalMB,0.0003662,kKBPerOC,0,mbKernel,0,mbInputTensors,0.0002441,mbOutputTensors,0.0001221,opsPerByte,0.3495,inputTensorX,64,inputTensorY,0,outputTensorX,64,outputTensorY,0,outputChannelCount,0,inputChannelCount,0,kernelX,0,kernelY,0,dilationX,0,dilationY,0,workUnitEfficiency16,0,isL2Resident,0,is3DConv,0,GFLOP/s,656.000000,GBP/s,56.666664,Runtime,0.000006,UsedDTree,False,Bound:Memory
OSLOGTAP	[CostModelFeature],gather_0,Op,ios18.gather,gFlopCnt,0.01638,totalMB,15.66,kKBPerOC,0,mbKernel,0,mbInputTensors,15.63,mbOutputTensors,0.03125,opsPerByte,1.046,inputTensorX,256,inputTensorY,0,outputTensorX,256,outputTensorY,0,outputChannelCount,0,inputChannelCount,0,kernelX,0,kernelY,0,dilationX,0,dilationY,0,workUnitEfficiency16,0,isL2Resident,0,is3DConv,0,GFLOP/s,20.000000,GBP/s,0.000000,Runtime,0.819207,UsedDTree,True,Bound:Memory
