OSLOGTAP	[CostModelFeature],matmul_0,Op,ios18.matmul,gFlopCnt,0.03355,totalMB,0.4375,kKBPerOC,1,mbKernel,0.25,mbInputTensors,0.0625,mbOutputTensors,0.125,opsPerByte,76.7,inputTensorX,256,inputTensorY,128,outputTensorX,512,outputTensorY,128,outputChannelCount,256,inputChannelCount,512,kernelX,512,kernelY,256,dilationX,0,dilationY,0,workUnitEfficiency16,1,isL2Resident,0,is3DConv,0,GFLOP/s,754.543335,GBP/s,56.666664,Runtime,0.044470,UsedDTree,False,Bound:Compute
OSLOGTAP	[CostModelFeature],matmul_0,Op,ios18.matmul,gFlopCnt,0.03355,totalMB,0.4375,kKBPerOC,1,mbKernel,0.25,mbInputTensors,0.0625,mbOutputTensors,0.125,opsPerByte,76.7,inputTensorX,256,inputTensorY,128,outputTensorX,512,outputTensorY,128,outputChannelCount,256,inputChannelCount,512,kernelX,512,kernelY,256,dilationX,0,dilationY,0,workUnitEfficiency16,1,isL2Resident,0,is3DConv,0,GFLOP/s,656.000000,GBP/s,56.666664,Runtime,0.051150,UsedDTree,False,Bound:Compute
OSLOGTAP	[CostModelFeature],matmul_0,Op,ios18.matmul,gFlopCnt,0.03355,totalMB,0.4375,kKBPerOC,1,mbKernel,0.25,mbInputTensors,0.0625,mbOutputTensors,0.125,opsPerByte,76.7,inputTensorX,256,inputTensorY,128,outputTensorX,512,outputTensorY,128,outputChannelCount,256,inputChannelCount,512,kernelX,512,kernelY,256,dilationX,0,dilationY,0,workUnitEfficiency16,1,isL2Resident,0,is3DConv,0,GFLOP/s,19400.000000,GBP/s,68.000000,Runtime,0.006283,UsedDTree,False,Bound:Memory
