0.000 0.043 0.020 0.000 0.039 1.251 0.137 1.095
0.108 0.043 0.020 0.000 0.039 1.251 0.137 1.095
0.217 0.043 0.020 0.000 0.039 1.251 0.137 1.095
0.328 0.043 0.020 0.000 0.042 1.251 0.137 1.095
0.433 0.043 0.020 0.000 0.042 1.251 0.137 1.095
0.545 0.043 0.020 0.000 0.042 1.251 0.137 1.095
0.649 0.043 0.020 0.000 0.042 1.251 0.137 1.095
0.758 0.000 0.021 0.000 0.042 1.279 0.137 0.389
0.867 0.000 0.021 0.000 0.042 1.279 0.137 0.389
0.969 0.000 0.021 0.000 0.042 1.279 0.137 0.389
1.071 0.000 0.021 0.000 0.042 1.279 0.137 0.389
1.182 0.000 0.021 0.000 0.042 1.279 0.137 0.389
1.293 0.000 0.021 0.139 0.064 1.279 0.137 0.389
1.405 0.000 0.021 0.139 0.064 1.279 0.137 0.389
1.517 0.000 0.021 0.139 0.064 1.279 0.137 0.389
1.625 0.000 0.021 0.139 0.064 1.279 0.137 0.389
1.728 0.000 0.021 0.139 0.064 1.279 0.137 0.389
1.830 0.498 0.026 0.139 0.064 1.152 0.140 1.115
1.934 0.498 0.026 0.139 0.064 1.152 0.140 1.115
2.040 0.498 0.026 0.139 0.064 1.152 0.140 1.115
2.144 0.498 0.026 0.139 0.064 1.152 0.140 1.115
2.256 0.498 0.026 0.000 0.088 1.152 0.140 1.115
2.361 0.498 0.026 0.000 0.088 1.152 0.140 1.115
2.464 0.498 0.026 0.000 0.088 1.152 0.140 1.115
2.575 0.498 0.026 0.000 0.088 1.152 0.140 1.115
2.678 0.498 0.026 0.000 0.088 1.152 0.140 1.115
2.789 4.502 0.072 0.000 0.088 2.036 0.143 6.755
2.891 4.502 0.072 0.000 0.088 2.036 0.143 6.755
2.995 4.502 0.072 0.000 0.088 2.036 0.143 6.755
3.098 4.502 0.072 0.000 0.088 2.036 0.143 6.755
3.209 4.502 0.072 0.000 0.088 2.036 0.143 6.755
3.311 4.502 0.072 0.000 0.201 2.036 0.143 6.755
3.413 4.502 0.072 0.000 0.201 2.036 0.143 6.755
3.515 4.502 0.072 0.000 0.201 2.036 0.143 6.755
3.627 4.502 0.072 0.000 0.201 2.036 0.143 6.755
3.729 4.502 0.072 0.000 0.201 2.036 0.143 6.755
3.831 5.620 0.080 0.000 0.201 7.576 0.149 6.588
3.932 5.620 0.080 0.000 0.201 7.576 0.149 6.588
4.043 5.620 0.080 0.000 0.201 7.576 0.149 6.588
4.154 5.620 0.080 0.000 0.201 7.576 0.149 6.588
4.261 5.620 0.080 0.000 0.218 7.576 0.149 6.588
4.362 5.620 0.080 0.000 0.218 7.576 0.149 6.588
4.465 5.620 0.080 0.000 0.218 7.576 0.149 6.588
4.577 5.620 0.080 0.000 0.218 7.576 0.149 6.588
4.682 5.620 0.080 0.000 0.218 7.576 0.149 6.588
4.784 5.709 0.105 0.000 0.218 9.152 0.153 7.380
4.896 5.709 0.105 0.000 0.218 9.152 0.153 7.380
5.007 5.709 0.105 0.000 0.218 9.152 0.153 7.380
5.112 5.709 0.105 0.000 0.218 9.152 0.153 7.380
5.223 5.709 0.105 0.000 0.218 9.152 0.153 7.380
5.334 5.709 0.105 0.000 0.193 9.152 0.153 7.380
5.436 5.709 0.105 0.000 0.193 9.152 0.153 7.380
5.547 5.709 0.105 0.000 0.193 9.152 0.153 7.380
5.659 5.709 0.105 0.000 0.193 9.152 0.153 7.380
5.770 5.696 0.078 0.000 0.193 9.381 0.148 6.741
5.871 5.696 0.078 0.000 0.193 9.381 0.148 6.741
5.973 5.696 0.078 0.000 0.193 9.381 0.148 6.741
6.084 5.696 0.078 0.000 0.193 9.381 0.148 6.741
6.187 5.696 0.078 0.000 0.193 9.381 0.148 6.741
6.288 5.696 0.078 0.000 0.245 9.381 0.148 6.741
6.389 5.696 0.078 0.000 0.245 9.381 0.148 6.741
6.492 5.696 0.078 0.000 0.245 9.381 0.148 6.741
6.603 5.696 0.078 0.000 0.245 9.381 0.148 6.741
6.714 5.696 0.078 0.000 0.245 9.381 0.148 6.741
6.819 6.242 0.120 0.000 0.245 9.287 0.151 7.165
6.930 6.242 0.120 0.000 0.245 9.287 0.151 7.165
7.041 6.242 0.120 0.000 0.245 9.287 0.151 7.165
7.144 6.242 0.120 0.000 0.245 9.287 0.151 7.165
7.256 6.242 0.120 0.000 0.210 9.287 0.151 7.165
7.357 6.242 0.120 0.000 0.210 9.287 0.151 7.165
7.468 6.242 0.120 0.000 0.210 9.287 0.151 7.165
7.580 6.242 0.120 0.000 0.210 9.287 0.151 7.165
7.691 6.242 0.120 0.000 0.210 9.287 0.151 7.165
7.802 5.647 0.085 0.000 0.210 10.964 0.142 7.011
7.903 5.647 0.085 0.000 0.210 10.964 0.142 7.011
8.014 5.647 0.085 0.000 0.210 10.964 0.142 7.011
8.124 5.647 0.085 0.000 0.210 10.964 0.142 7.011
8.236 5.647 0.085 0.000 0.199 10.964 0.142 7.011
8.337 5.647 0.085 0.000 0.199 10.964 0.142 7.011
8.445 5.647 0.085 0.000 0.199 10.964 0.142 7.011
8.548 5.647 0.085 0.000 0.199 10.964 0.142 7.011
8.650 5.647 0.085 0.000 0.199 10.964 0.142 7.011
8.753 5.685 0.092 0.000 0.199 9.135 0.147 7.355
8.864 5.685 0.092 0.000 0.199 9.135 0.147 7.355
8.966 5.685 0.092 0.000 0.199 9.135 0.147 7.355
9.077 5.685 0.092 0.000 0.199 9.135 0.147 7.355
9.178 5.685 0.092 0.000 0.199 9.135 0.147 7.355
9.282 5.685 0.092 0.000 0.213 9.135 0.147 7.355
9.393 5.685 0.092 0.000 0.213 9.135 0.147 7.355
9.498 5.685 0.092 0.000 0.213 9.135 0.147 7.355
9.600 5.685 0.092 0.000 0.213 9.135 0.147 7.355
9.704 5.685 0.092 0.000 0.213 9.135 0.147 7.355
9.815 5.976 0.091 0.000 0.213 9.455 0.147 6.476
9.924 5.976 0.091 0.000 0.213 9.455 0.147 6.476
10.030 5.976 0.091 0.000 0.213 9.455 0.147 6.476
10.141 5.976 0.091 0.000 0.213 9.455 0.147 6.476
10.244 5.976 0.091 0.000 0.197 9.455 0.147 6.476
10.356 5.976 0.091 0.000 0.197 9.455 0.147 6.476
10.459 5.976 0.091 0.000 0.197 9.455 0.147 6.476
10.570 5.976 0.091 0.000 0.197 9.455 0.147 6.476
10.673 5.976 0.091 0.000 0.197 9.455 0.147 6.476
10.784 5.632 0.074 0.000 0.197 10.132 0.145 6.623
10.888 5.632 0.074 0.000 0.197 10.132 0.145 6.623
10.990 5.632 0.074 0.000 0.197 10.132 0.145 6.623
11.094 5.632 0.074 0.000 0.197 10.132 0.145 6.623
11.196 5.632 0.074 0.000 0.197 10.132 0.145 6.623
11.307 5.632 0.074 0.000 0.191 10.132 0.145 6.623
11.418 5.632 0.074 0.000 0.191 10.132 0.145 6.623
11.521 5.632 0.074 0.000 0.191 10.132 0.145 6.623
11.627 5.632 0.074 0.000 0.191 10.132 0.145 6.623
11.737 5.639 0.081 0.000 0.191 9.255 0.148 7.125
11.848 5.639 0.081 0.000 0.191 9.255 0.148 7.125
11.950 5.639 0.081 0.000 0.191 9.255 0.148 7.125
12.061 5.639 0.081 0.000 0.191 9.255 0.148 7.125
12.172 5.639 0.081 0.000 0.191 9.255 0.148 7.125
12.283 5.639 0.081 0.000 0.190 9.255 0.148 7.125
12.394 5.639 0.081 0.000 0.190 9.255 0.148 7.125
12.503 5.639 0.081 0.000 0.190 9.255 0.148 7.125
12.608 5.639 0.081 0.000 0.190 9.255 0.148 7.125
12.719 5.639 0.081 0.000 0.190 9.255 0.148 7.125
12.822 5.632 0.075 0.000 0.190 9.334 0.141 6.936
12.932 5.632 0.075 0.000 0.190 9.334 0.141 6.936
13.043 5.632 0.075 0.000 0.190 9.334 0.141 6.936
13.154 5.632 0.075 0.000 0.190 9.334 0.141 6.936
13.256 5.632 0.075 0.000 0.188 9.334 0.141 6.936
13.366 5.632 0.075 0.000 0.188 9.334 0.141 6.936
13.477 5.632 0.075 0.000 0.188 9.334 0.141 6.936
13.582 5.632 0.075 0.000 0.188 9.334 0.141 6.936
13.684 5.632 0.075 0.000 0.188 9.334 0.141 6.936
13.795 5.702 0.079 0.000 0.188 9.274 0.143 6.764
13.906 5.702 0.079 0.000 0.188 9.274 0.143 6.764
14.015 5.702 0.079 0.000 0.188 9.274 0.143 6.764
14.117 5.702 0.079 0.000 0.188 9.274 0.143 6.764
14.227 5.702 0.079 0.000 0.188 9.274 0.143 6.764
14.336 5.702 0.079 0.000 0.238 9.274 0.143 6.764
14.447 5.702 0.079 0.000 0.238 9.274 0.143 6.764
14.557 5.702 0.079 0.000 0.238 9.274 0.143 6.764
14.667 5.702 0.079 0.000 0.238 9.274 0.143 6.764
14.778 4.709 0.084 0.000 0.238 9.212 0.160 1.380
14.884 4.709 0.084 0.000 0.238 9.212 0.160 1.380
14.992 4.709 0.084 0.000 0.238 9.212 0.160 1.380
15.098 4.709 0.084 0.000 0.238 9.212 0.160 1.380
15.204 4.709 0.084 0.000 0.238 9.212 0.160 1.380
15.316 4.709 0.084 0.000 0.137 9.212 0.160 1.380
15.427 4.709 0.084 0.000 0.137 9.212 0.160 1.380
15.534 4.709 0.084 0.000 0.137 9.212 0.160 1.380
15.646 4.709 0.084 0.000 0.137 9.212 0.160 1.380
15.757 0.000 0.021 0.000 0.137 8.812 0.137 0.769
15.867 0.000 0.021 0.000 0.137 8.812 0.137 0.769
15.973 0.000 0.021 0.000 0.137 8.812 0.137 0.769
16.084 0.000 0.021 0.000 0.137 8.812 0.137 0.769
16.192 0.000 0.021 0.000 0.137 8.812 0.137 0.769
16.300 0.000 0.021 0.000 0.059 8.812 0.137 0.769
16.412 0.000 0.021 0.000 0.059 8.812 0.137 0.769
16.523 0.000 0.021 0.000 0.059 8.812 0.137 0.769
16.635 0.000 0.021 0.000 0.059 8.812 0.137 0.769
16.747 0.000 0.023 0.000 0.059 1.728 0.141 0.443
16.859 0.000 0.023 0.000 0.059 1.728 0.141 0.443
16.967 0.000 0.023 0.000 0.059 1.728 0.141 0.443
17.079 0.000 0.023 0.000 0.059 1.728 0.141 0.443
17.190 0.000 0.023 0.000 0.059 1.728 0.141 0.443
17.300 0.000 0.023 0.000 0.043 1.728 0.141 0.443
17.404 0.000 0.023 0.000 0.043 1.728 0.141 0.443
17.507 0.000 0.023 0.000 0.043 1.728 0.141 0.443
17.617 0.000 0.023 0.000 0.043 1.728 0.141 0.443
17.725 0.000 0.023 0.000 0.043 1.728 0.141 0.443
17.828 0.000 0.021 0.000 0.043 1.419 0.138 0.607
17.934 0.000 0.021 0.000 0.043 1.419 0.138 0.607
18.042 0.000 0.021 0.000 0.043 1.419 0.138 0.607
18.154 0.000 0.021 0.000 0.043 1.419 0.138 0.607
18.265 0.000 0.021 0.000 0.040 1.419 0.138 0.607
18.371 0.000 0.021 0.000 0.040 1.419 0.138 0.607
18.480 0.000 0.021 0.000 0.040 1.419 0.138 0.607
18.589 0.000 0.021 0.000 0.040 1.419 0.138 0.607
18.700 0.000 0.021 0.000 0.040 1.419 0.138 0.607
18.810 0.000 0.020 0.000 0.040 1.203 0.136 0.698
18.917 0.000 0.020 0.000 0.040 1.203 0.136 0.698
19.027 0.000 0.020 0.000 0.040 1.203 0.136 0.698
19.134 0.000 0.020 0.000 0.040 1.203 0.136 0.698
19.244 0.000 0.020 0.000 0.040 1.203 0.136 0.698
19.350 0.000 0.020 0.000 0.040 1.203 0.136 0.698
19.460 0.000 0.020 0.000 0.040 1.203 0.136 0.698
19.571 0.000 0.020 0.000 0.040 1.203 0.136 0.698
19.674 0.000 0.020 0.000 0.040 1.203 0.136 0.698
19.785 0.039 0.021 0.000 0.040 1.225 0.135 0.877
19.892 0.039 0.021 0.000 0.040 1.225 0.135 0.877
20.003 0.039 0.021 0.000 0.040 1.225 0.135 0.877
20.115 0.039 0.021 0.000 0.040 1.225 0.135 0.877
20.225 0.039 0.021 0.000 0.040 1.225 0.135 0.877
20.334 0.039 0.021 0.000 0.062 1.225 0.135 0.877
20.443 0.039 0.021 0.000 0.062 1.225 0.135 0.877
20.552 0.039 0.021 0.000 0.062 1.225 0.135 0.877
20.655 0.039 0.021 0.000 0.062 1.225 0.135 0.877
20.767 0.000 0.022 0.000 0.062 1.484 0.139 0.536
20.873 0.000 0.022 0.000 0.062 1.484 0.139 0.536
20.984 0.000 0.022 0.000 0.062 1.484 0.139 0.536
21.088 0.000 0.022 0.000 0.062 1.484 0.139 0.536
21.194 0.000 0.022 0.000 0.062 1.484 0.139 0.536
21.296 0.000 0.022 0.000 0.039 1.484 0.139 0.536
21.408 0.000 0.022 0.000 0.039 1.484 0.139 0.536
21.517 0.000 0.022 0.000 0.039 1.484 0.139 0.536
21.629 0.000 0.022 0.000 0.039 1.484 0.139 0.536
21.735 0.000 0.022 0.000 0.039 1.632 0.135 0.805
21.845 0.000 0.022 0.000 0.039 1.632 0.135 0.805
21.950 0.000 0.022 0.000 0.039 1.632 0.135 0.805
22.056 0.000 0.022 0.000 0.039 1.632 0.135 0.805
22.163 0.000 0.022 0.000 0.039 1.632 0.135 0.805
22.267 0.000 0.022 0.000 0.039 1.632 0.135 0.805
22.379 0.000 0.022 0.000 0.039 1.632 0.135 0.805
22.484 0.000 0.022 0.000 0.039 1.632 0.135 0.805
22.588 0.000 0.022 0.000 0.039 1.632 0.135 0.805
22.691 0.000 0.022 0.000 0.039 1.632 0.135 0.805
22.793 0.000 0.023 0.000 0.039 1.397 0.135 0.640
22.900 0.000 0.023 0.000 0.039 1.397 0.135 0.640
23.010 0.000 0.023 0.000 0.039 1.397 0.135 0.640
23.122 0.000 0.023 0.000 0.039 1.397 0.135 0.640
23.233 0.000 0.023 0.000 0.040 1.397 0.135 0.640
23.339 0.000 0.023 0.000 0.040 1.397 0.135 0.640
23.446 0.000 0.023 0.000 0.040 1.397 0.135 0.640
23.553 0.000 0.023 0.000 0.040 1.397 0.135 0.640
23.660 0.000 0.023 0.000 0.040 1.397 0.135 0.640
23.770 0.000 0.023 0.000 0.040 1.294 0.136 0.384
23.881 0.000 0.023 0.000 0.040 1.294 0.136 0.384
23.992 0.000 0.023 0.000 0.040 1.294 0.136 0.384
24.097 0.000 0.023 0.000 0.040 1.294 0.136 0.384
24.209 0.000 0.023 0.000 0.040 1.294 0.136 0.384
24.317 0.000 0.023 0.000 0.037 1.294 0.136 0.384
24.425 0.000 0.023 0.000 0.037 1.294 0.136 0.384
24.530 0.000 0.023 0.000 0.037 1.294 0.136 0.384
24.633 0.000 0.023 0.000 0.037 1.294 0.136 0.384
24.744 0.000 0.022 0.000 0.037 1.223 0.139 0.459
24.850 0.000 0.022 0.000 0.037 1.223 0.139 0.459
24.961 0.000 0.022 0.000 0.037 1.223 0.139 0.459
25.068 0.000 0.022 0.000 0.037 1.223 0.139 0.459
25.171 0.000 0.022 0.000 0.037 1.223 0.139 0.459
25.280 0.000 0.022 0.000 0.049 1.223 0.139 0.459
25.384 0.000 0.022 0.000 0.049 1.223 0.139 0.459
25.492 0.000 0.022 0.000 0.049 1.223 0.139 0.459
25.595 0.000 0.022 0.000 0.049 1.223 0.139 0.459
25.706 0.000 0.022 0.000 0.049 1.223 0.139 0.459
25.817 0.000 0.022 0.000 0.049 1.461 0.140 0.446
25.925 0.000 0.022 0.000 0.049 1.461 0.140 0.446
