0.000 0.000 0.022 0.000 0.043 1.279 0.133 0.469
0.109 0.000 0.022 0.000 0.043 1.279 0.133 0.469
0.221 0.000 0.022 0.000 0.043 1.279 0.133 0.469
0.332 0.000 0.022 0.000 0.043 1.279 0.133 0.469
0.435 0.000 0.022 0.000 0.043 1.279 0.133 0.469
0.544 0.000 0.022 0.000 0.043 1.279 0.133 0.469
0.655 0.000 0.022 0.000 0.043 1.279 0.133 0.469
0.760 0.000 0.022 0.000 0.043 1.279 0.133 0.469
0.868 0.000 0.022 0.000 0.043 1.279 0.133 0.469
0.980 0.000 0.021 0.000 0.043 1.272 0.159 1.985
1.091 0.000 0.021 0.000 0.043 1.272 0.159 1.985
1.203 0.000 0.021 0.000 0.043 1.272 0.159 1.985
1.314 0.000 0.021 0.000 0.043 1.272 0.159 1.985
1.418 0.000 0.021 0.000 0.043 1.272 0.159 1.985
1.527 0.000 0.021 0.000 0.097 1.272 0.159 1.985
1.638 0.000 0.021 0.000 0.097 1.272 0.159 1.985
1.745 0.000 0.021 0.000 0.097 1.272 0.159 1.985
1.847 0.000 0.021 0.000 0.097 1.272 0.159 1.985
1.956 0.000 0.021 0.000 0.097 1.272 0.159 1.985
2.062 0.918 0.045 0.000 0.097 1.904 0.146 10.376
2.173 0.918 0.045 0.000 0.097 1.904 0.146 10.376
2.276 0.918 0.045 0.000 0.097 1.904 0.146 10.376
2.381 0.918 0.045 0.000 0.097 1.904 0.146 10.376
2.492 0.918 0.045 0.000 0.224 1.904 0.146 10.376
2.595 0.918 0.045 0.000 0.224 1.904 0.146 10.376
2.702 0.918 0.045 0.000 0.224 1.904 0.146 10.376
2.813 0.918 0.045 0.000 0.224 1.904 0.146 10.376
2.918 0.918 0.045 0.000 0.224 1.904 0.146 10.376
3.029 8.045 0.331 0.000 0.224 3.143 0.163 10.346
3.136 8.045 0.331 0.000 0.224 3.143 0.163 10.346
3.240 8.045 0.331 0.000 0.224 3.143 0.163 10.346
3.341 8.045 0.331 0.000 0.224 3.143 0.163 10.346
3.452 8.045 0.331 0.000 0.224 3.143 0.163 10.346
3.564 8.045 0.331 0.000 0.338 3.143 0.163 10.346
3.669 8.045 0.331 0.000 0.338 3.143 0.163 10.346
3.775 8.045 0.331 0.000 0.338 3.143 0.163 10.346
3.882 8.045 0.331 0.000 0.338 3.143 0.163 10.346
3.991 8.256 0.355 0.000 0.338 14.068 0.159 10.235
4.102 8.256 0.355 0.000 0.338 14.068 0.159 10.235
4.203 8.256 0.355 0.000 0.338 14.068 0.159 10.235
4.309 8.256 0.355 0.000 0.338 14.068 0.159 10.235
4.413 8.256 0.355 0.000 0.338 14.068 0.159 10.235
4.524 8.256 0.355 0.000 0.335 14.068 0.159 10.235
4.625 8.256 0.355 0.000 0.335 14.068 0.159 10.235
4.736 8.256 0.355 0.000 0.335 14.068 0.159 10.235
4.843 8.256 0.355 0.000 0.335 14.068 0.159 10.235
4.950 8.256 0.355 0.000 0.335 14.068 0.159 10.235
5.054 8.443 0.329 0.000 0.335 14.123 0.163 10.270
5.157 8.443 0.329 0.000 0.335 14.123 0.163 10.270
5.266 8.443 0.329 0.000 0.335 14.123 0.163 10.270
5.377 8.443 0.329 0.000 0.335 14.123 0.163 10.270
5.479 8.443 0.329 0.000 0.343 14.123 0.163 10.270
5.590 8.443 0.329 0.000 0.343 14.123 0.163 10.270
5.692 8.443 0.329 0.000 0.343 14.123 0.163 10.270
5.793 8.443 0.329 0.000 0.343 14.123 0.163 10.270
5.904 8.443 0.329 0.000 0.343 14.123 0.163 10.270
6.015 8.184 0.358 0.000 0.343 14.284 0.163 10.469
6.118 8.184 0.358 0.000 0.343 14.284 0.163 10.469
6.229 8.184 0.358 0.000 0.343 14.284 0.163 10.469
6.330 8.184 0.358 0.000 0.343 14.284 0.163 10.469
6.434 8.184 0.358 0.000 0.343 14.284 0.163 10.469
6.536 8.184 0.358 0.000 0.349 14.284 0.163 10.469
6.640 8.184 0.358 0.000 0.349 14.284 0.163 10.469
6.741 8.184 0.358 0.000 0.349 14.284 0.163 10.469
6.848 8.184 0.358 0.000 0.349 14.284 0.163 10.469
6.953 8.184 0.358 0.000 0.349 14.284 0.163 10.469
7.064 8.256 0.346 0.000 0.349 14.346 0.167 10.143
7.175 8.256 0.346 0.000 0.349 14.346 0.167 10.143
7.283 8.256 0.346 0.000 0.349 14.346 0.167 10.143
7.387 8.256 0.346 0.000 0.349 14.346 0.167 10.143
7.492 8.256 0.346 0.000 0.330 14.346 0.167 10.143
7.595 8.256 0.346 0.000 0.330 14.346 0.167 10.143
7.704 8.256 0.346 0.000 0.330 14.346 0.167 10.143
7.808 8.256 0.346 0.000 0.330 14.346 0.167 10.143
7.910 8.256 0.346 0.000 0.330 14.346 0.167 10.143
8.021 8.152 0.336 0.000 0.330 14.238 0.159 10.350
8.132 8.152 0.336 0.000 0.330 14.238 0.159 10.350
8.233 8.152 0.336 0.000 0.330 14.238 0.159 10.350
8.335 8.152 0.336 0.000 0.330 14.238 0.159 10.350
8.437 8.152 0.336 0.000 0.330 14.238 0.159 10.350
8.541 8.152 0.336 0.000 0.326 14.238 0.159 10.350
8.642 8.152 0.336 0.000 0.326 14.238 0.159 10.350
8.744 8.152 0.336 0.000 0.326 14.238 0.159 10.350
8.852 8.152 0.336 0.000 0.326 14.238 0.159 10.350
8.963 8.152 0.336 0.000 0.326 14.238 0.159 10.350
9.064 8.278 0.334 0.000 0.326 13.944 0.156 10.374
9.173 8.278 0.334 0.000 0.326 13.944 0.156 10.374
9.275 8.278 0.334 0.000 0.326 13.944 0.156 10.374
9.377 8.278 0.334 0.000 0.326 13.944 0.156 10.374
9.484 8.278 0.334 0.000 0.330 13.944 0.156 10.374
9.589 8.278 0.334 0.000 0.330 13.944 0.156 10.374
9.700 8.278 0.334 0.000 0.330 13.944 0.156 10.374
9.811 8.278 0.334 0.000 0.330 13.944 0.156 10.374
9.918 8.278 0.334 0.000 0.330 13.944 0.156 10.374
10.025 8.416 0.341 0.000 0.330 13.854 0.158 10.433
10.133 8.416 0.341 0.000 0.330 13.854 0.158 10.433
10.238 8.416 0.341 0.000 0.330 13.854 0.158 10.433
10.349 8.416 0.341 0.000 0.330 13.854 0.158 10.433
10.451 8.416 0.341 0.000 0.330 13.854 0.158 10.433
10.562 8.416 0.341 0.000 0.334 13.854 0.158 10.433
10.667 8.416 0.341 0.000 0.334 13.854 0.158 10.433
10.771 8.416 0.341 0.000 0.334 13.854 0.158 10.433
10.882 8.416 0.341 0.000 0.334 13.854 0.158 10.433
10.993 8.362 0.355 0.000 0.334 14.095 0.159 10.456
11.097 8.362 0.355 0.000 0.334 14.095 0.159 10.456
11.199 8.362 0.355 0.000 0.334 14.095 0.159 10.456
11.308 8.362 0.355 0.000 0.334 14.095 0.159 10.456
11.414 8.362 0.355 0.000 0.334 14.095 0.159 10.456
11.525 8.362 0.355 0.000 0.329 14.095 0.159 10.456
11.630 8.362 0.355 0.000 0.329 14.095 0.159 10.456
11.732 8.362 0.355 0.000 0.329 14.095 0.159 10.456
11.841 8.362 0.355 0.000 0.329 14.095 0.159 10.456
11.952 8.362 0.355 0.000 0.329 14.095 0.159 10.456
12.054 8.010 0.358 0.000 0.329 13.963 0.158 10.476
12.165 8.010 0.358 0.000 0.329 13.963 0.158 10.476
12.268 8.010 0.358 0.000 0.329 13.963 0.158 10.476
12.380 8.010 0.358 0.000 0.329 13.963 0.158 10.476
12.487 8.010 0.358 0.000 0.327 13.963 0.158 10.476
12.597 8.010 0.358 0.000 0.327 13.963 0.158 10.476
12.704 8.010 0.358 0.000 0.327 13.963 0.158 10.476
12.806 8.010 0.358 0.000 0.327 13.963 0.158 10.476
12.914 8.010 0.358 0.000 0.327 13.963 0.158 10.476
13.025 8.442 0.346 0.000 0.327 13.977 0.157 10.498
13.131 8.442 0.346 0.000 0.327 13.977 0.157 10.498
13.242 8.442 0.346 0.000 0.327 13.977 0.157 10.498
13.343 8.442 0.346 0.000 0.327 13.977 0.157 10.498
13.447 8.442 0.346 0.000 0.327 13.977 0.157 10.498
13.549 8.442 0.346 0.000 0.326 13.977 0.157 10.498
13.651 8.442 0.346 0.000 0.326 13.977 0.157 10.498
13.754 8.442 0.346 0.000 0.326 13.977 0.157 10.498
13.857 8.442 0.346 0.000 0.326 13.977 0.157 10.498
13.968 8.442 0.346 0.000 0.326 13.977 0.157 10.498
14.079 8.454 0.338 0.000 0.326 14.081 0.154 10.304
14.185 8.454 0.338 0.000 0.326 14.081 0.154 10.304
14.291 8.454 0.338 0.000 0.326 14.081 0.154 10.304
14.395 8.454 0.338 0.000 0.326 14.081 0.154 10.304
14.506 8.454 0.338 0.000 0.330 14.081 0.154 10.304
14.617 8.454 0.338 0.000 0.330 14.081 0.154 10.304
14.728 8.454 0.338 0.000 0.330 14.081 0.154 10.304
14.835 8.454 0.338 0.000 0.330 14.081 0.154 10.304
14.944 8.454 0.338 0.000 0.330 14.081 0.154 10.304
15.056 4.806 0.227 0.000 0.330 14.000 0.150 0.424
15.165 4.806 0.227 0.000 0.330 14.000 0.150 0.424
15.268 4.806 0.227 0.000 0.330 14.000 0.150 0.424
15.380 4.806 0.227 0.000 0.330 14.000 0.150 0.424
15.490 4.806 0.227 0.000 0.074 14.000 0.150 0.424
15.600 4.806 0.227 0.000 0.074 14.000 0.150 0.424
15.711 4.806 0.227 0.000 0.074 14.000 0.150 0.424
15.822 4.806 0.227 0.000 0.074 14.000 0.150 0.424
15.930 4.806 0.227 0.000 0.074 14.000 0.150 0.424
16.034 0.000 0.023 0.000 0.074 8.807 0.138 0.957
16.139 0.000 0.023 0.000 0.074 8.807 0.138 0.957
16.250 0.000 0.023 0.000 0.074 8.807 0.138 0.957
16.355 0.000 0.023 0.000 0.074 8.807 0.138 0.957
16.466 0.000 0.023 0.000 0.074 8.807 0.138 0.957
16.577 0.000 0.023 0.000 0.084 8.807 0.138 0.957
16.684 0.000 0.023 0.000 0.084 8.807 0.138 0.957
16.795 0.000 0.023 0.000 0.084 8.807 0.138 0.957
16.907 0.000 0.023 0.000 0.084 8.807 0.138 0.957
17.011 0.000 0.026 0.000 0.084 1.488 0.145 0.474
17.115 0.000 0.026 0.000 0.084 1.488 0.145 0.474
17.227 0.000 0.026 0.000 0.084 1.488 0.145 0.474
17.335 0.000 0.026 0.000 0.084 1.488 0.145 0.474
17.444 0.000 0.026 0.000 0.084 1.488 0.145 0.474
17.556 0.000 0.026 0.000 0.054 1.488 0.145 0.474
17.661 0.000 0.026 0.000 0.054 1.488 0.145 0.474
17.771 0.000 0.026 0.000 0.054 1.488 0.145 0.474
17.882 0.000 0.026 0.000 0.054 1.488 0.145 0.474
17.992 0.000 0.019 0.000 0.054 1.942 0.140 0.540
18.094 0.000 0.019 0.000 0.054 1.942 0.140 0.540
18.202 0.000 0.019 0.000 0.054 1.942 0.140 0.540
18.304 0.000 0.019 0.000 0.054 1.942 0.140 0.540
18.411 0.000 0.019 0.000 0.054 1.942 0.140 0.540
18.519 0.000 0.019 0.000 0.047 1.942 0.140 0.540
18.627 0.000 0.019 0.000 0.047 1.942 0.140 0.540
18.735 0.000 0.019 0.000 0.047 1.942 0.140 0.540
18.841 0.000 0.019 0.000 0.047 1.942 0.140 0.540
18.951 0.000 0.019 0.000 0.047 1.942 0.140 0.540
19.054 0.000 0.021 0.000 0.047 1.464 0.139 0.607
19.166 0.000 0.021 0.000 0.047 1.464 0.139 0.607
19.274 0.000 0.021 0.000 0.047 1.464 0.139 0.607
19.377 0.000 0.021 0.000 0.047 1.464 0.139 0.607
19.489 0.000 0.021 0.000 0.058 1.464 0.139 0.607
19.592 0.000 0.021 0.000 0.058 1.464 0.139 0.607
19.694 0.000 0.021 0.000 0.058 1.464 0.139 0.607
19.802 0.000 0.021 0.000 0.058 1.464 0.139 0.607
19.907 0.000 0.021 0.000 0.058 1.464 0.139 0.607
20.016 0.000 0.023 0.000 0.058 1.380 0.149 0.502
20.125 0.000 0.023 0.000 0.058 1.380 0.149 0.502
20.237 0.000 0.023 0.000 0.058 1.380 0.149 0.502
20.341 0.000 0.023 0.000 0.058 1.380 0.149 0.502
20.452 0.000 0.023 0.000 0.058 1.380 0.149 0.502
20.561 0.000 0.023 0.000 0.044 1.380 0.149 0.502
20.668 0.000 0.023 0.000 0.044 1.380 0.149 0.502
20.780 0.000 0.023 0.000 0.044 1.380 0.149 0.502
20.887 0.000 0.023 0.000 0.044 1.380 0.149 0.502
20.994 0.000 0.021 0.000 0.044 1.453 0.134 0.817
21.104 0.000 0.021 0.000 0.044 1.453 0.134 0.817
21.216 0.000 0.021 0.000 0.044 1.453 0.134 0.817
21.321 0.000 0.021 0.000 0.044 1.453 0.134 0.817
21.430 0.000 0.021 0.000 0.044 1.453 0.134 0.817
21.540 0.000 0.021 0.000 0.043 1.453 0.134 0.817
21.650 0.000 0.021 0.000 0.043 1.453 0.134 0.817
21.762 0.000 0.021 0.000 0.043 1.453 0.134 0.817
21.870 0.000 0.021 0.000 0.043 1.453 0.134 0.817
21.981 0.000 0.021 0.000 0.043 1.374 0.139 0.416
22.088 0.000 0.021 0.000 0.043 1.374 0.139 0.416
22.197 0.000 0.021 0.000 0.043 1.374 0.139 0.416
22.309 0.000 0.021 0.000 0.043 1.374 0.139 0.416
22.421 0.000 0.021 0.000 0.043 1.374 0.139 0.416
22.527 0.000 0.021 0.000 0.043 1.374 0.139 0.416
22.639 0.000 0.021 0.000 0.043 1.374 0.139 0.416
22.744 0.000 0.021 0.000 0.043 1.374 0.139 0.416
22.855 0.000 0.021 0.000 0.043 1.374 0.139 0.416
22.967 0.000 0.021 0.000 0.043 1.374 0.139 0.416
23.077 0.000 0.024 0.000 0.043 1.447 0.141 4.255
23.181 0.000 0.024 0.000 0.043 1.447 0.141 4.255
23.288 0.000 0.024 0.000 0.043 1.447 0.141 4.255
23.398 0.000 0.024 0.000 0.043 1.447 0.141 4.255
23.509 0.000 0.024 0.000 0.103 1.447 0.141 4.255
23.617 0.000 0.024 0.000 0.103 1.447 0.141 4.255
23.729 0.000 0.024 0.000 0.103 1.447 0.141 4.255
23.841 0.000 0.024 0.000 0.103 1.447 0.141 4.255
23.951 0.000 0.024 0.000 0.103 1.447 0.141 4.255
24.061 0.014 0.022 0.000 0.103 2.167 0.141 0.441
24.165 0.014 0.022 0.000 0.103 2.167 0.141 0.441
24.271 0.014 0.022 0.000 0.103 2.167 0.141 0.441
24.381 0.014 0.022 0.000 0.103 2.167 0.141 0.441
24.485 0.014 0.022 0.000 0.062 2.167 0.141 0.441
24.597 0.014 0.022 0.000 0.062 2.167 0.141 0.441
24.702 0.014 0.022 0.000 0.062 2.167 0.141 0.441
24.811 0.014 0.022 0.000 0.062 2.167 0.141 0.441
24.913 0.014 0.022 0.000 0.062 2.167 0.141 0.441
25.022 0.093 0.023 0.000 0.062 2.387 0.139 0.445
25.127 0.093 0.023 0.000 0.062 2.387 0.139 0.445
25.230 0.093 0.023 0.000 0.062 2.387 0.139 0.445
25.335 0.093 0.023 0.000 0.062 2.387 0.139 0.445
25.444 0.093 0.023 0.000 0.062 2.387 0.139 0.445
25.549 0.093 0.023 0.128 0.042 2.387 0.139 0.445
25.660 0.093 0.023 0.128 0.042 2.387 0.139 0.445
25.769 0.093 0.023 0.128 0.042 2.387 0.139 0.445
25.877 0.093 0.023 0.128 0.042 2.387 0.139 0.445
25.980 0.000 0.021 0.128 0.042 1.873 0.140 0.460
