0.000 0.000 0.022 0.000 0.040 1.204 0.141 0.413
0.106 0.041 0.021 0.000 0.040 1.231 0.135 0.658
0.217 0.041 0.021 0.000 0.040 1.231 0.135 0.658
0.328 0.041 0.021 0.000 0.040 1.231 0.135 0.658
0.435 0.041 0.021 0.000 0.040 1.231 0.135 0.658
0.543 0.041 0.021 0.000 0.042 1.231 0.135 0.658
0.648 0.041 0.021 0.000 0.042 1.231 0.135 0.658
0.758 0.041 0.021 0.000 0.042 1.231 0.135 0.658
0.869 0.041 0.021 0.000 0.042 1.231 0.135 0.658
0.974 0.041 0.021 0.000 0.042 1.231 0.135 0.658
1.083 0.000 0.020 0.000 0.042 1.287 0.136 0.478
1.195 0.000 0.020 0.000 0.042 1.287 0.136 0.478
1.306 0.000 0.020 0.000 0.042 1.287 0.136 0.478
1.409 0.000 0.020 0.000 0.042 1.287 0.136 0.478
1.520 0.000 0.020 0.000 0.063 1.287 0.136 0.478
1.627 0.000 0.020 0.000 0.063 1.287 0.136 0.478
1.732 0.000 0.020 0.000 0.063 1.287 0.136 0.478
1.836 0.000 0.020 0.000 0.063 1.287 0.136 0.478
1.948 0.000 0.020 0.000 0.063 1.287 0.136 0.478
2.050 0.806 0.027 0.000 0.063 1.178 0.144 6.312
2.152 0.806 0.027 0.000 0.063 1.178 0.144 6.312
2.255 0.806 0.027 0.000 0.063 1.178 0.144 6.312
2.357 0.806 0.027 0.000 0.063 1.178 0.144 6.312
2.467 0.806 0.027 0.000 0.063 1.178 0.144 6.312
2.568 0.806 0.027 0.000 0.149 1.178 0.144 6.312
2.669 0.806 0.027 0.000 0.149 1.178 0.144 6.312
2.770 0.806 0.027 0.000 0.149 1.178 0.144 6.312
2.880 0.806 0.027 0.000 0.149 1.178 0.144 6.312
2.982 0.806 0.027 0.000 0.149 1.178 0.144 6.312
3.093 8.605 0.290 0.000 0.149 2.545 0.146 10.215
3.200 8.605 0.290 0.000 0.149 2.545 0.146 10.215
3.302 8.605 0.290 0.000 0.149 2.545 0.146 10.215
3.410 8.605 0.290 0.000 0.149 2.545 0.146 10.215
3.517 8.605 0.290 0.000 0.238 2.545 0.146 10.215
3.628 8.605 0.290 0.000 0.238 2.545 0.146 10.215
3.733 8.605 0.290 0.000 0.238 2.545 0.146 10.215
3.835 8.605 0.290 0.000 0.238 2.545 0.146 10.215
3.936 8.605 0.290 0.000 0.238 2.545 0.146 10.215
4.038 7.647 0.290 0.000 0.238 13.561 0.147 10.010
4.140 7.647 0.290 0.000 0.238 13.561 0.147 10.010
4.241 7.647 0.290 0.000 0.238 13.561 0.147 10.010
4.344 7.647 0.290 0.000 0.238 13.561 0.147 10.010
4.445 7.647 0.290 0.000 0.238 13.561 0.147 10.010
4.548 7.647 0.290 0.000 0.236 13.561 0.147 10.010
4.650 7.647 0.290 0.000 0.236 13.561 0.147 10.010
4.752 7.647 0.290 0.000 0.236 13.561 0.147 10.010
4.854 7.647 0.290 0.000 0.236 13.561 0.147 10.010
4.956 7.647 0.290 0.000 0.236 13.561 0.147 10.010
5.057 8.280 0.297 0.000 0.236 13.644 0.144 10.023
5.159 8.280 0.297 0.000 0.236 13.644 0.144 10.023
5.270 8.280 0.297 0.000 0.236 13.644 0.144 10.023
5.371 8.280 0.297 0.000 0.236 13.644 0.144 10.023
5.475 8.280 0.297 0.000 0.236 13.644 0.144 10.023
5.583 8.280 0.297 0.000 0.237 13.644 0.144 10.023
5.685 8.280 0.297 0.000 0.237 13.644 0.144 10.023
5.786 8.280 0.297 0.000 0.237 13.644 0.144 10.023
5.889 8.280 0.297 0.000 0.237 13.644 0.144 10.023
5.991 8.280 0.297 0.000 0.237 13.644 0.144 10.023
6.092 7.656 0.290 0.000 0.237 13.637 0.145 10.433
6.201 7.656 0.290 0.000 0.237 13.637 0.145 10.433
6.302 7.656 0.290 0.000 0.237 13.637 0.145 10.433
6.404 7.656 0.290 0.000 0.237 13.637 0.145 10.433
6.506 7.656 0.290 0.000 0.235 13.637 0.145 10.433
6.608 7.656 0.290 0.000 0.235 13.637 0.145 10.433
6.711 7.656 0.290 0.000 0.235 13.637 0.145 10.433
6.813 7.656 0.290 0.000 0.235 13.637 0.145 10.433
6.915 7.656 0.290 0.000 0.235 13.637 0.145 10.433
7.017 7.567 0.300 0.000 0.235 13.695 0.144 10.282
7.118 7.567 0.300 0.000 0.235 13.695 0.144 10.282
7.222 7.567 0.300 0.000 0.235 13.695 0.144 10.282
7.323 7.567 0.300 0.000 0.235 13.695 0.144 10.282
7.425 7.567 0.300 0.000 0.235 13.695 0.144 10.282
7.527 7.567 0.300 0.000 0.235 13.695 0.144 10.282
7.628 7.567 0.300 0.000 0.235 13.695 0.144 10.282
7.730 7.567 0.300 0.000 0.235 13.695 0.144 10.282
7.831 7.567 0.300 0.000 0.235 13.695 0.144 10.282
7.933 7.567 0.300 0.000 0.235 13.695 0.144 10.282
8.035 7.243 0.291 0.000 0.235 13.649 0.146 10.312
8.137 7.243 0.291 0.000 0.235 13.649 0.146 10.312
8.238 7.243 0.291 0.000 0.235 13.649 0.146 10.312
8.340 7.243 0.291 0.000 0.235 13.649 0.146 10.312
8.442 7.243 0.291 0.000 0.235 13.649 0.146 10.312
8.544 7.243 0.291 0.000 0.239 13.649 0.146 10.312
8.646 7.243 0.291 0.000 0.239 13.649 0.146 10.312
8.747 7.243 0.291 0.000 0.239 13.649 0.146 10.312
8.858 7.243 0.291 0.000 0.239 13.649 0.146 10.312
8.961 7.243 0.291 0.000 0.239 13.649 0.146 10.312
9.063 8.786 0.306 0.000 0.239 13.678 0.143 10.290
9.165 8.786 0.306 0.000 0.239 13.678 0.143 10.290
9.267 8.786 0.306 0.000 0.239 13.678 0.143 10.290
9.368 8.786 0.306 0.000 0.239 13.678 0.143 10.290
9.479 8.786 0.306 0.000 0.239 13.678 0.143 10.290
9.581 8.786 0.306 0.000 0.235 13.678 0.143 10.290
9.683 8.786 0.306 0.000 0.235 13.678 0.143 10.290
9.785 8.786 0.306 0.000 0.235 13.678 0.143 10.290
9.896 8.786 0.306 0.000 0.235 13.678 0.143 10.290
9.999 8.786 0.306 0.000 0.235 13.678 0.143 10.290
10.101 8.687 0.309 0.000 0.235 13.740 0.148 10.313
10.203 8.687 0.309 0.000 0.235 13.740 0.148 10.313
10.306 8.687 0.309 0.000 0.235 13.740 0.148 10.313
10.416 8.687 0.309 0.000 0.235 13.740 0.148 10.313
10.523 8.687 0.309 0.000 0.240 13.740 0.148 10.313
10.625 8.687 0.309 0.000 0.240 13.740 0.148 10.313
10.727 8.687 0.309 0.000 0.240 13.740 0.148 10.313
10.829 8.687 0.309 0.000 0.240 13.740 0.148 10.313
10.930 8.687 0.309 0.000 0.240 13.740 0.148 10.313
11.031 9.082 0.286 0.000 0.240 13.828 0.147 10.414
11.133 9.082 0.286 0.000 0.240 13.828 0.147 10.414
11.234 9.082 0.286 0.000 0.240 13.828 0.147 10.414
11.345 9.082 0.286 0.000 0.240 13.828 0.147 10.414
11.447 9.082 0.286 0.000 0.240 13.828 0.147 10.414
11.557 9.082 0.286 0.000 0.236 13.828 0.147 10.414
11.659 9.082 0.286 0.000 0.236 13.828 0.147 10.414
11.761 9.082 0.286 0.000 0.236 13.828 0.147 10.414
11.865 9.082 0.286 0.000 0.236 13.828 0.147 10.414
11.967 9.082 0.286 0.000 0.236 13.828 0.147 10.414
12.068 8.117 0.293 0.000 0.236 13.629 0.147 10.010
12.170 8.117 0.293 0.000 0.236 13.629 0.147 10.010
12.272 8.117 0.293 0.000 0.236 13.629 0.147 10.010
12.374 8.117 0.293 0.000 0.236 13.629 0.147 10.010
12.475 8.117 0.293 0.000 0.236 13.629 0.147 10.010
12.577 8.117 0.293 0.000 0.247 13.629 0.147 10.010
12.688 8.117 0.293 0.000 0.247 13.629 0.147 10.010
12.789 8.117 0.293 0.000 0.247 13.629 0.147 10.010
12.890 8.117 0.293 0.000 0.247 13.629 0.147 10.010
12.992 8.117 0.293 0.000 0.247 13.629 0.147 10.010
13.094 7.880 0.301 0.000 0.247 13.818 0.151 10.158
13.195 7.880 0.301 0.000 0.247 13.818 0.151 10.158
13.298 7.880 0.301 0.000 0.247 13.818 0.151 10.158
13.399 7.880 0.301 0.000 0.247 13.818 0.151 10.158
13.501 7.880 0.301 0.000 0.244 13.818 0.151 10.158
13.603 7.880 0.301 0.000 0.244 13.818 0.151 10.158
13.705 7.880 0.301 0.000 0.244 13.818 0.151 10.158
13.816 7.880 0.301 0.000 0.244 13.818 0.151 10.158
13.917 7.880 0.301 0.000 0.244 13.818 0.151 10.158
14.019 8.986 0.303 0.000 0.244 13.882 0.145 10.094
14.123 8.986 0.303 0.000 0.244 13.882 0.145 10.094
14.226 8.986 0.303 0.000 0.244 13.882 0.145 10.094
14.327 8.986 0.303 0.000 0.244 13.882 0.145 10.094
14.429 8.986 0.303 0.000 0.244 13.882 0.145 10.094
14.531 8.986 0.303 0.000 0.258 13.882 0.145 10.094
14.637 8.986 0.303 0.000 0.258 13.882 0.145 10.094
14.746 8.986 0.303 0.000 0.258 13.882 0.145 10.094
14.858 8.986 0.303 0.000 0.258 13.882 0.145 10.094
14.968 8.986 0.303 0.000 0.258 13.882 0.145 10.094
15.079 5.808 0.221 0.000 0.258 13.740 0.149 0.482
15.191 5.808 0.221 0.000 0.258 13.740 0.149 0.482
15.303 5.808 0.221 0.000 0.258 13.740 0.149 0.482
15.415 5.808 0.221 0.000 0.258 13.740 0.149 0.482
15.517 5.808 0.221 0.000 0.097 13.740 0.149 0.482
15.625 5.808 0.221 0.000 0.097 13.740 0.149 0.482
15.733 5.808 0.221 0.000 0.097 13.740 0.149 0.482
15.841 5.808 0.221 0.000 0.097 13.740 0.149 0.482
15.950 5.808 0.221 0.000 0.097 13.740 0.149 0.482
16.061 0.000 0.023 0.000 0.097 9.978 0.136 0.848
16.167 0.000 0.023 0.000 0.097 9.978 0.136 0.848
16.276 0.000 0.023 0.000 0.097 9.978 0.136 0.848
16.386 0.000 0.023 0.000 0.097 9.978 0.136 0.848
16.498 0.000 0.023 0.000 0.046 9.978 0.136 0.848
16.605 0.000 0.023 0.000 0.046 9.978 0.136 0.848
16.717 0.000 0.023 0.000 0.046 9.978 0.136 0.848
16.828 0.000 0.023 0.000 0.046 9.978 0.136 0.848
16.940 0.000 0.023 0.000 0.046 9.978 0.136 0.848
17.051 0.000 0.021 0.000 0.046 1.440 0.140 1.326
17.164 0.000 0.021 0.000 0.046 1.440 0.140 1.326
17.267 0.000 0.021 0.000 0.046 1.440 0.140 1.326
17.378 0.000 0.021 0.000 0.046 1.440 0.140 1.326
17.483 0.000 0.021 0.000 0.046 1.440 0.140 1.326
17.592 0.000 0.021 0.000 0.059 1.440 0.140 1.326
17.703 0.000 0.021 0.000 0.059 1.440 0.140 1.326
17.807 0.000 0.021 0.000 0.059 1.440 0.140 1.326
17.909 0.000 0.021 0.000 0.059 1.440 0.140 1.326
18.013 0.000 0.023 0.000 0.059 1.513 0.137 0.489
18.117 0.000 0.023 0.000 0.059 1.513 0.137 0.489
18.227 0.000 0.023 0.000 0.059 1.513 0.137 0.489
18.331 0.000 0.023 0.000 0.059 1.513 0.137 0.489
18.433 0.000 0.023 0.000 0.059 1.513 0.137 0.489
18.543 0.000 0.023 0.000 0.050 1.513 0.137 0.489
18.654 0.000 0.023 0.000 0.050 1.513 0.137 0.489
18.763 0.000 0.023 0.000 0.050 1.513 0.137 0.489
18.865 0.000 0.023 0.000 0.050 1.513 0.137 0.489
18.973 0.000 0.023 0.000 0.050 1.513 0.137 0.489
19.083 0.006 0.020 0.000 0.050 1.332 0.141 0.573
19.191 0.006 0.020 0.000 0.050 1.332 0.141 0.573
19.303 0.006 0.020 0.000 0.050 1.332 0.141 0.573
19.415 0.006 0.020 0.000 0.050 1.332 0.141 0.573
19.517 0.006 0.020 0.000 0.040 1.332 0.141 0.573
19.625 0.006 0.020 0.000 0.040 1.332 0.141 0.573
19.737 0.006 0.020 0.000 0.040 1.332 0.141 0.573
19.843 0.006 0.020 0.000 0.040 1.332 0.141 0.573
19.950 0.006 0.020 0.000 0.040 1.332 0.141 0.573
20.058 0.024 0.020 0.000 0.040 1.374 0.135 0.504
20.167 0.024 0.020 0.000 0.040 1.374 0.135 0.504
20.278 0.024 0.020 0.000 0.040 1.374 0.135 0.504
20.389 0.024 0.020 0.000 0.040 1.374 0.135 0.504
20.500 0.024 0.020 0.000 0.043 1.374 0.135 0.504
20.611 0.024 0.020 0.000 0.043 1.374 0.135 0.504
20.717 0.024 0.020 0.000 0.043 1.374 0.135 0.504
20.825 0.024 0.020 0.000 0.043 1.374 0.135 0.504
20.936 0.024 0.020 0.000 0.043 1.374 0.135 0.504
21.046 0.000 0.022 0.000 0.043 1.404 0.132 0.438
21.157 0.000 0.022 0.000 0.043 1.404 0.132 0.438
21.268 0.000 0.022 0.000 0.043 1.404 0.132 0.438
21.375 0.000 0.022 0.000 0.043 1.404 0.132 0.438
21.483 0.000 0.022 0.000 0.043 1.404 0.132 0.438
21.594 0.000 0.022 0.000 0.039 1.404 0.132 0.438
21.704 0.000 0.022 0.000 0.039 1.404 0.132 0.438
21.816 0.000 0.022 0.000 0.039 1.404 0.132 0.438
21.928 0.000 0.022 0.000 0.039 1.404 0.132 0.438
22.030 0.000 0.023 0.000 0.039 1.255 0.137 0.810
22.134 0.000 0.023 0.000 0.039 1.255 0.137 0.810
22.244 0.000 0.023 0.000 0.039 1.255 0.137 0.810
22.352 0.000 0.023 0.000 0.039 1.255 0.137 0.810
22.454 0.000 0.023 0.000 0.039 1.255 0.137 0.810
22.558 0.000 0.023 0.000 0.036 1.255 0.137 0.810
22.667 0.000 0.023 0.000 0.036 1.255 0.137 0.810
22.774 0.000 0.023 0.000 0.036 1.255 0.137 0.810
22.877 0.000 0.023 0.000 0.036 1.255 0.137 0.810
22.979 0.000 0.023 0.000 0.036 1.255 0.137 0.810
23.088 0.000 0.022 0.000 0.036 1.170 0.135 0.450
23.197 0.000 0.022 0.000 0.036 1.170 0.135 0.450
23.300 0.000 0.022 0.000 0.036 1.170 0.135 0.450
23.402 0.000 0.022 0.000 0.036 1.170 0.135 0.450
23.510 0.000 0.022 0.000 0.040 1.170 0.135 0.450
23.619 0.000 0.022 0.000 0.040 1.170 0.135 0.450
23.727 0.000 0.022 0.000 0.040 1.170 0.135 0.450
23.836 0.000 0.022 0.000 0.040 1.170 0.135 0.450
23.947 0.000 0.022 0.000 0.040 1.170 0.135 0.450
24.050 0.000 0.020 0.000 0.040 1.185 0.139 0.464
24.162 0.000 0.020 0.000 0.040 1.185 0.139 0.464
24.272 0.000 0.020 0.000 0.040 1.185 0.139 0.464
24.384 0.000 0.020 0.000 0.040 1.185 0.139 0.464
24.495 0.000 0.020 0.000 0.038 1.185 0.139 0.464
24.606 0.000 0.020 0.000 0.038 1.185 0.139 0.464
24.717 0.000 0.020 0.000 0.038 1.185 0.139 0.464
24.828 0.000 0.020 0.000 0.038 1.185 0.139 0.464
24.939 0.000 0.020 0.000 0.038 1.185 0.139 0.464
25.048 0.000 0.021 0.000 0.038 1.273 0.134 0.592
25.158 0.000 0.021 0.000 0.038 1.273 0.134 0.592
25.270 0.000 0.021 0.000 0.038 1.273 0.134 0.592
25.381 0.000 0.021 0.000 0.038 1.273 0.134 0.592
25.491 0.000 0.021 0.000 0.038 1.273 0.134 0.592
25.602 0.000 0.021 0.000 0.042 1.273 0.134 0.592
25.714 0.000 0.021 0.000 0.042 1.273 0.134 0.592
25.825 0.000 0.021 0.000 0.042 1.273 0.134 0.592
25.936 0.000 0.021 0.000 0.042 1.273 0.134 0.592
