0.000 0.000 0.019 0.000 0.045 1.486 0.133 0.436
0.111 0.000 0.019 0.000 0.045 1.486 0.133 0.436
0.218 0.000 0.019 0.000 0.045 1.486 0.133 0.436
0.322 0.000 0.019 0.000 0.045 1.486 0.133 0.436
0.426 0.000 0.019 0.000 0.045 1.486 0.133 0.436
0.529 0.041 0.022 0.000 0.045 1.324 0.141 0.873
0.641 0.041 0.022 0.000 0.045 1.324 0.141 0.873
0.751 0.041 0.022 0.000 0.045 1.324 0.141 0.873
0.858 0.041 0.022 0.000 0.045 1.324 0.141 0.873
0.964 0.041 0.022 0.000 0.043 1.324 0.141 0.873
1.074 0.041 0.022 0.000 0.043 1.324 0.141 0.873
1.185 0.041 0.022 0.000 0.043 1.324 0.141 0.873
1.297 0.041 0.022 0.000 0.043 1.324 0.141 0.873
1.407 0.041 0.022 0.000 0.043 1.324 0.141 0.873
1.516 0.416 0.024 0.000 0.043 1.456 0.137 0.517
1.624 0.416 0.024 0.000 0.043 1.456 0.137 0.517
1.729 0.416 0.024 0.000 0.043 1.456 0.137 0.517
1.838 0.416 0.024 0.000 0.043 1.456 0.137 0.517
1.945 0.416 0.024 0.000 0.043 1.456 0.137 0.517
2.046 0.416 0.024 0.000 0.092 1.456 0.137 0.517
2.154 0.416 0.024 0.000 0.092 1.456 0.137 0.517
2.257 0.416 0.024 0.000 0.092 1.456 0.137 0.517
2.365 0.416 0.024 0.000 0.092 1.456 0.137 0.517
2.468 4.789 0.191 0.000 0.092 2.019 0.148 10.437
2.579 4.789 0.191 0.000 0.092 2.019 0.148 10.437
2.683 4.789 0.191 0.000 0.092 2.019 0.148 10.437
2.790 4.789 0.191 0.000 0.092 2.019 0.148 10.437
2.901 4.789 0.191 0.000 0.092 2.019 0.148 10.437
3.004 4.789 0.191 0.000 0.325 2.019 0.148 10.437
3.115 4.789 0.191 0.000 0.325 2.019 0.148 10.437
3.226 4.789 0.191 0.000 0.325 2.019 0.148 10.437
3.330 4.789 0.191 0.000 0.325 2.019 0.148 10.437
3.441 4.789 0.191 0.000 0.325 2.019 0.148 10.437
3.551 8.252 0.346 0.000 0.325 8.724 0.155 10.211
3.658 8.252 0.346 0.000 0.325 8.724 0.155 10.211
3.760 8.252 0.346 0.000 0.325 8.724 0.155 10.211
3.868 8.252 0.346 0.000 0.325 8.724 0.155 10.211
3.969 8.252 0.346 0.000 0.323 8.724 0.155 10.211
4.070 8.252 0.346 0.000 0.323 8.724 0.155 10.211
4.172 8.252 0.346 0.000 0.323 8.724 0.155 10.211
4.275 8.252 0.346 0.000 0.323 8.724 0.155 10.211
4.386 8.252 0.346 0.000 0.323 8.724 0.155 10.211
4.497 7.992 0.322 0.000 0.323 13.836 0.151 10.467
4.600 7.992 0.322 0.000 0.323 13.836 0.151 10.467
4.702 7.992 0.322 0.000 0.323 13.836 0.151 10.467
4.803 7.992 0.322 0.000 0.323 13.836 0.151 10.467
4.914 7.992 0.322 0.000 0.323 13.836 0.151 10.467
5.025 7.992 0.322 0.000 0.327 13.836 0.151 10.467
5.127 7.992 0.322 0.000 0.327 13.836 0.151 10.467
5.232 7.992 0.322 0.000 0.327 13.836 0.151 10.467
5.333 7.992 0.322 0.000 0.327 13.836 0.151 10.467
5.439 7.992 0.322 0.000 0.327 13.836 0.151 10.467
5.551 8.285 0.323 0.000 0.327 13.864 0.160 10.353
5.662 8.285 0.323 0.000 0.327 13.864 0.160 10.353
5.764 8.285 0.323 0.000 0.327 13.864 0.160 10.353
5.865 8.285 0.323 0.000 0.327 13.864 0.160 10.353
5.976 8.285 0.323 0.000 0.329 13.864 0.160 10.353
6.084 8.285 0.323 0.000 0.329 13.864 0.160 10.353
6.186 8.285 0.323 0.000 0.329 13.864 0.160 10.353
6.287 8.285 0.323 0.000 0.329 13.864 0.160 10.353
6.391 8.285 0.323 0.000 0.329 13.864 0.160 10.353
6.492 8.235 0.343 0.000 0.329 13.983 0.154 10.186
6.593 8.235 0.343 0.000 0.329 13.983 0.154 10.186
6.696 8.235 0.343 0.000 0.329 13.983 0.154 10.186
6.804 8.235 0.343 0.000 0.329 13.983 0.154 10.186
6.907 8.235 0.343 0.000 0.329 13.983 0.154 10.186
7.008 8.235 0.343 0.000 0.326 13.983 0.154 10.186
7.116 8.235 0.343 0.000 0.326 13.983 0.154 10.186
7.222 8.235 0.343 0.000 0.326 13.983 0.154 10.186
7.324 8.235 0.343 0.000 0.326 13.983 0.154 10.186
7.432 8.235 0.343 0.000 0.326 13.983 0.154 10.186
7.540 8.047 0.333 0.000 0.326 13.907 0.158 10.292
7.651 8.047 0.333 0.000 0.326 13.907 0.158 10.292
7.762 8.047 0.333 0.000 0.326 13.907 0.158 10.292
7.865 8.047 0.333 0.000 0.326 13.907 0.158 10.292
7.970 8.047 0.333 0.000 0.325 13.907 0.158 10.292
8.072 8.047 0.333 0.000 0.325 13.907 0.158 10.292
8.173 8.047 0.333 0.000 0.325 13.907 0.158 10.292
8.282 8.047 0.333 0.000 0.325 13.907 0.158 10.292
8.391 8.047 0.333 0.000 0.325 13.907 0.158 10.292
8.495 8.125 0.338 0.000 0.325 13.893 0.156 10.333
8.606 8.125 0.338 0.000 0.325 13.893 0.156 10.333
8.709 8.125 0.338 0.000 0.325 13.893 0.156 10.333
8.813 8.125 0.338 0.000 0.325 13.893 0.156 10.333
8.917 8.125 0.338 0.000 0.325 13.893 0.156 10.333
9.019 8.125 0.338 0.000 0.324 13.893 0.156 10.333
9.127 8.125 0.338 0.000 0.324 13.893 0.156 10.333
9.232 8.125 0.338 0.000 0.324 13.893 0.156 10.333
9.343 8.125 0.338 0.000 0.324 13.893 0.156 10.333
9.445 8.125 0.338 0.000 0.324 13.893 0.156 10.333
9.556 8.170 0.322 0.000 0.324 13.882 0.157 10.393
9.658 8.170 0.322 0.000 0.324 13.882 0.157 10.393
9.769 8.170 0.322 0.000 0.324 13.882 0.157 10.393
9.880 8.170 0.322 0.000 0.324 13.882 0.157 10.393
9.991 8.170 0.322 0.000 0.334 13.882 0.157 10.393
10.102 8.170 0.322 0.000 0.334 13.882 0.157 10.393
10.212 8.170 0.322 0.000 0.334 13.882 0.157 10.393
10.316 8.170 0.322 0.000 0.334 13.882 0.157 10.393
10.424 8.170 0.322 0.000 0.334 13.882 0.157 10.393
10.526 8.233 0.350 0.000 0.334 13.925 0.155 10.457
10.637 8.233 0.350 0.000 0.334 13.925 0.155 10.457
10.741 8.233 0.350 0.000 0.334 13.925 0.155 10.457
10.852 8.233 0.350 0.000 0.334 13.925 0.155 10.457
10.953 8.233 0.350 0.000 0.333 13.925 0.155 10.457
11.064 8.233 0.350 0.000 0.333 13.925 0.155 10.457
11.175 8.233 0.350 0.000 0.333 13.925 0.155 10.457
11.277 8.233 0.350 0.000 0.333 13.925 0.155 10.457
11.388 8.233 0.350 0.000 0.333 13.925 0.155 10.457
11.491 8.155 0.332 0.000 0.333 14.279 0.162 10.266
11.596 8.155 0.332 0.000 0.333 14.279 0.162 10.266
11.699 8.155 0.332 0.000 0.333 14.279 0.162 10.266
11.802 8.155 0.332 0.000 0.333 14.279 0.162 10.266
11.904 8.155 0.332 0.000 0.333 14.279 0.162 10.266
12.010 8.155 0.332 0.000 0.328 14.279 0.162 10.266
12.121 8.155 0.332 0.000 0.328 14.279 0.162 10.266
12.232 8.155 0.332 0.000 0.328 14.279 0.162 10.266
12.342 8.155 0.332 0.000 0.328 14.279 0.162 10.266
12.453 8.155 0.332 0.000 0.328 14.279 0.162 10.266
12.559 8.152 0.335 0.000 0.328 14.001 0.156 10.254
12.661 8.152 0.335 0.000 0.328 14.001 0.156 10.254
12.767 8.152 0.335 0.000 0.328 14.001 0.156 10.254
12.875 8.152 0.335 0.000 0.328 14.001 0.156 10.254
12.981 8.152 0.335 0.000 0.325 14.001 0.156 10.254
13.085 8.152 0.335 0.000 0.325 14.001 0.156 10.254
13.196 8.152 0.335 0.000 0.325 14.001 0.156 10.254
13.297 8.152 0.335 0.000 0.325 14.001 0.156 10.254
13.408 8.152 0.335 0.000 0.325 14.001 0.156 10.254
13.516 8.266 0.340 0.000 0.325 14.038 0.158 10.290
13.618 8.266 0.340 0.000 0.325 14.038 0.158 10.290
13.730 8.266 0.340 0.000 0.325 14.038 0.158 10.290
13.841 8.266 0.340 0.000 0.325 14.038 0.158 10.290
13.942 8.266 0.340 0.000 0.325 14.038 0.158 10.290
14.045 8.266 0.340 0.000 0.324 14.038 0.158 10.290
14.152 8.266 0.340 0.000 0.324 14.038 0.158 10.290
14.257 8.266 0.340 0.000 0.324 14.038 0.158 10.290
14.368 8.266 0.340 0.000 0.324 14.038 0.158 10.290
14.469 8.056 0.330 0.000 0.324 13.968 0.156 10.197
14.575 8.056 0.330 0.000 0.324 13.968 0.156 10.197
14.676 8.056 0.330 0.000 0.324 13.968 0.156 10.197
14.784 8.056 0.330 0.000 0.324 13.968 0.156 10.197
14.888 8.056 0.330 0.000 0.324 13.968 0.156 10.197
14.992 8.056 0.330 0.000 0.324 13.968 0.156 10.197
15.103 8.056 0.330 0.000 0.324 13.968 0.156 10.197
15.214 8.056 0.330 0.000 0.324 13.968 0.156 10.197
15.325 8.056 0.330 0.000 0.324 13.968 0.156 10.197
15.436 8.056 0.330 0.000 0.324 13.968 0.156 10.197
15.541 6.494 0.270 0.000 0.324 13.947 0.151 0.438
15.649 6.494 0.270 0.000 0.324 13.947 0.151 0.438
15.758 6.494 0.270 0.000 0.324 13.947 0.151 0.438
15.864 6.494 0.270 0.000 0.324 13.947 0.151 0.438
15.974 6.494 0.270 0.000 0.125 13.947 0.151 0.438
16.082 6.494 0.270 0.000 0.125 13.947 0.151 0.438
16.191 6.494 0.270 0.000 0.125 13.947 0.151 0.438
16.299 6.494 0.270 0.000 0.125 13.947 0.151 0.438
16.407 6.494 0.270 0.000 0.125 13.947 0.151 0.438
16.519 0.000 0.022 0.000 0.125 11.125 0.133 0.905
16.631 0.000 0.022 0.000 0.125 11.125 0.133 0.905
16.741 0.000 0.022 0.000 0.125 11.125 0.133 0.905
16.849 0.000 0.022 0.000 0.125 11.125 0.133 0.905
16.958 0.000 0.022 0.000 0.057 11.125 0.133 0.905
17.067 0.000 0.022 0.000 0.057 11.125 0.133 0.905
17.174 0.000 0.022 0.000 0.057 11.125 0.133 0.905
17.286 0.000 0.022 0.000 0.057 11.125 0.133 0.905
17.391 0.000 0.022 0.000 0.057 11.125 0.133 0.905
17.500 0.000 0.027 0.000 0.057 1.247 0.139 0.527
17.608 0.000 0.027 0.000 0.057 1.247 0.139 0.527
17.716 0.000 0.027 0.000 0.057 1.247 0.139 0.527
17.824 0.000 0.027 0.000 0.057 1.247 0.139 0.527
17.936 0.000 0.027 0.000 0.057 1.247 0.139 0.527
18.047 0.000 0.027 0.000 0.039 1.247 0.139 0.527
18.154 0.000 0.027 0.000 0.039 1.247 0.139 0.527
18.265 0.000 0.027 0.000 0.039 1.247 0.139 0.527
18.373 0.000 0.027 0.000 0.039 1.247 0.139 0.527
18.484 0.000 0.023 0.000 0.039 1.431 0.136 0.581
18.590 0.000 0.023 0.000 0.039 1.431 0.136 0.581
18.702 0.000 0.023 0.000 0.039 1.431 0.136 0.581
18.808 0.000 0.023 0.000 0.039 1.431 0.136 0.581
18.917 0.000 0.023 0.000 0.039 1.431 0.136 0.581
19.024 0.000 0.023 0.000 0.045 1.431 0.136 0.581
19.135 0.000 0.023 0.000 0.045 1.431 0.136 0.581
19.244 0.000 0.023 0.000 0.045 1.431 0.136 0.581
19.349 0.000 0.023 0.000 0.045 1.431 0.136 0.581
19.460 0.000 0.024 0.000 0.045 1.219 0.143 0.431
19.571 0.000 0.024 0.000 0.045 1.219 0.143 0.431
19.682 0.000 0.024 0.000 0.045 1.219 0.143 0.431
19.791 0.000 0.024 0.000 0.045 1.219 0.143 0.431
19.895 0.000 0.024 0.000 0.045 1.219 0.143 0.431
20.007 0.000 0.024 0.000 0.044 1.219 0.143 0.431
20.119 0.000 0.024 0.000 0.044 1.219 0.143 0.431
20.227 0.000 0.024 0.000 0.044 1.219 0.143 0.431
20.339 0.000 0.024 0.000 0.044 1.219 0.143 0.431
20.451 0.000 0.024 0.000 0.044 1.219 0.143 0.431
20.563 0.035 0.021 0.000 0.044 1.339 0.138 0.513
20.674 0.035 0.021 0.000 0.044 1.339 0.138 0.513
20.782 0.035 0.021 0.000 0.044 1.339 0.138 0.513
20.892 0.035 0.021 0.000 0.044 1.339 0.138 0.513
21.004 0.035 0.021 0.000 0.040 1.339 0.138 0.513
21.111 0.035 0.021 0.000 0.040 1.339 0.138 0.513
21.220 0.035 0.021 0.000 0.040 1.339 0.138 0.513
21.331 0.035 0.021 0.000 0.040 1.339 0.138 0.513
21.441 0.035 0.021 0.000 0.040 1.339 0.138 0.513
21.549 0.000 0.023 0.000 0.040 1.338 0.134 0.445
21.659 0.000 0.023 0.000 0.040 1.338 0.134 0.445
21.768 0.000 0.023 0.000 0.040 1.338 0.134 0.445
21.875 0.000 0.023 0.000 0.040 1.338 0.134 0.445
21.985 0.000 0.023 0.000 0.038 1.338 0.134 0.445
22.091 0.000 0.023 0.000 0.038 1.338 0.134 0.445
22.199 0.000 0.023 0.000 0.038 1.338 0.134 0.445
22.308 0.000 0.023 0.000 0.038 1.338 0.134 0.445
22.416 0.000 0.023 0.000 0.038 1.338 0.134 0.445
22.524 0.000 0.023 0.000 0.038 1.232 0.133 0.431
22.634 0.000 0.023 0.000 0.038 1.232 0.133 0.431
22.741 0.000 0.023 0.000 0.038 1.232 0.133 0.431
22.851 0.000 0.023 0.000 0.038 1.232 0.133 0.431
22.958 0.000 0.023 0.000 0.037 1.232 0.133 0.431
23.070 0.000 0.023 0.000 0.037 1.232 0.133 0.431
23.179 0.000 0.023 0.000 0.037 1.232 0.133 0.431
23.288 0.000 0.023 0.000 0.037 1.232 0.133 0.431
23.397 0.000 0.023 0.000 0.037 1.232 0.133 0.431
23.508 0.000 0.024 0.000 0.037 1.210 0.136 0.450
23.618 0.000 0.024 0.000 0.037 1.210 0.136 0.450
23.724 0.000 0.024 0.000 0.037 1.210 0.136 0.450
23.835 0.000 0.024 0.000 0.037 1.210 0.136 0.450
23.945 0.000 0.024 0.000 0.037 1.210 0.136 0.450
24.051 0.000 0.024 0.000 0.052 1.210 0.136 0.450
24.162 0.000 0.024 0.000 0.052 1.210 0.136 0.450
24.274 0.000 0.024 0.000 0.052 1.210 0.136 0.450
24.385 0.000 0.024 0.000 0.052 1.210 0.136 0.450
24.492 0.000 0.023 0.000 0.052 1.233 0.146 0.524
24.604 0.000 0.023 0.000 0.052 1.233 0.146 0.524
24.713 0.000 0.023 0.000 0.052 1.233 0.146 0.524
24.824 0.000 0.023 0.000 0.052 1.233 0.146 0.524
24.932 0.000 0.023 0.000 0.052 1.233 0.146 0.524
25.041 0.000 0.023 0.000 0.038 1.233 0.146 0.524
25.149 0.000 0.023 0.000 0.038 1.233 0.146 0.524
25.258 0.000 0.023 0.000 0.038 1.233 0.146 0.524
25.365 0.000 0.023 0.000 0.038 1.233 0.146 0.524
25.477 0.058 0.023 0.000 0.038 1.295 0.144 0.711
25.587 0.058 0.023 0.000 0.038 1.295 0.144 0.711
25.699 0.058 0.023 0.000 0.038 1.295 0.144 0.711
25.811 0.058 0.023 0.000 0.038 1.295 0.144 0.711
25.920 0.058 0.023 0.000 0.038 1.295 0.144 0.711
