0.000 0.000 0.021 0.000 0.039 1.215 0.137 0.394
0.107 0.000 0.021 0.000 0.039 1.215 0.137 0.394
0.214 0.000 0.021 0.000 0.039 1.215 0.137 0.394
0.322 0.000 0.021 0.000 0.039 1.279 0.140 0.484
0.431 0.000 0.021 0.000 0.039 1.279 0.140 0.484
0.542 0.000 0.021 0.000 0.039 1.279 0.140 0.484
0.653 0.000 0.021 0.000 0.039 1.279 0.140 0.484
0.756 0.000 0.021 0.000 0.039 1.279 0.140 0.484
0.864 0.000 0.021 0.000 0.041 1.279 0.140 0.484
0.973 0.000 0.021 0.000 0.041 1.279 0.140 0.484
1.080 0.000 0.021 0.000 0.041 1.279 0.140 0.484
1.191 0.000 0.021 0.000 0.041 1.279 0.140 0.484
1.302 0.506 0.027 0.000 0.041 1.321 0.136 0.512
1.413 0.506 0.027 0.000 0.041 1.321 0.136 0.512
1.522 0.506 0.027 0.000 0.041 1.321 0.136 0.512
1.631 0.506 0.027 0.000 0.041 1.321 0.136 0.512
1.734 0.506 0.027 0.000 0.041 1.321 0.136 0.512
1.841 0.506 0.027 0.000 0.066 1.321 0.136 0.512
1.947 0.506 0.027 0.000 0.066 1.321 0.136 0.512
2.059 0.506 0.027 0.000 0.066 1.321 0.136 0.512
2.161 0.506 0.027 0.000 0.066 1.321 0.136 0.512
2.263 0.506 0.027 0.000 0.066 1.321 0.136 0.512
2.368 1.950 0.040 0.000 0.066 2.082 0.136 6.607
2.470 1.950 0.040 0.000 0.066 2.082 0.136 6.607
2.581 1.950 0.040 0.000 0.066 2.082 0.136 6.607
2.692 1.950 0.040 0.000 0.066 2.082 0.136 6.607
2.795 1.950 0.040 0.000 0.170 2.082 0.136 6.607
2.906 1.950 0.040 0.000 0.170 2.082 0.136 6.607
3.008 1.950 0.040 0.000 0.170 2.082 0.136 6.607
3.119 1.950 0.040 0.000 0.170 2.082 0.136 6.607
3.223 1.950 0.040 0.000 0.170 2.082 0.136 6.607
3.332 5.634 0.092 0.000 0.170 4.048 0.145 6.608
3.435 5.634 0.092 0.000 0.170 4.048 0.145 6.608
3.539 5.634 0.092 0.000 0.170 4.048 0.145 6.608
3.643 5.634 0.092 0.000 0.170 4.048 0.145 6.608
3.754 5.634 0.092 0.000 0.170 4.048 0.145 6.608
3.858 5.634 0.092 0.000 0.195 4.048 0.145 6.608
3.963 5.634 0.092 0.000 0.195 4.048 0.145 6.608
4.072 5.634 0.092 0.000 0.195 4.048 0.145 6.608
4.174 5.634 0.092 0.000 0.195 4.048 0.145 6.608
4.285 5.705 0.088 0.000 0.195 9.348 0.144 6.713
4.390 5.705 0.088 0.000 0.195 9.348 0.144 6.713
4.501 5.705 0.088 0.000 0.195 9.348 0.144 6.713
4.606 5.705 0.088 0.000 0.195 9.348 0.144 6.713
4.717 5.705 0.088 0.000 0.195 9.348 0.144 6.713
4.824 5.705 0.088 0.000 0.205 9.348 0.144 6.713
4.936 5.705 0.088 0.000 0.205 9.348 0.144 6.713
5.047 5.705 0.088 0.000 0.205 9.348 0.144 6.713
5.152 5.705 0.088 0.000 0.205 9.348 0.144 6.713
5.256 5.705 0.088 0.000 0.205 9.348 0.144 6.713
5.367 5.703 0.105 0.000 0.205 9.584 0.144 6.483
5.471 5.703 0.105 0.000 0.205 9.584 0.144 6.483
5.582 5.703 0.105 0.000 0.205 9.584 0.144 6.483
5.683 5.703 0.105 0.000 0.205 9.584 0.144 6.483
5.788 5.703 0.105 0.000 0.222 9.584 0.144 6.483
5.890 5.703 0.105 0.000 0.222 9.584 0.144 6.483
6.001 5.703 0.105 0.000 0.222 9.584 0.144 6.483
6.112 5.703 0.105 0.000 0.222 9.584 0.144 6.483
6.216 5.703 0.105 0.000 0.222 9.584 0.144 6.483
6.322 5.707 0.113 0.000 0.222 9.588 0.151 6.715
6.425 5.707 0.113 0.000 0.222 9.588 0.151 6.715
6.531 5.707 0.113 0.000 0.222 9.588 0.151 6.715
6.642 5.707 0.113 0.000 0.222 9.588 0.151 6.715
6.753 5.707 0.113 0.000 0.222 9.588 0.151 6.715
6.858 5.707 0.113 0.000 0.204 9.588 0.151 6.715
6.959 5.707 0.113 0.000 0.204 9.588 0.151 6.715
7.063 5.707 0.113 0.000 0.204 9.588 0.151 6.715
7.165 5.707 0.113 0.000 0.204 9.588 0.151 6.715
7.273 5.587 0.097 0.000 0.204 9.590 0.143 6.465
7.375 5.587 0.097 0.000 0.204 9.590 0.143 6.465
7.481 5.587 0.097 0.000 0.204 9.590 0.143 6.465
7.592 5.587 0.097 0.000 0.204 9.590 0.143 6.465
7.703 5.587 0.097 0.000 0.204 9.590 0.143 6.465
7.814 5.587 0.097 0.000 0.204 9.590 0.143 6.465
7.925 5.587 0.097 0.000 0.204 9.590 0.143 6.465
8.032 5.587 0.097 0.000 0.204 9.590 0.143 6.465
8.143 5.587 0.097 0.000 0.204 9.590 0.143 6.465
8.244 5.587 0.097 0.000 0.204 9.590 0.143 6.465
8.348 5.683 0.080 0.000 0.204 9.389 0.142 6.666
8.454 5.683 0.080 0.000 0.204 9.389 0.142 6.666
8.558 5.683 0.080 0.000 0.204 9.389 0.142 6.666
8.669 5.683 0.080 0.000 0.204 9.389 0.142 6.666
8.780 5.683 0.080 0.000 0.213 9.389 0.142 6.666
8.891 5.683 0.080 0.000 0.213 9.389 0.142 6.666
8.995 5.683 0.080 0.000 0.213 9.389 0.142 6.666
9.107 5.683 0.080 0.000 0.213 9.389 0.142 6.666
9.218 5.683 0.080 0.000 0.213 9.389 0.142 6.666
9.329 5.680 0.109 0.000 0.213 9.354 0.152 6.757
9.440 5.680 0.109 0.000 0.213 9.354 0.152 6.757
9.541 5.680 0.109 0.000 0.213 9.354 0.152 6.757
9.652 5.680 0.109 0.000 0.213 9.354 0.152 6.757
9.764 5.680 0.109 0.000 0.189 9.354 0.152 6.757
9.867 5.680 0.109 0.000 0.189 9.354 0.152 6.757
9.978 5.680 0.109 0.000 0.189 9.354 0.152 6.757
10.081 5.680 0.109 0.000 0.189 9.354 0.152 6.757
10.186 5.680 0.109 0.000 0.189 9.354 0.152 6.757
10.297 5.593 0.076 0.000 0.189 9.253 0.138 6.718
10.408 5.593 0.076 0.000 0.189 9.253 0.138 6.718
10.517 5.593 0.076 0.000 0.189 9.253 0.138 6.718
10.628 5.593 0.076 0.000 0.189 9.253 0.138 6.718
10.730 5.593 0.076 0.000 0.189 9.253 0.138 6.718
10.833 5.593 0.076 0.000 0.190 9.253 0.138 6.718
10.938 5.593 0.076 0.000 0.190 9.253 0.138 6.718
11.041 5.593 0.076 0.000 0.190 9.253 0.138 6.718
11.145 5.593 0.076 0.000 0.190 9.253 0.138 6.718
11.257 5.593 0.076 0.000 0.190 9.253 0.138 6.718
11.361 5.611 0.094 0.000 0.190 9.196 0.144 6.738
11.467 5.611 0.094 0.000 0.190 9.196 0.144 6.738
11.578 5.611 0.094 0.000 0.190 9.196 0.144 6.738
11.683 5.611 0.094 0.000 0.190 9.196 0.144 6.738
11.794 5.611 0.094 0.000 0.204 9.196 0.144 6.738
11.905 5.611 0.094 0.000 0.204 9.196 0.144 6.738
12.017 5.611 0.094 0.000 0.204 9.196 0.144 6.738
12.128 5.611 0.094 0.000 0.204 9.196 0.144 6.738
12.239 5.611 0.094 0.000 0.204 9.196 0.144 6.738
12.350 5.798 0.086 0.000 0.204 9.187 0.148 6.857
12.461 5.798 0.086 0.000 0.204 9.187 0.148 6.857
12.572 5.798 0.086 0.000 0.204 9.187 0.148 6.857
12.676 5.798 0.086 0.000 0.204 9.187 0.148 6.857
12.787 5.798 0.086 0.000 0.206 9.187 0.148 6.857
12.898 5.798 0.086 0.000 0.206 9.187 0.148 6.857
13.001 5.798 0.086 0.000 0.206 9.187 0.148 6.857
13.102 5.798 0.086 0.000 0.206 9.187 0.148 6.857
13.213 5.798 0.086 0.000 0.206 9.187 0.148 6.857
13.324 5.945 0.119 0.000 0.206 9.553 0.157 8.758
13.431 5.945 0.119 0.000 0.206 9.553 0.157 8.758
13.542 5.945 0.119 0.000 0.206 9.553 0.157 8.758
13.654 5.945 0.119 0.000 0.206 9.553 0.157 8.758
13.765 5.945 0.119 0.000 0.235 9.553 0.157 8.758
13.868 5.945 0.119 0.000 0.235 9.553 0.157 8.758
13.970 5.945 0.119 0.000 0.235 9.553 0.157 8.758
14.081 5.945 0.119 0.000 0.235 9.553 0.157 8.758
14.183 5.945 0.119 0.000 0.235 9.553 0.157 8.758
14.291 5.661 0.084 0.000 0.235 10.285 0.147 8.642
14.402 5.661 0.084 0.000 0.235 10.285 0.147 8.642
14.504 5.661 0.084 0.000 0.235 10.285 0.147 8.642
14.612 5.661 0.084 0.000 0.235 10.285 0.147 8.642
14.724 5.661 0.084 0.000 0.235 10.285 0.147 8.642
14.828 5.661 0.084 0.000 0.215 10.285 0.147 8.642
14.935 5.661 0.084 0.000 0.215 10.285 0.147 8.642
15.039 5.661 0.084 0.000 0.215 10.285 0.147 8.642
15.145 5.661 0.084 0.000 0.215 10.285 0.147 8.642
15.248 5.661 0.084 0.000 0.215 10.285 0.147 8.642
15.359 2.375 0.058 0.000 0.215 9.634 0.140 0.481
15.464 2.375 0.058 0.000 0.215 9.634 0.140 0.481
15.576 2.375 0.058 0.000 0.215 9.634 0.140 0.481
15.681 2.375 0.058 0.000 0.215 9.634 0.140 0.481
15.789 2.375 0.058 0.000 0.049 9.634 0.140 0.481
15.900 2.375 0.058 0.000 0.049 9.634 0.140 0.481
16.011 2.375 0.058 0.000 0.049 9.634 0.140 0.481
16.114 2.375 0.058 0.000 0.049 9.634 0.140 0.481
16.222 2.375 0.058 0.000 0.049 9.634 0.140 0.481
16.333 0.000 0.021 0.000 0.049 5.011 0.136 0.840
16.436 0.000 0.021 0.000 0.049 5.011 0.136 0.840
16.548 0.000 0.021 0.000 0.049 5.011 0.136 0.840
16.657 0.000 0.021 0.000 0.049 5.011 0.136 0.840
16.767 0.000 0.021 0.000 0.038 5.011 0.136 0.840
16.870 0.000 0.021 0.000 0.038 5.011 0.136 0.840
16.972 0.000 0.021 0.000 0.038 5.011 0.136 0.840
17.081 0.000 0.021 0.000 0.038 5.011 0.136 0.840
17.189 0.000 0.021 0.000 0.038 5.011 0.136 0.840
17.296 0.000 0.022 0.000 0.038 1.465 0.136 0.785
17.408 0.000 0.022 0.000 0.038 1.465 0.136 0.785
17.514 0.000 0.022 0.000 0.038 1.465 0.136 0.785
17.617 0.000 0.022 0.000 0.038 1.465 0.136 0.785
17.722 0.000 0.022 0.000 0.038 1.465 0.136 0.785
17.831 0.000 0.022 0.000 0.057 1.465 0.136 0.785
17.941 0.000 0.022 0.000 0.057 1.465 0.136 0.785
18.053 0.000 0.022 0.000 0.057 1.465 0.136 0.785
18.164 0.000 0.022 0.000 0.057 1.465 0.136 0.785
18.273 0.000 0.022 0.000 0.057 1.512 0.133 0.523
18.384 0.000 0.022 0.000 0.057 1.512 0.133 0.523
18.495 0.000 0.022 0.000 0.057 1.512 0.133 0.523
18.605 0.000 0.022 0.000 0.057 1.512 0.133 0.523
18.714 0.000 0.022 0.000 0.057 1.512 0.133 0.523
18.825 0.000 0.022 0.000 0.043 1.512 0.133 0.523
18.936 0.000 0.022 0.000 0.043 1.512 0.133 0.523
19.047 0.000 0.022 0.000 0.043 1.512 0.133 0.523
19.152 0.000 0.022 0.000 0.043 1.512 0.133 0.523
19.255 0.000 0.022 0.000 0.043 1.512 0.133 0.523
19.367 0.000 0.022 0.000 0.043 1.318 0.139 0.547
19.468 0.000 0.022 0.000 0.043 1.318 0.139 0.547
19.580 0.000 0.022 0.000 0.043 1.318 0.139 0.547
19.689 0.000 0.022 0.000 0.043 1.318 0.139 0.547
19.798 0.000 0.022 0.000 0.040 1.318 0.139 0.547
19.904 0.000 0.022 0.000 0.040 1.318 0.139 0.547
20.007 0.000 0.022 0.000 0.040 1.318 0.139 0.547
20.116 0.000 0.022 0.000 0.040 1.318 0.139 0.547
20.228 0.000 0.022 0.000 0.040 1.318 0.139 0.547
20.331 0.000 0.022 0.000 0.040 1.429 0.133 1.354
20.438 0.000 0.022 0.000 0.040 1.429 0.133 1.354
20.549 0.000 0.022 0.000 0.040 1.429 0.133 1.354
20.652 0.000 0.022 0.000 0.040 1.429 0.133 1.354
20.755 0.000 0.022 0.000 0.040 1.429 0.133 1.354
20.866 0.000 0.022 0.000 0.074 1.429 0.133 1.354
20.978 0.000 0.022 0.000 0.074 1.429 0.133 1.354
21.082 0.000 0.022 0.000 0.074 1.429 0.133 1.354
21.185 0.000 0.022 0.000 0.074 1.429 0.133 1.354
21.293 0.000 0.024 0.000 0.074 1.377 0.138 1.039
21.398 0.000 0.024 0.000 0.074 1.377 0.138 1.039
21.501 0.000 0.024 0.000 0.074 1.377 0.138 1.039
21.613 0.000 0.024 0.000 0.074 1.377 0.138 1.039
21.722 0.000 0.024 0.000 0.074 1.377 0.138 1.039
21.831 0.000 0.024 0.000 0.066 1.377 0.138 1.039
21.939 0.000 0.024 0.000 0.066 1.377 0.138 1.039
22.045 0.000 0.024 0.000 0.066 1.377 0.138 1.039
22.152 0.000 0.024 0.000 0.066 1.377 0.138 1.039
22.261 0.000 0.024 0.000 0.066 1.377 0.138 1.039
22.370 0.000 0.024 0.000 0.066 1.762 0.141 0.436
22.481 0.000 0.024 0.000 0.066 1.762 0.141 0.436
22.584 0.000 0.024 0.000 0.066 1.762 0.141 0.436
22.694 0.000 0.024 0.000 0.066 1.762 0.141 0.436
22.798 0.000 0.024 0.000 0.049 1.762 0.141 0.436
22.907 0.000 0.024 0.000 0.049 1.762 0.141 0.436
23.014 0.000 0.024 0.000 0.049 1.762 0.141 0.436
23.124 0.000 0.024 0.000 0.049 1.762 0.141 0.436
23.236 0.000 0.024 0.000 0.049 1.762 0.141 0.436
23.347 0.000 0.020 0.000 0.049 1.599 0.130 0.407
23.455 0.000 0.020 0.000 0.049 1.599 0.130 0.407
23.564 0.000 0.020 0.000 0.049 1.599 0.130 0.407
23.672 0.000 0.020 0.000 0.049 1.599 0.130 0.407
23.782 0.000 0.020 0.000 0.039 1.599 0.130 0.407
23.892 0.000 0.020 0.000 0.039 1.599 0.130 0.407
24.001 0.000 0.020 0.000 0.039 1.599 0.130 0.407
24.112 0.000 0.020 0.000 0.039 1.599 0.130 0.407
24.224 0.000 0.020 0.000 0.039 1.599 0.130 0.407
24.331 0.000 0.021 0.000 0.039 1.225 0.132 0.605
24.443 0.000 0.021 0.000 0.039 1.225 0.132 0.605
24.548 0.000 0.021 0.000 0.039 1.225 0.132 0.605
24.656 0.000 0.021 0.000 0.039 1.225 0.132 0.605
24.761 0.000 0.021 0.000 0.038 1.225 0.132 0.605
24.864 0.000 0.021 0.000 0.038 1.225 0.132 0.605
24.976 0.000 0.021 0.000 0.038 1.225 0.132 0.605
25.081 0.000 0.021 0.000 0.038 1.225 0.132 0.605
25.192 0.000 0.021 0.000 0.038 1.225 0.132 0.605
25.298 0.043 0.022 0.000 0.038 1.179 0.139 0.497
25.409 0.043 0.022 0.000 0.038 1.179 0.139 0.497
25.513 0.043 0.022 0.000 0.038 1.179 0.139 0.497
25.622 0.043 0.022 0.000 0.038 1.179 0.139 0.497
25.731 0.043 0.022 0.000 0.038 1.179 0.139 0.497
25.843 0.043 0.022 0.000 0.042 1.179 0.139 0.497
25.954 0.043 0.022 0.000 0.042 1.179 0.139 0.497
