0.000 0.035 0.022 0.000 0.039 1.196 0.135 0.515
0.111 0.035 0.022 0.000 0.039 1.196 0.135 0.515
0.220 0.035 0.022 0.000 0.039 1.196 0.135 0.515
0.331 0.035 0.022 0.000 0.039 1.196 0.135 0.515
0.439 0.035 0.022 0.000 0.044 1.196 0.135 0.515
0.550 0.035 0.022 0.000 0.044 1.196 0.135 0.515
0.658 0.035 0.022 0.000 0.044 1.196 0.135 0.515
0.770 0.035 0.022 0.000 0.044 1.196 0.135 0.515
0.875 0.035 0.022 0.000 0.044 1.196 0.135 0.515
0.977 0.000 0.022 0.000 0.044 1.274 0.138 0.517
1.089 0.000 0.022 0.000 0.044 1.274 0.138 0.517
1.200 0.000 0.022 0.000 0.044 1.274 0.138 0.517
1.311 0.000 0.022 0.000 0.044 1.274 0.138 0.517
1.416 0.000 0.022 0.000 0.065 1.274 0.138 0.517
1.525 0.000 0.022 0.000 0.065 1.274 0.138 0.517
1.634 0.000 0.022 0.000 0.065 1.274 0.138 0.517
1.743 0.000 0.022 0.000 0.065 1.274 0.138 0.517
1.853 0.000 0.022 0.000 0.065 1.274 0.138 0.517
1.958 0.814 0.030 0.000 0.065 1.232 0.137 3.125
2.069 0.814 0.030 0.000 0.065 1.232 0.137 3.125
2.180 0.814 0.030 0.000 0.065 1.232 0.137 3.125
2.282 0.814 0.030 0.000 0.065 1.232 0.137 3.125
2.393 0.814 0.030 0.000 0.065 1.232 0.137 3.125
2.497 0.814 0.030 0.000 0.112 1.232 0.137 3.125
2.599 0.814 0.030 0.000 0.112 1.232 0.137 3.125
2.710 0.814 0.030 0.000 0.112 1.232 0.137 3.125
2.813 0.814 0.030 0.000 0.112 1.232 0.137 3.125
2.924 5.956 0.074 0.000 0.112 2.450 0.144 7.298
3.035 5.956 0.074 0.000 0.112 2.450 0.144 7.298
3.143 5.956 0.074 0.000 0.112 2.450 0.144 7.298
3.245 5.956 0.074 0.000 0.112 2.450 0.144 7.298
3.356 5.956 0.074 0.000 0.112 2.450 0.144 7.298
3.458 5.956 0.074 0.000 0.217 2.450 0.144 7.298
3.561 5.956 0.074 0.000 0.217 2.450 0.144 7.298
3.663 5.956 0.074 0.000 0.217 2.450 0.144 7.298
3.774 5.956 0.074 0.000 0.217 2.450 0.144 7.298
3.886 5.956 0.074 0.000 0.217 2.450 0.144 7.298
3.997 6.123 0.094 0.000 0.217 9.300 0.149 6.993
4.108 6.123 0.094 0.000 0.217 9.300 0.149 6.993
4.219 6.123 0.094 0.000 0.217 9.300 0.149 6.993
4.330 6.123 0.094 0.000 0.217 9.300 0.149 6.993
4.431 6.123 0.094 0.000 0.202 9.300 0.149 6.993
4.539 6.123 0.094 0.000 0.202 9.300 0.149 6.993
4.644 6.123 0.094 0.000 0.202 9.300 0.149 6.993
4.747 6.123 0.094 0.000 0.202 9.300 0.149 6.993
4.858 6.123 0.094 0.000 0.202 9.300 0.149 6.993
4.960 6.261 0.073 0.000 0.202 9.914 0.145 7.537
5.063 6.261 0.073 0.000 0.202 9.914 0.145 7.537
5.165 6.261 0.073 0.000 0.202 9.914 0.145 7.537
5.276 6.261 0.073 0.000 0.202 9.914 0.145 7.537
5.379 6.261 0.073 0.000 0.202 9.914 0.145 7.537
5.481 6.261 0.073 0.000 0.203 9.914 0.145 7.537
5.584 6.261 0.073 0.000 0.203 9.914 0.145 7.537
5.686 6.261 0.073 0.000 0.203 9.914 0.145 7.537
5.795 6.261 0.073 0.000 0.203 9.914 0.145 7.537
5.897 6.261 0.073 0.000 0.203 9.914 0.145 7.537
6.005 6.296 0.073 0.000 0.203 9.819 0.144 8.331
6.107 6.296 0.073 0.000 0.203 9.819 0.144 8.331
6.218 6.296 0.073 0.000 0.203 9.819 0.144 8.331
6.327 6.296 0.073 0.000 0.203 9.819 0.144 8.331
6.429 6.296 0.073 0.000 0.202 9.819 0.144 8.331
6.532 6.296 0.073 0.000 0.202 9.819 0.144 8.331
6.643 6.296 0.073 0.000 0.202 9.819 0.144 8.331
6.745 6.296 0.073 0.000 0.202 9.819 0.144 8.331
6.846 6.296 0.073 0.000 0.202 9.819 0.144 8.331
6.949 6.314 0.090 0.000 0.202 9.856 0.145 7.299
7.051 6.314 0.090 0.000 0.202 9.856 0.145 7.299
7.154 6.314 0.090 0.000 0.202 9.856 0.145 7.299
7.261 6.314 0.090 0.000 0.202 9.856 0.145 7.299
7.364 6.314 0.090 0.000 0.202 9.856 0.145 7.299
7.466 6.314 0.090 0.000 0.215 9.856 0.145 7.299
7.569 6.314 0.090 0.000 0.215 9.856 0.145 7.299
7.680 6.314 0.090 0.000 0.215 9.856 0.145 7.299
7.787 6.314 0.090 0.000 0.215 9.856 0.145 7.299
7.889 6.314 0.090 0.000 0.215 9.856 0.145 7.299
7.995 6.258 0.076 0.000 0.215 10.141 0.146 7.897
8.098 6.258 0.076 0.000 0.215 10.141 0.146 7.897
8.207 6.258 0.076 0.000 0.215 10.141 0.146 7.897
8.309 6.258 0.076 0.000 0.215 10.141 0.146 7.897
8.412 6.258 0.076 0.000 0.202 10.141 0.146 7.897
8.521 6.258 0.076 0.000 0.202 10.141 0.146 7.897
8.627 6.258 0.076 0.000 0.202 10.141 0.146 7.897
8.729 6.258 0.076 0.000 0.202 10.141 0.146 7.897
8.840 6.258 0.076 0.000 0.202 10.141 0.146 7.897
8.951 6.256 0.089 0.000 0.202 9.889 0.142 7.226
9.063 6.256 0.089 0.000 0.202 9.889 0.142 7.226
9.164 6.256 0.089 0.000 0.202 9.889 0.142 7.226
9.266 6.256 0.089 0.000 0.202 9.889 0.142 7.226
9.369 6.256 0.089 0.000 0.202 9.889 0.142 7.226
9.480 6.256 0.089 0.000 0.203 9.889 0.142 7.226
9.591 6.256 0.089 0.000 0.203 9.889 0.142 7.226
9.703 6.256 0.089 0.000 0.203 9.889 0.142 7.226
9.811 6.256 0.089 0.000 0.203 9.889 0.142 7.226
9.913 6.292 0.079 0.000 0.203 9.866 0.142 7.350
10.024 6.292 0.079 0.000 0.203 9.866 0.142 7.350
10.127 6.292 0.079 0.000 0.203 9.866 0.142 7.350
10.229 6.292 0.079 0.000 0.203 9.866 0.142 7.350
10.332 6.292 0.079 0.000 0.203 9.866 0.142 7.350
10.434 6.292 0.079 0.000 0.209 9.866 0.142 7.350
10.537 6.292 0.079 0.000 0.209 9.866 0.142 7.350
10.648 6.292 0.079 0.000 0.209 9.866 0.142 7.350
10.759 6.292 0.079 0.000 0.209 9.866 0.142 7.350
10.860 6.292 0.079 0.000 0.209 9.866 0.142 7.350
10.971 6.178 0.082 0.000 0.209 10.082 0.145 7.400
11.073 6.178 0.082 0.000 0.209 10.082 0.145 7.400
11.176 6.178 0.082 0.000 0.209 10.082 0.145 7.400
11.279 6.178 0.082 0.000 0.209 10.082 0.145 7.400
11.381 6.178 0.082 0.000 0.209 10.082 0.145 7.400
11.493 6.178 0.082 0.000 0.206 10.082 0.145 7.400
11.595 6.178 0.082 0.000 0.206 10.082 0.145 7.400
11.697 6.178 0.082 0.000 0.206 10.082 0.145 7.400
11.799 6.178 0.082 0.000 0.206 10.082 0.145 7.400
11.910 6.278 0.088 0.000 0.206 9.990 0.149 7.188
12.014 6.278 0.088 0.000 0.206 9.990 0.149 7.188
12.117 6.278 0.088 0.000 0.206 9.990 0.149 7.188
12.219 6.278 0.088 0.000 0.206 9.990 0.149 7.188
12.330 6.278 0.088 0.000 0.206 9.990 0.149 7.188
12.441 6.278 0.088 0.000 0.205 9.990 0.149 7.188
12.553 6.278 0.088 0.000 0.205 9.990 0.149 7.188
12.664 6.278 0.088 0.000 0.205 9.990 0.149 7.188
12.767 6.278 0.088 0.000 0.205 9.990 0.149 7.188
12.869 6.278 0.088 0.000 0.205 9.990 0.149 7.188
12.980 6.240 0.073 0.000 0.205 10.024 0.140 7.467
13.091 6.240 0.073 0.000 0.205 10.024 0.140 7.467
13.193 6.240 0.073 0.000 0.205 10.024 0.140 7.467
13.304 6.240 0.073 0.000 0.205 10.024 0.140 7.467
13.411 6.240 0.073 0.000 0.202 10.024 0.140 7.467
13.514 6.240 0.073 0.000 0.202 10.024 0.140 7.467
13.616 6.240 0.073 0.000 0.202 10.024 0.140 7.467
13.719 6.240 0.073 0.000 0.202 10.024 0.140 7.467
13.821 6.240 0.073 0.000 0.202 10.024 0.140 7.467
13.933 6.292 0.081 0.000 0.202 9.886 0.147 7.293
14.044 6.292 0.081 0.000 0.202 9.886 0.147 7.293
14.155 6.292 0.081 0.000 0.202 9.886 0.147 7.293
14.262 6.292 0.081 0.000 0.202 9.886 0.147 7.293
14.365 6.292 0.081 0.000 0.202 9.886 0.147 7.293
14.467 6.292 0.081 0.000 0.201 9.886 0.147 7.293
14.579 6.292 0.081 0.000 0.201 9.886 0.147 7.293
14.681 6.292 0.081 0.000 0.201 9.886 0.147 7.293
14.784 6.292 0.081 0.000 0.201 9.886 0.147 7.293
14.895 6.292 0.081 0.000 0.201 9.886 0.147 7.293
15.003 5.616 0.081 0.000 0.201 9.939 0.146 0.844
15.114 5.616 0.081 0.000 0.201 9.939 0.146 0.844
15.225 5.616 0.081 0.000 0.201 9.939 0.146 0.844
15.336 5.616 0.081 0.000 0.201 9.939 0.146 0.844
15.444 5.616 0.081 0.000 0.110 9.939 0.146 0.844
15.550 5.616 0.081 0.000 0.110 9.939 0.146 0.844
15.662 5.616 0.081 0.000 0.110 9.939 0.146 0.844
15.773 5.616 0.081 0.000 0.110 9.939 0.146 0.844
15.884 5.616 0.081 0.000 0.110 9.939 0.146 0.844
15.995 0.000 0.024 0.000 0.110 9.085 0.136 1.006
16.100 0.000 0.024 0.000 0.110 9.085 0.136 1.006
16.206 0.000 0.024 0.000 0.110 9.085 0.136 1.006
16.311 0.000 0.024 0.000 0.110 9.085 0.136 1.006
16.413 0.000 0.024 0.000 0.054 9.085 0.136 1.006
16.517 0.000 0.024 0.000 0.054 9.085 0.136 1.006
16.629 0.000 0.024 0.000 0.054 9.085 0.136 1.006
16.734 0.000 0.024 0.000 0.054 9.085 0.136 1.006
16.843 0.000 0.024 0.000 0.054 9.085 0.136 1.006
16.950 0.000 0.022 0.000 0.054 1.244 0.139 0.788
17.060 0.000 0.022 0.000 0.054 1.244 0.139 0.788
17.167 0.000 0.022 0.000 0.054 1.244 0.139 0.788
17.273 0.000 0.022 0.000 0.054 1.244 0.139 0.788
17.384 0.000 0.022 0.000 0.054 1.244 0.139 0.788
17.496 0.000 0.022 0.000 0.044 1.244 0.139 0.788
17.607 0.000 0.022 0.000 0.044 1.244 0.139 0.788
17.719 0.000 0.022 0.000 0.044 1.244 0.139 0.788
17.825 0.000 0.022 0.000 0.044 1.244 0.139 0.788
17.936 0.000 0.023 0.000 0.044 1.445 0.138 0.858
18.038 0.000 0.023 0.000 0.044 1.445 0.138 0.858
18.150 0.000 0.023 0.000 0.044 1.445 0.138 0.858
18.254 0.000 0.023 0.000 0.044 1.445 0.138 0.858
18.358 0.000 0.023 0.000 0.044 1.445 0.138 0.858
18.467 0.000 0.023 0.000 0.040 1.445 0.138 0.858
18.578 0.000 0.023 0.000 0.040 1.445 0.138 0.858
18.684 0.000 0.023 0.000 0.040 1.445 0.138 0.858
18.795 0.000 0.023 0.000 0.040 1.445 0.138 0.858
18.900 0.000 0.023 0.000 0.040 1.445 0.138 0.422
19.012 0.000 0.021 0.000 0.040 1.250 0.139 0.422
19.117 0.000 0.021 0.000 0.040 1.250 0.139 0.422
19.221 0.000 0.021 0.000 0.040 1.250 0.139 0.422
19.331 0.000 0.021 0.000 0.040 1.250 0.139 0.422
19.434 0.000 0.021 0.000 0.040 1.250 0.139 0.422
19.545 0.000 0.021 0.000 0.040 1.250 0.139 0.422
19.648 0.000 0.021 0.000 0.040 1.250 0.139 0.422
19.750 0.000 0.021 0.000 0.040 1.250 0.139 0.422
19.858 0.000 0.021 0.000 0.040 1.250 0.139 0.422
19.962 0.038 0.023 0.000 0.040 1.227 0.140 5.084
20.071 0.038 0.023 0.000 0.040 1.227 0.140 5.084
20.179 0.038 0.023 0.000 0.040 1.227 0.140 5.084
20.284 0.038 0.023 0.000 0.040 1.227 0.140 5.084
20.392 0.038 0.023 0.000 0.040 1.227 0.140 5.084
20.496 0.038 0.023 0.000 0.045 1.227 0.140 5.084
20.600 0.038 0.023 0.000 0.045 1.227 0.140 5.084
20.706 0.038 0.023 0.000 0.045 1.227 0.140 5.084
20.818 0.038 0.023 0.000 0.045 1.227 0.140 5.084
20.923 0.000 0.023 0.000 0.045 1.332 0.137 0.813
21.027 0.000 0.023 0.000 0.045 1.332 0.137 0.813
21.134 0.000 0.023 0.000 0.045 1.332 0.137 0.813
21.245 0.000 0.023 0.000 0.045 1.332 0.137 0.813
21.350 0.000 0.023 0.000 0.045 1.332 0.137 0.813
21.462 0.000 0.023 0.000 0.039 1.332 0.137 0.813
21.567 0.000 0.023 0.000 0.039 1.332 0.137 0.813
21.673 0.000 0.023 0.000 0.039 1.332 0.137 0.813
21.784 0.000 0.023 0.000 0.039 1.332 0.137 0.813
21.892 0.000 0.023 0.000 0.039 1.332 0.137 0.813
22.000 0.000 0.023 0.000 0.039 1.247 0.136 0.774
22.111 0.000 0.023 0.000 0.039 1.247 0.136 0.774
22.221 0.000 0.023 0.000 0.039 1.247 0.136 0.774
22.333 0.000 0.023 0.000 0.039 1.247 0.136 0.774
22.444 0.000 0.023 0.000 0.046 1.247 0.136 0.774
22.550 0.000 0.023 0.000 0.046 1.247 0.136 0.774
22.658 0.000 0.023 0.000 0.046 1.247 0.136 0.774
22.767 0.000 0.023 0.000 0.046 1.247 0.136 0.774
22.873 0.000 0.023 0.000 0.046 1.247 0.136 0.774
22.977 0.072 0.022 0.000 0.046 1.236 0.136 0.437
23.089 0.072 0.022 0.000 0.046 1.236 0.136 0.437
23.200 0.072 0.022 0.000 0.046 1.236 0.136 0.437
23.312 0.072 0.022 0.000 0.046 1.236 0.136 0.437
23.417 0.072 0.022 0.000 0.038 1.236 0.136 0.437
23.528 0.072 0.022 0.000 0.038 1.236 0.136 0.437
23.632 0.072 0.022 0.000 0.038 1.236 0.136 0.437
23.742 0.072 0.022 0.000 0.038 1.236 0.136 0.437
23.850 0.072 0.022 0.000 0.038 1.236 0.136 0.437
23.958 0.000 0.022 0.000 0.038 1.404 0.135 0.498
24.067 0.000 0.022 0.000 0.038 1.404 0.135 0.498
24.178 0.000 0.022 0.000 0.038 1.404 0.135 0.498
24.285 0.000 0.022 0.000 0.038 1.404 0.135 0.498
24.392 0.000 0.022 0.000 0.038 1.404 0.135 0.498
24.503 0.000 0.022 0.000 0.038 1.404 0.135 0.498
24.605 0.000 0.022 0.000 0.038 1.404 0.135 0.498
24.708 0.000 0.022 0.000 0.038 1.404 0.135 0.498
24.819 0.000 0.022 0.000 0.038 1.404 0.135 0.498
24.929 0.000 0.020 0.000 0.038 1.191 0.136 0.527
25.038 0.000 0.020 0.000 0.038 1.191 0.136 0.527
25.140 0.000 0.020 0.000 0.038 1.191 0.136 0.527
25.250 0.000 0.020 0.000 0.038 1.191 0.136 0.527
25.355 0.000 0.020 0.000 0.038 1.191 0.136 0.527
25.458 0.000 0.020 0.000 0.040 1.191 0.136 0.527
25.567 0.000 0.020 0.000 0.040 1.191 0.136 0.527
25.674 0.000 0.020 0.000 0.040 1.191 0.136 0.527
25.784 0.000 0.020 0.000 0.040 1.191 0.136 0.527
25.892 0.000 0.020 0.000 0.040 1.191 0.136 0.527
