0.000 0.000 0.021 0.000 0.038 1.193 0.136 0.733
0.111 0.000 0.021 0.000 0.038 1.193 0.136 0.733
0.223 0.000 0.021 0.000 0.038 1.193 0.136 0.733
0.331 0.000 0.021 0.000 0.038 1.193 0.136 0.733
0.441 0.000 0.021 0.000 0.040 1.193 0.136 0.733
0.553 0.000 0.021 0.000 0.040 1.193 0.136 0.733
0.664 0.000 0.021 0.000 0.040 1.193 0.136 0.733
0.770 0.000 0.021 0.000 0.040 1.193 0.136 0.733
0.882 0.000 0.021 0.000 0.040 1.193 0.136 0.733
0.987 0.000 0.022 0.000 0.040 1.169 0.139 0.441
1.090 0.000 0.022 0.000 0.040 1.169 0.139 0.441
1.201 0.000 0.022 0.000 0.040 1.169 0.139 0.441
1.312 0.000 0.022 0.000 0.040 1.169 0.139 0.441
1.419 0.000 0.022 0.000 0.040 1.169 0.139 0.441
1.531 0.000 0.022 0.000 0.064 1.169 0.139 0.441
1.636 0.000 0.022 0.000 0.064 1.169 0.139 0.441
1.748 0.000 0.022 0.000 0.064 1.169 0.139 0.441
1.853 0.000 0.022 0.000 0.064 1.169 0.139 0.441
1.958 0.643 0.031 0.000 0.064 1.184 0.140 2.144
2.061 0.643 0.031 0.000 0.064 1.184 0.140 2.144
2.166 0.643 0.031 0.000 0.064 1.184 0.140 2.144
2.268 0.643 0.031 0.000 0.064 1.184 0.140 2.144
2.379 0.643 0.031 0.000 0.064 1.184 0.140 2.144
2.490 0.643 0.031 0.000 0.115 1.184 0.140 2.144
2.598 0.643 0.031 0.000 0.115 1.184 0.140 2.144
2.710 0.643 0.031 0.000 0.115 1.184 0.140 2.144
2.811 0.643 0.031 0.000 0.115 1.184 0.140 2.144
2.912 0.643 0.031 0.000 0.115 1.184 0.140 2.144
3.023 5.095 0.103 0.000 0.115 2.264 0.138 6.543
3.134 5.095 0.103 0.000 0.115 2.264 0.138 6.543
3.236 5.095 0.103 0.000 0.115 2.264 0.138 6.543
3.337 5.095 0.103 0.000 0.115 2.264 0.138 6.543
3.444 5.095 0.103 0.000 0.189 2.264 0.138 6.543
3.547 5.095 0.103 0.000 0.189 2.264 0.138 6.543
3.658 5.095 0.103 0.000 0.189 2.264 0.138 6.543
3.760 5.095 0.103 0.000 0.189 2.264 0.138 6.543
3.871 5.095 0.103 0.000 0.189 2.264 0.138 6.543
3.973 5.347 0.122 0.000 0.189 8.846 0.143 6.555
4.084 5.347 0.122 0.000 0.189 8.846 0.143 6.555
4.190 5.347 0.122 0.000 0.189 8.846 0.143 6.555
4.301 5.347 0.122 0.000 0.189 8.846 0.143 6.555
4.402 5.347 0.122 0.000 0.189 8.846 0.143 6.555
4.503 5.347 0.122 0.000 0.188 8.846 0.143 6.555
4.614 5.347 0.122 0.000 0.188 8.846 0.143 6.555
4.716 5.347 0.122 0.000 0.188 8.846 0.143 6.555
4.827 5.347 0.122 0.000 0.188 8.846 0.143 6.555
4.938 5.347 0.124 0.000 0.188 9.180 0.142 6.560
5.050 5.411 0.124 0.000 0.188 9.180 0.142 6.560
5.151 5.411 0.124 0.000 0.188 9.180 0.142 6.560
5.252 5.411 0.124 0.000 0.188 9.180 0.142 6.560
5.363 5.411 0.124 0.000 0.188 9.180 0.142 6.560
5.465 5.411 0.124 0.000 0.196 9.180 0.142 6.560
5.566 5.411 0.124 0.000 0.196 9.180 0.142 6.560
5.668 5.411 0.124 0.000 0.196 9.180 0.142 6.560
5.780 5.411 0.124 0.000 0.196 9.180 0.142 6.560
5.881 5.411 0.124 0.000 0.196 9.180 0.142 6.560
5.992 5.301 0.116 0.000 0.196 9.215 0.139 6.538
6.103 5.301 0.116 0.000 0.196 9.215 0.139 6.538
6.214 5.301 0.116 0.000 0.196 9.215 0.139 6.538
6.325 5.301 0.116 0.000 0.196 9.215 0.139 6.538
6.436 5.301 0.116 0.000 0.187 9.215 0.139 6.538
6.547 5.301 0.116 0.000 0.187 9.215 0.139 6.538
6.658 5.301 0.116 0.000 0.187 9.215 0.139 6.538
6.763 5.301 0.116 0.000 0.187 9.215 0.139 6.538
6.873 5.301 0.116 0.000 0.187 9.215 0.139 6.538
6.984 5.409 0.117 0.000 0.187 9.078 0.138 6.779
7.094 5.409 0.117 0.000 0.187 9.078 0.138 6.779
7.196 5.409 0.117 0.000 0.187 9.078 0.138 6.779
7.298 5.409 0.117 0.000 0.187 9.078 0.138 6.779
7.409 5.409 0.117 0.000 0.187 9.078 0.138 6.779
7.511 5.409 0.117 0.000 0.192 9.078 0.138 6.779
7.612 5.409 0.117 0.000 0.192 9.078 0.138 6.779
7.714 5.409 0.117 0.000 0.192 9.078 0.138 6.779
7.825 5.409 0.117 0.000 0.192 9.078 0.138 6.779
7.930 5.409 0.117 0.000 0.192 9.078 0.138 6.779
8.041 5.497 0.138 0.000 0.192 9.056 0.146 7.108
8.143 5.497 0.138 0.000 0.192 9.056 0.146 7.108
8.254 5.497 0.138 0.000 0.192 9.056 0.146 7.108
8.355 5.497 0.138 0.000 0.192 9.056 0.146 7.108
8.463 5.497 0.138 0.000 0.193 9.056 0.146 7.108
8.569 5.497 0.138 0.000 0.193 9.056 0.146 7.108
8.680 5.497 0.138 0.000 0.193 9.056 0.146 7.108
8.791 5.497 0.138 0.000 0.193 9.056 0.146 7.108
8.899 5.497 0.138 0.000 0.193 9.056 0.146 7.108
9.000 5.299 0.126 0.000 0.193 9.209 0.144 6.835
9.101 5.299 0.126 0.000 0.193 9.209 0.144 6.835
9.212 5.299 0.126 0.000 0.193 9.209 0.144 6.835
9.323 5.299 0.126 0.000 0.193 9.209 0.144 6.835
9.425 5.299 0.126 0.000 0.193 9.209 0.144 6.835
9.532 5.299 0.126 0.000 0.209 9.209 0.144 6.835
9.634 5.299 0.126 0.000 0.209 9.209 0.144 6.835
9.745 5.299 0.126 0.000 0.209 9.209 0.144 6.835
9.856 5.299 0.126 0.000 0.209 9.209 0.144 6.835
9.967 5.419 0.156 0.000 0.209 9.106 0.154 6.486
10.068 5.419 0.156 0.000 0.209 9.106 0.154 6.486
10.180 5.419 0.156 0.000 0.209 9.106 0.154 6.486
10.281 5.419 0.156 0.000 0.209 9.106 0.154 6.486
10.383 5.419 0.156 0.000 0.209 9.106 0.154 6.486
10.484 5.419 0.156 0.000 0.191 9.106 0.154 6.486
10.585 5.419 0.156 0.000 0.191 9.106 0.154 6.486
10.687 5.419 0.156 0.000 0.191 9.106 0.154 6.486
10.789 5.419 0.156 0.000 0.191 9.106 0.154 6.486
10.891 5.419 0.156 0.000 0.191 9.106 0.154 6.486
10.997 5.349 0.124 0.000 0.191 9.161 0.143 6.606
11.108 5.349 0.124 0.000 0.191 9.161 0.143 6.606
11.219 5.349 0.124 0.000 0.191 9.161 0.143 6.606
11.330 5.349 0.124 0.000 0.191 9.161 0.143 6.606
11.441 5.349 0.124 0.000 0.197 9.161 0.143 6.606
11.543 5.349 0.124 0.000 0.197 9.161 0.143 6.606
11.654 5.349 0.124 0.000 0.197 9.161 0.143 6.606
11.756 5.349 0.124 0.000 0.197 9.161 0.143 6.606
11.867 5.349 0.124 0.000 0.197 9.161 0.143 6.606
11.969 5.626 0.167 0.000 0.197 9.074 0.150 8.446
12.075 5.626 0.167 0.000 0.197 9.074 0.150 8.446
12.185 5.626 0.167 0.000 0.197 9.074 0.150 8.446
12.293 5.626 0.167 0.000 0.197 9.074 0.150 8.446
12.398 5.626 0.167 0.000 0.197 9.074 0.150 8.446
12.502 5.626 0.167 0.000 0.274 9.074 0.150 8.446
12.608 5.626 0.167 0.000 0.274 9.074 0.150 8.446
12.717 5.626 0.167 0.000 0.274 9.074 0.150 8.446
12.821 5.626 0.167 0.000 0.274 9.074 0.150 8.446
12.927 5.626 0.167 0.000 0.274 9.074 0.150 8.446
13.030 5.936 0.183 0.000 0.274 10.503 0.154 9.503
13.141 5.936 0.183 0.000 0.274 10.503 0.154 9.503
13.248 5.936 0.183 0.000 0.274 10.503 0.154 9.503
13.359 5.936 0.183 0.000 0.274 10.503 0.154 9.503
13.466 5.936 0.183 0.000 0.290 10.503 0.154 9.503
13.570 5.936 0.183 0.000 0.290 10.503 0.154 9.503
13.681 5.936 0.183 0.000 0.290 10.503 0.154 9.503
13.782 5.936 0.183 0.000 0.290 10.503 0.154 9.503
13.886 5.936 0.183 0.000 0.290 10.503 0.154 9.503
13.988 5.940 0.204 0.000 0.290 11.764 0.163 9.618
14.100 5.940 0.204 0.000 0.290 11.764 0.163 9.618
14.205 5.940 0.204 0.000 0.290 11.764 0.163 9.618
14.316 5.940 0.204 0.000 0.290 11.764 0.163 9.618
14.427 5.940 0.204 0.000 0.290 11.764 0.163 9.618
14.538 5.940 0.204 0.000 0.315 11.764 0.163 9.618
14.650 5.940 0.204 0.000 0.315 11.764 0.163 9.618
14.754 5.940 0.204 0.000 0.315 11.764 0.163 9.618
14.858 5.940 0.204 0.000 0.315 11.764 0.163 9.618
14.970 2.868 0.117 0.000 0.315 12.056 0.154 0.691
15.075 2.868 0.117 0.000 0.315 12.056 0.154 0.691
15.179 2.868 0.117 0.000 0.315 12.056 0.154 0.691
15.287 2.868 0.117 0.000 0.315 12.056 0.154 0.691
15.395 2.868 0.117 0.000 0.315 12.056 0.154 0.691
15.504 2.868 0.117 0.000 0.044 12.056 0.154 0.691
15.614 2.868 0.117 0.000 0.044 12.056 0.154 0.691
15.717 2.868 0.117 0.000 0.044 12.056 0.154 0.691
15.828 2.868 0.117 0.000 0.044 12.056 0.154 0.691
15.940 0.000 0.022 0.000 0.044 6.536 0.134 0.977
16.052 0.000 0.022 0.000 0.044 6.536 0.134 0.977
16.163 0.000 0.022 0.000 0.044 6.536 0.134 0.977
16.270 0.000 0.022 0.000 0.044 6.536 0.134 0.977
16.382 0.000 0.022 0.000 0.044 6.536 0.134 0.977
16.487 0.000 0.022 0.000 0.057 6.536 0.134 0.977
16.595 0.000 0.022 0.000 0.057 6.536 0.134 0.977
16.697 0.000 0.022 0.000 0.057 6.536 0.134 0.977
16.808 0.000 0.022 0.000 0.057 6.536 0.134 0.977
16.920 0.000 0.022 0.000 0.057 6.536 0.134 0.977
17.022 0.000 0.024 0.000 0.057 1.408 0.137 0.613
17.132 0.000 0.024 0.000 0.057 1.408 0.137 0.613
17.243 0.000 0.024 0.000 0.057 1.408 0.137 0.613
17.355 0.000 0.024 0.000 0.057 1.408 0.137 0.613
17.461 0.000 0.024 0.141 0.039 1.408 0.137 0.613
17.570 0.000 0.024 0.141 0.039 1.408 0.137 0.613
17.675 0.000 0.024 0.141 0.039 1.408 0.137 0.613
17.782 0.000 0.024 0.141 0.039 1.408 0.137 0.613
17.893 0.000 0.024 0.141 0.039 1.408 0.137 0.613
17.996 0.000 0.022 0.141 0.039 1.337 0.135 0.398
18.104 0.000 0.022 0.141 0.039 1.337 0.135 0.398
18.206 0.000 0.022 0.141 0.039 1.337 0.135 0.398
18.316 0.000 0.022 0.141 0.039 1.337 0.135 0.398
18.419 0.000 0.022 0.141 0.039 1.337 0.135 0.398
18.528 0.000 0.022 0.000 0.039 1.337 0.135 0.398
18.637 0.000 0.022 0.000 0.039 1.337 0.135 0.398
18.748 0.000 0.022 0.000 0.039 1.337 0.135 0.398
18.857 0.000 0.022 0.000 0.039 1.337 0.135 0.398
18.960 0.000 0.022 0.000 0.039 1.227 0.134 0.441
19.070 0.000 0.022 0.000 0.039 1.227 0.134 0.441
19.174 0.000 0.022 0.000 0.039 1.227 0.134 0.441
19.284 0.000 0.022 0.000 0.039 1.227 0.134 0.441
19.396 0.000 0.022 0.000 0.039 1.227 0.134 0.441
19.507 0.000 0.022 0.000 0.038 1.227 0.134 0.441
19.618 0.000 0.022 0.000 0.038 1.227 0.134 0.441
19.728 0.000 0.022 0.000 0.038 1.227 0.134 0.441
19.839 0.000 0.022 0.000 0.038 1.227 0.134 0.441
19.951 0.000 0.021 0.000 0.038 1.201 0.139 0.585
20.062 0.000 0.021 0.000 0.038 1.201 0.139 0.585
20.170 0.000 0.021 0.000 0.038 1.201 0.139 0.585
20.282 0.000 0.021 0.000 0.038 1.201 0.139 0.585
20.387 0.000 0.021 0.000 0.038 1.201 0.139 0.585
20.491 0.000 0.021 0.000 0.042 1.201 0.139 0.585
20.595 0.000 0.021 0.000 0.042 1.201 0.139 0.585
20.706 0.000 0.021 0.000 0.042 1.201 0.139 0.585
20.815 0.000 0.021 0.000 0.042 1.201 0.139 0.585
20.924 0.000 0.021 0.000 0.042 1.201 0.139 0.585
21.034 0.000 0.023 0.000 0.042 1.257 0.134 0.858
21.141 0.000 0.023 0.000 0.042 1.257 0.134 0.858
21.253 0.000 0.023 0.000 0.042 1.257 0.134 0.858
21.364 0.000 0.023 0.000 0.042 1.257 0.134 0.858
21.476 0.000 0.023 0.000 0.039 1.257 0.134 0.858
21.585 0.000 0.023 0.000 0.039 1.257 0.134 0.858
21.688 0.000 0.023 0.000 0.039 1.257 0.134 0.858
21.792 0.000 0.023 0.000 0.039 1.257 0.134 0.858
21.903 0.000 0.023 0.000 0.039 1.257 0.134 0.858
22.009 0.000 0.023 0.000 0.039 1.254 0.140 0.730
22.121 0.000 0.023 0.000 0.039 1.254 0.140 0.730
22.225 0.000 0.023 0.000 0.039 1.254 0.140 0.730
22.328 0.000 0.023 0.000 0.039 1.254 0.140 0.730
22.437 0.000 0.023 0.000 0.038 1.254 0.140 0.730
22.548 0.000 0.023 0.000 0.038 1.254 0.140 0.730
22.653 0.000 0.023 0.000 0.038 1.254 0.140 0.730
22.764 0.000 0.023 0.000 0.038 1.254 0.140 0.730
22.870 0.000 0.023 0.000 0.038 1.254 0.140 0.730
22.982 0.000 0.020 0.000 0.038 1.170 0.137 0.696
23.094 0.000 0.020 0.000 0.038 1.170 0.137 0.696
23.204 0.000 0.020 0.000 0.038 1.170 0.137 0.696
23.307 0.000 0.020 0.000 0.038 1.170 0.137 0.696
23.417 0.000 0.020 0.000 0.038 1.170 0.137 0.696
23.529 0.000 0.020 0.000 0.039 1.170 0.137 0.696
23.639 0.000 0.020 0.000 0.039 1.170 0.137 0.696
23.751 0.000 0.020 0.000 0.039 1.170 0.137 0.696
23.859 0.000 0.020 0.000 0.039 1.170 0.137 0.696
23.970 0.000 0.022 0.000 0.039 1.164 0.134 0.588
24.074 0.000 0.022 0.000 0.039 1.164 0.134 0.588
24.180 0.000 0.022 0.000 0.039 1.164 0.134 0.588
24.287 0.000 0.022 0.000 0.039 1.164 0.134 0.588
24.389 0.000 0.022 0.000 0.039 1.164 0.134 0.588
24.500 0.000 0.022 0.000 0.038 1.164 0.134 0.588
24.604 0.000 0.022 0.000 0.038 1.164 0.134 0.588
24.713 0.000 0.022 0.000 0.038 1.164 0.134 0.588
24.825 0.000 0.022 0.000 0.038 1.164 0.134 0.588
24.937 0.000 0.022 0.000 0.038 1.164 0.134 0.588
25.048 0.033 0.022 0.000 0.038 1.279 0.138 0.840
25.160 0.033 0.022 0.000 0.038 1.279 0.138 0.840
25.267 0.033 0.022 0.000 0.038 1.279 0.138 0.840
25.379 0.033 0.022 0.000 0.038 1.279 0.138 0.840
25.491 0.033 0.022 0.000 0.043 1.279 0.138 0.840
25.595 0.033 0.022 0.000 0.043 1.279 0.138 0.840
25.703 0.033 0.022 0.000 0.043 1.279 0.138 0.840
25.814 0.033 0.022 0.000 0.043 1.279 0.138 0.840
25.923 0.033 0.022 0.000 0.043 1.279 0.138 0.840
