0.000 0.000 0.022 0.000 0.038 1.193 0.138 0.634
0.105 0.000 0.022 0.123 0.039 1.193 0.138 0.634
0.207 0.000 0.022 0.123 0.039 1.193 0.138 0.634
0.309 0.000 0.022 0.123 0.039 1.193 0.138 0.634
0.417 0.000 0.022 0.123 0.039 1.193 0.138 0.634
0.522 0.000 0.022 0.123 0.039 1.193 0.138 0.634
0.634 0.000 0.022 0.123 0.039 1.193 0.139 0.514
0.738 0.000 0.022 0.123 0.039 1.193 0.139 0.514
0.850 0.000 0.022 0.123 0.039 1.193 0.139 0.514
0.956 0.000 0.022 0.123 0.039 1.193 0.139 0.514
1.066 0.000 0.022 0.000 0.040 1.193 0.139 0.514
1.177 0.000 0.022 0.000 0.040 1.193 0.139 0.514
1.288 0.000 0.022 0.000 0.040 1.193 0.139 0.514
1.396 0.000 0.022 0.000 0.040 1.193 0.139 0.514
1.505 0.000 0.022 0.000 0.040 1.193 0.139 0.514
1.612 0.448 0.022 0.000 0.040 1.175 0.139 0.375
1.722 0.448 0.022 0.000 0.040 1.175 0.139 0.375
1.829 0.448 0.022 0.000 0.040 1.175 0.139 0.375
1.937 0.448 0.022 0.000 0.040 1.175 0.139 0.375
2.040 0.448 0.022 0.000 0.081 1.175 0.139 0.375
2.141 0.448 0.022 0.000 0.081 1.175 0.139 0.375
2.243 0.448 0.022 0.000 0.081 1.175 0.139 0.375
2.345 0.448 0.022 0.000 0.081 1.175 0.139 0.375
2.446 0.448 0.022 0.000 0.081 1.175 0.139 0.375
2.548 4.412 0.179 0.000 0.081 1.886 0.144 10.022
2.650 4.412 0.179 0.000 0.081 1.886 0.144 10.022
2.757 4.412 0.179 0.000 0.081 1.886 0.144 10.022
2.868 4.412 0.179 0.000 0.081 1.886 0.144 10.022
2.979 4.412 0.179 0.000 0.081 1.886 0.144 10.022
3.080 4.412 0.179 0.000 0.234 1.886 0.144 10.022
3.182 4.412 0.179 0.000 0.234 1.886 0.144 10.022
3.284 4.412 0.179 0.000 0.234 1.886 0.144 10.022
3.386 4.412 0.179 0.000 0.234 1.886 0.144 10.022
3.496 4.412 0.179 0.000 0.234 1.886 0.144 10.022
3.607 9.306 0.292 0.000 0.234 8.506 0.151 9.975
3.709 9.306 0.292 0.000 0.234 8.506 0.151 9.975
3.811 9.306 0.292 0.000 0.234 8.506 0.151 9.975
3.912 9.306 0.292 0.000 0.234 8.506 0.151 9.975
4.014 9.306 0.292 0.000 0.234 8.506 0.151 9.975
4.116 9.306 0.292 0.000 0.234 8.506 0.151 9.975
4.218 9.306 0.292 0.000 0.234 8.506 0.151 9.975
4.320 9.306 0.292 0.000 0.234 8.506 0.151 9.975
4.422 9.306 0.292 0.000 0.234 8.506 0.151 9.975
4.524 9.306 0.292 0.000 0.234 8.506 0.151 9.975
4.626 8.159 0.300 0.000 0.234 13.618 0.142 10.056
4.728 8.159 0.300 0.000 0.234 13.618 0.142 10.056
4.838 8.159 0.300 0.000 0.234 13.618 0.142 10.056
4.941 8.159 0.300 0.000 0.234 13.618 0.142 10.056
5.043 8.159 0.300 0.000 0.239 13.618 0.142 10.056
5.145 8.159 0.300 0.000 0.239 13.618 0.142 10.056
5.255 8.159 0.300 0.000 0.239 13.618 0.142 10.056
5.366 8.159 0.300 0.000 0.239 13.618 0.142 10.056
5.468 8.159 0.300 0.000 0.239 13.618 0.142 10.056
5.570 7.517 0.308 0.000 0.239 13.673 0.146 10.644
5.681 7.517 0.308 0.000 0.239 13.673 0.146 10.644
5.785 7.517 0.308 0.000 0.239 13.673 0.146 10.644
5.888 7.517 0.308 0.000 0.239 13.673 0.146 10.644
5.990 7.517 0.308 0.000 0.239 13.673 0.146 10.644
6.091 7.517 0.308 0.000 0.244 13.673 0.146 10.644
6.193 7.517 0.308 0.000 0.244 13.673 0.146 10.644
6.295 7.517 0.308 0.000 0.244 13.673 0.146 10.644
6.397 7.517 0.308 0.000 0.244 13.673 0.146 10.644
6.498 7.517 0.308 0.000 0.244 13.673 0.146 10.644
6.600 8.416 0.308 0.000 0.244 13.946 0.145 10.413
6.702 8.416 0.308 0.000 0.244 13.946 0.145 10.413
6.804 8.416 0.308 0.000 0.244 13.946 0.145 10.413
6.915 8.416 0.308 0.000 0.244 13.946 0.145 10.413
7.022 8.416 0.308 0.000 0.244 13.946 0.145 10.413
7.133 8.416 0.308 0.000 0.235 13.946 0.145 10.413
7.234 8.416 0.308 0.000 0.235 13.946 0.145 10.413
7.335 8.416 0.308 0.000 0.235 13.946 0.145 10.413
7.437 8.416 0.308 0.000 0.235 13.946 0.145 10.413
7.539 8.416 0.308 0.000 0.235 13.888 0.147 10.316
7.642 8.347 0.297 0.000 0.235 13.888 0.147 10.316
7.748 8.347 0.297 0.000 0.235 13.888 0.147 10.316
7.855 8.347 0.297 0.000 0.235 13.888 0.147 10.316
7.956 8.347 0.297 0.000 0.235 13.888 0.147 10.316
8.067 8.347 0.297 0.000 0.236 13.888 0.147 10.316
8.169 8.347 0.297 0.000 0.236 13.888 0.147 10.316
8.270 8.347 0.297 0.000 0.236 13.888 0.147 10.316
8.372 8.347 0.297 0.000 0.236 13.888 0.147 10.316
8.474 8.347 0.297 0.000 0.236 13.888 0.147 10.316
8.576 8.131 0.309 0.000 0.236 13.753 0.147 10.316
8.678 8.131 0.309 0.000 0.236 13.753 0.147 10.316
8.789 8.131 0.309 0.000 0.236 13.753 0.147 10.316
8.890 8.131 0.309 0.000 0.236 13.753 0.147 10.316
9.000 8.131 0.309 0.000 0.236 13.753 0.147 10.316
9.108 8.131 0.309 0.000 0.235 13.753 0.147 10.316
9.215 8.131 0.309 0.000 0.235 13.753 0.147 10.316
9.318 8.131 0.309 0.000 0.235 13.753 0.147 10.316
9.419 8.131 0.309 0.000 0.235 13.753 0.147 10.316
9.531 8.131 0.309 0.000 0.235 13.753 0.147 10.316
9.632 7.512 0.308 0.000 0.235 13.915 0.145 10.111
9.736 7.512 0.308 0.000 0.235 13.915 0.145 10.111
9.846 7.512 0.308 0.000 0.235 13.915 0.145 10.111
9.948 7.512 0.308 0.000 0.235 13.915 0.145 10.111
10.059 7.512 0.308 0.000 0.235 13.915 0.145 10.111
10.163 7.512 0.308 0.000 0.235 13.915 0.145 10.111
10.271 7.512 0.308 0.000 0.235 13.915 0.145 10.111
10.382 7.512 0.308 0.000 0.235 13.915 0.145 10.111
10.488 7.512 0.308 0.000 0.235 13.915 0.145 10.111
10.591 7.850 0.306 0.000 0.235 13.781 0.147 10.294
10.695 7.850 0.306 0.000 0.235 13.781 0.147 10.294
10.796 7.850 0.306 0.000 0.235 13.781 0.147 10.294
10.897 7.850 0.306 0.000 0.235 13.781 0.147 10.294
10.999 7.850 0.306 0.000 0.235 13.781 0.147 10.294
11.101 7.850 0.306 0.000 0.238 13.781 0.147 10.294
11.212 7.850 0.306 0.000 0.238 13.781 0.147 10.294
11.313 7.850 0.306 0.000 0.238 13.781 0.147 10.294
11.415 7.850 0.306 0.000 0.238 13.781 0.147 10.294
11.517 7.850 0.306 0.000 0.238 13.781 0.147 10.294
11.620 7.858 0.301 0.000 0.238 13.848 0.146 10.138
11.722 7.858 0.301 0.000 0.238 13.848 0.146 10.138
11.831 7.858 0.301 0.000 0.238 13.848 0.146 10.138
11.932 7.858 0.301 0.000 0.238 13.848 0.146 10.138
12.034 7.858 0.301 0.000 0.236 13.848 0.146 10.138
12.135 7.858 0.301 0.000 0.236 13.848 0.146 10.138
12.237 7.858 0.301 0.000 0.236 13.848 0.146 10.138
12.339 7.858 0.301 0.000 0.236 13.848 0.146 10.138
12.441 7.858 0.301 0.000 0.236 13.848 0.146 10.138
12.552 8.309 0.304 0.000 0.236 13.839 0.146 10.418
12.657 8.309 0.304 0.000 0.236 13.839 0.146 10.418
12.760 8.309 0.304 0.000 0.236 13.839 0.146 10.418
12.865 8.309 0.304 0.000 0.236 13.839 0.146 10.418
12.966 8.309 0.304 0.000 0.236 13.839 0.146 10.418
13.067 8.309 0.304 0.000 0.239 13.839 0.146 10.418
13.169 8.309 0.304 0.000 0.239 13.839 0.146 10.418
13.273 8.309 0.304 0.000 0.239 13.839 0.146 10.418
13.374 8.309 0.304 0.000 0.239 13.839 0.146 10.418
13.479 8.309 0.304 0.000 0.239 13.839 0.146 10.418
13.581 8.665 0.317 0.000 0.239 13.810 0.146 10.135
13.684 8.665 0.317 0.000 0.239 13.810 0.146 10.135
13.786 8.665 0.317 0.000 0.239 13.810 0.146 10.135
13.887 8.665 0.317 0.000 0.239 13.810 0.146 10.135
13.993 8.665 0.317 0.000 0.239 13.810 0.146 10.135
14.094 8.665 0.317 0.000 0.237 13.810 0.146 10.135
14.196 8.665 0.317 0.000 0.237 13.810 0.146 10.135
14.307 8.665 0.317 0.000 0.237 13.810 0.146 10.135
14.408 8.665 0.317 0.000 0.237 13.810 0.146 10.135
14.519 8.665 0.317 0.000 0.237 13.810 0.146 10.135
14.622 7.673 0.305 0.000 0.237 13.972 0.145 10.299
14.733 7.673 0.305 0.000 0.237 13.972 0.145 10.299
14.838 7.673 0.305 0.000 0.237 13.972 0.145 10.299
14.949 7.673 0.305 0.000 0.237 13.972 0.145 10.299
15.055 7.673 0.305 0.000 0.178 13.972 0.145 10.299
15.163 7.673 0.305 0.000 0.178 13.972 0.145 10.299
15.272 7.673 0.305 0.000 0.178 13.972 0.145 10.299
15.383 7.673 0.305 0.000 0.178 13.972 0.145 10.299
15.488 7.673 0.305 0.000 0.178 13.972 0.145 10.299
15.600 1.267 0.061 0.000 0.178 13.872 0.141 0.550
15.709 1.267 0.061 0.000 0.178 13.872 0.141 0.550
15.815 1.267 0.061 0.000 0.178 13.872 0.141 0.550
15.922 1.267 0.061 0.000 0.178 13.872 0.141 0.550
16.027 1.267 0.061 0.000 0.178 13.872 0.141 0.550
16.132 1.267 0.061 0.000 0.041 13.872 0.141 0.550
16.243 1.267 0.061 0.000 0.041 13.872 0.141 0.550
16.346 1.267 0.061 0.000 0.041 13.872 0.141 0.550
16.452 1.267 0.061 0.000 0.041 13.872 0.141 0.550
16.559 0.000 0.024 0.000 0.041 3.086 0.138 1.000
16.672 0.000 0.024 0.000 0.041 3.086 0.138 1.000
16.783 0.000 0.024 0.000 0.041 3.086 0.138 1.000
16.894 0.000 0.024 0.000 0.041 3.086 0.138 1.000
17.002 0.000 0.024 0.000 0.041 3.086 0.138 1.000
17.108 0.000 0.024 0.000 0.045 3.086 0.138 1.000
17.220 0.000 0.024 0.000 0.045 3.086 0.138 1.000
17.332 0.000 0.024 0.000 0.045 3.086 0.138 1.000
17.444 0.000 0.024 0.000 0.045 3.086 0.138 1.000
17.555 0.000 0.023 0.000 0.045 1.232 0.137 0.408
17.663 0.000 0.023 0.000 0.045 1.232 0.137 0.408
17.774 0.000 0.023 0.000 0.045 1.232 0.137 0.408
17.886 0.000 0.023 0.000 0.045 1.232 0.137 0.408
17.988 0.000 0.023 0.000 0.045 1.232 0.137 0.408
18.096 0.000 0.023 0.000 0.060 1.232 0.137 0.408
18.206 0.000 0.023 0.000 0.060 1.232 0.137 0.408
18.317 0.000 0.023 0.000 0.060 1.232 0.137 0.408
18.426 0.000 0.023 0.000 0.060 1.232 0.137 0.408
18.534 0.000 0.023 0.000 0.060 1.232 0.137 0.408
18.638 0.000 0.020 0.000 0.060 1.461 0.134 0.470
18.740 0.000 0.020 0.000 0.060 1.461 0.134 0.470
18.852 0.000 0.020 0.000 0.060 1.461 0.134 0.470
18.963 0.000 0.020 0.000 0.060 1.461 0.134 0.470
19.075 0.000 0.020 0.137 0.056 1.461 0.134 0.470
19.178 0.000 0.020 0.137 0.056 1.461 0.134 0.470
19.288 0.000 0.020 0.137 0.056 1.461 0.134 0.470
19.396 0.000 0.020 0.137 0.056 1.461 0.134 0.470
19.505 0.000 0.020 0.137 0.056 1.461 0.134 0.470
19.611 0.000 0.023 0.137 0.056 1.294 0.142 0.389
19.722 0.000 0.023 0.137 0.056 1.294 0.142 0.389
19.828 0.000 0.023 0.137 0.056 1.294 0.142 0.389
19.938 0.000 0.023 0.137 0.056 1.294 0.142 0.389
20.050 0.000 0.023 0.000 0.041 1.294 0.142 0.389
20.162 0.000 0.023 0.000 0.041 1.294 0.142 0.389
20.272 0.000 0.023 0.000 0.041 1.294 0.142 0.389
20.382 0.000 0.023 0.000 0.041 1.294 0.142 0.389
20.493 0.000 0.023 0.000 0.041 1.294 0.142 0.389
20.598 0.000 0.023 0.000 0.041 1.319 0.135 0.455
20.702 0.000 0.023 0.000 0.041 1.319 0.135 0.455
20.805 0.000 0.023 0.000 0.041 1.319 0.135 0.455
20.916 0.000 0.023 0.000 0.041 1.319 0.135 0.455
21.026 0.000 0.023 0.000 0.041 1.319 0.135 0.455
21.137 0.000 0.023 0.000 0.053 1.319 0.135 0.455
21.247 0.000 0.023 0.000 0.053 1.319 0.135 0.455
21.355 0.000 0.023 0.000 0.053 1.319 0.135 0.455
21.465 0.000 0.023 0.000 0.053 1.319 0.135 0.455
21.572 0.057 0.022 0.000 0.053 1.302 0.135 0.422
21.683 0.057 0.022 0.000 0.053 1.302 0.135 0.422
21.788 0.057 0.022 0.000 0.053 1.302 0.135 0.422
21.893 0.057 0.022 0.000 0.053 1.302 0.135 0.422
22.004 0.057 0.022 0.000 0.053 1.302 0.135 0.422
22.112 0.057 0.022 0.000 0.038 1.302 0.135 0.422
22.224 0.057 0.022 0.000 0.038 1.302 0.135 0.422
22.334 0.057 0.022 0.000 0.038 1.302 0.135 0.422
22.445 0.057 0.022 0.000 0.038 1.302 0.135 0.422
22.556 0.000 0.022 0.000 0.038 1.431 0.136 0.511
22.663 0.000 0.022 0.000 0.038 1.431 0.136 0.511
22.774 0.000 0.022 0.000 0.038 1.431 0.136 0.511
22.886 0.000 0.022 0.000 0.038 1.431 0.136 0.511
22.990 0.000 0.022 0.000 0.038 1.431 0.136 0.511
23.096 0.000 0.022 0.000 0.038 1.431 0.136 0.511
23.205 0.000 0.022 0.000 0.038 1.431 0.136 0.511
23.313 0.000 0.022 0.000 0.038 1.431 0.136 0.511
23.424 0.000 0.022 0.000 0.038 1.431 0.136 0.511
23.530 0.000 0.022 0.000 0.038 1.431 0.136 0.511
23.641 0.000 0.020 0.000 0.038 1.196 0.133 0.483
23.750 0.000 0.020 0.000 0.038 1.196 0.133 0.483
23.856 0.000 0.020 0.000 0.038 1.196 0.133 0.483
23.965 0.000 0.020 0.000 0.038 1.196 0.133 0.483
24.072 0.000 0.020 0.000 0.040 1.196 0.133 0.483
24.183 0.000 0.020 0.000 0.040 1.196 0.133 0.483
24.288 0.000 0.020 0.000 0.040 1.196 0.133 0.483
24.396 0.000 0.020 0.000 0.040 1.196 0.133 0.483
24.507 0.000 0.020 0.000 0.040 1.196 0.133 0.483
24.619 0.000 0.022 0.000 0.040 1.279 0.129 0.544
24.722 0.000 0.022 0.000 0.040 1.279 0.129 0.544
24.833 0.000 0.022 0.000 0.040 1.279 0.129 0.544
24.938 0.000 0.022 0.000 0.040 1.279 0.129 0.544
25.050 0.000 0.022 0.000 0.041 1.279 0.129 0.544
25.155 0.000 0.022 0.000 0.041 1.279 0.129 0.544
25.267 0.000 0.022 0.000 0.041 1.279 0.129 0.544
25.376 0.000 0.022 0.000 0.041 1.279 0.129 0.544
25.488 0.000 0.022 0.000 0.041 1.279 0.129 0.544
25.600 0.032 0.023 0.000 0.041 1.258 0.134 0.417
25.705 0.032 0.023 0.000 0.041 1.258 0.134 0.417
25.809 0.032 0.023 0.000 0.041 1.258 0.134 0.417
25.912 0.032 0.023 0.000 0.041 1.258 0.134 0.417
