0.000 0.000 0.022 0.000 0.039 1.236 0.139 0.440
0.108 0.000 0.022 0.000 0.040 1.236 0.139 0.440
0.221 0.000 0.022 0.000 0.040 1.236 0.139 0.440
0.325 0.000 0.022 0.000 0.040 1.236 0.139 0.440
0.433 0.000 0.022 0.000 0.040 1.236 0.139 0.440
0.542 0.032 0.021 0.000 0.040 1.234 0.135 0.450
0.646 0.032 0.021 0.000 0.040 1.234 0.135 0.450
0.756 0.032 0.021 0.000 0.040 1.234 0.135 0.450
0.866 0.032 0.021 0.000 0.040 1.234 0.135 0.450
0.975 0.032 0.021 0.000 0.040 1.234 0.135 0.450
1.086 0.032 0.021 0.000 0.043 1.234 0.135 0.450
1.198 0.032 0.021 0.000 0.043 1.234 0.135 0.450
1.309 0.032 0.021 0.000 0.043 1.234 0.135 0.450
1.415 0.032 0.021 0.000 0.043 1.234 0.135 0.450
1.525 0.554 0.033 0.000 0.043 1.317 0.142 0.379
1.633 0.554 0.033 0.000 0.043 1.317 0.142 0.379
1.736 0.554 0.033 0.000 0.043 1.317 0.142 0.379
1.842 0.554 0.033 0.000 0.043 1.317 0.142 0.379
1.952 0.554 0.033 0.000 0.043 1.317 0.142 0.379
2.055 0.554 0.033 0.000 0.091 1.317 0.142 0.379
2.157 0.554 0.033 0.000 0.091 1.317 0.142 0.379
2.258 0.554 0.033 0.000 0.091 1.317 0.142 0.379
2.366 0.554 0.033 0.000 0.091 1.317 0.142 0.379
2.467 0.554 0.033 0.000 0.091 1.317 0.142 0.379
2.575 3.032 0.079 0.000 0.091 2.210 0.142 6.685
2.684 3.032 0.079 0.000 0.091 2.210 0.142 6.685
2.790 3.032 0.079 0.000 0.091 2.210 0.142 6.685
2.901 3.032 0.079 0.000 0.091 2.210 0.142 6.685
3.009 3.032 0.079 0.000 0.191 2.210 0.142 6.685
3.112 3.032 0.079 0.000 0.191 2.210 0.142 6.685
3.223 3.032 0.079 0.000 0.191 2.210 0.142 6.685
3.325 3.032 0.079 0.000 0.191 2.210 0.142 6.685
3.426 3.032 0.079 0.000 0.191 2.210 0.142 6.685
3.530 5.443 0.132 0.000 0.191 5.756 0.144 6.475
3.635 5.443 0.132 0.000 0.191 5.756 0.144 6.475
3.740 5.443 0.132 0.000 0.191 5.756 0.144 6.475
3.842 5.443 0.132 0.000 0.191 5.756 0.144 6.475
3.953 5.443 0.132 0.000 0.191 5.756 0.144 6.475
4.054 5.443 0.132 0.000 0.216 5.756 0.144 6.475
4.160 5.443 0.132 0.000 0.216 5.756 0.144 6.475
4.262 5.443 0.132 0.000 0.216 5.756 0.144 6.475
4.364 5.443 0.132 0.000 0.216 5.756 0.144 6.475
4.475 5.443 0.132 0.000 0.216 5.756 0.144 6.475
4.580 5.346 0.153 0.000 0.216 9.288 0.148 6.785
4.687 5.346 0.153 0.000 0.216 9.288 0.148 6.785
4.793 5.346 0.153 0.000 0.216 9.288 0.148 6.785
4.895 5.346 0.153 0.000 0.216 9.288 0.148 6.785
5.001 5.346 0.153 0.000 0.216 9.288 0.148 6.785
5.109 5.346 0.153 0.000 0.192 9.288 0.148 6.785
5.220 5.346 0.153 0.000 0.192 9.288 0.148 6.785
5.331 5.346 0.153 0.000 0.192 9.288 0.148 6.785
5.435 5.346 0.153 0.000 0.192 9.288 0.148 6.785
5.536 5.271 0.127 0.000 0.192 9.341 0.146 6.433
5.637 5.271 0.127 0.000 0.192 9.341 0.146 6.433
5.744 5.271 0.127 0.000 0.192 9.341 0.146 6.433
5.845 5.271 0.127 0.000 0.192 9.341 0.146 6.433
5.956 5.271 0.127 0.000 0.192 9.341 0.146 6.433
6.058 5.271 0.127 0.000 0.197 9.341 0.146 6.433
6.168 5.271 0.127 0.000 0.197 9.341 0.146 6.433
6.270 5.271 0.127 0.000 0.197 9.341 0.146 6.433
6.372 5.271 0.127 0.000 0.197 9.341 0.146 6.433
6.477 5.271 0.127 0.000 0.197 9.341 0.146 6.433
6.578 5.409 0.123 0.000 0.197 9.196 0.144 6.703
6.679 5.409 0.123 0.000 0.197 9.196 0.144 6.703
6.791 5.409 0.123 0.000 0.197 9.196 0.144 6.703
6.892 5.409 0.123 0.000 0.197 9.196 0.144 6.703
6.999 5.409 0.123 0.000 0.197 9.196 0.144 6.703
7.107 5.409 0.123 0.000 0.194 9.196 0.144 6.703
7.211 5.409 0.123 0.000 0.194 9.196 0.144 6.703
7.322 5.409 0.123 0.000 0.194 9.196 0.144 6.703
7.433 5.409 0.123 0.000 0.194 9.196 0.144 6.703
7.544 5.323 0.124 0.000 0.194 9.236 0.142 6.672
7.646 5.323 0.124 0.000 0.194 9.236 0.142 6.672
7.757 5.323 0.124 0.000 0.194 9.236 0.142 6.672
7.865 5.323 0.124 0.000 0.194 9.236 0.142 6.672
7.968 5.323 0.124 0.000 0.194 9.236 0.142 6.672
8.070 5.323 0.124 0.000 0.194 9.236 0.142 6.672
8.181 5.323 0.124 0.000 0.194 9.236 0.142 6.672
8.292 5.323 0.124 0.000 0.194 9.236 0.142 6.672
8.394 5.323 0.124 0.000 0.194 9.236 0.142 6.672
8.502 5.323 0.124 0.000 0.194 9.236 0.142 6.672
8.604 5.192 0.119 0.000 0.194 9.227 0.145 6.597
8.715 5.192 0.119 0.000 0.194 9.227 0.145 6.597
8.826 5.192 0.119 0.000 0.194 9.227 0.145 6.597
8.933 5.192 0.119 0.000 0.194 9.227 0.145 6.597
9.041 5.192 0.119 0.000 0.195 9.227 0.145 6.597
9.152 5.192 0.119 0.000 0.195 9.227 0.145 6.597
9.254 5.192 0.119 0.000 0.195 9.227 0.145 6.597
9.365 5.192 0.119 0.000 0.195 9.227 0.145 6.597
9.468 5.192 0.119 0.000 0.195 9.227 0.145 6.597
9.571 5.333 0.118 0.000 0.195 9.241 0.142 6.596
9.682 5.333 0.118 0.000 0.195 9.241 0.142 6.596
9.790 5.333 0.118 0.000 0.195 9.241 0.142 6.596
9.901 5.333 0.118 0.000 0.195 9.241 0.142 6.596
10.012 5.333 0.118 0.000 0.191 9.241 0.142 6.596
10.123 5.333 0.118 0.000 0.191 9.241 0.142 6.596
10.234 5.333 0.118 0.000 0.191 9.241 0.142 6.596
10.338 5.333 0.118 0.000 0.191 9.241 0.142 6.596
10.439 5.333 0.118 0.000 0.191 9.241 0.142 6.596
10.541 5.356 0.122 0.000 0.191 9.131 0.145 6.590
10.652 5.356 0.122 0.000 0.191 9.131 0.145 6.590
10.753 5.356 0.122 0.000 0.191 9.131 0.145 6.590
10.864 5.356 0.122 0.000 0.191 9.131 0.145 6.590
10.968 5.356 0.122 0.000 0.191 9.131 0.145 6.590
11.070 5.356 0.122 0.000 0.197 9.131 0.145 6.590
11.173 5.356 0.122 0.000 0.197 9.131 0.145 6.590
11.274 5.356 0.122 0.000 0.197 9.131 0.145 6.590
11.385 5.356 0.122 0.000 0.197 9.131 0.145 6.590
11.496 5.356 0.122 0.000 0.197 9.131 0.145 6.590
11.607 5.452 0.128 0.000 0.197 9.262 0.141 6.696
11.718 5.452 0.128 0.000 0.197 9.262 0.141 6.696
11.821 5.452 0.128 0.000 0.197 9.262 0.141 6.696
11.922 5.452 0.128 0.000 0.197 9.262 0.141 6.696
12.023 5.452 0.128 0.000 0.191 9.262 0.141 6.696
12.125 5.452 0.128 0.000 0.191 9.262 0.141 6.696
12.235 5.452 0.128 0.000 0.191 9.262 0.141 6.696
12.339 5.452 0.128 0.000 0.191 9.262 0.141 6.696
12.441 5.452 0.128 0.000 0.191 9.262 0.141 6.696
12.543 5.422 0.121 0.000 0.191 9.131 0.144 6.522
12.646 5.422 0.121 0.000 0.191 9.131 0.144 6.522
12.757 5.422 0.121 0.000 0.191 9.131 0.144 6.522
12.860 5.422 0.121 0.000 0.191 9.131 0.144 6.522
12.962 5.422 0.121 0.000 0.191 9.131 0.144 6.522
13.069 5.422 0.121 0.000 0.188 9.131 0.144 6.522
13.180 5.422 0.121 0.000 0.188 9.131 0.144 6.522
13.282 5.422 0.121 0.000 0.188 9.131 0.144 6.522
13.393 5.422 0.121 0.000 0.188 9.131 0.144 6.522
13.495 5.422 0.121 0.000 0.188 9.131 0.144 6.522
13.606 5.404 0.121 0.000 0.188 9.142 0.141 6.664
13.717 5.404 0.121 0.000 0.188 9.142 0.141 6.664
13.828 5.404 0.121 0.000 0.188 9.142 0.141 6.664
13.930 5.404 0.121 0.000 0.188 9.142 0.141 6.664
14.041 5.404 0.121 0.000 0.207 9.142 0.141 6.664
14.142 5.404 0.121 0.000 0.207 9.142 0.141 6.664
14.253 5.404 0.121 0.000 0.207 9.142 0.141 6.664
14.360 5.404 0.121 0.000 0.207 9.142 0.141 6.664
14.471 5.404 0.121 0.000 0.207 9.142 0.141 6.664
14.573 5.417 0.137 0.000 0.207 9.137 0.151 6.691
14.675 5.417 0.137 0.000 0.207 9.137 0.151 6.691
14.786 5.417 0.137 0.000 0.207 9.137 0.151 6.691
14.897 5.417 0.137 0.000 0.207 9.137 0.151 6.691
15.008 5.417 0.137 0.000 0.164 9.137 0.151 6.691
15.118 5.417 0.137 0.000 0.164 9.137 0.151 6.691
15.230 5.417 0.137 0.000 0.164 9.137 0.151 6.691
15.340 5.417 0.137 0.000 0.164 9.137 0.151 6.691
15.452 5.417 0.137 0.000 0.164 9.137 0.151 6.691
15.562 1.603 0.049 0.000 0.164 9.279 0.136 0.424
15.666 1.603 0.049 0.000 0.164 9.279 0.136 0.424
15.775 1.603 0.049 0.000 0.164 9.279 0.136 0.424
15.887 1.603 0.049 0.000 0.164 9.279 0.136 0.424
15.995 1.603 0.049 0.000 0.164 9.279 0.136 0.424
16.105 1.603 0.049 0.000 0.042 9.279 0.136 0.424
16.213 1.603 0.049 0.000 0.042 9.279 0.136 0.424
16.321 1.603 0.049 0.000 0.042 9.279 0.136 0.424
16.428 1.603 0.049 0.000 0.042 9.279 0.136 0.424
16.533 0.065 0.025 0.000 0.042 3.677 0.139 0.417
16.636 0.065 0.025 0.000 0.042 3.677 0.139 0.417
16.742 0.065 0.025 0.000 0.042 3.677 0.139 0.417
16.853 0.065 0.025 0.000 0.042 3.677 0.139 0.417
16.962 0.065 0.025 0.000 0.042 3.677 0.139 0.417
17.074 0.065 0.025 0.000 0.067 3.677 0.139 0.417
17.185 0.065 0.025 0.000 0.067 3.677 0.139 0.417
17.288 0.065 0.025 0.000 0.067 3.677 0.139 0.417
17.392 0.065 0.025 0.000 0.067 3.677 0.139 0.417
17.500 0.065 0.025 0.000 0.067 3.677 0.139 0.417
17.608 0.000 0.023 0.000 0.067 1.668 0.139 0.474
17.720 0.000 0.023 0.000 0.067 1.668 0.139 0.474
17.832 0.000 0.023 0.000 0.067 1.668 0.139 0.474
17.943 0.000 0.023 0.000 0.067 1.668 0.139 0.474
18.045 0.000 0.023 0.000 0.041 1.668 0.139 0.474
18.156 0.000 0.023 0.000 0.041 1.668 0.139 0.474
18.266 0.000 0.023 0.000 0.041 1.668 0.139 0.474
18.371 0.000 0.023 0.000 0.041 1.668 0.139 0.474
18.481 0.000 0.023 0.000 0.041 1.668 0.139 0.474
18.592 0.000 0.021 0.000 0.041 1.274 0.139 0.516
18.700 0.000 0.021 0.000 0.041 1.274 0.139 0.516
18.808 0.000 0.021 0.000 0.041 1.274 0.139 0.516
18.914 0.000 0.021 0.000 0.041 1.274 0.139 0.516
19.025 0.000 0.021 0.000 0.043 1.274 0.139 0.516
19.136 0.000 0.021 0.000 0.043 1.274 0.139 0.516
19.247 0.000 0.021 0.000 0.043 1.274 0.139 0.516
19.353 0.000 0.021 0.000 0.043 1.274 0.139 0.516
19.458 0.000 0.021 0.000 0.043 1.274 0.139 0.516
19.569 0.000 0.022 0.000 0.043 1.297 0.137 0.540
19.680 0.000 0.022 0.000 0.043 1.297 0.137 0.540
19.791 0.000 0.022 0.000 0.043 1.297 0.137 0.540
19.893 0.000 0.022 0.000 0.043 1.297 0.137 0.540
20.000 0.000 0.022 0.000 0.043 1.297 0.137 0.540
20.112 0.000 0.022 0.000 0.047 1.297 0.137 0.540
20.223 0.000 0.022 0.000 0.047 1.297 0.137 0.540
20.325 0.000 0.022 0.000 0.047 1.297 0.137 0.540
20.437 0.000 0.022 0.000 0.047 1.297 0.137 0.540
20.548 0.040 0.023 0.000 0.047 1.405 0.135 1.268
20.658 0.040 0.023 0.000 0.047 1.405 0.135 1.268
20.766 0.040 0.023 0.000 0.047 1.405 0.135 1.268
20.874 0.040 0.023 0.000 0.047 1.405 0.135 1.268
20.985 0.040 0.023 0.000 0.047 1.405 0.135 1.268
21.092 0.040 0.023 0.000 0.049 1.405 0.135 1.268
21.200 0.040 0.023 0.000 0.049 1.405 0.135 1.268
21.306 0.040 0.023 0.000 0.049 1.405 0.135 1.268
21.408 0.040 0.023 0.000 0.049 1.405 0.135 1.268
21.518 0.000 0.021 0.000 0.049 1.538 0.134 0.492
21.624 0.000 0.021 0.000 0.049 1.538 0.134 0.492
21.726 0.000 0.021 0.000 0.049 1.538 0.134 0.492
21.828 0.000 0.021 0.000 0.049 1.538 0.134 0.492
21.933 0.000 0.021 0.000 0.049 1.538 0.134 0.492
22.044 0.000 0.021 0.000 0.039 1.538 0.134 0.492
22.150 0.000 0.021 0.000 0.039 1.538 0.134 0.492
22.261 0.000 0.021 0.000 0.039 1.538 0.134 0.492
22.371 0.000 0.021 0.000 0.039 1.538 0.134 0.492
22.482 0.000 0.021 0.000 0.039 1.538 0.134 0.492
22.592 0.000 0.022 0.000 0.039 1.310 0.136 0.597
22.703 0.000 0.022 0.000 0.039 1.310 0.136 0.597
22.811 0.000 0.022 0.000 0.039 1.310 0.136 0.597
22.918 0.000 0.022 0.000 0.039 1.310 0.136 0.597
23.025 0.000 0.022 0.000 0.041 1.310 0.136 0.597
23.135 0.000 0.022 0.000 0.041 1.310 0.136 0.597
23.242 0.000 0.022 0.000 0.041 1.310 0.136 0.597
23.353 0.000 0.022 0.000 0.041 1.310 0.136 0.597
23.463 0.000 0.022 0.000 0.041 1.310 0.136 0.597
23.572 0.000 0.023 0.000 0.041 1.300 0.135 0.374
23.675 0.000 0.023 0.000 0.041 1.300 0.135 0.374
23.787 0.000 0.023 0.000 0.041 1.300 0.135 0.374
23.892 0.000 0.023 0.000 0.041 1.300 0.135 0.374
24.000 0.000 0.023 0.000 0.041 1.300 0.135 0.374
24.109 0.000 0.023 0.000 0.039 1.300 0.135 0.374
24.221 0.000 0.023 0.000 0.039 1.300 0.135 0.374
24.332 0.000 0.023 0.000 0.039 1.300 0.135 0.374
24.442 0.000 0.023 0.000 0.039 1.300 0.135 0.374
24.553 0.000 0.019 0.000 0.039 1.269 0.137 0.858
24.660 0.000 0.019 0.000 0.039 1.269 0.137 0.858
24.766 0.000 0.019 0.000 0.039 1.269 0.137 0.858
24.875 0.000 0.019 0.000 0.039 1.269 0.137 0.858
24.987 0.000 0.019 0.000 0.039 1.269 0.137 0.858
25.096 0.000 0.019 0.000 0.040 1.269 0.137 0.858
25.197 0.000 0.019 0.000 0.040 1.269 0.137 0.858
25.302 0.000 0.019 0.000 0.040 1.269 0.137 0.858
25.412 0.000 0.019 0.000 0.040 1.269 0.137 0.858
25.517 0.000 0.020 0.000 0.040 1.246 0.133 0.438
25.625 0.000 0.020 0.000 0.040 1.246 0.133 0.438
25.736 0.000 0.020 0.000 0.040 1.246 0.133 0.438
25.842 0.000 0.020 0.000 0.040 1.246 0.133 0.438
25.953 0.000 0.020 0.000 0.040 1.246 0.133 0.438
