0.000 0.000 0.020 0.000 0.046 1.213 0.143 0.479
0.110 0.000 0.020 0.000 0.046 1.213 0.143 0.479
0.219 0.000 0.020 0.000 0.046 1.213 0.143 0.479
0.327 0.000 0.020 0.000 0.046 1.213 0.143 0.479
0.435 0.000 0.023 0.000 0.046 1.382 0.135 0.682
0.544 0.000 0.023 0.000 0.046 1.382 0.135 0.682
0.653 0.000 0.023 0.000 0.046 1.382 0.135 0.682
0.760 0.000 0.023 0.000 0.046 1.382 0.135 0.682
0.868 0.000 0.023 0.000 0.046 1.382 0.135 0.682
0.977 0.000 0.023 0.000 0.042 1.382 0.135 0.682
1.088 0.000 0.023 0.000 0.042 1.382 0.135 0.682
1.199 0.000 0.023 0.000 0.042 1.382 0.135 0.682
1.310 0.000 0.023 0.000 0.042 1.382 0.135 0.682
1.422 0.546 0.027 0.000 0.042 1.389 0.142 0.829
1.527 0.546 0.027 0.000 0.042 1.389 0.142 0.829
1.634 0.546 0.027 0.000 0.042 1.389 0.142 0.829
1.746 0.546 0.027 0.000 0.042 1.389 0.142 0.829
1.848 0.546 0.027 0.000 0.042 1.389 0.142 0.829
1.950 0.546 0.027 0.000 0.073 1.389 0.142 0.829
2.061 0.546 0.027 0.000 0.073 1.389 0.142 0.829
2.163 0.546 0.027 0.000 0.073 1.389 0.142 0.829
2.274 0.546 0.027 0.000 0.073 1.389 0.142 0.829
2.381 0.546 0.027 0.000 0.073 1.389 0.142 0.829
2.484 3.198 0.040 0.000 0.073 2.132 0.141 7.310
2.595 3.198 0.040 0.000 0.073 2.132 0.141 7.310
2.706 3.198 0.040 0.000 0.073 2.132 0.141 7.310
2.817 3.198 0.040 0.000 0.073 2.132 0.141 7.310
2.919 3.198 0.040 0.000 0.192 2.132 0.141 7.310
3.031 3.198 0.040 0.000 0.192 2.132 0.141 7.310
3.142 3.198 0.040 0.000 0.192 2.132 0.141 7.310
3.247 3.198 0.040 0.000 0.192 2.132 0.141 7.310
3.349 3.198 0.040 0.000 0.192 2.132 0.141 7.310
3.460 6.158 0.077 0.000 0.192 5.663 0.142 7.645
3.571 6.158 0.077 0.000 0.192 5.663 0.142 7.645
3.675 6.158 0.077 0.000 0.192 5.663 0.142 7.645
3.777 6.158 0.077 0.000 0.192 5.663 0.142 7.645
3.879 6.158 0.077 0.000 0.192 5.663 0.142 7.645
3.985 6.158 0.077 0.000 0.203 5.663 0.142 7.645
4.088 6.158 0.077 0.000 0.203 5.663 0.142 7.645
4.195 6.158 0.077 0.000 0.203 5.663 0.142 7.645
4.298 6.158 0.077 0.000 0.203 5.663 0.142 7.645
4.400 6.158 0.077 0.000 0.203 5.663 0.142 7.645
4.512 6.255 0.072 0.000 0.203 9.843 0.144 7.923
4.613 6.255 0.072 0.000 0.203 9.843 0.144 7.923
4.716 6.255 0.072 0.000 0.203 9.843 0.144 7.923
4.818 6.255 0.072 0.000 0.203 9.843 0.144 7.923
4.921 6.255 0.072 0.000 0.209 9.843 0.144 7.923
5.023 6.255 0.072 0.000 0.209 9.843 0.144 7.923
5.129 6.255 0.072 0.000 0.209 9.843 0.144 7.923
5.238 6.255 0.072 0.000 0.209 9.843 0.144 7.923
5.349 6.255 0.072 0.000 0.209 9.843 0.144 7.923
5.451 6.387 0.078 0.000 0.209 9.847 0.143 7.181
5.563 6.387 0.078 0.000 0.209 9.847 0.143 7.181
5.674 6.387 0.078 0.000 0.209 9.847 0.143 7.181
5.785 6.387 0.078 0.000 0.209 9.847 0.143 7.181
5.887 6.387 0.078 0.000 0.209 9.847 0.143 7.181
5.989 6.387 0.078 0.000 0.202 9.847 0.143 7.181
6.092 6.387 0.078 0.000 0.202 9.847 0.143 7.181
6.197 6.387 0.078 0.000 0.202 9.847 0.143 7.181
6.309 6.387 0.078 0.000 0.202 9.847 0.143 7.181
6.420 6.234 0.073 0.000 0.202 10.069 0.140 7.684
6.531 6.234 0.073 0.000 0.202 10.069 0.140 7.684
6.637 6.234 0.073 0.000 0.202 10.069 0.140 7.684
6.748 6.234 0.073 0.000 0.202 10.069 0.140 7.684
6.859 6.234 0.073 0.000 0.202 10.069 0.140 7.684
6.970 6.234 0.073 0.000 0.201 10.069 0.140 7.684
7.072 6.234 0.073 0.000 0.201 10.069 0.140 7.684
7.180 6.234 0.073 0.000 0.201 10.069 0.140 7.684
7.282 6.234 0.073 0.000 0.201 10.069 0.140 7.684
7.385 6.234 0.073 0.000 0.201 10.069 0.140 7.684
7.496 6.233 0.064 0.000 0.201 9.862 0.145 7.106
7.598 6.233 0.064 0.000 0.201 9.862 0.145 7.106
7.700 6.233 0.064 0.000 0.201 9.862 0.145 7.106
7.803 6.233 0.064 0.000 0.201 9.862 0.145 7.106
7.914 6.233 0.064 0.000 0.201 9.862 0.145 7.106
8.025 6.233 0.064 0.000 0.201 9.862 0.145 7.106
8.126 6.233 0.064 0.000 0.201 9.862 0.145 7.106
8.229 6.233 0.064 0.000 0.201 9.862 0.145 7.106
8.331 6.233 0.064 0.000 0.201 9.862 0.145 7.106
8.443 6.248 0.072 0.000 0.201 9.852 0.144 7.591
8.544 6.248 0.072 0.000 0.201 9.852 0.144 7.591
8.648 6.248 0.072 0.000 0.201 9.852 0.144 7.591
8.760 6.248 0.072 0.000 0.201 9.852 0.144 7.591
8.862 6.248 0.072 0.000 0.201 9.852 0.144 7.591
8.973 6.248 0.072 0.000 0.202 9.852 0.144 7.591
9.084 6.248 0.072 0.000 0.202 9.852 0.144 7.591
9.185 6.248 0.072 0.000 0.202 9.852 0.144 7.591
9.288 6.248 0.072 0.000 0.202 9.852 0.144 7.591
9.391 6.248 0.072 0.000 0.202 9.852 0.144 7.591
9.502 6.286 0.078 0.000 0.202 9.848 0.145 7.282
9.613 6.286 0.078 0.000 0.202 9.848 0.145 7.282
9.715 6.286 0.078 0.000 0.202 9.848 0.145 7.282
9.817 6.286 0.078 0.000 0.202 9.848 0.145 7.282
9.919 6.286 0.078 0.000 0.206 9.848 0.145 7.282
10.031 6.286 0.078 0.000 0.206 9.848 0.145 7.282
10.142 6.286 0.078 0.000 0.206 9.848 0.145 7.282
10.253 6.286 0.078 0.000 0.206 9.848 0.145 7.282
10.356 6.286 0.078 0.000 0.206 9.848 0.145 7.282
10.467 6.283 0.078 0.000 0.206 9.902 0.144 7.386
10.574 6.283 0.078 0.000 0.206 9.902 0.144 7.386
10.685 6.283 0.078 0.000 0.206 9.902 0.144 7.386
10.796 6.283 0.078 0.000 0.206 9.902 0.144 7.386
10.907 6.283 0.078 0.000 0.206 9.902 0.144 7.386
11.018 6.283 0.078 0.000 0.206 9.902 0.144 7.386
11.120 6.283 0.078 0.000 0.206 9.902 0.144 7.386
11.223 6.283 0.078 0.000 0.206 9.902 0.144 7.386
11.334 6.283 0.078 0.000 0.206 9.902 0.144 7.386
11.445 6.309 0.072 0.000 0.206 9.891 0.140 7.238
11.556 6.309 0.072 0.000 0.206 9.891 0.140 7.238
11.667 6.309 0.072 0.000 0.206 9.891 0.140 7.238
11.779 6.309 0.072 0.000 0.206 9.891 0.140 7.238
11.890 6.309 0.072 0.000 0.206 9.891 0.140 7.238
12.001 6.309 0.072 0.000 0.203 9.891 0.140 7.238
12.103 6.309 0.072 0.000 0.203 9.891 0.140 7.238
12.214 6.309 0.072 0.000 0.203 9.891 0.140 7.238
12.318 6.309 0.072 0.000 0.203 9.891 0.140 7.238
12.429 6.316 0.072 0.000 0.203 9.851 0.149 7.829
12.531 6.316 0.072 0.000 0.203 9.851 0.149 7.829
12.633 6.316 0.072 0.000 0.203 9.851 0.149 7.829
12.736 6.316 0.072 0.000 0.203 9.851 0.149 7.829
12.847 6.316 0.072 0.000 0.203 9.851 0.149 7.829
12.958 6.316 0.072 0.000 0.201 9.851 0.149 7.829
13.064 6.316 0.072 0.000 0.201 9.851 0.149 7.829
13.176 6.316 0.072 0.000 0.201 9.851 0.149 7.829
13.287 6.316 0.072 0.000 0.201 9.851 0.149 7.829
13.398 6.316 0.072 0.000 0.201 9.851 0.149 7.829
13.509 6.237 0.080 0.000 0.201 9.856 0.146 7.191
13.620 6.237 0.080 0.000 0.201 9.856 0.146 7.191
13.727 6.237 0.080 0.000 0.201 9.856 0.146 7.191
13.830 6.237 0.080 0.000 0.201 9.856 0.146 7.191
13.932 6.237 0.080 0.000 0.203 9.856 0.146 7.191
14.038 6.237 0.080 0.000 0.203 9.856 0.146 7.191
14.140 6.237 0.080 0.000 0.203 9.856 0.146 7.191
14.249 6.237 0.080 0.000 0.203 9.856 0.146 7.191
14.351 6.237 0.080 0.000 0.203 9.856 0.146 7.191
14.454 6.281 0.082 0.000 0.203 9.873 0.146 8.334
14.555 6.281 0.082 0.000 0.203 9.873 0.146 8.334
14.666 6.281 0.082 0.000 0.203 9.873 0.146 8.334
14.768 6.281 0.082 0.000 0.203 9.873 0.146 8.334
14.879 6.281 0.082 0.000 0.203 9.873 0.146 8.334
14.991 6.281 0.082 0.000 0.205 9.873 0.146 8.334
15.098 6.281 0.082 0.000 0.205 9.873 0.146 8.334
15.208 6.281 0.082 0.000 0.205 9.873 0.146 8.334
15.309 6.281 0.082 0.000 0.205 9.873 0.146 8.334
15.421 2.505 0.060 0.000 0.205 10.014 0.141 0.654
15.533 2.505 0.060 0.000 0.205 10.014 0.141 0.654
15.642 2.505 0.060 0.000 0.205 10.014 0.141 0.654
15.754 2.505 0.060 0.000 0.205 10.014 0.141 0.654
15.864 2.505 0.060 0.000 0.205 10.014 0.141 0.654
15.974 2.505 0.060 0.000 0.042 10.014 0.141 0.654
16.077 2.505 0.060 0.000 0.042 10.014 0.141 0.654
16.184 2.505 0.060 0.000 0.042 10.014 0.141 0.654
16.294 2.505 0.060 0.000 0.042 10.014 0.141 0.654
16.402 2.505 0.060 0.000 0.042 10.014 0.141 0.654
16.510 0.000 0.023 0.000 0.042 4.919 0.134 0.446
16.622 0.000 0.023 0.000 0.042 4.919 0.134 0.446
16.733 0.000 0.023 0.000 0.042 4.919 0.134 0.446
16.844 0.000 0.023 0.000 0.042 4.919 0.134 0.446
16.955 0.000 0.023 0.000 0.040 4.919 0.134 0.446
17.060 0.000 0.023 0.000 0.040 4.919 0.134 0.446
17.165 0.000 0.023 0.000 0.040 4.919 0.134 0.446
17.268 0.000 0.023 0.000 0.040 4.919 0.134 0.446
17.380 0.000 0.023 0.000 0.040 4.919 0.134 0.446
17.487 0.000 0.023 0.000 0.040 1.315 0.142 1.039
17.592 0.000 0.023 0.000 0.040 1.315 0.142 1.039
17.696 0.000 0.023 0.000 0.040 1.315 0.142 1.039
17.805 0.000 0.023 0.000 0.040 1.315 0.142 1.039
17.914 0.000 0.023 0.000 0.077 1.315 0.142 1.039
18.026 0.000 0.023 0.000 0.077 1.315 0.142 1.039
18.135 0.000 0.023 0.000 0.077 1.315 0.142 1.039
18.244 0.000 0.023 0.000 0.077 1.315 0.142 1.039
18.355 0.000 0.023 0.000 0.077 1.315 0.142 1.039
18.464 0.000 0.022 0.000 0.077 1.453 0.144 0.796
18.575 0.000 0.022 0.000 0.077 1.453 0.144 0.796
18.677 0.000 0.022 0.000 0.077 1.453 0.144 0.796
18.782 0.000 0.022 0.000 0.077 1.453 0.144 0.796
18.894 0.000 0.022 0.000 0.077 1.453 0.144 0.796
19.005 0.000 0.022 0.000 0.042 1.453 0.144 0.796
19.111 0.000 0.022 0.000 0.042 1.453 0.144 0.796
19.224 0.000 0.022 0.000 0.042 1.453 0.144 0.796
19.335 0.000 0.022 0.000 0.042 1.453 0.144 0.796
19.444 0.000 0.021 0.000 0.042 1.582 0.136 0.753
19.555 0.000 0.021 0.000 0.042 1.582 0.136 0.753
19.660 0.000 0.021 0.000 0.042 1.582 0.136 0.753
19.768 0.000 0.021 0.000 0.042 1.582 0.136 0.753
19.878 0.000 0.021 0.000 0.042 1.582 0.136 0.753
19.987 0.000 0.021 0.000 0.043 1.582 0.136 0.753
20.094 0.000 0.021 0.000 0.043 1.582 0.136 0.753
20.202 0.000 0.021 0.000 0.043 1.582 0.136 0.753
20.304 0.000 0.021 0.000 0.043 1.582 0.136 0.753
20.410 0.000 0.021 0.000 0.043 1.582 0.136 0.753
20.517 0.000 0.022 0.000 0.043 1.296 0.133 1.056
20.629 0.000 0.022 0.000 0.043 1.296 0.133 1.056
20.739 0.000 0.022 0.000 0.043 1.296 0.133 1.056
20.844 0.000 0.022 0.000 0.043 1.296 0.133 1.056
20.955 0.000 0.022 0.000 0.047 1.296 0.133 1.056
21.060 0.000 0.022 0.000 0.047 1.296 0.133 1.056
21.168 0.000 0.022 0.000 0.047 1.296 0.133 1.056
21.277 0.000 0.022 0.000 0.047 1.296 0.133 1.056
21.382 0.000 0.022 0.000 0.047 1.296 0.133 1.056
21.492 0.000 0.023 0.000 0.047 1.375 0.135 0.438
21.603 0.000 0.023 0.000 0.047 1.375 0.135 0.438
21.710 0.000 0.023 0.000 0.047 1.375 0.135 0.438
21.822 0.000 0.023 0.000 0.047 1.375 0.135 0.438
21.931 0.000 0.023 0.000 0.040 1.375 0.135 0.438
22.042 0.000 0.023 0.000 0.040 1.375 0.135 0.438
22.147 0.000 0.023 0.000 0.040 1.375 0.135 0.438
22.253 0.000 0.023 0.000 0.040 1.375 0.135 0.438
22.365 0.000 0.023 0.000 0.040 1.375 0.135 0.438
22.476 0.000 0.019 0.000 0.040 1.383 0.133 0.417
22.579 0.000 0.019 0.000 0.040 1.383 0.133 0.417
22.690 0.000 0.019 0.000 0.040 1.383 0.133 0.417
22.802 0.000 0.019 0.000 0.040 1.383 0.133 0.417
22.910 0.000 0.019 0.000 0.045 1.383 0.133 0.417
23.022 0.000 0.019 0.000 0.045 1.383 0.133 0.417
23.127 0.000 0.019 0.000 0.045 1.383 0.133 0.417
23.235 0.000 0.019 0.000 0.045 1.383 0.133 0.417
23.344 0.000 0.019 0.000 0.045 1.383 0.133 0.417
23.450 0.017 0.020 0.000 0.045 1.349 0.141 0.469
23.560 0.017 0.020 0.000 0.045 1.349 0.141 0.469
23.671 0.017 0.020 0.000 0.045 1.349 0.141 0.469
23.783 0.017 0.020 0.000 0.045 1.349 0.141 0.469
23.894 0.017 0.020 0.000 0.045 1.349 0.141 0.469
24.002 0.017 0.020 0.000 0.047 1.349 0.141 0.469
24.113 0.017 0.020 0.000 0.047 1.349 0.141 0.469
24.225 0.017 0.020 0.000 0.047 1.349 0.141 0.469
24.335 0.017 0.020 0.000 0.047 1.349 0.141 0.469
24.447 0.000 0.020 0.000 0.047 1.404 0.139 0.786
24.549 0.000 0.020 0.000 0.047 1.404 0.139 0.786
24.660 0.000 0.020 0.000 0.047 1.404 0.139 0.786
24.764 0.000 0.020 0.000 0.047 1.404 0.139 0.786
24.876 0.000 0.020 0.000 0.047 1.404 0.139 0.786
24.982 0.000 0.020 0.000 0.061 1.404 0.139 0.786
25.093 0.000 0.020 0.000 0.061 1.404 0.139 0.786
25.204 0.000 0.020 0.000 0.061 1.404 0.139 0.786
25.315 0.000 0.020 0.000 0.061 1.404 0.139 0.786
25.423 0.035 0.021 0.000 0.061 1.470 0.144 0.440
25.533 0.035 0.021 0.000 0.061 1.470 0.144 0.440
25.644 0.035 0.021 0.000 0.061 1.470 0.144 0.440
25.755 0.035 0.021 0.000 0.061 1.470 0.144 0.440
25.864 0.035 0.021 0.000 0.061 1.470 0.144 0.440
25.973 0.035 0.021 0.000 0.049 1.470 0.144 0.440
