OSLOGTAP	[CostModelFeature],conv_0,Op,ios18.conv,gFlopCnt,0.0755,totalMB,0.3203,kKBPerOC,1.125,mbKernel,0.07031,mbInputTensors,0.125,mbOutputTensors,0.125,opsPerByte,235.7,inputTensorX,32,inputTensorY,32,outputTensorX,32,outputTensorY,32,outputChannelCount,64,inputChannelCount,64,kernelX,3,kernelY,3,dilationX,1,dilationY,1,workUnitEfficiency16,1,isL2Resident,0,is3DConv,0,GFLOP/s,1192.742920,GBP/s,0.000000,Runtime,0.063297,UsedDTree,True,Bound:Compute
OSLOGTAP	[CostModelFeature],conv_0,Op,ios18.conv,gFlopCnt,0.0755,totalMB,0.3203,kKBPerOC,1.125,mbKernel,0.07031,mbInputTensors,0.125,mbOutputTensors,0.125,opsPerByte,235.7,inputTensorX,32,inputTensorY,32,outputTensorX,32,outputTensorY,32,outputChannelCount,64,inputChannelCount,64,kernelX,3,kernelY,3,dilationX,1,dilationY,1,workUnitEfficiency16,1,isL2Resident,0,is3DConv,0,GFLOP/s,1036.970703,GBP/s,0.000000,Runtime,0.072806,UsedDTree,True,Bound:Compute
OSLOGTAP	[CostModelFeature],conv_0,Op,ios18.conv,gFlopCnt,0.0755,totalMB,0.3203,kKBPerOC,1.125,mbKernel,0.07031,mbInputTensors,0.125,mbOutputTensors,0.125,opsPerByte,235.7,inputTensorX,32,inputTensorY,32,outputTensorX,32,outputTensorY,32,outputChannelCount,64,inputChannelCount,64,kernelX,3,kernelY,3,dilationX,1,dilationY,1,workUnitEfficiency16,1,isL2Resident,0,is3DConv,0,GFLOP/s,8609.553711,GBP/s,0.000000,Runtime,0.008769,UsedDTree,True,Bound:Memory
