OSLOGTAP	[CostModelFeature],matmul_0,Op,ios18.matmul,gFlopCnt,0.008389,totalMB,0.1562,kKBPerOC,64,mbKernel,0.0625,mbInputTensors,0.0625,mbOutputTensors,0.03125,opsPerByte,53.69,inputTensorX,256,inputTensorY,128,outputTensorX,128,outputTensorY,128,outputChannelCount,1,inputChannelCount,256,kernelX,128,kernelY,256,dilationX,0,dilationY,0,workUnitEfficiency16,1,isL2Resident,0,is3DConv,0,GFLOP/s,359.255920,GBP/s,0.000000,Runtime,0.023350,UsedDTree,True,Bound:Compute
OSLOGTAP	[CostModelFeature],matmul_0,Op,ios18.matmul,gFlopCnt,0.008389,totalMB,0.1562,kKBPerOC,64,mbKernel,0.0625,mbInputTensors,0.0625,mbOutputTensors,0.03125,opsPerByte,53.69,inputTensorX,256,inputTensorY,128,outputTensorX,128,outputTensorY,128,outputChannelCount,1,inputChannelCount,256,kernelX,128,kernelY,256,dilationX,0,dilationY,0,workUnitEfficiency16,1,isL2Resident,0,is3DConv,0,GFLOP/s,312.337097,GBP/s,0.000000,Runtime,0.026858,UsedDTree,True,Bound:Compute
OSLOGTAP	[CostModelFeature],matmul_0,Op,ios18.matmul,gFlopCnt,0.008389,totalMB,0.1562,kKBPerOC,64,mbKernel,0.0625,mbInputTensors,0.0625,mbOutputTensors,0.03125,opsPerByte,53.69,inputTensorX,256,inputTensorY,128,outputTensorX,128,outputTensorY,128,outputChannelCount,1,inputChannelCount,256,kernelX,128,kernelY,256,dilationX,0,dilationY,0,workUnitEfficiency16,1,isL2Resident,0,is3DConv,0,GFLOP/s,11245.807617,GBP/s,0.000000,Runtime,0.000746,UsedDTree,True,Bound:Memory
