OSLOGTAP	[CostModelFeature],gather_0,Op,ios18.gather,gFlopCnt,0.0001311,totalMB,0.1876,kKBPerOC,0,mbKernel,0,mbInputTensors,0.1251,mbOutputTensors,0.0625,opsPerByte,0.6992,inputTensorX,32,inputTensorY,0,outputTensorX,32,outputTensorY,0,outputChannelCount,0,inputChannelCount,0,kernelX,0,kernelY,0,dilationX,0,dilationY,0,workUnitEfficiency16,0,isL2Resident,0,is3DConv,0,GFLOP/s,9.201748,GBP/s,0.000000,Runtime,0.014252,UsedDTree,True,Bound:Memory
OSLOGTAP	[CostModelFeature],gather_0,Op,ios18.gather,gFlopCnt,0.0001311,totalMB,0.1876,kKBPerOC,0,mbKernel,0,mbInputTensors,0.1251,mbOutputTensors,0.0625,opsPerByte,0.6992,inputTensorX,32,inputTensorY,0,outputTensorX,32,outputTensorY,0,outputChannelCount,0,inputChannelCount,0,kernelX,0,kernelY,0,dilationX,0,dilationY,0,workUnitEfficiency16,0,isL2Resident,0,is3DConv,0,GFLOP/s,8.000000,GBP/s,0.000000,Runtime,0.016393,UsedDTree,True,Bound:Memory
OSLOGTAP	[CostModelFeature],gather_0,Op,ios18.gather,gFlopCnt,0.0001311,totalMB,0.1876,kKBPerOC,0,mbKernel,0,mbInputTensors,0.1251,mbOutputTensors,0.0625,opsPerByte,0.6992,inputTensorX,32,inputTensorY,0,outputTensorX,32,outputTensorY,0,outputChannelCount,0,inputChannelCount,0,kernelX,0,kernelY,0,dilationX,0,dilationY,0,workUnitEfficiency16,0,isL2Resident,0,is3DConv,0,GFLOP/s,16900.000000,GBP/s,58.000000,Runtime,0.003158,UsedDTree,False,Bound:Memory
