OSLOGTAP	[CostModelFeature],wrap_in0_0_conv,Op,ios18.conv,gFlopCnt,0.00118,totalMB,1.375,kKBPerOC,0.01758,mbKernel,1.125,mbInputTensors,0.125,mbOutputTensors,0.125,opsPerByte,0.8579,inputTensorX,1,inputTensorY,1,outputTensorX,1,outputTensorY,1,outputChannelCount,6.554e+04,inputChannelCount,1,kernelX,3,kernelY,3,dilationX,1,dilationY,1,workUnitEfficiency16,0.003906,isL2Resident,0,is3DConv,0,GFLOP/s,27.085213,GBP/s,0.000000,Runtime,0.043553,UsedDTree,True,Bound:Memory
OSLOGTAP	[CostModelFeature],wrap_in0_0_relu,Op,ios18.relu,gFlopCnt,0.0001311,totalMB,0.25,kKBPerOC,0,mbKernel,0,mbInputTensors,0.125,mbOutputTensors,0.125,opsPerByte,0.5243,inputTensorX,1,inputTensorY,0,outputTensorX,1,outputTensorY,0,outputChannelCount,0,inputChannelCount,0,kernelX,0,kernelY,0,dilationX,0,dilationY,0,workUnitEfficiency16,0,isL2Resident,0,is3DConv,0,GFLOP/s,50.000000,GBP/s,0.000000,Runtime,0.002621,UsedDTree,True,Bound:Memory
OSLOGTAP	[CostModelFeature],wrap_in0_1_conv,Op,ios18.conv,gFlopCnt,0.00118,totalMB,1.375,kKBPerOC,0.01758,mbKernel,1.125,mbInputTensors,0.125,mbOutputTensors,0.125,opsPerByte,0.8579,inputTensorX,1,inputTensorY,1,outputTensorX,1,outputTensorY,1,outputChannelCount,6.554e+04,inputChannelCount,1,kernelX,3,kernelY,3,dilationX,1,dilationY,1,workUnitEfficiency16,0.003906,isL2Resident,0,is3DConv,0,GFLOP/s,27.085213,GBP/s,0.000000,Runtime,0.043553,UsedDTree,True,Bound:Memory
OSLOGTAP	[CostModelFeature],wrap_in0_1_relu,Op,ios18.relu,gFlopCnt,0.0001311,totalMB,0.25,kKBPerOC,0,mbKernel,0,mbInputTensors,0.125,mbOutputTensors,0.125,opsPerByte,0.5243,inputTensorX,1,inputTensorY,0,outputTensorX,1,outputTensorY,0,outputChannelCount,0,inputChannelCount,0,kernelX,0,kernelY,0,dilationX,0,dilationY,0,workUnitEfficiency16,0,isL2Resident,0,is3DConv,0,GFLOP/s,50.000000,GBP/s,0.000000,Runtime,0.002621,UsedDTree,True,Bound:Memory
OSLOGTAP	[CostModelFeature],wrap_out_0_conv,Op,ios18.conv,gFlopCnt,0.00118,totalMB,1.375,kKBPerOC,0.01758,mbKernel,1.125,mbInputTensors,0.125,mbOutputTensors,0.125,opsPerByte,0.8579,inputTensorX,1,inputTensorY,1,outputTensorX,1,outputTensorY,1,outputChannelCount,6.554e+04,inputChannelCount,1,kernelX,3,kernelY,3,dilationX,1,dilationY,1,workUnitEfficiency16,0.003906,isL2Resident,0,is3DConv,0,GFLOP/s,27.085213,GBP/s,0.000000,Runtime,0.043553,UsedDTree,True,Bound:Memory
OSLOGTAP	[CostModelFeature],wrap_out_0_relu,Op,ios18.relu,gFlopCnt,0.0001311,totalMB,0.25,kKBPerOC,0,mbKernel,0,mbInputTensors,0.125,mbOutputTensors,0.125,opsPerByte,0.5243,inputTensorX,1,inputTensorY,0,outputTensorX,1,outputTensorY,0,outputChannelCount,0,inputChannelCount,0,kernelX,0,kernelY,0,dilationX,0,dilationY,0,workUnitEfficiency16,0,isL2Resident,0,is3DConv,0,GFLOP/s,50.000000,GBP/s,0.000000,Runtime,0.002621,UsedDTree,True,Bound:Memory
OSLOGTAP	[CostModelFeature],wrap_out_1_conv,Op,ios18.conv,gFlopCnt,0.00118,totalMB,1.375,kKBPerOC,0.01758,mbKernel,1.125,mbInputTensors,0.125,mbOutputTensors,0.125,opsPerByte,0.8579,inputTensorX,1,inputTensorY,1,outputTensorX,1,outputTensorY,1,outputChannelCount,6.554e+04,inputChannelCount,1,kernelX,3,kernelY,3,dilationX,1,dilationY,1,workUnitEfficiency16,0.003906,isL2Resident,0,is3DConv,0,GFLOP/s,27.085213,GBP/s,0.000000,Runtime,0.043553,UsedDTree,True,Bound:Memory
OSLOGTAP	[CostModelFeature],wrap_out_1_relu,Op,ios18.relu,gFlopCnt,0.0001311,totalMB,0.25,kKBPerOC,0,mbKernel,0,mbInputTensors,0.125,mbOutputTensors,0.125,opsPerByte,0.5243,inputTensorX,1,inputTensorY,0,outputTensorX,1,outputTensorY,0,outputChannelCount,0,inputChannelCount,0,kernelX,0,kernelY,0,dilationX,0,dilationY,0,workUnitEfficiency16,0,isL2Resident,0,is3DConv,0,GFLOP/s,50.000000,GBP/s,0.000000,Runtime,0.002621,UsedDTree,True,Bound:Memory
OSLOGTAP	[CostModelFeature],wrap_in0_0_conv,Op,ios18.conv,gFlopCnt,0.00118,totalMB,1.375,kKBPerOC,0.01758,mbKernel,1.125,mbInputTensors,0.125,mbOutputTensors,0.125,opsPerByte,0.8579,inputTensorX,1,inputTensorY,1,outputTensorX,1,outputTensorY,1,outputChannelCount,6.554e+04,inputChannelCount,1,kernelX,3,kernelY,3,dilationX,1,dilationY,1,workUnitEfficiency16,0.003906,isL2Resident,0,is3DConv,0,GFLOP/s,23.547886,GBP/s,0.000000,Runtime,0.050096,UsedDTree,True,Bound:Memory
OSLOGTAP	[CostModelFeature],wrap_in0_0_relu,Op,ios18.relu,gFlopCnt,0.0001311,totalMB,0.25,kKBPerOC,0,mbKernel,0,mbInputTensors,0.125,mbOutputTensors,0.125,opsPerByte,0.5243,inputTensorX,1,inputTensorY,0,outputTensorX,1,outputTensorY,0,outputChannelCount,0,inputChannelCount,0,kernelX,0,kernelY,0,dilationX,0,dilationY,0,workUnitEfficiency16,0,isL2Resident,0,is3DConv,0,GFLOP/s,50.000000,GBP/s,0.000000,Runtime,0.002621,UsedDTree,True,Bound:Memory
OSLOGTAP	[CostModelFeature],wrap_in0_1_conv,Op,ios18.conv,gFlopCnt,0.00118,totalMB,1.375,kKBPerOC,0.01758,mbKernel,1.125,mbInputTensors,0.125,mbOutputTensors,0.125,opsPerByte,0.8579,inputTensorX,1,inputTensorY,1,outputTensorX,1,outputTensorY,1,outputChannelCount,6.554e+04,inputChannelCount,1,kernelX,3,kernelY,3,dilationX,1,dilationY,1,workUnitEfficiency16,0.003906,isL2Resident,0,is3DConv,0,GFLOP/s,23.547886,GBP/s,0.000000,Runtime,0.050096,UsedDTree,True,Bound:Memory
OSLOGTAP	[CostModelFeature],wrap_in0_1_relu,Op,ios18.relu,gFlopCnt,0.0001311,totalMB,0.25,kKBPerOC,0,mbKernel,0,mbInputTensors,0.125,mbOutputTensors,0.125,opsPerByte,0.5243,inputTensorX,1,inputTensorY,0,outputTensorX,1,outputTensorY,0,outputChannelCount,0,inputChannelCount,0,kernelX,0,kernelY,0,dilationX,0,dilationY,0,workUnitEfficiency16,0,isL2Resident,0,is3DConv,0,GFLOP/s,50.000000,GBP/s,0.000000,Runtime,0.002621,UsedDTree,True,Bound:Memory
OSLOGTAP	[CostModelFeature],wrap_out_0_conv,Op,ios18.conv,gFlopCnt,0.00118,totalMB,1.375,kKBPerOC,0.01758,mbKernel,1.125,mbInputTensors,0.125,mbOutputTensors,0.125,opsPerByte,0.8579,inputTensorX,1,inputTensorY,1,outputTensorX,1,outputTensorY,1,outputChannelCount,6.554e+04,inputChannelCount,1,kernelX,3,kernelY,3,dilationX,1,dilationY,1,workUnitEfficiency16,0.003906,isL2Resident,0,is3DConv,0,GFLOP/s,23.547886,GBP/s,0.000000,Runtime,0.050096,UsedDTree,True,Bound:Memory
OSLOGTAP	[CostModelFeature],wrap_out_0_relu,Op,ios18.relu,gFlopCnt,0.0001311,totalMB,0.25,kKBPerOC,0,mbKernel,0,mbInputTensors,0.125,mbOutputTensors,0.125,opsPerByte,0.5243,inputTensorX,1,inputTensorY,0,outputTensorX,1,outputTensorY,0,outputChannelCount,0,inputChannelCount,0,kernelX,0,kernelY,0,dilationX,0,dilationY,0,workUnitEfficiency16,0,isL2Resident,0,is3DConv,0,GFLOP/s,50.000000,GBP/s,0.000000,Runtime,0.002621,UsedDTree,True,Bound:Memory
OSLOGTAP	[CostModelFeature],wrap_out_1_conv,Op,ios18.conv,gFlopCnt,0.00118,totalMB,1.375,kKBPerOC,0.01758,mbKernel,1.125,mbInputTensors,0.125,mbOutputTensors,0.125,opsPerByte,0.8579,inputTensorX,1,inputTensorY,1,outputTensorX,1,outputTensorY,1,outputChannelCount,6.554e+04,inputChannelCount,1,kernelX,3,kernelY,3,dilationX,1,dilationY,1,workUnitEfficiency16,0.003906,isL2Resident,0,is3DConv,0,GFLOP/s,23.547886,GBP/s,0.000000,Runtime,0.050096,UsedDTree,True,Bound:Memory
OSLOGTAP	[CostModelFeature],wrap_out_1_relu,Op,ios18.relu,gFlopCnt,0.0001311,totalMB,0.25,kKBPerOC,0,mbKernel,0,mbInputTensors,0.125,mbOutputTensors,0.125,opsPerByte,0.5243,inputTensorX,1,inputTensorY,0,outputTensorX,1,outputTensorY,0,outputChannelCount,0,inputChannelCount,0,kernelX,0,kernelY,0,dilationX,0,dilationY,0,workUnitEfficiency16,0,isL2Resident,0,is3DConv,0,GFLOP/s,50.000000,GBP/s,0.000000,Runtime,0.002621,UsedDTree,True,Bound:Memory
OSLOGTAP	[CostModelFeature],wrap_in0_0_conv,Op,ios18.conv,gFlopCnt,0.00118,totalMB,1.375,kKBPerOC,0.01758,mbKernel,1.125,mbInputTensors,0.125,mbOutputTensors,0.125,opsPerByte,0.8579,inputTensorX,1,inputTensorY,1,outputTensorX,1,outputTensorY,1,outputChannelCount,6.554e+04,inputChannelCount,1,kernelX,3,kernelY,3,dilationX,1,dilationY,1,workUnitEfficiency16,0.003906,isL2Resident,0,is3DConv,0,GFLOP/s,471.180908,GBP/s,0.000000,Runtime,0.002504,UsedDTree,True,Bound:Memory
OSLOGTAP	[CostModelFeature],wrap_in0_0_relu,Op,ios18.relu,gFlopCnt,0.0001311,totalMB,0.25,kKBPerOC,0,mbKernel,0,mbInputTensors,0.125,mbOutputTensors,0.125,opsPerByte,0.5243,inputTensorX,1,inputTensorY,0,outputTensorX,1,outputTensorY,0,outputChannelCount,0,inputChannelCount,0,kernelX,0,kernelY,0,dilationX,0,dilationY,0,workUnitEfficiency16,0,isL2Resident,0,is3DConv,0,GFLOP/s,50.000000,GBP/s,0.000000,Runtime,0.002621,UsedDTree,True,Bound:Memory
OSLOGTAP	[CostModelFeature],wrap_in0_1_conv,Op,ios18.conv,gFlopCnt,0.00118,totalMB,1.375,kKBPerOC,0.01758,mbKernel,1.125,mbInputTensors,0.125,mbOutputTensors,0.125,opsPerByte,0.8579,inputTensorX,1,inputTensorY,1,outputTensorX,1,outputTensorY,1,outputChannelCount,6.554e+04,inputChannelCount,1,kernelX,3,kernelY,3,dilationX,1,dilationY,1,workUnitEfficiency16,0.003906,isL2Resident,0,is3DConv,0,GFLOP/s,471.180908,GBP/s,0.000000,Runtime,0.002504,UsedDTree,True,Bound:Memory
OSLOGTAP	[CostModelFeature],wrap_in0_1_relu,Op,ios18.relu,gFlopCnt,0.0001311,totalMB,0.25,kKBPerOC,0,mbKernel,0,mbInputTensors,0.125,mbOutputTensors,0.125,opsPerByte,0.5243,inputTensorX,1,inputTensorY,0,outputTensorX,1,outputTensorY,0,outputChannelCount,0,inputChannelCount,0,kernelX,0,kernelY,0,dilationX,0,dilationY,0,workUnitEfficiency16,0,isL2Resident,0,is3DConv,0,GFLOP/s,50.000000,GBP/s,0.000000,Runtime,0.002621,UsedDTree,True,Bound:Memory
OSLOGTAP	[CostModelFeature],wrap_out_0_conv,Op,ios18.conv,gFlopCnt,0.00118,totalMB,1.375,kKBPerOC,0.01758,mbKernel,1.125,mbInputTensors,0.125,mbOutputTensors,0.125,opsPerByte,0.8579,inputTensorX,1,inputTensorY,1,outputTensorX,1,outputTensorY,1,outputChannelCount,6.554e+04,inputChannelCount,1,kernelX,3,kernelY,3,dilationX,1,dilationY,1,workUnitEfficiency16,0.003906,isL2Resident,0,is3DConv,0,GFLOP/s,471.180908,GBP/s,0.000000,Runtime,0.002504,UsedDTree,True,Bound:Memory
OSLOGTAP	[CostModelFeature],wrap_out_0_relu,Op,ios18.relu,gFlopCnt,0.0001311,totalMB,0.25,kKBPerOC,0,mbKernel,0,mbInputTensors,0.125,mbOutputTensors,0.125,opsPerByte,0.5243,inputTensorX,1,inputTensorY,0,outputTensorX,1,outputTensorY,0,outputChannelCount,0,inputChannelCount,0,kernelX,0,kernelY,0,dilationX,0,dilationY,0,workUnitEfficiency16,0,isL2Resident,0,is3DConv,0,GFLOP/s,50.000000,GBP/s,0.000000,Runtime,0.002621,UsedDTree,True,Bound:Memory
OSLOGTAP	[CostModelFeature],wrap_out_1_conv,Op,ios18.conv,gFlopCnt,0.00118,totalMB,1.375,kKBPerOC,0.01758,mbKernel,1.125,mbInputTensors,0.125,mbOutputTensors,0.125,opsPerByte,0.8579,inputTensorX,1,inputTensorY,1,outputTensorX,1,outputTensorY,1,outputChannelCount,6.554e+04,inputChannelCount,1,kernelX,3,kernelY,3,dilationX,1,dilationY,1,workUnitEfficiency16,0.003906,isL2Resident,0,is3DConv,0,GFLOP/s,471.180908,GBP/s,0.000000,Runtime,0.002504,UsedDTree,True,Bound:Memory
OSLOGTAP	[CostModelFeature],wrap_out_1_relu,Op,ios18.relu,gFlopCnt,0.0001311,totalMB,0.25,kKBPerOC,0,mbKernel,0,mbInputTensors,0.125,mbOutputTensors,0.125,opsPerByte,0.5243,inputTensorX,1,inputTensorY,0,outputTensorX,1,outputTensorY,0,outputChannelCount,0,inputChannelCount,0,kernelX,0,kernelY,0,dilationX,0,dilationY,0,workUnitEfficiency16,0,isL2Resident,0,is3DConv,0,GFLOP/s,50.000000,GBP/s,0.000000,Runtime,0.002621,UsedDTree,True,Bound:Memory
