OSLOGTAP	[CostModelFeature],wrap_in0_0_lin,Op,ios18.linear,gFlopCnt,0.008389,totalMB,0.1875,kKBPerOC,0.5,mbKernel,0.125,mbInputTensors,0.03125,mbOutputTensors,0.03125,opsPerByte,44.74,inputTensorX,256,inputTensorY,64,outputTensorX,256,outputTensorY,64,outputChannelCount,256,inputChannelCount,256,kernelX,256,kernelY,256,dilationX,0,dilationY,0,workUnitEfficiency16,1,isL2Resident,0,is3DConv,0,GFLOP/s,22.544456,GBP/s,0.000000,Runtime,0.372103,UsedDTree,True,Bound:Compute
OSLOGTAP	[CostModelFeature],wrap_in0_0_relu,Op,ios18.relu,gFlopCnt,3.277e-05,totalMB,0.0625,kKBPerOC,0,mbKernel,0,mbInputTensors,0.03125,mbOutputTensors,0.03125,opsPerByte,0.5243,inputTensorX,256,inputTensorY,0,outputTensorX,256,outputTensorY,0,outputChannelCount,0,inputChannelCount,0,kernelX,0,kernelY,0,dilationX,0,dilationY,0,workUnitEfficiency16,0,isL2Resident,0,is3DConv,0,GFLOP/s,50.000000,GBP/s,0.000000,Runtime,0.000655,UsedDTree,True,Bound:Memory
OSLOGTAP	[CostModelFeature],wrap_in0_1_lin,Op,ios18.linear,gFlopCnt,0.008389,totalMB,0.1875,kKBPerOC,0.5,mbKernel,0.125,mbInputTensors,0.03125,mbOutputTensors,0.03125,opsPerByte,44.74,inputTensorX,256,inputTensorY,64,outputTensorX,256,outputTensorY,64,outputChannelCount,256,inputChannelCount,256,kernelX,256,kernelY,256,dilationX,0,dilationY,0,workUnitEfficiency16,1,isL2Resident,0,is3DConv,0,GFLOP/s,22.544456,GBP/s,0.000000,Runtime,0.372103,UsedDTree,True,Bound:Compute
OSLOGTAP	[CostModelFeature],wrap_in0_1_relu,Op,ios18.relu,gFlopCnt,3.277e-05,totalMB,0.0625,kKBPerOC,0,mbKernel,0,mbInputTensors,0.03125,mbOutputTensors,0.03125,opsPerByte,0.5243,inputTensorX,256,inputTensorY,0,outputTensorX,256,outputTensorY,0,outputChannelCount,0,inputChannelCount,0,kernelX,0,kernelY,0,dilationX,0,dilationY,0,workUnitEfficiency16,0,isL2Resident,0,is3DConv,0,GFLOP/s,50.000000,GBP/s,0.000000,Runtime,0.000655,UsedDTree,True,Bound:Memory
OSLOGTAP	[CostModelFeature],conv_transpose_0_has_output_shape,Op,ios18.conv_transpose,gFlopCnt,0.01684,totalMB,0.1252,kKBPerOC,0.5,mbKernel,0.03125,mbInputTensors,0.03125,mbOutputTensors,0.06274,opsPerByte,134.5,inputTensorX,256,inputTensorY,64,outputTensorX,514,outputTensorY,64,outputChannelCount,64,inputChannelCount,64,kernelX,4,kernelY,64,dilationX,0,dilationY,0,workUnitEfficiency16,1,isL2Resident,0,is3DConv,0,GFLOP/s,211.660355,GBP/s,0.000000,Runtime,0.079574,UsedDTree,True,Bound:Compute
OSLOGTAP	[CostModelFeature],wrap_out_0_lin,Op,ios18.linear,gFlopCnt,0.03382,totalMB,0.6294,kKBPerOC,1.004,mbKernel,0.5039,mbInputTensors,0.06274,mbOutputTensors,0.06274,opsPerByte,53.73,inputTensorX,514,inputTensorY,64,outputTensorX,514,outputTensorY,64,outputChannelCount,514,inputChannelCount,514,kernelX,514,kernelY,514,dilationX,0,dilationY,0,workUnitEfficiency16,0.9735,isL2Resident,0,is3DConv,0,GFLOP/s,22.544456,GBP/s,0.000000,Runtime,1.500041,UsedDTree,True,Bound:Compute
OSLOGTAP	[CostModelFeature],wrap_out_0_relu,Op,ios18.relu,gFlopCnt,6.579e-05,totalMB,0.1255,kKBPerOC,0,mbKernel,0,mbInputTensors,0.06274,mbOutputTensors,0.06274,opsPerByte,0.5243,inputTensorX,514,inputTensorY,0,outputTensorX,514,outputTensorY,0,outputChannelCount,0,inputChannelCount,0,kernelX,0,kernelY,0,dilationX,0,dilationY,0,workUnitEfficiency16,0,isL2Resident,0,is3DConv,0,GFLOP/s,50.000000,GBP/s,0.000000,Runtime,0.001316,UsedDTree,True,Bound:Memory
OSLOGTAP	[CostModelFeature],wrap_out_1_lin,Op,ios18.linear,gFlopCnt,0.03382,totalMB,0.6294,kKBPerOC,1.004,mbKernel,0.5039,mbInputTensors,0.06274,mbOutputTensors,0.06274,opsPerByte,53.73,inputTensorX,514,inputTensorY,64,outputTensorX,514,outputTensorY,64,outputChannelCount,514,inputChannelCount,514,kernelX,514,kernelY,514,dilationX,0,dilationY,0,workUnitEfficiency16,0.9735,isL2Resident,0,is3DConv,0,GFLOP/s,22.544456,GBP/s,0.000000,Runtime,1.500041,UsedDTree,True,Bound:Compute
OSLOGTAP	[CostModelFeature],wrap_out_1_relu,Op,ios18.relu,gFlopCnt,6.579e-05,totalMB,0.1255,kKBPerOC,0,mbKernel,0,mbInputTensors,0.06274,mbOutputTensors,0.06274,opsPerByte,0.5243,inputTensorX,514,inputTensorY,0,outputTensorX,514,outputTensorY,0,outputChannelCount,0,inputChannelCount,0,kernelX,0,kernelY,0,dilationX,0,dilationY,0,workUnitEfficiency16,0,isL2Resident,0,is3DConv,0,GFLOP/s,50.000000,GBP/s,0.000000,Runtime,0.001316,UsedDTree,True,Bound:Memory
OSLOGTAP	[CostModelFeature],wrap_in0_0_lin,Op,ios18.linear,gFlopCnt,0.008389,totalMB,0.1875,kKBPerOC,0.5,mbKernel,0.125,mbInputTensors,0.03125,mbOutputTensors,0.03125,opsPerByte,44.74,inputTensorX,256,inputTensorY,64,outputTensorX,256,outputTensorY,64,outputChannelCount,256,inputChannelCount,256,kernelX,256,kernelY,256,dilationX,0,dilationY,0,workUnitEfficiency16,1,isL2Resident,0,is3DConv,0,GFLOP/s,19.600151,GBP/s,0.000000,Runtime,0.428000,UsedDTree,True,Bound:Compute
OSLOGTAP	[CostModelFeature],wrap_in0_0_relu,Op,ios18.relu,gFlopCnt,3.277e-05,totalMB,0.0625,kKBPerOC,0,mbKernel,0,mbInputTensors,0.03125,mbOutputTensors,0.03125,opsPerByte,0.5243,inputTensorX,256,inputTensorY,0,outputTensorX,256,outputTensorY,0,outputChannelCount,0,inputChannelCount,0,kernelX,0,kernelY,0,dilationX,0,dilationY,0,workUnitEfficiency16,0,isL2Resident,0,is3DConv,0,GFLOP/s,50.000000,GBP/s,0.000000,Runtime,0.000655,UsedDTree,True,Bound:Memory
OSLOGTAP	[CostModelFeature],wrap_in0_1_lin,Op,ios18.linear,gFlopCnt,0.008389,totalMB,0.1875,kKBPerOC,0.5,mbKernel,0.125,mbInputTensors,0.03125,mbOutputTensors,0.03125,opsPerByte,44.74,inputTensorX,256,inputTensorY,64,outputTensorX,256,outputTensorY,64,outputChannelCount,256,inputChannelCount,256,kernelX,256,kernelY,256,dilationX,0,dilationY,0,workUnitEfficiency16,1,isL2Resident,0,is3DConv,0,GFLOP/s,19.600151,GBP/s,0.000000,Runtime,0.428000,UsedDTree,True,Bound:Compute
OSLOGTAP	[CostModelFeature],wrap_in0_1_relu,Op,ios18.relu,gFlopCnt,3.277e-05,totalMB,0.0625,kKBPerOC,0,mbKernel,0,mbInputTensors,0.03125,mbOutputTensors,0.03125,opsPerByte,0.5243,inputTensorX,256,inputTensorY,0,outputTensorX,256,outputTensorY,0,outputChannelCount,0,inputChannelCount,0,kernelX,0,kernelY,0,dilationX,0,dilationY,0,workUnitEfficiency16,0,isL2Resident,0,is3DConv,0,GFLOP/s,50.000000,GBP/s,0.000000,Runtime,0.000655,UsedDTree,True,Bound:Memory
OSLOGTAP	[CostModelFeature],conv_transpose_0_has_output_shape,Op,ios18.conv_transpose,gFlopCnt,0.01684,totalMB,0.1252,kKBPerOC,0.5,mbKernel,0.03125,mbInputTensors,0.03125,mbOutputTensors,0.06274,opsPerByte,134.5,inputTensorX,256,inputTensorY,64,outputTensorX,514,outputTensorY,64,outputChannelCount,64,inputChannelCount,64,kernelX,4,kernelY,64,dilationX,0,dilationY,0,workUnitEfficiency16,1,isL2Resident,0,is3DConv,0,GFLOP/s,184.017517,GBP/s,0.000000,Runtime,0.091528,UsedDTree,True,Bound:Compute
OSLOGTAP	[CostModelFeature],wrap_out_0_lin,Op,ios18.linear,gFlopCnt,0.03382,totalMB,0.6294,kKBPerOC,1.004,mbKernel,0.5039,mbInputTensors,0.06274,mbOutputTensors,0.06274,opsPerByte,53.73,inputTensorX,514,inputTensorY,64,outputTensorX,514,outputTensorY,64,outputChannelCount,514,inputChannelCount,514,kernelX,514,kernelY,514,dilationX,0,dilationY,0,workUnitEfficiency16,0.9735,isL2Resident,0,is3DConv,0,GFLOP/s,19.600151,GBP/s,0.000000,Runtime,1.725375,UsedDTree,True,Bound:Compute
OSLOGTAP	[CostModelFeature],wrap_out_0_relu,Op,ios18.relu,gFlopCnt,6.579e-05,totalMB,0.1255,kKBPerOC,0,mbKernel,0,mbInputTensors,0.06274,mbOutputTensors,0.06274,opsPerByte,0.5243,inputTensorX,514,inputTensorY,0,outputTensorX,514,outputTensorY,0,outputChannelCount,0,inputChannelCount,0,kernelX,0,kernelY,0,dilationX,0,dilationY,0,workUnitEfficiency16,0,isL2Resident,0,is3DConv,0,GFLOP/s,50.000000,GBP/s,0.000000,Runtime,0.001316,UsedDTree,True,Bound:Memory
OSLOGTAP	[CostModelFeature],wrap_out_1_lin,Op,ios18.linear,gFlopCnt,0.03382,totalMB,0.6294,kKBPerOC,1.004,mbKernel,0.5039,mbInputTensors,0.06274,mbOutputTensors,0.06274,opsPerByte,53.73,inputTensorX,514,inputTensorY,64,outputTensorX,514,outputTensorY,64,outputChannelCount,514,inputChannelCount,514,kernelX,514,kernelY,514,dilationX,0,dilationY,0,workUnitEfficiency16,0.9735,isL2Resident,0,is3DConv,0,GFLOP/s,19.600151,GBP/s,0.000000,Runtime,1.725375,UsedDTree,True,Bound:Compute
OSLOGTAP	[CostModelFeature],wrap_out_1_relu,Op,ios18.relu,gFlopCnt,6.579e-05,totalMB,0.1255,kKBPerOC,0,mbKernel,0,mbInputTensors,0.06274,mbOutputTensors,0.06274,opsPerByte,0.5243,inputTensorX,514,inputTensorY,0,outputTensorX,514,outputTensorY,0,outputChannelCount,0,inputChannelCount,0,kernelX,0,kernelY,0,dilationX,0,dilationY,0,workUnitEfficiency16,0,isL2Resident,0,is3DConv,0,GFLOP/s,50.000000,GBP/s,0.000000,Runtime,0.001316,UsedDTree,True,Bound:Memory
OSLOGTAP	[CostModelFeature],wrap_in0_0_lin,Op,ios18.linear,gFlopCnt,0.008389,totalMB,0.1875,kKBPerOC,0.5,mbKernel,0.125,mbInputTensors,0.03125,mbOutputTensors,0.03125,opsPerByte,44.74,inputTensorX,256,inputTensorY,64,outputTensorX,256,outputTensorY,64,outputChannelCount,256,inputChannelCount,256,kernelX,256,kernelY,256,dilationX,0,dilationY,0,workUnitEfficiency16,1,isL2Resident,0,is3DConv,0,GFLOP/s,580.450378,GBP/s,0.000000,Runtime,0.014452,UsedDTree,True,Bound:Memory
OSLOGTAP	[CostModelFeature],wrap_in0_0_relu,Op,ios18.relu,gFlopCnt,3.277e-05,totalMB,0.0625,kKBPerOC,0,mbKernel,0,mbInputTensors,0.03125,mbOutputTensors,0.03125,opsPerByte,0.5243,inputTensorX,256,inputTensorY,0,outputTensorX,256,outputTensorY,0,outputChannelCount,0,inputChannelCount,0,kernelX,0,kernelY,0,dilationX,0,dilationY,0,workUnitEfficiency16,0,isL2Resident,0,is3DConv,0,GFLOP/s,50.000000,GBP/s,0.000000,Runtime,0.000655,UsedDTree,True,Bound:Memory
OSLOGTAP	[CostModelFeature],wrap_in0_1_lin,Op,ios18.linear,gFlopCnt,0.008389,totalMB,0.1875,kKBPerOC,0.5,mbKernel,0.125,mbInputTensors,0.03125,mbOutputTensors,0.03125,opsPerByte,44.74,inputTensorX,256,inputTensorY,64,outputTensorX,256,outputTensorY,64,outputChannelCount,256,inputChannelCount,256,kernelX,256,kernelY,256,dilationX,0,dilationY,0,workUnitEfficiency16,1,isL2Resident,0,is3DConv,0,GFLOP/s,580.450378,GBP/s,0.000000,Runtime,0.014452,UsedDTree,True,Bound:Memory
OSLOGTAP	[CostModelFeature],wrap_in0_1_relu,Op,ios18.relu,gFlopCnt,3.277e-05,totalMB,0.0625,kKBPerOC,0,mbKernel,0,mbInputTensors,0.03125,mbOutputTensors,0.03125,opsPerByte,0.5243,inputTensorX,256,inputTensorY,0,outputTensorX,256,outputTensorY,0,outputChannelCount,0,inputChannelCount,0,kernelX,0,kernelY,0,dilationX,0,dilationY,0,workUnitEfficiency16,0,isL2Resident,0,is3DConv,0,GFLOP/s,50.000000,GBP/s,0.000000,Runtime,0.000655,UsedDTree,True,Bound:Memory
OSLOGTAP	[CostModelFeature],conv_transpose_0_has_output_shape,Op,ios18.conv_transpose,gFlopCnt,0.01684,totalMB,0.1252,kKBPerOC,0.5,mbKernel,0.03125,mbInputTensors,0.03125,mbOutputTensors,0.06274,opsPerByte,134.5,inputTensorX,256,inputTensorY,64,outputTensorX,514,outputTensorY,64,outputChannelCount,64,inputChannelCount,64,kernelX,4,kernelY,64,dilationX,0,dilationY,0,workUnitEfficiency16,1,isL2Resident,0,is3DConv,0,GFLOP/s,37831.957031,GBP/s,0.000000,Runtime,0.000445,UsedDTree,True,Bound:Memory
OSLOGTAP	[CostModelFeature],wrap_out_0_lin,Op,ios18.linear,gFlopCnt,0.03382,totalMB,0.6294,kKBPerOC,1.004,mbKernel,0.5039,mbInputTensors,0.06274,mbOutputTensors,0.06274,opsPerByte,53.73,inputTensorX,514,inputTensorY,64,outputTensorX,514,outputTensorY,64,outputChannelCount,514,inputChannelCount,514,kernelX,514,kernelY,514,dilationX,0,dilationY,0,workUnitEfficiency16,0.9735,isL2Resident,0,is3DConv,0,GFLOP/s,580.450378,GBP/s,0.000000,Runtime,0.058261,UsedDTree,True,Bound:Memory
OSLOGTAP	[CostModelFeature],wrap_out_0_relu,Op,ios18.relu,gFlopCnt,6.579e-05,totalMB,0.1255,kKBPerOC,0,mbKernel,0,mbInputTensors,0.06274,mbOutputTensors,0.06274,opsPerByte,0.5243,inputTensorX,514,inputTensorY,0,outputTensorX,514,outputTensorY,0,outputChannelCount,0,inputChannelCount,0,kernelX,0,kernelY,0,dilationX,0,dilationY,0,workUnitEfficiency16,0,isL2Resident,0,is3DConv,0,GFLOP/s,50.000000,GBP/s,0.000000,Runtime,0.001316,UsedDTree,True,Bound:Memory
OSLOGTAP	[CostModelFeature],wrap_out_1_lin,Op,ios18.linear,gFlopCnt,0.03382,totalMB,0.6294,kKBPerOC,1.004,mbKernel,0.5039,mbInputTensors,0.06274,mbOutputTensors,0.06274,opsPerByte,53.73,inputTensorX,514,inputTensorY,64,outputTensorX,514,outputTensorY,64,outputChannelCount,514,inputChannelCount,514,kernelX,514,kernelY,514,dilationX,0,dilationY,0,workUnitEfficiency16,0.9735,isL2Resident,0,is3DConv,0,GFLOP/s,580.450378,GBP/s,0.000000,Runtime,0.058261,UsedDTree,True,Bound:Memory
OSLOGTAP	[CostModelFeature],wrap_out_1_relu,Op,ios18.relu,gFlopCnt,6.579e-05,totalMB,0.1255,kKBPerOC,0,mbKernel,0,mbInputTensors,0.06274,mbOutputTensors,0.06274,opsPerByte,0.5243,inputTensorX,514,inputTensorY,0,outputTensorX,514,outputTensorY,0,outputChannelCount,0,inputChannelCount,0,kernelX,0,kernelY,0,dilationX,0,dilationY,0,workUnitEfficiency16,0,isL2Resident,0,is3DConv,0,GFLOP/s,50.000000,GBP/s,0.000000,Runtime,0.001316,UsedDTree,True,Bound:Memory
