OSLOGTAP	[CostModelFeature],wrap_in0_0_lin,Op,ios18.linear,gFlopCnt,0.01678,totalMB,0.25,kKBPerOC,0.5,mbKernel,0.125,mbInputTensors,0.0625,mbOutputTensors,0.0625,opsPerByte,67.11,inputTensorX,256,inputTensorY,128,outputTensorX,256,outputTensorY,128,outputChannelCount,256,inputChannelCount,256,kernelX,256,kernelY,256,dilationX,0,dilationY,0,workUnitEfficiency16,1,isL2Resident,0,is3DConv,0,GFLOP/s,22.544456,GBP/s,0.000000,Runtime,0.744195,UsedDTree,True,Bound:Compute
OSLOGTAP	[CostModelFeature],wrap_in0_0_relu,Op,ios18.relu,gFlopCnt,6.554e-05,totalMB,0.125,kKBPerOC,0,mbKernel,0,mbInputTensors,0.0625,mbOutputTensors,0.0625,opsPerByte,0.5243,inputTensorX,256,inputTensorY,0,outputTensorX,256,outputTensorY,0,outputChannelCount,0,inputChannelCount,0,kernelX,0,kernelY,0,dilationX,0,dilationY,0,workUnitEfficiency16,0,isL2Resident,0,is3DConv,0,GFLOP/s,50.000000,GBP/s,0.000000,Runtime,0.001311,UsedDTree,True,Bound:Memory
OSLOGTAP	[CostModelFeature],wrap_in0_1_lin,Op,ios18.linear,gFlopCnt,0.01678,totalMB,0.25,kKBPerOC,0.5,mbKernel,0.125,mbInputTensors,0.0625,mbOutputTensors,0.0625,opsPerByte,67.11,inputTensorX,256,inputTensorY,128,outputTensorX,256,outputTensorY,128,outputChannelCount,256,inputChannelCount,256,kernelX,256,kernelY,256,dilationX,0,dilationY,0,workUnitEfficiency16,1,isL2Resident,0,is3DConv,0,GFLOP/s,22.544456,GBP/s,0.000000,Runtime,0.744195,UsedDTree,True,Bound:Compute
OSLOGTAP	[CostModelFeature],wrap_in0_1_relu,Op,ios18.relu,gFlopCnt,6.554e-05,totalMB,0.125,kKBPerOC,0,mbKernel,0,mbInputTensors,0.0625,mbOutputTensors,0.0625,opsPerByte,0.5243,inputTensorX,256,inputTensorY,0,outputTensorX,256,outputTensorY,0,outputChannelCount,0,inputChannelCount,0,kernelX,0,kernelY,0,dilationX,0,dilationY,0,workUnitEfficiency16,0,isL2Resident,0,is3DConv,0,GFLOP/s,50.000000,GBP/s,0.000000,Runtime,0.001311,UsedDTree,True,Bound:Memory
OSLOGTAP	[CostModelFeature],wrap_in1_0_lin,Op,ios18.linear,gFlopCnt,0.01678,totalMB,0.25,kKBPerOC,0.5,mbKernel,0.125,mbInputTensors,0.0625,mbOutputTensors,0.0625,opsPerByte,67.11,inputTensorX,256,inputTensorY,128,outputTensorX,256,outputTensorY,128,outputChannelCount,256,inputChannelCount,256,kernelX,256,kernelY,256,dilationX,0,dilationY,0,workUnitEfficiency16,1,isL2Resident,0,is3DConv,0,GFLOP/s,22.544456,GBP/s,0.000000,Runtime,0.744195,UsedDTree,True,Bound:Compute
OSLOGTAP	[CostModelFeature],wrap_in1_0_relu,Op,ios18.relu,gFlopCnt,6.554e-05,totalMB,0.125,kKBPerOC,0,mbKernel,0,mbInputTensors,0.0625,mbOutputTensors,0.0625,opsPerByte,0.5243,inputTensorX,256,inputTensorY,0,outputTensorX,256,outputTensorY,0,outputChannelCount,0,inputChannelCount,0,kernelX,0,kernelY,0,dilationX,0,dilationY,0,workUnitEfficiency16,0,isL2Resident,0,is3DConv,0,GFLOP/s,50.000000,GBP/s,0.000000,Runtime,0.001311,UsedDTree,True,Bound:Memory
OSLOGTAP	[CostModelFeature],wrap_in1_1_lin,Op,ios18.linear,gFlopCnt,0.01678,totalMB,0.25,kKBPerOC,0.5,mbKernel,0.125,mbInputTensors,0.0625,mbOutputTensors,0.0625,opsPerByte,67.11,inputTensorX,256,inputTensorY,128,outputTensorX,256,outputTensorY,128,outputChannelCount,256,inputChannelCount,256,kernelX,256,kernelY,256,dilationX,0,dilationY,0,workUnitEfficiency16,1,isL2Resident,0,is3DConv,0,GFLOP/s,22.544456,GBP/s,0.000000,Runtime,0.744195,UsedDTree,True,Bound:Compute
OSLOGTAP	[CostModelFeature],wrap_in1_1_relu,Op,ios18.relu,gFlopCnt,6.554e-05,totalMB,0.125,kKBPerOC,0,mbKernel,0,mbInputTensors,0.0625,mbOutputTensors,0.0625,opsPerByte,0.5243,inputTensorX,256,inputTensorY,0,outputTensorX,256,outputTensorY,0,outputChannelCount,0,inputChannelCount,0,kernelX,0,kernelY,0,dilationX,0,dilationY,0,workUnitEfficiency16,0,isL2Resident,0,is3DConv,0,GFLOP/s,50.000000,GBP/s,0.000000,Runtime,0.001311,UsedDTree,True,Bound:Memory
OSLOGTAP	[CostModelFeature],matmul_0,Op,ios18.matmul,gFlopCnt,0.008421,totalMB,0.1562,kKBPerOC,64,mbKernel,0.0625,mbInputTensors,0.0625,mbOutputTensors,0.03125,opsPerByte,53.9,inputTensorX,256,inputTensorY,128,outputTensorX,128,outputTensorY,128,outputChannelCount,1,inputChannelCount,128,kernelX,256,kernelY,128,dilationX,0,dilationY,0,workUnitEfficiency16,1,isL2Resident,0,is3DConv,0,GFLOP/s,754.543335,GBP/s,56.666664,Runtime,0.011161,UsedDTree,False,Bound:Compute
OSLOGTAP	[CostModelFeature],wrap_out_0_lin,Op,ios18.linear,gFlopCnt,0.004194,totalMB,0.09375,kKBPerOC,0.25,mbKernel,0.03125,mbInputTensors,0.03125,mbOutputTensors,0.03125,opsPerByte,44.74,inputTensorX,128,inputTensorY,128,outputTensorX,128,outputTensorY,128,outputChannelCount,128,inputChannelCount,128,kernelX,128,kernelY,128,dilationX,0,dilationY,0,workUnitEfficiency16,1,isL2Resident,0,is3DConv,0,GFLOP/s,22.544456,GBP/s,0.000000,Runtime,0.186052,UsedDTree,True,Bound:Compute
OSLOGTAP	[CostModelFeature],wrap_out_0_relu,Op,ios18.relu,gFlopCnt,3.277e-05,totalMB,0.0625,kKBPerOC,0,mbKernel,0,mbInputTensors,0.03125,mbOutputTensors,0.03125,opsPerByte,0.5243,inputTensorX,128,inputTensorY,0,outputTensorX,128,outputTensorY,0,outputChannelCount,0,inputChannelCount,0,kernelX,0,kernelY,0,dilationX,0,dilationY,0,workUnitEfficiency16,0,isL2Resident,0,is3DConv,0,GFLOP/s,50.000000,GBP/s,0.000000,Runtime,0.000655,UsedDTree,True,Bound:Memory
OSLOGTAP	[CostModelFeature],wrap_out_1_lin,Op,ios18.linear,gFlopCnt,0.004194,totalMB,0.09375,kKBPerOC,0.25,mbKernel,0.03125,mbInputTensors,0.03125,mbOutputTensors,0.03125,opsPerByte,44.74,inputTensorX,128,inputTensorY,128,outputTensorX,128,outputTensorY,128,outputChannelCount,128,inputChannelCount,128,kernelX,128,kernelY,128,dilationX,0,dilationY,0,workUnitEfficiency16,1,isL2Resident,0,is3DConv,0,GFLOP/s,22.544456,GBP/s,0.000000,Runtime,0.186052,UsedDTree,True,Bound:Compute
OSLOGTAP	[CostModelFeature],wrap_out_1_relu,Op,ios18.relu,gFlopCnt,3.277e-05,totalMB,0.0625,kKBPerOC,0,mbKernel,0,mbInputTensors,0.03125,mbOutputTensors,0.03125,opsPerByte,0.5243,inputTensorX,128,inputTensorY,0,outputTensorX,128,outputTensorY,0,outputChannelCount,0,inputChannelCount,0,kernelX,0,kernelY,0,dilationX,0,dilationY,0,workUnitEfficiency16,0,isL2Resident,0,is3DConv,0,GFLOP/s,50.000000,GBP/s,0.000000,Runtime,0.000655,UsedDTree,True,Bound:Memory
OSLOGTAP	[CostModelFeature],wrap_in0_0_lin,Op,ios18.linear,gFlopCnt,0.01678,totalMB,0.25,kKBPerOC,0.5,mbKernel,0.125,mbInputTensors,0.0625,mbOutputTensors,0.0625,opsPerByte,67.11,inputTensorX,256,inputTensorY,128,outputTensorX,256,outputTensorY,128,outputChannelCount,256,inputChannelCount,256,kernelX,256,kernelY,256,dilationX,0,dilationY,0,workUnitEfficiency16,1,isL2Resident,0,is3DConv,0,GFLOP/s,19.600151,GBP/s,0.000000,Runtime,0.855987,UsedDTree,True,Bound:Compute
OSLOGTAP	[CostModelFeature],wrap_in0_0_relu,Op,ios18.relu,gFlopCnt,6.554e-05,totalMB,0.125,kKBPerOC,0,mbKernel,0,mbInputTensors,0.0625,mbOutputTensors,0.0625,opsPerByte,0.5243,inputTensorX,256,inputTensorY,0,outputTensorX,256,outputTensorY,0,outputChannelCount,0,inputChannelCount,0,kernelX,0,kernelY,0,dilationX,0,dilationY,0,workUnitEfficiency16,0,isL2Resident,0,is3DConv,0,GFLOP/s,50.000000,GBP/s,0.000000,Runtime,0.001311,UsedDTree,True,Bound:Memory
OSLOGTAP	[CostModelFeature],wrap_in0_1_lin,Op,ios18.linear,gFlopCnt,0.01678,totalMB,0.25,kKBPerOC,0.5,mbKernel,0.125,mbInputTensors,0.0625,mbOutputTensors,0.0625,opsPerByte,67.11,inputTensorX,256,inputTensorY,128,outputTensorX,256,outputTensorY,128,outputChannelCount,256,inputChannelCount,256,kernelX,256,kernelY,256,dilationX,0,dilationY,0,workUnitEfficiency16,1,isL2Resident,0,is3DConv,0,GFLOP/s,19.600151,GBP/s,0.000000,Runtime,0.855987,UsedDTree,True,Bound:Compute
OSLOGTAP	[CostModelFeature],wrap_in0_1_relu,Op,ios18.relu,gFlopCnt,6.554e-05,totalMB,0.125,kKBPerOC,0,mbKernel,0,mbInputTensors,0.0625,mbOutputTensors,0.0625,opsPerByte,0.5243,inputTensorX,256,inputTensorY,0,outputTensorX,256,outputTensorY,0,outputChannelCount,0,inputChannelCount,0,kernelX,0,kernelY,0,dilationX,0,dilationY,0,workUnitEfficiency16,0,isL2Resident,0,is3DConv,0,GFLOP/s,50.000000,GBP/s,0.000000,Runtime,0.001311,UsedDTree,True,Bound:Memory
OSLOGTAP	[CostModelFeature],wrap_in1_0_lin,Op,ios18.linear,gFlopCnt,0.01678,totalMB,0.25,kKBPerOC,0.5,mbKernel,0.125,mbInputTensors,0.0625,mbOutputTensors,0.0625,opsPerByte,67.11,inputTensorX,256,inputTensorY,128,outputTensorX,256,outputTensorY,128,outputChannelCount,256,inputChannelCount,256,kernelX,256,kernelY,256,dilationX,0,dilationY,0,workUnitEfficiency16,1,isL2Resident,0,is3DConv,0,GFLOP/s,19.600151,GBP/s,0.000000,Runtime,0.855987,UsedDTree,True,Bound:Compute
OSLOGTAP	[CostModelFeature],wrap_in1_0_relu,Op,ios18.relu,gFlopCnt,6.554e-05,totalMB,0.125,kKBPerOC,0,mbKernel,0,mbInputTensors,0.0625,mbOutputTensors,0.0625,opsPerByte,0.5243,inputTensorX,256,inputTensorY,0,outputTensorX,256,outputTensorY,0,outputChannelCount,0,inputChannelCount,0,kernelX,0,kernelY,0,dilationX,0,dilationY,0,workUnitEfficiency16,0,isL2Resident,0,is3DConv,0,GFLOP/s,50.000000,GBP/s,0.000000,Runtime,0.001311,UsedDTree,True,Bound:Memory
OSLOGTAP	[CostModelFeature],wrap_in1_1_lin,Op,ios18.linear,gFlopCnt,0.01678,totalMB,0.25,kKBPerOC,0.5,mbKernel,0.125,mbInputTensors,0.0625,mbOutputTensors,0.0625,opsPerByte,67.11,inputTensorX,256,inputTensorY,128,outputTensorX,256,outputTensorY,128,outputChannelCount,256,inputChannelCount,256,kernelX,256,kernelY,256,dilationX,0,dilationY,0,workUnitEfficiency16,1,isL2Resident,0,is3DConv,0,GFLOP/s,19.600151,GBP/s,0.000000,Runtime,0.855987,UsedDTree,True,Bound:Compute
OSLOGTAP	[CostModelFeature],wrap_in1_1_relu,Op,ios18.relu,gFlopCnt,6.554e-05,totalMB,0.125,kKBPerOC,0,mbKernel,0,mbInputTensors,0.0625,mbOutputTensors,0.0625,opsPerByte,0.5243,inputTensorX,256,inputTensorY,0,outputTensorX,256,outputTensorY,0,outputChannelCount,0,inputChannelCount,0,kernelX,0,kernelY,0,dilationX,0,dilationY,0,workUnitEfficiency16,0,isL2Resident,0,is3DConv,0,GFLOP/s,50.000000,GBP/s,0.000000,Runtime,0.001311,UsedDTree,True,Bound:Memory
OSLOGTAP	[CostModelFeature],matmul_0,Op,ios18.matmul,gFlopCnt,0.008421,totalMB,0.1562,kKBPerOC,64,mbKernel,0.0625,mbInputTensors,0.0625,mbOutputTensors,0.03125,opsPerByte,53.9,inputTensorX,256,inputTensorY,128,outputTensorX,128,outputTensorY,128,outputChannelCount,1,inputChannelCount,128,kernelX,256,kernelY,128,dilationX,0,dilationY,0,workUnitEfficiency16,1,isL2Resident,0,is3DConv,0,GFLOP/s,656.000000,GBP/s,56.666664,Runtime,0.012837,UsedDTree,False,Bound:Compute
OSLOGTAP	[CostModelFeature],wrap_out_0_lin,Op,ios18.linear,gFlopCnt,0.004194,totalMB,0.09375,kKBPerOC,0.25,mbKernel,0.03125,mbInputTensors,0.03125,mbOutputTensors,0.03125,opsPerByte,44.74,inputTensorX,128,inputTensorY,128,outputTensorX,128,outputTensorY,128,outputChannelCount,128,inputChannelCount,128,kernelX,128,kernelY,128,dilationX,0,dilationY,0,workUnitEfficiency16,1,isL2Resident,0,is3DConv,0,GFLOP/s,19.600151,GBP/s,0.000000,Runtime,0.214000,UsedDTree,True,Bound:Compute
OSLOGTAP	[CostModelFeature],wrap_out_0_relu,Op,ios18.relu,gFlopCnt,3.277e-05,totalMB,0.0625,kKBPerOC,0,mbKernel,0,mbInputTensors,0.03125,mbOutputTensors,0.03125,opsPerByte,0.5243,inputTensorX,128,inputTensorY,0,outputTensorX,128,outputTensorY,0,outputChannelCount,0,inputChannelCount,0,kernelX,0,kernelY,0,dilationX,0,dilationY,0,workUnitEfficiency16,0,isL2Resident,0,is3DConv,0,GFLOP/s,50.000000,GBP/s,0.000000,Runtime,0.000655,UsedDTree,True,Bound:Memory
OSLOGTAP	[CostModelFeature],wrap_out_1_lin,Op,ios18.linear,gFlopCnt,0.004194,totalMB,0.09375,kKBPerOC,0.25,mbKernel,0.03125,mbInputTensors,0.03125,mbOutputTensors,0.03125,opsPerByte,44.74,inputTensorX,128,inputTensorY,128,outputTensorX,128,outputTensorY,128,outputChannelCount,128,inputChannelCount,128,kernelX,128,kernelY,128,dilationX,0,dilationY,0,workUnitEfficiency16,1,isL2Resident,0,is3DConv,0,GFLOP/s,19.600151,GBP/s,0.000000,Runtime,0.214000,UsedDTree,True,Bound:Compute
OSLOGTAP	[CostModelFeature],wrap_out_1_relu,Op,ios18.relu,gFlopCnt,3.277e-05,totalMB,0.0625,kKBPerOC,0,mbKernel,0,mbInputTensors,0.03125,mbOutputTensors,0.03125,opsPerByte,0.5243,inputTensorX,128,inputTensorY,0,outputTensorX,128,outputTensorY,0,outputChannelCount,0,inputChannelCount,0,kernelX,0,kernelY,0,dilationX,0,dilationY,0,workUnitEfficiency16,0,isL2Resident,0,is3DConv,0,GFLOP/s,50.000000,GBP/s,0.000000,Runtime,0.000655,UsedDTree,True,Bound:Memory
OSLOGTAP	[CostModelFeature],wrap_in0_0_lin,Op,ios18.linear,gFlopCnt,0.01678,totalMB,0.25,kKBPerOC,0.5,mbKernel,0.125,mbInputTensors,0.0625,mbOutputTensors,0.0625,opsPerByte,67.11,inputTensorX,256,inputTensorY,128,outputTensorX,256,outputTensorY,128,outputChannelCount,256,inputChannelCount,256,kernelX,256,kernelY,256,dilationX,0,dilationY,0,workUnitEfficiency16,1,isL2Resident,0,is3DConv,0,GFLOP/s,580.450378,GBP/s,0.000000,Runtime,0.028904,UsedDTree,True,Bound:Memory
OSLOGTAP	[CostModelFeature],wrap_in0_0_relu,Op,ios18.relu,gFlopCnt,6.554e-05,totalMB,0.125,kKBPerOC,0,mbKernel,0,mbInputTensors,0.0625,mbOutputTensors,0.0625,opsPerByte,0.5243,inputTensorX,256,inputTensorY,0,outputTensorX,256,outputTensorY,0,outputChannelCount,0,inputChannelCount,0,kernelX,0,kernelY,0,dilationX,0,dilationY,0,workUnitEfficiency16,0,isL2Resident,0,is3DConv,0,GFLOP/s,50.000000,GBP/s,0.000000,Runtime,0.001311,UsedDTree,True,Bound:Memory
OSLOGTAP	[CostModelFeature],wrap_in0_1_lin,Op,ios18.linear,gFlopCnt,0.01678,totalMB,0.25,kKBPerOC,0.5,mbKernel,0.125,mbInputTensors,0.0625,mbOutputTensors,0.0625,opsPerByte,67.11,inputTensorX,256,inputTensorY,128,outputTensorX,256,outputTensorY,128,outputChannelCount,256,inputChannelCount,256,kernelX,256,kernelY,256,dilationX,0,dilationY,0,workUnitEfficiency16,1,isL2Resident,0,is3DConv,0,GFLOP/s,580.450378,GBP/s,0.000000,Runtime,0.028904,UsedDTree,True,Bound:Memory
OSLOGTAP	[CostModelFeature],wrap_in0_1_relu,Op,ios18.relu,gFlopCnt,6.554e-05,totalMB,0.125,kKBPerOC,0,mbKernel,0,mbInputTensors,0.0625,mbOutputTensors,0.0625,opsPerByte,0.5243,inputTensorX,256,inputTensorY,0,outputTensorX,256,outputTensorY,0,outputChannelCount,0,inputChannelCount,0,kernelX,0,kernelY,0,dilationX,0,dilationY,0,workUnitEfficiency16,0,isL2Resident,0,is3DConv,0,GFLOP/s,50.000000,GBP/s,0.000000,Runtime,0.001311,UsedDTree,True,Bound:Memory
OSLOGTAP	[CostModelFeature],wrap_in1_0_lin,Op,ios18.linear,gFlopCnt,0.01678,totalMB,0.25,kKBPerOC,0.5,mbKernel,0.125,mbInputTensors,0.0625,mbOutputTensors,0.0625,opsPerByte,67.11,inputTensorX,256,inputTensorY,128,outputTensorX,256,outputTensorY,128,outputChannelCount,256,inputChannelCount,256,kernelX,256,kernelY,256,dilationX,0,dilationY,0,workUnitEfficiency16,1,isL2Resident,0,is3DConv,0,GFLOP/s,580.450378,GBP/s,0.000000,Runtime,0.028904,UsedDTree,True,Bound:Memory
OSLOGTAP	[CostModelFeature],wrap_in1_0_relu,Op,ios18.relu,gFlopCnt,6.554e-05,totalMB,0.125,kKBPerOC,0,mbKernel,0,mbInputTensors,0.0625,mbOutputTensors,0.0625,opsPerByte,0.5243,inputTensorX,256,inputTensorY,0,outputTensorX,256,outputTensorY,0,outputChannelCount,0,inputChannelCount,0,kernelX,0,kernelY,0,dilationX,0,dilationY,0,workUnitEfficiency16,0,isL2Resident,0,is3DConv,0,GFLOP/s,50.000000,GBP/s,0.000000,Runtime,0.001311,UsedDTree,True,Bound:Memory
OSLOGTAP	[CostModelFeature],wrap_in1_1_lin,Op,ios18.linear,gFlopCnt,0.01678,totalMB,0.25,kKBPerOC,0.5,mbKernel,0.125,mbInputTensors,0.0625,mbOutputTensors,0.0625,opsPerByte,67.11,inputTensorX,256,inputTensorY,128,outputTensorX,256,outputTensorY,128,outputChannelCount,256,inputChannelCount,256,kernelX,256,kernelY,256,dilationX,0,dilationY,0,workUnitEfficiency16,1,isL2Resident,0,is3DConv,0,GFLOP/s,580.450378,GBP/s,0.000000,Runtime,0.028904,UsedDTree,True,Bound:Memory
OSLOGTAP	[CostModelFeature],wrap_in1_1_relu,Op,ios18.relu,gFlopCnt,6.554e-05,totalMB,0.125,kKBPerOC,0,mbKernel,0,mbInputTensors,0.0625,mbOutputTensors,0.0625,opsPerByte,0.5243,inputTensorX,256,inputTensorY,0,outputTensorX,256,outputTensorY,0,outputChannelCount,0,inputChannelCount,0,kernelX,0,kernelY,0,dilationX,0,dilationY,0,workUnitEfficiency16,0,isL2Resident,0,is3DConv,0,GFLOP/s,50.000000,GBP/s,0.000000,Runtime,0.001311,UsedDTree,True,Bound:Memory
OSLOGTAP	[CostModelFeature],matmul_0,Op,ios18.matmul,gFlopCnt,0.008421,totalMB,0.1562,kKBPerOC,64,mbKernel,0.0625,mbInputTensors,0.0625,mbOutputTensors,0.03125,opsPerByte,53.9,inputTensorX,256,inputTensorY,128,outputTensorX,128,outputTensorY,128,outputChannelCount,1,inputChannelCount,128,kernelX,256,kernelY,128,dilationX,0,dilationY,0,workUnitEfficiency16,1,isL2Resident,0,is3DConv,0,GFLOP/s,19400.000000,GBP/s,68.000000,Runtime,0.002244,UsedDTree,False,Bound:Memory
OSLOGTAP	[CostModelFeature],wrap_out_0_lin,Op,ios18.linear,gFlopCnt,0.004194,totalMB,0.09375,kKBPerOC,0.25,mbKernel,0.03125,mbInputTensors,0.03125,mbOutputTensors,0.03125,opsPerByte,44.74,inputTensorX,128,inputTensorY,128,outputTensorX,128,outputTensorY,128,outputChannelCount,128,inputChannelCount,128,kernelX,128,kernelY,128,dilationX,0,dilationY,0,workUnitEfficiency16,1,isL2Resident,0,is3DConv,0,GFLOP/s,580.450378,GBP/s,0.000000,Runtime,0.007226,UsedDTree,True,Bound:Memory
OSLOGTAP	[CostModelFeature],wrap_out_0_relu,Op,ios18.relu,gFlopCnt,3.277e-05,totalMB,0.0625,kKBPerOC,0,mbKernel,0,mbInputTensors,0.03125,mbOutputTensors,0.03125,opsPerByte,0.5243,inputTensorX,128,inputTensorY,0,outputTensorX,128,outputTensorY,0,outputChannelCount,0,inputChannelCount,0,kernelX,0,kernelY,0,dilationX,0,dilationY,0,workUnitEfficiency16,0,isL2Resident,0,is3DConv,0,GFLOP/s,50.000000,GBP/s,0.000000,Runtime,0.000655,UsedDTree,True,Bound:Memory
OSLOGTAP	[CostModelFeature],wrap_out_1_lin,Op,ios18.linear,gFlopCnt,0.004194,totalMB,0.09375,kKBPerOC,0.25,mbKernel,0.03125,mbInputTensors,0.03125,mbOutputTensors,0.03125,opsPerByte,44.74,inputTensorX,128,inputTensorY,128,outputTensorX,128,outputTensorY,128,outputChannelCount,128,inputChannelCount,128,kernelX,128,kernelY,128,dilationX,0,dilationY,0,workUnitEfficiency16,1,isL2Resident,0,is3DConv,0,GFLOP/s,580.450378,GBP/s,0.000000,Runtime,0.007226,UsedDTree,True,Bound:Memory
OSLOGTAP	[CostModelFeature],wrap_out_1_relu,Op,ios18.relu,gFlopCnt,3.277e-05,totalMB,0.0625,kKBPerOC,0,mbKernel,0,mbInputTensors,0.03125,mbOutputTensors,0.03125,opsPerByte,0.5243,inputTensorX,128,inputTensorY,0,outputTensorX,128,outputTensorY,0,outputChannelCount,0,inputChannelCount,0,kernelX,0,kernelY,0,dilationX,0,dilationY,0,workUnitEfficiency16,0,isL2Resident,0,is3DConv,0,GFLOP/s,50.000000,GBP/s,0.000000,Runtime,0.000655,UsedDTree,True,Bound:Memory
