OSLOGTAP	[CostModelFeature],topk_0_0,Op,ios18.topk,gFlopCnt,6.401e-05,totalMB,0.06112,kKBPerOC,0,mbKernel,0,mbInputTensors,0.06105,mbOutputTensors,7.629e-05,opsPerByte,1.047,inputTensorX,3.2e+04,inputTensorY,0,outputTensorX,40,outputTensorY,0,outputChannelCount,0,inputChannelCount,0,kernelX,0,kernelY,0,dilationX,0,dilationY,0,workUnitEfficiency16,0,isL2Resident,0,is3DConv,0,GFLOP/s,754.543335,GBP/s,56.666664,Runtime,0.001053,UsedDTree,False,Bound:Memory
OSLOGTAP	[CostModelFeature],topk_0_0,Op,ios18.topk,gFlopCnt,6.401e-05,totalMB,0.06112,kKBPerOC,0,mbKernel,0,mbInputTensors,0.06105,mbOutputTensors,7.629e-05,opsPerByte,1.047,inputTensorX,3.2e+04,inputTensorY,0,outputTensorX,40,outputTensorY,0,outputChannelCount,0,inputChannelCount,0,kernelX,0,kernelY,0,dilationX,0,dilationY,0,workUnitEfficiency16,0,isL2Resident,0,is3DConv,0,GFLOP/s,656.000000,GBP/s,56.666664,Runtime,0.001053,UsedDTree,False,Bound:Memory
OSLOGTAP	[CostModelFeature],topk_0_0,Op,ios18.topk,gFlopCnt,6.401e-05,totalMB,0.06112,kKBPerOC,0,mbKernel,0,mbInputTensors,0.06105,mbOutputTensors,7.629e-05,opsPerByte,1.047,inputTensorX,3.2e+04,inputTensorY,0,outputTensorX,40,outputTensorY,0,outputChannelCount,0,inputChannelCount,0,kernelX,0,kernelY,0,dilationX,0,dilationY,0,workUnitEfficiency16,0,isL2Resident,0,is3DConv,0,GFLOP/s,19400.000000,GBP/s,68.000000,Runtime,0.000878,UsedDTree,False,Bound:Memory
