OSLOGTAP	[CostModelFeature],conv_transpose_0,Op,ios18.conv_transpose,gFlopCnt,0.008389,totalMB,0.07422,kKBPerOC,0.25,mbKernel,0.003906,mbInputTensors,0.007812,mbOutputTensors,0.0625,opsPerByte,113,inputTensorX,8,inputTensorY,8,outputTensorX,16,outputTensorY,16,outputChannelCount,16,inputChannelCount,16,kernelX,2,kernelY,2,dilationX,1,dilationY,1,workUnitEfficiency16,0.25,isL2Resident,0,is3DConv,1,GFLOP/s,211.660355,GBP/s,0.000000,Runtime,0.039632,UsedDTree,True,Bound:Compute
OSLOGTAP	[CostModelFeature],conv_transpose_0,Op,ios18.conv_transpose,gFlopCnt,0.008389,totalMB,0.07422,kKBPerOC,0.25,mbKernel,0.003906,mbInputTensors,0.007812,mbOutputTensors,0.0625,opsPerByte,113,inputTensorX,8,inputTensorY,8,outputTensorX,16,outputTensorY,16,outputChannelCount,16,inputChannelCount,16,kernelX,2,kernelY,2,dilationX,1,dilationY,1,workUnitEfficiency16,0.25,isL2Resident,0,is3DConv,1,GFLOP/s,184.017517,GBP/s,0.000000,Runtime,0.045586,UsedDTree,True,Bound:Compute
OSLOGTAP	[CostModelFeature],conv_transpose_0,Op,ios18.conv_transpose,gFlopCnt,0.008389,totalMB,0.07422,kKBPerOC,0.25,mbKernel,0.003906,mbInputTensors,0.007812,mbOutputTensors,0.0625,opsPerByte,113,inputTensorX,8,inputTensorY,8,outputTensorX,16,outputTensorY,16,outputChannelCount,16,inputChannelCount,16,kernelX,2,kernelY,2,dilationX,1,dilationY,1,workUnitEfficiency16,0.25,isL2Resident,0,is3DConv,1,GFLOP/s,37831.957031,GBP/s,0.000000,Runtime,0.000222,UsedDTree,True,Bound:Memory
