OSLOGTAP	[CostModelFeature],wrap_in0_0_lin,Op,ios18.linear,gFlopCnt,0.004194,totalMB,0.09375,kKBPerOC,0.25,mbKernel,0.03125,mbInputTensors,0.03125,mbOutputTensors,0.03125,opsPerByte,44.74,inputTensorX,128,inputTensorY,128,outputTensorX,128,outputTensorY,128,outputChannelCount,128,inputChannelCount,128,kernelX,128,kernelY,128,dilationX,0,dilationY,0,workUnitEfficiency16,1,isL2Resident,0,is3DConv,0,GFLOP/s,22.544456,GBP/s,0.000000,Runtime,0.186052,UsedDTree,True,Bound:Compute
OSLOGTAP	[CostModelFeature],wrap_in0_0_relu,Op,ios18.relu,gFlopCnt,3.277e-05,totalMB,0.0625,kKBPerOC,0,mbKernel,0,mbInputTensors,0.03125,mbOutputTensors,0.03125,opsPerByte,0.5243,inputTensorX,128,inputTensorY,0,outputTensorX,128,outputTensorY,0,outputChannelCount,0,inputChannelCount,0,kernelX,0,kernelY,0,dilationX,0,dilationY,0,workUnitEfficiency16,0,isL2Resident,0,is3DConv,0,GFLOP/s,50.000000,GBP/s,0.000000,Runtime,0.000655,UsedDTree,True,Bound:Memory
OSLOGTAP	[CostModelFeature],wrap_in0_1_lin,Op,ios18.linear,gFlopCnt,0.004194,totalMB,0.09375,kKBPerOC,0.25,mbKernel,0.03125,mbInputTensors,0.03125,mbOutputTensors,0.03125,opsPerByte,44.74,inputTensorX,128,inputTensorY,128,outputTensorX,128,outputTensorY,128,outputChannelCount,128,inputChannelCount,128,kernelX,128,kernelY,128,dilationX,0,dilationY,0,workUnitEfficiency16,1,isL2Resident,0,is3DConv,0,GFLOP/s,22.544456,GBP/s,0.000000,Runtime,0.186052,UsedDTree,True,Bound:Compute
OSLOGTAP	[CostModelFeature],wrap_in0_1_relu,Op,ios18.relu,gFlopCnt,3.277e-05,totalMB,0.0625,kKBPerOC,0,mbKernel,0,mbInputTensors,0.03125,mbOutputTensors,0.03125,opsPerByte,0.5243,inputTensorX,128,inputTensorY,0,outputTensorX,128,outputTensorY,0,outputChannelCount,0,inputChannelCount,0,kernelX,0,kernelY,0,dilationX,0,dilationY,0,workUnitEfficiency16,0,isL2Resident,0,is3DConv,0,GFLOP/s,50.000000,GBP/s,0.000000,Runtime,0.000655,UsedDTree,True,Bound:Memory
OSLOGTAP	[CostModelFeature],band_part_0,Op,band_part,gFlopCnt,3.277e-05,totalMB,0.06251,kKBPerOC,0,mbKernel,0,mbInputTensors,0.03126,mbOutputTensors,0.03125,opsPerByte,0.5243,inputTensorX,128,inputTensorY,0,outputTensorX,128,outputTensorY,0,outputChannelCount,0,inputChannelCount,0,kernelX,0,kernelY,0,dilationX,0,dilationY,0,workUnitEfficiency16,0,isL2Resident,0,is3DConv,0,GFLOP/s,754.543335,GBP/s,56.666664,Runtime,0.001077,UsedDTree,False,Bound:Memory
OSLOGTAP	[CostModelFeature],wrap_out_0_lin,Op,ios18.linear,gFlopCnt,0.004194,totalMB,0.09375,kKBPerOC,0.25,mbKernel,0.03125,mbInputTensors,0.03125,mbOutputTensors,0.03125,opsPerByte,44.74,inputTensorX,128,inputTensorY,128,outputTensorX,128,outputTensorY,128,outputChannelCount,128,inputChannelCount,128,kernelX,128,kernelY,128,dilationX,0,dilationY,0,workUnitEfficiency16,1,isL2Resident,0,is3DConv,0,GFLOP/s,22.544456,GBP/s,0.000000,Runtime,0.186052,UsedDTree,True,Bound:Compute
OSLOGTAP	[CostModelFeature],wrap_out_0_relu,Op,ios18.relu,gFlopCnt,3.277e-05,totalMB,0.0625,kKBPerOC,0,mbKernel,0,mbInputTensors,0.03125,mbOutputTensors,0.03125,opsPerByte,0.5243,inputTensorX,128,inputTensorY,0,outputTensorX,128,outputTensorY,0,outputChannelCount,0,inputChannelCount,0,kernelX,0,kernelY,0,dilationX,0,dilationY,0,workUnitEfficiency16,0,isL2Resident,0,is3DConv,0,GFLOP/s,50.000000,GBP/s,0.000000,Runtime,0.000655,UsedDTree,True,Bound:Memory
OSLOGTAP	[CostModelFeature],wrap_out_1_lin,Op,ios18.linear,gFlopCnt,0.004194,totalMB,0.09375,kKBPerOC,0.25,mbKernel,0.03125,mbInputTensors,0.03125,mbOutputTensors,0.03125,opsPerByte,44.74,inputTensorX,128,inputTensorY,128,outputTensorX,128,outputTensorY,128,outputChannelCount,128,inputChannelCount,128,kernelX,128,kernelY,128,dilationX,0,dilationY,0,workUnitEfficiency16,1,isL2Resident,0,is3DConv,0,GFLOP/s,22.544456,GBP/s,0.000000,Runtime,0.186052,UsedDTree,True,Bound:Compute
OSLOGTAP	[CostModelFeature],wrap_out_1_relu,Op,ios18.relu,gFlopCnt,3.277e-05,totalMB,0.0625,kKBPerOC,0,mbKernel,0,mbInputTensors,0.03125,mbOutputTensors,0.03125,opsPerByte,0.5243,inputTensorX,128,inputTensorY,0,outputTensorX,128,outputTensorY,0,outputChannelCount,0,inputChannelCount,0,kernelX,0,kernelY,0,dilationX,0,dilationY,0,workUnitEfficiency16,0,isL2Resident,0,is3DConv,0,GFLOP/s,50.000000,GBP/s,0.000000,Runtime,0.000655,UsedDTree,True,Bound:Memory
OSLOGTAP	[CostModelFeature],wrap_in0_0_lin,Op,ios18.linear,gFlopCnt,0.004194,totalMB,0.09375,kKBPerOC,0.25,mbKernel,0.03125,mbInputTensors,0.03125,mbOutputTensors,0.03125,opsPerByte,44.74,inputTensorX,128,inputTensorY,128,outputTensorX,128,outputTensorY,128,outputChannelCount,128,inputChannelCount,128,kernelX,128,kernelY,128,dilationX,0,dilationY,0,workUnitEfficiency16,1,isL2Resident,0,is3DConv,0,GFLOP/s,19.600151,GBP/s,0.000000,Runtime,0.214000,UsedDTree,True,Bound:Compute
OSLOGTAP	[CostModelFeature],wrap_in0_0_relu,Op,ios18.relu,gFlopCnt,3.277e-05,totalMB,0.0625,kKBPerOC,0,mbKernel,0,mbInputTensors,0.03125,mbOutputTensors,0.03125,opsPerByte,0.5243,inputTensorX,128,inputTensorY,0,outputTensorX,128,outputTensorY,0,outputChannelCount,0,inputChannelCount,0,kernelX,0,kernelY,0,dilationX,0,dilationY,0,workUnitEfficiency16,0,isL2Resident,0,is3DConv,0,GFLOP/s,50.000000,GBP/s,0.000000,Runtime,0.000655,UsedDTree,True,Bound:Memory
OSLOGTAP	[CostModelFeature],wrap_in0_1_lin,Op,ios18.linear,gFlopCnt,0.004194,totalMB,0.09375,kKBPerOC,0.25,mbKernel,0.03125,mbInputTensors,0.03125,mbOutputTensors,0.03125,opsPerByte,44.74,inputTensorX,128,inputTensorY,128,outputTensorX,128,outputTensorY,128,outputChannelCount,128,inputChannelCount,128,kernelX,128,kernelY,128,dilationX,0,dilationY,0,workUnitEfficiency16,1,isL2Resident,0,is3DConv,0,GFLOP/s,19.600151,GBP/s,0.000000,Runtime,0.214000,UsedDTree,True,Bound:Compute
OSLOGTAP	[CostModelFeature],wrap_in0_1_relu,Op,ios18.relu,gFlopCnt,3.277e-05,totalMB,0.0625,kKBPerOC,0,mbKernel,0,mbInputTensors,0.03125,mbOutputTensors,0.03125,opsPerByte,0.5243,inputTensorX,128,inputTensorY,0,outputTensorX,128,outputTensorY,0,outputChannelCount,0,inputChannelCount,0,kernelX,0,kernelY,0,dilationX,0,dilationY,0,workUnitEfficiency16,0,isL2Resident,0,is3DConv,0,GFLOP/s,50.000000,GBP/s,0.000000,Runtime,0.000655,UsedDTree,True,Bound:Memory
OSLOGTAP	[CostModelFeature],band_part_0,Op,band_part,gFlopCnt,3.277e-05,totalMB,0.06251,kKBPerOC,0,mbKernel,0,mbInputTensors,0.03126,mbOutputTensors,0.03125,opsPerByte,0.5243,inputTensorX,128,inputTensorY,0,outputTensorX,128,outputTensorY,0,outputChannelCount,0,inputChannelCount,0,kernelX,0,kernelY,0,dilationX,0,dilationY,0,workUnitEfficiency16,0,isL2Resident,0,is3DConv,0,GFLOP/s,656.000000,GBP/s,56.666664,Runtime,0.001077,UsedDTree,False,Bound:Memory
OSLOGTAP	[CostModelFeature],wrap_out_0_lin,Op,ios18.linear,gFlopCnt,0.004194,totalMB,0.09375,kKBPerOC,0.25,mbKernel,0.03125,mbInputTensors,0.03125,mbOutputTensors,0.03125,opsPerByte,44.74,inputTensorX,128,inputTensorY,128,outputTensorX,128,outputTensorY,128,outputChannelCount,128,inputChannelCount,128,kernelX,128,kernelY,128,dilationX,0,dilationY,0,workUnitEfficiency16,1,isL2Resident,0,is3DConv,0,GFLOP/s,19.600151,GBP/s,0.000000,Runtime,0.214000,UsedDTree,True,Bound:Compute
OSLOGTAP	[CostModelFeature],wrap_out_0_relu,Op,ios18.relu,gFlopCnt,3.277e-05,totalMB,0.0625,kKBPerOC,0,mbKernel,0,mbInputTensors,0.03125,mbOutputTensors,0.03125,opsPerByte,0.5243,inputTensorX,128,inputTensorY,0,outputTensorX,128,outputTensorY,0,outputChannelCount,0,inputChannelCount,0,kernelX,0,kernelY,0,dilationX,0,dilationY,0,workUnitEfficiency16,0,isL2Resident,0,is3DConv,0,GFLOP/s,50.000000,GBP/s,0.000000,Runtime,0.000655,UsedDTree,True,Bound:Memory
OSLOGTAP	[CostModelFeature],wrap_out_1_lin,Op,ios18.linear,gFlopCnt,0.004194,totalMB,0.09375,kKBPerOC,0.25,mbKernel,0.03125,mbInputTensors,0.03125,mbOutputTensors,0.03125,opsPerByte,44.74,inputTensorX,128,inputTensorY,128,outputTensorX,128,outputTensorY,128,outputChannelCount,128,inputChannelCount,128,kernelX,128,kernelY,128,dilationX,0,dilationY,0,workUnitEfficiency16,1,isL2Resident,0,is3DConv,0,GFLOP/s,19.600151,GBP/s,0.000000,Runtime,0.214000,UsedDTree,True,Bound:Compute
OSLOGTAP	[CostModelFeature],wrap_out_1_relu,Op,ios18.relu,gFlopCnt,3.277e-05,totalMB,0.0625,kKBPerOC,0,mbKernel,0,mbInputTensors,0.03125,mbOutputTensors,0.03125,opsPerByte,0.5243,inputTensorX,128,inputTensorY,0,outputTensorX,128,outputTensorY,0,outputChannelCount,0,inputChannelCount,0,kernelX,0,kernelY,0,dilationX,0,dilationY,0,workUnitEfficiency16,0,isL2Resident,0,is3DConv,0,GFLOP/s,50.000000,GBP/s,0.000000,Runtime,0.000655,UsedDTree,True,Bound:Memory
OSLOGTAP	[CostModelFeature],wrap_in0_0_lin,Op,ios18.linear,gFlopCnt,0.004194,totalMB,0.09375,kKBPerOC,0.25,mbKernel,0.03125,mbInputTensors,0.03125,mbOutputTensors,0.03125,opsPerByte,44.74,inputTensorX,128,inputTensorY,128,outputTensorX,128,outputTensorY,128,outputChannelCount,128,inputChannelCount,128,kernelX,128,kernelY,128,dilationX,0,dilationY,0,workUnitEfficiency16,1,isL2Resident,0,is3DConv,0,GFLOP/s,580.450378,GBP/s,0.000000,Runtime,0.007226,UsedDTree,True,Bound:Memory
OSLOGTAP	[CostModelFeature],wrap_in0_0_relu,Op,ios18.relu,gFlopCnt,3.277e-05,totalMB,0.0625,kKBPerOC,0,mbKernel,0,mbInputTensors,0.03125,mbOutputTensors,0.03125,opsPerByte,0.5243,inputTensorX,128,inputTensorY,0,outputTensorX,128,outputTensorY,0,outputChannelCount,0,inputChannelCount,0,kernelX,0,kernelY,0,dilationX,0,dilationY,0,workUnitEfficiency16,0,isL2Resident,0,is3DConv,0,GFLOP/s,50.000000,GBP/s,0.000000,Runtime,0.000655,UsedDTree,True,Bound:Memory
OSLOGTAP	[CostModelFeature],wrap_in0_1_lin,Op,ios18.linear,gFlopCnt,0.004194,totalMB,0.09375,kKBPerOC,0.25,mbKernel,0.03125,mbInputTensors,0.03125,mbOutputTensors,0.03125,opsPerByte,44.74,inputTensorX,128,inputTensorY,128,outputTensorX,128,outputTensorY,128,outputChannelCount,128,inputChannelCount,128,kernelX,128,kernelY,128,dilationX,0,dilationY,0,workUnitEfficiency16,1,isL2Resident,0,is3DConv,0,GFLOP/s,580.450378,GBP/s,0.000000,Runtime,0.007226,UsedDTree,True,Bound:Memory
OSLOGTAP	[CostModelFeature],wrap_in0_1_relu,Op,ios18.relu,gFlopCnt,3.277e-05,totalMB,0.0625,kKBPerOC,0,mbKernel,0,mbInputTensors,0.03125,mbOutputTensors,0.03125,opsPerByte,0.5243,inputTensorX,128,inputTensorY,0,outputTensorX,128,outputTensorY,0,outputChannelCount,0,inputChannelCount,0,kernelX,0,kernelY,0,dilationX,0,dilationY,0,workUnitEfficiency16,0,isL2Resident,0,is3DConv,0,GFLOP/s,50.000000,GBP/s,0.000000,Runtime,0.000655,UsedDTree,True,Bound:Memory
OSLOGTAP	[CostModelFeature],wrap_out_0_lin,Op,ios18.linear,gFlopCnt,0.004194,totalMB,0.09375,kKBPerOC,0.25,mbKernel,0.03125,mbInputTensors,0.03125,mbOutputTensors,0.03125,opsPerByte,44.74,inputTensorX,128,inputTensorY,128,outputTensorX,128,outputTensorY,128,outputChannelCount,128,inputChannelCount,128,kernelX,128,kernelY,128,dilationX,0,dilationY,0,workUnitEfficiency16,1,isL2Resident,0,is3DConv,0,GFLOP/s,580.450378,GBP/s,0.000000,Runtime,0.007226,UsedDTree,True,Bound:Memory
OSLOGTAP	[CostModelFeature],wrap_out_0_relu,Op,ios18.relu,gFlopCnt,3.277e-05,totalMB,0.0625,kKBPerOC,0,mbKernel,0,mbInputTensors,0.03125,mbOutputTensors,0.03125,opsPerByte,0.5243,inputTensorX,128,inputTensorY,0,outputTensorX,128,outputTensorY,0,outputChannelCount,0,inputChannelCount,0,kernelX,0,kernelY,0,dilationX,0,dilationY,0,workUnitEfficiency16,0,isL2Resident,0,is3DConv,0,GFLOP/s,50.000000,GBP/s,0.000000,Runtime,0.000655,UsedDTree,True,Bound:Memory
OSLOGTAP	[CostModelFeature],wrap_out_1_lin,Op,ios18.linear,gFlopCnt,0.004194,totalMB,0.09375,kKBPerOC,0.25,mbKernel,0.03125,mbInputTensors,0.03125,mbOutputTensors,0.03125,opsPerByte,44.74,inputTensorX,128,inputTensorY,128,outputTensorX,128,outputTensorY,128,outputChannelCount,128,inputChannelCount,128,kernelX,128,kernelY,128,dilationX,0,dilationY,0,workUnitEfficiency16,1,isL2Resident,0,is3DConv,0,GFLOP/s,580.450378,GBP/s,0.000000,Runtime,0.007226,UsedDTree,True,Bound:Memory
OSLOGTAP	[CostModelFeature],wrap_out_1_relu,Op,ios18.relu,gFlopCnt,3.277e-05,totalMB,0.0625,kKBPerOC,0,mbKernel,0,mbInputTensors,0.03125,mbOutputTensors,0.03125,opsPerByte,0.5243,inputTensorX,128,inputTensorY,0,outputTensorX,128,outputTensorY,0,outputChannelCount,0,inputChannelCount,0,kernelX,0,kernelY,0,dilationX,0,dilationY,0,workUnitEfficiency16,0,isL2Resident,0,is3DConv,0,GFLOP/s,50.000000,GBP/s,0.000000,Runtime,0.000655,UsedDTree,True,Bound:Memory
