OSLOGTAP	[CostModelFeature],wrap_in0_0_conv,Op,ios18.conv,gFlopCnt,0.009437,totalMB,0.2511,kKBPerOC,0.1406,mbKernel,0.001099,mbInputTensors,0.125,mbOutputTensors,0.125,opsPerByte,37.58,inputTensorX,64,inputTensorY,128,outputTensorX,64,outputTensorY,128,outputChannelCount,8,inputChannelCount,8,kernelX,3,kernelY,3,dilationX,1,dilationY,1,workUnitEfficiency16,1,isL2Resident,0,is3DConv,0,GFLOP/s,388.061432,GBP/s,0.000000,Runtime,0.024319,UsedDTree,True,Bound:Compute
OSLOGTAP	[CostModelFeature],wrap_in0_0_relu,Op,ios18.relu,gFlopCnt,0.0001311,totalMB,0.25,kKBPerOC,0,mbKernel,0,mbInputTensors,0.125,mbOutputTensors,0.125,opsPerByte,0.5243,inputTensorX,64,inputTensorY,0,outputTensorX,64,outputTensorY,0,outputChannelCount,0,inputChannelCount,0,kernelX,0,kernelY,0,dilationX,0,dilationY,0,workUnitEfficiency16,0,isL2Resident,0,is3DConv,0,GFLOP/s,50.000000,GBP/s,0.000000,Runtime,0.002621,UsedDTree,True,Bound:Memory
OSLOGTAP	[CostModelFeature],wrap_in0_1_conv,Op,ios18.conv,gFlopCnt,0.009437,totalMB,0.2511,kKBPerOC,0.1406,mbKernel,0.001099,mbInputTensors,0.125,mbOutputTensors,0.125,opsPerByte,37.58,inputTensorX,64,inputTensorY,128,outputTensorX,64,outputTensorY,128,outputChannelCount,8,inputChannelCount,8,kernelX,3,kernelY,3,dilationX,1,dilationY,1,workUnitEfficiency16,1,isL2Resident,0,is3DConv,0,GFLOP/s,388.061432,GBP/s,0.000000,Runtime,0.024319,UsedDTree,True,Bound:Compute
OSLOGTAP	[CostModelFeature],wrap_in0_1_relu,Op,ios18.relu,gFlopCnt,0.0001311,totalMB,0.25,kKBPerOC,0,mbKernel,0,mbInputTensors,0.125,mbOutputTensors,0.125,opsPerByte,0.5243,inputTensorX,64,inputTensorY,0,outputTensorX,64,outputTensorY,0,outputChannelCount,0,inputChannelCount,0,kernelX,0,kernelY,0,dilationX,0,dilationY,0,workUnitEfficiency16,0,isL2Resident,0,is3DConv,0,GFLOP/s,50.000000,GBP/s,0.000000,Runtime,0.002621,UsedDTree,True,Bound:Memory
OSLOGTAP	[CostModelFeature],wrap_in1_0_conv,Op,ios18.conv,gFlopCnt,0.0001475,totalMB,0.03127,kKBPerOC,0.01758,mbKernel,1.717e-05,mbInputTensors,0.01562,mbOutputTensors,0.01562,opsPerByte,4.716,inputTensorX,128,inputTensorY,64,outputTensorX,128,outputTensorY,64,outputChannelCount,1,inputChannelCount,1,kernelX,3,kernelY,3,dilationX,1,dilationY,1,workUnitEfficiency16,1,isL2Resident,0,is3DConv,0,GFLOP/s,27.085213,GBP/s,0.000000,Runtime,0.005444,UsedDTree,True,Bound:Memory
OSLOGTAP	[CostModelFeature],wrap_in1_0_relu,Op,ios18.relu,gFlopCnt,1.638e-05,totalMB,0.03125,kKBPerOC,0,mbKernel,0,mbInputTensors,0.01562,mbOutputTensors,0.01562,opsPerByte,0.5243,inputTensorX,128,inputTensorY,0,outputTensorX,128,outputTensorY,0,outputChannelCount,0,inputChannelCount,0,kernelX,0,kernelY,0,dilationX,0,dilationY,0,workUnitEfficiency16,0,isL2Resident,0,is3DConv,0,GFLOP/s,50.000000,GBP/s,0.000000,Runtime,0.000328,UsedDTree,True,Bound:Memory
OSLOGTAP	[CostModelFeature],wrap_in1_1_conv,Op,ios18.conv,gFlopCnt,0.0001475,totalMB,0.03127,kKBPerOC,0.01758,mbKernel,1.717e-05,mbInputTensors,0.01562,mbOutputTensors,0.01562,opsPerByte,4.716,inputTensorX,128,inputTensorY,64,outputTensorX,128,outputTensorY,64,outputChannelCount,1,inputChannelCount,1,kernelX,3,kernelY,3,dilationX,1,dilationY,1,workUnitEfficiency16,1,isL2Resident,0,is3DConv,0,GFLOP/s,27.085213,GBP/s,0.000000,Runtime,0.005444,UsedDTree,True,Bound:Memory
OSLOGTAP	[CostModelFeature],wrap_in1_1_relu,Op,ios18.relu,gFlopCnt,1.638e-05,totalMB,0.03125,kKBPerOC,0,mbKernel,0,mbInputTensors,0.01562,mbOutputTensors,0.01562,opsPerByte,0.5243,inputTensorX,128,inputTensorY,0,outputTensorX,128,outputTensorY,0,outputChannelCount,0,inputChannelCount,0,kernelX,0,kernelY,0,dilationX,0,dilationY,0,workUnitEfficiency16,0,isL2Resident,0,is3DConv,0,GFLOP/s,50.000000,GBP/s,0.000000,Runtime,0.000328,UsedDTree,True,Bound:Memory
OSLOGTAP	[CostModelFeature],matmul_0,Op,ios18.matmul,gFlopCnt,0.01678,totalMB,0.3906,kKBPerOC,16,mbKernel,0.01562,mbInputTensors,0.125,mbOutputTensors,0.25,opsPerByte,42.95,inputTensorX,64,inputTensorY,128,outputTensorX,128,outputTensorY,128,outputChannelCount,1,inputChannelCount,1,kernelX,128,kernelY,64,dilationX,0,dilationY,0,workUnitEfficiency16,1,isL2Resident,0,is3DConv,0,GFLOP/s,754.543335,GBP/s,56.666664,Runtime,0.022235,UsedDTree,False,Bound:Compute
OSLOGTAP	[CostModelFeature],wrap_out_0_conv,Op,ios18.conv,gFlopCnt,0.01887,totalMB,0.5011,kKBPerOC,0.1406,mbKernel,0.001099,mbInputTensors,0.25,mbOutputTensors,0.25,opsPerByte,37.67,inputTensorX,128,inputTensorY,128,outputTensorX,128,outputTensorY,128,outputChannelCount,8,inputChannelCount,8,kernelX,3,kernelY,3,dilationX,1,dilationY,1,workUnitEfficiency16,1,isL2Resident,0,is3DConv,0,GFLOP/s,388.061432,GBP/s,0.000000,Runtime,0.048638,UsedDTree,True,Bound:Compute
OSLOGTAP	[CostModelFeature],wrap_out_0_relu,Op,ios18.relu,gFlopCnt,0.0002621,totalMB,0.5,kKBPerOC,0,mbKernel,0,mbInputTensors,0.25,mbOutputTensors,0.25,opsPerByte,0.5243,inputTensorX,128,inputTensorY,0,outputTensorX,128,outputTensorY,0,outputChannelCount,0,inputChannelCount,0,kernelX,0,kernelY,0,dilationX,0,dilationY,0,workUnitEfficiency16,0,isL2Resident,0,is3DConv,0,GFLOP/s,50.000000,GBP/s,0.000000,Runtime,0.005243,UsedDTree,True,Bound:Memory
OSLOGTAP	[CostModelFeature],wrap_out_1_conv,Op,ios18.conv,gFlopCnt,0.01887,totalMB,0.5011,kKBPerOC,0.1406,mbKernel,0.001099,mbInputTensors,0.25,mbOutputTensors,0.25,opsPerByte,37.67,inputTensorX,128,inputTensorY,128,outputTensorX,128,outputTensorY,128,outputChannelCount,8,inputChannelCount,8,kernelX,3,kernelY,3,dilationX,1,dilationY,1,workUnitEfficiency16,1,isL2Resident,0,is3DConv,0,GFLOP/s,388.061432,GBP/s,0.000000,Runtime,0.048638,UsedDTree,True,Bound:Compute
OSLOGTAP	[CostModelFeature],wrap_out_1_relu,Op,ios18.relu,gFlopCnt,0.0002621,totalMB,0.5,kKBPerOC,0,mbKernel,0,mbInputTensors,0.25,mbOutputTensors,0.25,opsPerByte,0.5243,inputTensorX,128,inputTensorY,0,outputTensorX,128,outputTensorY,0,outputChannelCount,0,inputChannelCount,0,kernelX,0,kernelY,0,dilationX,0,dilationY,0,workUnitEfficiency16,0,isL2Resident,0,is3DConv,0,GFLOP/s,50.000000,GBP/s,0.000000,Runtime,0.005243,UsedDTree,True,Bound:Memory
OSLOGTAP	[CostModelFeature],wrap_in0_0_conv,Op,ios18.conv,gFlopCnt,0.009437,totalMB,0.2511,kKBPerOC,0.1406,mbKernel,0.001099,mbInputTensors,0.125,mbOutputTensors,0.125,opsPerByte,37.58,inputTensorX,64,inputTensorY,128,outputTensorX,64,outputTensorY,128,outputChannelCount,8,inputChannelCount,8,kernelX,3,kernelY,3,dilationX,1,dilationY,1,workUnitEfficiency16,1,isL2Resident,0,is3DConv,0,GFLOP/s,337.380615,GBP/s,0.000000,Runtime,0.027972,UsedDTree,True,Bound:Compute
OSLOGTAP	[CostModelFeature],wrap_in0_0_relu,Op,ios18.relu,gFlopCnt,0.0001311,totalMB,0.25,kKBPerOC,0,mbKernel,0,mbInputTensors,0.125,mbOutputTensors,0.125,opsPerByte,0.5243,inputTensorX,64,inputTensorY,0,outputTensorX,64,outputTensorY,0,outputChannelCount,0,inputChannelCount,0,kernelX,0,kernelY,0,dilationX,0,dilationY,0,workUnitEfficiency16,0,isL2Resident,0,is3DConv,0,GFLOP/s,50.000000,GBP/s,0.000000,Runtime,0.002621,UsedDTree,True,Bound:Memory
OSLOGTAP	[CostModelFeature],wrap_in0_1_conv,Op,ios18.conv,gFlopCnt,0.009437,totalMB,0.2511,kKBPerOC,0.1406,mbKernel,0.001099,mbInputTensors,0.125,mbOutputTensors,0.125,opsPerByte,37.58,inputTensorX,64,inputTensorY,128,outputTensorX,64,outputTensorY,128,outputChannelCount,8,inputChannelCount,8,kernelX,3,kernelY,3,dilationX,1,dilationY,1,workUnitEfficiency16,1,isL2Resident,0,is3DConv,0,GFLOP/s,337.380615,GBP/s,0.000000,Runtime,0.027972,UsedDTree,True,Bound:Compute
OSLOGTAP	[CostModelFeature],wrap_in0_1_relu,Op,ios18.relu,gFlopCnt,0.0001311,totalMB,0.25,kKBPerOC,0,mbKernel,0,mbInputTensors,0.125,mbOutputTensors,0.125,opsPerByte,0.5243,inputTensorX,64,inputTensorY,0,outputTensorX,64,outputTensorY,0,outputChannelCount,0,inputChannelCount,0,kernelX,0,kernelY,0,dilationX,0,dilationY,0,workUnitEfficiency16,0,isL2Resident,0,is3DConv,0,GFLOP/s,50.000000,GBP/s,0.000000,Runtime,0.002621,UsedDTree,True,Bound:Memory
OSLOGTAP	[CostModelFeature],wrap_in1_0_conv,Op,ios18.conv,gFlopCnt,0.0001475,totalMB,0.03127,kKBPerOC,0.01758,mbKernel,1.717e-05,mbInputTensors,0.01562,mbOutputTensors,0.01562,opsPerByte,4.716,inputTensorX,128,inputTensorY,64,outputTensorX,128,outputTensorY,64,outputChannelCount,1,inputChannelCount,1,kernelX,3,kernelY,3,dilationX,1,dilationY,1,workUnitEfficiency16,1,isL2Resident,0,is3DConv,0,GFLOP/s,23.547886,GBP/s,0.000000,Runtime,0.006262,UsedDTree,True,Bound:Memory
OSLOGTAP	[CostModelFeature],wrap_in1_0_relu,Op,ios18.relu,gFlopCnt,1.638e-05,totalMB,0.03125,kKBPerOC,0,mbKernel,0,mbInputTensors,0.01562,mbOutputTensors,0.01562,opsPerByte,0.5243,inputTensorX,128,inputTensorY,0,outputTensorX,128,outputTensorY,0,outputChannelCount,0,inputChannelCount,0,kernelX,0,kernelY,0,dilationX,0,dilationY,0,workUnitEfficiency16,0,isL2Resident,0,is3DConv,0,GFLOP/s,50.000000,GBP/s,0.000000,Runtime,0.000328,UsedDTree,True,Bound:Memory
OSLOGTAP	[CostModelFeature],wrap_in1_1_conv,Op,ios18.conv,gFlopCnt,0.0001475,totalMB,0.03127,kKBPerOC,0.01758,mbKernel,1.717e-05,mbInputTensors,0.01562,mbOutputTensors,0.01562,opsPerByte,4.716,inputTensorX,128,inputTensorY,64,outputTensorX,128,outputTensorY,64,outputChannelCount,1,inputChannelCount,1,kernelX,3,kernelY,3,dilationX,1,dilationY,1,workUnitEfficiency16,1,isL2Resident,0,is3DConv,0,GFLOP/s,23.547886,GBP/s,0.000000,Runtime,0.006262,UsedDTree,True,Bound:Memory
OSLOGTAP	[CostModelFeature],wrap_in1_1_relu,Op,ios18.relu,gFlopCnt,1.638e-05,totalMB,0.03125,kKBPerOC,0,mbKernel,0,mbInputTensors,0.01562,mbOutputTensors,0.01562,opsPerByte,0.5243,inputTensorX,128,inputTensorY,0,outputTensorX,128,outputTensorY,0,outputChannelCount,0,inputChannelCount,0,kernelX,0,kernelY,0,dilationX,0,dilationY,0,workUnitEfficiency16,0,isL2Resident,0,is3DConv,0,GFLOP/s,50.000000,GBP/s,0.000000,Runtime,0.000328,UsedDTree,True,Bound:Memory
OSLOGTAP	[CostModelFeature],matmul_0,Op,ios18.matmul,gFlopCnt,0.01678,totalMB,0.3906,kKBPerOC,16,mbKernel,0.01562,mbInputTensors,0.125,mbOutputTensors,0.25,opsPerByte,42.95,inputTensorX,64,inputTensorY,128,outputTensorX,128,outputTensorY,128,outputChannelCount,1,inputChannelCount,1,kernelX,128,kernelY,64,dilationX,0,dilationY,0,workUnitEfficiency16,1,isL2Resident,0,is3DConv,0,GFLOP/s,656.000000,GBP/s,56.666664,Runtime,0.025575,UsedDTree,False,Bound:Compute
OSLOGTAP	[CostModelFeature],wrap_out_0_conv,Op,ios18.conv,gFlopCnt,0.01887,totalMB,0.5011,kKBPerOC,0.1406,mbKernel,0.001099,mbInputTensors,0.25,mbOutputTensors,0.25,opsPerByte,37.67,inputTensorX,128,inputTensorY,128,outputTensorX,128,outputTensorY,128,outputChannelCount,8,inputChannelCount,8,kernelX,3,kernelY,3,dilationX,1,dilationY,1,workUnitEfficiency16,1,isL2Resident,0,is3DConv,0,GFLOP/s,337.380615,GBP/s,0.000000,Runtime,0.055944,UsedDTree,True,Bound:Compute
OSLOGTAP	[CostModelFeature],wrap_out_0_relu,Op,ios18.relu,gFlopCnt,0.0002621,totalMB,0.5,kKBPerOC,0,mbKernel,0,mbInputTensors,0.25,mbOutputTensors,0.25,opsPerByte,0.5243,inputTensorX,128,inputTensorY,0,outputTensorX,128,outputTensorY,0,outputChannelCount,0,inputChannelCount,0,kernelX,0,kernelY,0,dilationX,0,dilationY,0,workUnitEfficiency16,0,isL2Resident,0,is3DConv,0,GFLOP/s,50.000000,GBP/s,0.000000,Runtime,0.005243,UsedDTree,True,Bound:Memory
OSLOGTAP	[CostModelFeature],wrap_out_1_conv,Op,ios18.conv,gFlopCnt,0.01887,totalMB,0.5011,kKBPerOC,0.1406,mbKernel,0.001099,mbInputTensors,0.25,mbOutputTensors,0.25,opsPerByte,37.67,inputTensorX,128,inputTensorY,128,outputTensorX,128,outputTensorY,128,outputChannelCount,8,inputChannelCount,8,kernelX,3,kernelY,3,dilationX,1,dilationY,1,workUnitEfficiency16,1,isL2Resident,0,is3DConv,0,GFLOP/s,337.380615,GBP/s,0.000000,Runtime,0.055944,UsedDTree,True,Bound:Compute
OSLOGTAP	[CostModelFeature],wrap_out_1_relu,Op,ios18.relu,gFlopCnt,0.0002621,totalMB,0.5,kKBPerOC,0,mbKernel,0,mbInputTensors,0.25,mbOutputTensors,0.25,opsPerByte,0.5243,inputTensorX,128,inputTensorY,0,outputTensorX,128,outputTensorY,0,outputChannelCount,0,inputChannelCount,0,kernelX,0,kernelY,0,dilationX,0,dilationY,0,workUnitEfficiency16,0,isL2Resident,0,is3DConv,0,GFLOP/s,50.000000,GBP/s,0.000000,Runtime,0.005243,UsedDTree,True,Bound:Memory
OSLOGTAP	[CostModelFeature],wrap_in0_0_conv,Op,ios18.conv,gFlopCnt,0.009437,totalMB,0.2511,kKBPerOC,0.1406,mbKernel,0.001099,mbInputTensors,0.125,mbOutputTensors,0.125,opsPerByte,37.58,inputTensorX,64,inputTensorY,128,outputTensorX,64,outputTensorY,128,outputChannelCount,8,inputChannelCount,8,kernelX,3,kernelY,3,dilationX,1,dilationY,1,workUnitEfficiency16,1,isL2Resident,0,is3DConv,0,GFLOP/s,7160.830078,GBP/s,0.000000,Runtime,0.001318,UsedDTree,True,Bound:Memory
OSLOGTAP	[CostModelFeature],wrap_in0_0_relu,Op,ios18.relu,gFlopCnt,0.0001311,totalMB,0.25,kKBPerOC,0,mbKernel,0,mbInputTensors,0.125,mbOutputTensors,0.125,opsPerByte,0.5243,inputTensorX,64,inputTensorY,0,outputTensorX,64,outputTensorY,0,outputChannelCount,0,inputChannelCount,0,kernelX,0,kernelY,0,dilationX,0,dilationY,0,workUnitEfficiency16,0,isL2Resident,0,is3DConv,0,GFLOP/s,50.000000,GBP/s,0.000000,Runtime,0.002621,UsedDTree,True,Bound:Memory
OSLOGTAP	[CostModelFeature],wrap_in0_1_conv,Op,ios18.conv,gFlopCnt,0.009437,totalMB,0.2511,kKBPerOC,0.1406,mbKernel,0.001099,mbInputTensors,0.125,mbOutputTensors,0.125,opsPerByte,37.58,inputTensorX,64,inputTensorY,128,outputTensorX,64,outputTensorY,128,outputChannelCount,8,inputChannelCount,8,kernelX,3,kernelY,3,dilationX,1,dilationY,1,workUnitEfficiency16,1,isL2Resident,0,is3DConv,0,GFLOP/s,7160.830078,GBP/s,0.000000,Runtime,0.001318,UsedDTree,True,Bound:Memory
OSLOGTAP	[CostModelFeature],wrap_in0_1_relu,Op,ios18.relu,gFlopCnt,0.0001311,totalMB,0.25,kKBPerOC,0,mbKernel,0,mbInputTensors,0.125,mbOutputTensors,0.125,opsPerByte,0.5243,inputTensorX,64,inputTensorY,0,outputTensorX,64,outputTensorY,0,outputChannelCount,0,inputChannelCount,0,kernelX,0,kernelY,0,dilationX,0,dilationY,0,workUnitEfficiency16,0,isL2Resident,0,is3DConv,0,GFLOP/s,50.000000,GBP/s,0.000000,Runtime,0.002621,UsedDTree,True,Bound:Memory
OSLOGTAP	[CostModelFeature],wrap_in1_0_conv,Op,ios18.conv,gFlopCnt,0.0001475,totalMB,0.03127,kKBPerOC,0.01758,mbKernel,1.717e-05,mbInputTensors,0.01562,mbOutputTensors,0.01562,opsPerByte,4.716,inputTensorX,128,inputTensorY,64,outputTensorX,128,outputTensorY,64,outputChannelCount,1,inputChannelCount,1,kernelX,3,kernelY,3,dilationX,1,dilationY,1,workUnitEfficiency16,1,isL2Resident,0,is3DConv,0,GFLOP/s,471.180908,GBP/s,0.000000,Runtime,0.000313,UsedDTree,True,Bound:Memory
OSLOGTAP	[CostModelFeature],wrap_in1_0_relu,Op,ios18.relu,gFlopCnt,1.638e-05,totalMB,0.03125,kKBPerOC,0,mbKernel,0,mbInputTensors,0.01562,mbOutputTensors,0.01562,opsPerByte,0.5243,inputTensorX,128,inputTensorY,0,outputTensorX,128,outputTensorY,0,outputChannelCount,0,inputChannelCount,0,kernelX,0,kernelY,0,dilationX,0,dilationY,0,workUnitEfficiency16,0,isL2Resident,0,is3DConv,0,GFLOP/s,50.000000,GBP/s,0.000000,Runtime,0.000328,UsedDTree,True,Bound:Memory
OSLOGTAP	[CostModelFeature],wrap_in1_1_conv,Op,ios18.conv,gFlopCnt,0.0001475,totalMB,0.03127,kKBPerOC,0.01758,mbKernel,1.717e-05,mbInputTensors,0.01562,mbOutputTensors,0.01562,opsPerByte,4.716,inputTensorX,128,inputTensorY,64,outputTensorX,128,outputTensorY,64,outputChannelCount,1,inputChannelCount,1,kernelX,3,kernelY,3,dilationX,1,dilationY,1,workUnitEfficiency16,1,isL2Resident,0,is3DConv,0,GFLOP/s,471.180908,GBP/s,0.000000,Runtime,0.000313,UsedDTree,True,Bound:Memory
OSLOGTAP	[CostModelFeature],wrap_in1_1_relu,Op,ios18.relu,gFlopCnt,1.638e-05,totalMB,0.03125,kKBPerOC,0,mbKernel,0,mbInputTensors,0.01562,mbOutputTensors,0.01562,opsPerByte,0.5243,inputTensorX,128,inputTensorY,0,outputTensorX,128,outputTensorY,0,outputChannelCount,0,inputChannelCount,0,kernelX,0,kernelY,0,dilationX,0,dilationY,0,workUnitEfficiency16,0,isL2Resident,0,is3DConv,0,GFLOP/s,50.000000,GBP/s,0.000000,Runtime,0.000328,UsedDTree,True,Bound:Memory
OSLOGTAP	[CostModelFeature],matmul_0,Op,ios18.matmul,gFlopCnt,0.01678,totalMB,0.3906,kKBPerOC,16,mbKernel,0.01562,mbInputTensors,0.125,mbOutputTensors,0.25,opsPerByte,42.95,inputTensorX,64,inputTensorY,128,outputTensorX,128,outputTensorY,128,outputChannelCount,1,inputChannelCount,1,kernelX,128,kernelY,64,dilationX,0,dilationY,0,workUnitEfficiency16,1,isL2Resident,0,is3DConv,0,GFLOP/s,19400.000000,GBP/s,68.000000,Runtime,0.005610,UsedDTree,False,Bound:Memory
OSLOGTAP	[CostModelFeature],wrap_out_0_conv,Op,ios18.conv,gFlopCnt,0.01887,totalMB,0.5011,kKBPerOC,0.1406,mbKernel,0.001099,mbInputTensors,0.25,mbOutputTensors,0.25,opsPerByte,37.67,inputTensorX,128,inputTensorY,128,outputTensorX,128,outputTensorY,128,outputChannelCount,8,inputChannelCount,8,kernelX,3,kernelY,3,dilationX,1,dilationY,1,workUnitEfficiency16,1,isL2Resident,0,is3DConv,0,GFLOP/s,7160.830078,GBP/s,0.000000,Runtime,0.002636,UsedDTree,True,Bound:Memory
OSLOGTAP	[CostModelFeature],wrap_out_0_relu,Op,ios18.relu,gFlopCnt,0.0002621,totalMB,0.5,kKBPerOC,0,mbKernel,0,mbInputTensors,0.25,mbOutputTensors,0.25,opsPerByte,0.5243,inputTensorX,128,inputTensorY,0,outputTensorX,128,outputTensorY,0,outputChannelCount,0,inputChannelCount,0,kernelX,0,kernelY,0,dilationX,0,dilationY,0,workUnitEfficiency16,0,isL2Resident,0,is3DConv,0,GFLOP/s,50.000000,GBP/s,0.000000,Runtime,0.005243,UsedDTree,True,Bound:Memory
OSLOGTAP	[CostModelFeature],wrap_out_1_conv,Op,ios18.conv,gFlopCnt,0.01887,totalMB,0.5011,kKBPerOC,0.1406,mbKernel,0.001099,mbInputTensors,0.25,mbOutputTensors,0.25,opsPerByte,37.67,inputTensorX,128,inputTensorY,128,outputTensorX,128,outputTensorY,128,outputChannelCount,8,inputChannelCount,8,kernelX,3,kernelY,3,dilationX,1,dilationY,1,workUnitEfficiency16,1,isL2Resident,0,is3DConv,0,GFLOP/s,7160.830078,GBP/s,0.000000,Runtime,0.002636,UsedDTree,True,Bound:Memory
OSLOGTAP	[CostModelFeature],wrap_out_1_relu,Op,ios18.relu,gFlopCnt,0.0002621,totalMB,0.5,kKBPerOC,0,mbKernel,0,mbInputTensors,0.25,mbOutputTensors,0.25,opsPerByte,0.5243,inputTensorX,128,inputTensorY,0,outputTensorX,128,outputTensorY,0,outputChannelCount,0,inputChannelCount,0,kernelX,0,kernelY,0,dilationX,0,dilationY,0,workUnitEfficiency16,0,isL2Resident,0,is3DConv,0,GFLOP/s,50.000000,GBP/s,0.000000,Runtime,0.005243,UsedDTree,True,Bound:Memory
