OSLOGTAP	[CostModelFeature],conv_transpose_0,Op,ios18.conv_transpose,gFlopCnt,0.01684,totalMB,0.1252,kKBPerOC,0.5,mbKernel,0.03125,mbInputTensors,0.03125,mbOutputTensors,0.06274,opsPerByte,134.5,inputTensorX,256,inputTensorY,64,outputTensorX,514,outputTensorY,64,outputChannelCount,64,inputChannelCount,64,kernelX,4,kernelY,64,dilationX,0,dilationY,0,workUnitEfficiency16,1,isL2Resident,0,is3DConv,0,GFLOP/s,211.660355,GBP/s,0.000000,Runtime,0.079574,UsedDTree,True,Bound:Compute
OSLOGTAP	[CostModelFeature],conv_transpose_0,Op,ios18.conv_transpose,gFlopCnt,0.01684,totalMB,0.1252,kKBPerOC,0.5,mbKernel,0.03125,mbInputTensors,0.03125,mbOutputTensors,0.06274,opsPerByte,134.5,inputTensorX,256,inputTensorY,64,outputTensorX,514,outputTensorY,64,outputChannelCount,64,inputChannelCount,64,kernelX,4,kernelY,64,dilationX,0,dilationY,0,workUnitEfficiency16,1,isL2Resident,0,is3DConv,0,GFLOP/s,184.017517,GBP/s,0.000000,Runtime,0.091528,UsedDTree,True,Bound:Compute
OSLOGTAP	[CostModelFeature],conv_transpose_0,Op,ios18.conv_transpose,gFlopCnt,0.01684,totalMB,0.1252,kKBPerOC,0.5,mbKernel,0.03125,mbInputTensors,0.03125,mbOutputTensors,0.06274,opsPerByte,134.5,inputTensorX,256,inputTensorY,64,outputTensorX,514,outputTensorY,64,outputChannelCount,64,inputChannelCount,64,kernelX,4,kernelY,64,dilationX,0,dilationY,0,workUnitEfficiency16,1,isL2Resident,0,is3DConv,0,GFLOP/s,37831.957031,GBP/s,0.000000,Runtime,0.000445,UsedDTree,True,Bound:Memory
