OSLOGTAP	[CostModelFeature],conv_0,Op,ios18.conv,gFlopCnt,0.008389,totalMB,0.2578,kKBPerOC,2,mbKernel,0.125,mbInputTensors,0.125,mbOutputTensors,0.007812,opsPerByte,32.54,inputTensorX,32,inputTensorY,32,outputTensorX,8,outputTensorY,8,outputChannelCount,64,inputChannelCount,64,kernelX,4,kernelY,4,dilationX,1,dilationY,1,workUnitEfficiency16,1,isL2Resident,0,is3DConv,0,GFLOP/s,388.061432,GBP/s,0.000000,Runtime,0.021617,UsedDTree,True,Bound:Compute
OSLOGTAP	[CostModelFeature],conv_0,Op,ios18.conv,gFlopCnt,0.008389,totalMB,0.2578,kKBPerOC,2,mbKernel,0.125,mbInputTensors,0.125,mbOutputTensors,0.007812,opsPerByte,32.54,inputTensorX,32,inputTensorY,32,outputTensorX,8,outputTensorY,8,outputChannelCount,64,inputChannelCount,64,kernelX,4,kernelY,4,dilationX,1,dilationY,1,workUnitEfficiency16,1,isL2Resident,0,is3DConv,0,GFLOP/s,337.380615,GBP/s,0.000000,Runtime,0.024864,UsedDTree,True,Bound:Compute
OSLOGTAP	[CostModelFeature],conv_0,Op,ios18.conv,gFlopCnt,0.008389,totalMB,0.2578,kKBPerOC,2,mbKernel,0.125,mbInputTensors,0.125,mbOutputTensors,0.007812,opsPerByte,32.54,inputTensorX,32,inputTensorY,32,outputTensorX,8,outputTensorY,8,outputChannelCount,64,inputChannelCount,64,kernelX,4,kernelY,4,dilationX,1,dilationY,1,workUnitEfficiency16,1,isL2Resident,0,is3DConv,0,GFLOP/s,7160.830078,GBP/s,0.000000,Runtime,0.001171,UsedDTree,True,Bound:Memory
