OSLOGTAP	[CostModelFeature],conv_0,Op,ios18.conv,gFlopCnt,0.007373,totalMB,0.4093,kKBPerOC,4.5,mbKernel,0.2812,mbInputTensors,0.125,mbOutputTensors,0.003052,opsPerByte,18.01,inputTensorX,32,inputTensorY,32,outputTensorX,5,outputTensorY,5,outputChannelCount,64,inputChannelCount,64,kernelX,6,kernelY,6,dilationX,1,dilationY,1,workUnitEfficiency16,1,isL2Resident,0,is3DConv,0,GFLOP/s,388.061432,GBP/s,0.000000,Runtime,0.018999,UsedDTree,True,Bound:Compute
OSLOGTAP	[CostModelFeature],conv_0,Op,ios18.conv,gFlopCnt,0.007373,totalMB,0.4093,kKBPerOC,4.5,mbKernel,0.2812,mbInputTensors,0.125,mbOutputTensors,0.003052,opsPerByte,18.01,inputTensorX,32,inputTensorY,32,outputTensorX,5,outputTensorY,5,outputChannelCount,64,inputChannelCount,64,kernelX,6,kernelY,6,dilationX,1,dilationY,1,workUnitEfficiency16,1,isL2Resident,0,is3DConv,0,GFLOP/s,337.380615,GBP/s,0.000000,Runtime,0.021853,UsedDTree,True,Bound:Compute
OSLOGTAP	[CostModelFeature],conv_0,Op,ios18.conv,gFlopCnt,0.007373,totalMB,0.4093,kKBPerOC,4.5,mbKernel,0.2812,mbInputTensors,0.125,mbOutputTensors,0.003052,opsPerByte,18.01,inputTensorX,32,inputTensorY,32,outputTensorX,5,outputTensorY,5,outputChannelCount,64,inputChannelCount,64,kernelX,6,kernelY,6,dilationX,1,dilationY,1,workUnitEfficiency16,1,isL2Resident,0,is3DConv,0,GFLOP/s,7160.830078,GBP/s,0.000000,Runtime,0.001030,UsedDTree,True,Bound:Memory
