OSLOGTAP	[CostModelFeature],matmul_0,Op,ios18.matmul,gFlopCnt,0.01678,totalMB,0.5,kKBPerOC,128,mbKernel,0.125,mbInputTensors,0.125,mbOutputTensors,0.25,opsPerByte,33.55,inputTensorX,64,inputTensorY,128,outputTensorX,128,outputTensorY,128,outputChannelCount,1,inputChannelCount,8,kernelX,128,kernelY,64,dilationX,0,dilationY,0,workUnitEfficiency16,1,isL2Resident,0,is3DConv,0,GFLOP/s,754.543335,GBP/s,56.666664,Runtime,0.022235,UsedDTree,False,Bound:Compute
OSLOGTAP	[CostModelFeature],matmul_0,Op,ios18.matmul,gFlopCnt,0.01678,totalMB,0.5,kKBPerOC,128,mbKernel,0.125,mbInputTensors,0.125,mbOutputTensors,0.25,opsPerByte,33.55,inputTensorX,64,inputTensorY,128,outputTensorX,128,outputTensorY,128,outputChannelCount,1,inputChannelCount,8,kernelX,128,kernelY,64,dilationX,0,dilationY,0,workUnitEfficiency16,1,isL2Resident,0,is3DConv,0,GFLOP/s,656.000000,GBP/s,56.666664,Runtime,0.025575,UsedDTree,False,Bound:Compute
OSLOGTAP	[CostModelFeature],matmul_0,Op,ios18.matmul,gFlopCnt,0.01678,totalMB,0.5,kKBPerOC,128,mbKernel,0.125,mbInputTensors,0.125,mbOutputTensors,0.25,opsPerByte,33.55,inputTensorX,64,inputTensorY,128,outputTensorX,128,outputTensorY,128,outputChannelCount,1,inputChannelCount,8,kernelX,128,kernelY,64,dilationX,0,dilationY,0,workUnitEfficiency16,1,isL2Resident,0,is3DConv,0,GFLOP/s,19400.000000,GBP/s,68.000000,Runtime,0.007181,UsedDTree,False,Bound:Memory
