OSLOGTAP	[CostModelFeature],reduce_argmax_0,Op,ios18.reduce_argmax,gFlopCnt,0.0001311,totalMB,0.1328,kKBPerOC,0,mbKernel,0,mbInputTensors,0.125,mbOutputTensors,0.007812,opsPerByte,0.9869,inputTensorX,32,inputTensorY,0,outputTensorX,1,outputTensorY,0,outputChannelCount,0,inputChannelCount,0,kernelX,0,kernelY,0,dilationX,0,dilationY,0,workUnitEfficiency16,0,isL2Resident,0,is3DConv,0,GFLOP/s,754.543335,GBP/s,56.666664,Runtime,0.002289,UsedDTree,False,Bound:Memory
OSLOGTAP	[CostModelFeature],cast_0,Op,ios18.cast,gFlopCnt,4.096e-06,totalMB,0.01172,kKBPerOC,0,mbKernel,0,mbInputTensors,0.007812,mbOutputTensors,0.003906,opsPerByte,0.3495,inputTensorX,1,inputTensorY,0,outputTensorX,1,outputTensorY,0,outputChannelCount,0,inputChannelCount,0,kernelX,0,kernelY,0,dilationX,0,dilationY,0,workUnitEfficiency16,0,isL2Resident,0,is3DConv,0,GFLOP/s,754.543335,GBP/s,56.666664,Runtime,0.000202,UsedDTree,False,Bound:Memory
OSLOGTAP	[CostModelFeature],reduce_argmax_0,Op,ios18.reduce_argmax,gFlopCnt,0.0001311,totalMB,0.1328,kKBPerOC,0,mbKernel,0,mbInputTensors,0.125,mbOutputTensors,0.007812,opsPerByte,0.9869,inputTensorX,32,inputTensorY,0,outputTensorX,1,outputTensorY,0,outputChannelCount,0,inputChannelCount,0,kernelX,0,kernelY,0,dilationX,0,dilationY,0,workUnitEfficiency16,0,isL2Resident,0,is3DConv,0,GFLOP/s,656.000000,GBP/s,56.666664,Runtime,0.002289,UsedDTree,False,Bound:Memory
OSLOGTAP	[CostModelFeature],cast_0,Op,ios18.cast,gFlopCnt,4.096e-06,totalMB,0.01172,kKBPerOC,0,mbKernel,0,mbInputTensors,0.007812,mbOutputTensors,0.003906,opsPerByte,0.3495,inputTensorX,1,inputTensorY,0,outputTensorX,1,outputTensorY,0,outputChannelCount,0,inputChannelCount,0,kernelX,0,kernelY,0,dilationX,0,dilationY,0,workUnitEfficiency16,0,isL2Resident,0,is3DConv,0,GFLOP/s,656.000000,GBP/s,56.666664,Runtime,0.000202,UsedDTree,False,Bound:Memory
