OSLOGTAP	[CostModelFeature],conv_0,Op,ios18.conv,gFlopCnt,0.01887,totalMB,0.3203,kKBPerOC,1.125,mbKernel,0.07031,mbInputTensors,0.125,mbOutputTensors,0.125,opsPerByte,58.92,inputTensorX,32,inputTensorY,32,outputTensorX,32,outputTensorY,32,outputChannelCount,64,inputChannelCount,64,kernelX,3,kernelY,3,dilationX,2,dilationY,2,workUnitEfficiency16,1,isL2Resident,0,is3DConv,0,GFLOP/s,388.061432,GBP/s,0.000000,Runtime,0.048638,UsedDTree,True,Bound:Compute
OSLOGTAP	[CostModelFeature],conv_0,Op,ios18.conv,gFlopCnt,0.01887,totalMB,0.3203,kKBPerOC,1.125,mbKernel,0.07031,mbInputTensors,0.125,mbOutputTensors,0.125,opsPerByte,58.92,inputTensorX,32,inputTensorY,32,outputTensorX,32,outputTensorY,32,outputChannelCount,64,inputChannelCount,64,kernelX,3,kernelY,3,dilationX,2,dilationY,2,workUnitEfficiency16,1,isL2Resident,0,is3DConv,0,GFLOP/s,337.380615,GBP/s,0.000000,Runtime,0.055944,UsedDTree,True,Bound:Compute
OSLOGTAP	[CostModelFeature],conv_0,Op,ios18.conv,gFlopCnt,0.01887,totalMB,0.3203,kKBPerOC,1.125,mbKernel,0.07031,mbInputTensors,0.125,mbOutputTensors,0.125,opsPerByte,58.92,inputTensorX,32,inputTensorY,32,outputTensorX,32,outputTensorY,32,outputChannelCount,64,inputChannelCount,64,kernelX,3,kernelY,3,dilationX,2,dilationY,2,workUnitEfficiency16,1,isL2Resident,0,is3DConv,0,GFLOP/s,7160.830078,GBP/s,0.000000,Runtime,0.002636,UsedDTree,True,Bound:Memory
