OSLOGTAP	[CostModelFeature],conv_0,Op,ios18.conv,gFlopCnt,0.004719,totalMB,0.2544,kKBPerOC,0.07031,mbKernel,0.004395,mbInputTensors,0.125,mbOutputTensors,0.125,opsPerByte,18.55,inputTensorX,32,inputTensorY,32,outputTensorX,32,outputTensorY,32,outputChannelCount,64,inputChannelCount,4,kernelX,3,kernelY,3,dilationX,1,dilationY,1,workUnitEfficiency16,1,isL2Resident,0,is3DConv,0,GFLOP/s,388.061432,GBP/s,0.000000,Runtime,0.012159,UsedDTree,True,Bound:Compute
OSLOGTAP	[CostModelFeature],conv_0,Op,ios18.conv,gFlopCnt,0.004719,totalMB,0.2544,kKBPerOC,0.07031,mbKernel,0.004395,mbInputTensors,0.125,mbOutputTensors,0.125,opsPerByte,18.55,inputTensorX,32,inputTensorY,32,outputTensorX,32,outputTensorY,32,outputChannelCount,64,inputChannelCount,4,kernelX,3,kernelY,3,dilationX,1,dilationY,1,workUnitEfficiency16,1,isL2Resident,0,is3DConv,0,GFLOP/s,337.380615,GBP/s,0.000000,Runtime,0.013986,UsedDTree,True,Bound:Compute
OSLOGTAP	[CostModelFeature],conv_0,Op,ios18.conv,gFlopCnt,0.004719,totalMB,0.2544,kKBPerOC,0.07031,mbKernel,0.004395,mbInputTensors,0.125,mbOutputTensors,0.125,opsPerByte,18.55,inputTensorX,32,inputTensorY,32,outputTensorX,32,outputTensorY,32,outputChannelCount,64,inputChannelCount,4,kernelX,3,kernelY,3,dilationX,1,dilationY,1,workUnitEfficiency16,1,isL2Resident,0,is3DConv,0,GFLOP/s,7160.830078,GBP/s,0.000000,Runtime,0.000659,UsedDTree,True,Bound:Memory
