OSLOGTAP	[CostModelFeature],conv_0,Op,ios18.conv,gFlopCnt,0.1091,totalMB,0.3516,kKBPerOC,1.625,mbKernel,0.1016,mbInputTensors,0.125,mbOutputTensors,0.125,opsPerByte,310.2,inputTensorX,32,inputTensorY,32,outputTensorX,32,outputTensorY,32,outputChannelCount,64,inputChannelCount,64,kernelX,13,kernelY,1,dilationX,1,dilationY,1,workUnitEfficiency16,1,isL2Resident,0,is3DConv,0,GFLOP/s,754.492737,GBP/s,0.000000,Runtime,0.144537,UsedDTree,True,Bound:Compute
OSLOGTAP	[CostModelFeature],conv_0,Op,ios18.conv,gFlopCnt,0.1091,totalMB,0.3516,kKBPerOC,1.625,mbKernel,0.1016,mbInputTensors,0.125,mbOutputTensors,0.125,opsPerByte,310.2,inputTensorX,32,inputTensorY,32,outputTensorX,32,outputTensorY,32,outputChannelCount,64,inputChannelCount,64,kernelX,13,kernelY,1,dilationX,1,dilationY,1,workUnitEfficiency16,1,isL2Resident,0,is3DConv,0,GFLOP/s,655.955994,GBP/s,0.000000,Runtime,0.166249,UsedDTree,True,Bound:Compute
OSLOGTAP	[CostModelFeature],conv_0,Op,ios18.conv,gFlopCnt,0.1091,totalMB,0.3516,kKBPerOC,1.625,mbKernel,0.1016,mbInputTensors,0.125,mbOutputTensors,0.125,opsPerByte,310.2,inputTensorX,32,inputTensorY,32,outputTensorX,32,outputTensorY,32,outputChannelCount,64,inputChannelCount,64,kernelX,13,kernelY,1,dilationX,1,dilationY,1,workUnitEfficiency16,1,isL2Resident,0,is3DConv,0,GFLOP/s,16151.676758,GBP/s,0.000000,Runtime,0.006752,UsedDTree,True,Bound:Compute
