OSLOGTAP	[CostModelFeature],reduce_argmax_0,Op,ios18.reduce_argmax,gFlopCnt,6.4e-05,totalMB,0.06104,kKBPerOC,0,mbKernel,0,mbInputTensors,0.06104,mbOutputTensors,3.815e-06,opsPerByte,1.048,inputTensorX,3.2e+04,inputTensorY,0,outputTensorX,1,outputTensorY,0,outputChannelCount,0,inputChannelCount,0,kernelX,0,kernelY,0,dilationX,0,dilationY,0,workUnitEfficiency16,0,isL2Resident,0,is3DConv,0,GFLOP/s,754.543335,GBP/s,56.666664,Runtime,0.001052,UsedDTree,False,Bound:Memory
OSLOGTAP	[CostModelFeature],cast_0,Op,ios18.cast,gFlopCnt,2e-09,totalMB,5.722e-06,kKBPerOC,0,mbKernel,0,mbInputTensors,3.815e-06,mbOutputTensors,1.907e-06,opsPerByte,0.3495,inputTensorX,1,inputTensorY,0,outputTensorX,1,outputTensorY,0,outputChannelCount,0,inputChannelCount,0,kernelX,0,kernelY,0,dilationX,0,dilationY,0,workUnitEfficiency16,0,isL2Resident,0,is3DConv,0,GFLOP/s,754.543335,GBP/s,56.666664,Runtime,0.000000,UsedDTree,False,Bound:Memory
OSLOGTAP	[CostModelFeature],reduce_argmax_0,Op,ios18.reduce_argmax,gFlopCnt,6.4e-05,totalMB,0.06104,kKBPerOC,0,mbKernel,0,mbInputTensors,0.06104,mbOutputTensors,3.815e-06,opsPerByte,1.048,inputTensorX,3.2e+04,inputTensorY,0,outputTensorX,1,outputTensorY,0,outputChannelCount,0,inputChannelCount,0,kernelX,0,kernelY,0,dilationX,0,dilationY,0,workUnitEfficiency16,0,isL2Resident,0,is3DConv,0,GFLOP/s,656.000000,GBP/s,56.666664,Runtime,0.001052,UsedDTree,False,Bound:Memory
OSLOGTAP	[CostModelFeature],cast_0,Op,ios18.cast,gFlopCnt,2e-09,totalMB,5.722e-06,kKBPerOC,0,mbKernel,0,mbInputTensors,3.815e-06,mbOutputTensors,1.907e-06,opsPerByte,0.3495,inputTensorX,1,inputTensorY,0,outputTensorX,1,outputTensorY,0,outputChannelCount,0,inputChannelCount,0,kernelX,0,kernelY,0,dilationX,0,dilationY,0,workUnitEfficiency16,0,isL2Resident,0,is3DConv,0,GFLOP/s,656.000000,GBP/s,56.666664,Runtime,0.000000,UsedDTree,False,Bound:Memory
