OSLOGTAP	[CostModelFeature],avg_pool_0,Op,ios18.avg_pool,gFlopCnt,0.01285,totalMB,0.2507,kKBPerOC,0,mbKernel,0.0007477,mbInputTensors,0.125,mbOutputTensors,0.125,opsPerByte,51.23,inputTensorX,32,inputTensorY,0,outputTensorX,32,outputTensorY,0,outputChannelCount,0,inputChannelCount,0,kernelX,0,kernelY,0,dilationX,0,dilationY,0,workUnitEfficiency16,1,isL2Resident,0,is3DConv,0,GFLOP/s,754.543335,GBP/s,56.666664,Runtime,0.017024,UsedDTree,False,Bound:Compute
OSLOGTAP	[CostModelFeature],avg_pool_0,Op,ios18.avg_pool,gFlopCnt,0.01285,totalMB,0.2507,kKBPerOC,0,mbKernel,0.0007477,mbInputTensors,0.125,mbOutputTensors,0.125,opsPerByte,51.23,inputTensorX,32,inputTensorY,0,outputTensorX,32,outputTensorY,0,outputChannelCount,0,inputChannelCount,0,kernelX,0,kernelY,0,dilationX,0,dilationY,0,workUnitEfficiency16,1,isL2Resident,0,is3DConv,0,GFLOP/s,656.000000,GBP/s,56.666664,Runtime,0.019581,UsedDTree,False,Bound:Compute
OSLOGTAP	[CostModelFeature],avg_pool_0,Op,ios18.avg_pool,gFlopCnt,0.01285,totalMB,0.2507,kKBPerOC,0,mbKernel,0.0007477,mbInputTensors,0.125,mbOutputTensors,0.125,opsPerByte,51.23,inputTensorX,32,inputTensorY,0,outputTensorX,32,outputTensorY,0,outputChannelCount,0,inputChannelCount,0,kernelX,0,kernelY,0,dilationX,0,dilationY,0,workUnitEfficiency16,1,isL2Resident,0,is3DConv,0,GFLOP/s,19400.000000,GBP/s,68.000000,Runtime,0.003601,UsedDTree,False,Bound:Memory
