OSLOGTAP	[CostModelFeature],conv_0,Op,ios18.conv,gFlopCnt,0.08389,totalMB,0.3281,kKBPerOC,1.25,mbKernel,0.07812,mbInputTensors,0.125,mbOutputTensors,0.125,opsPerByte,255.7,inputTensorX,32,inputTensorY,32,outputTensorX,32,outputTensorY,32,outputChannelCount,64,inputChannelCount,64,kernelX,10,kernelY,1,dilationX,1,dilationY,1,workUnitEfficiency16,1,isL2Resident,0,is3DConv,0,GFLOP/s,754.492737,GBP/s,0.000000,Runtime,0.111182,UsedDTree,True,Bound:Compute
OSLOGTAP	[CostModelFeature],conv_0,Op,ios18.conv,gFlopCnt,0.08389,totalMB,0.3281,kKBPerOC,1.25,mbKernel,0.07812,mbInputTensors,0.125,mbOutputTensors,0.125,opsPerByte,255.7,inputTensorX,32,inputTensorY,32,outputTensorX,32,outputTensorY,32,outputChannelCount,64,inputChannelCount,64,kernelX,10,kernelY,1,dilationX,1,dilationY,1,workUnitEfficiency16,1,isL2Resident,0,is3DConv,0,GFLOP/s,655.955994,GBP/s,0.000000,Runtime,0.127884,UsedDTree,True,Bound:Compute
OSLOGTAP	[CostModelFeature],conv_0,Op,ios18.conv,gFlopCnt,0.08389,totalMB,0.3281,kKBPerOC,1.25,mbKernel,0.07812,mbInputTensors,0.125,mbOutputTensors,0.125,opsPerByte,255.7,inputTensorX,32,inputTensorY,32,outputTensorX,32,outputTensorY,32,outputChannelCount,64,inputChannelCount,64,kernelX,10,kernelY,1,dilationX,1,dilationY,1,workUnitEfficiency16,1,isL2Resident,0,is3DConv,0,GFLOP/s,16151.676758,GBP/s,0.000000,Runtime,0.005194,UsedDTree,True,Bound:Memory
