OSLOGTAP	[CostModelFeature],relu_0,Op,ios18.relu,gFlopCnt,3.277e-05,totalMB,0.0625,kKBPerOC,0,mbKernel,0,mbInputTensors,0.03125,mbOutputTensors,0.03125,opsPerByte,0.5243,inputTensorX,1.638e+04,inputTensorY,0,outputTensorX,1.638e+04,outputTensorY,0,outputChannelCount,0,inputChannelCount,0,kernelX,0,kernelY,0,dilationX,0,dilationY,0,workUnitEfficiency16,0,isL2Resident,0,is3DConv,0,GFLOP/s,50.000000,GBP/s,0.000000,Runtime,0.000655,UsedDTree,True,Bound:Memory
OSLOGTAP	[CostModelFeature],relu_0,Op,ios18.relu,gFlopCnt,3.277e-05,totalMB,0.0625,kKBPerOC,0,mbKernel,0,mbInputTensors,0.03125,mbOutputTensors,0.03125,opsPerByte,0.5243,inputTensorX,1.638e+04,inputTensorY,0,outputTensorX,1.638e+04,outputTensorY,0,outputChannelCount,0,inputChannelCount,0,kernelX,0,kernelY,0,dilationX,0,dilationY,0,workUnitEfficiency16,0,isL2Resident,0,is3DConv,0,GFLOP/s,50.000000,GBP/s,0.000000,Runtime,0.000655,UsedDTree,True,Bound:Memory
OSLOGTAP	[CostModelFeature],relu_0,Op,ios18.relu,gFlopCnt,3.277e-05,totalMB,0.0625,kKBPerOC,0,mbKernel,0,mbInputTensors,0.03125,mbOutputTensors,0.03125,opsPerByte,0.5243,inputTensorX,1.638e+04,inputTensorY,0,outputTensorX,1.638e+04,outputTensorY,0,outputChannelCount,0,inputChannelCount,0,kernelX,0,kernelY,0,dilationX,0,dilationY,0,workUnitEfficiency16,0,isL2Resident,0,is3DConv,0,GFLOP/s,50.000000,GBP/s,0.000000,Runtime,0.000655,UsedDTree,True,Bound:Memory
