OSLOGTAP	[CostModelFeature],conv_0,Op,ios18.conv,gFlopCnt,0.002359,totalMB,0.2522,kKBPerOC,0.03516,mbKernel,0.002197,mbInputTensors,0.125,mbOutputTensors,0.125,opsPerByte,9.355,inputTensorX,32,inputTensorY,32,outputTensorX,32,outputTensorY,32,outputChannelCount,64,inputChannelCount,2,kernelX,3,kernelY,3,dilationX,1,dilationY,1,workUnitEfficiency16,1,isL2Resident,0,is3DConv,0,GFLOP/s,27.085213,GBP/s,0.000000,Runtime,0.087106,UsedDTree,True,Bound:Memory
OSLOGTAP	[CostModelFeature],conv_0,Op,ios18.conv,gFlopCnt,0.002359,totalMB,0.2522,kKBPerOC,0.03516,mbKernel,0.002197,mbInputTensors,0.125,mbOutputTensors,0.125,opsPerByte,9.355,inputTensorX,32,inputTensorY,32,outputTensorX,32,outputTensorY,32,outputChannelCount,64,inputChannelCount,2,kernelX,3,kernelY,3,dilationX,1,dilationY,1,workUnitEfficiency16,1,isL2Resident,0,is3DConv,0,GFLOP/s,23.547886,GBP/s,0.000000,Runtime,0.100191,UsedDTree,True,Bound:Memory
OSLOGTAP	[CostModelFeature],conv_0,Op,ios18.conv,gFlopCnt,0.002359,totalMB,0.2522,kKBPerOC,0.03516,mbKernel,0.002197,mbInputTensors,0.125,mbOutputTensors,0.125,opsPerByte,9.355,inputTensorX,32,inputTensorY,32,outputTensorX,32,outputTensorY,32,outputChannelCount,64,inputChannelCount,2,kernelX,3,kernelY,3,dilationX,1,dilationY,1,workUnitEfficiency16,1,isL2Resident,0,is3DConv,0,GFLOP/s,471.180908,GBP/s,0.000000,Runtime,0.005007,UsedDTree,True,Bound:Memory
