OSLOGTAP	[CostModelFeature],affine_0,Op,ios18.affine,gFlopCnt,0.0001311,totalMB,0.25,kKBPerOC,0,mbKernel,0,mbInputTensors,0.125,mbOutputTensors,0.125,opsPerByte,0.5243,inputTensorX,32,inputTensorY,0,outputTensorX,32,outputTensorY,0,outputChannelCount,0,inputChannelCount,0,kernelX,0,kernelY,0,dilationX,0,dilationY,0,workUnitEfficiency16,0,isL2Resident,0,is3DConv,0,GFLOP/s,754.543335,GBP/s,56.666664,Runtime,0.004309,UsedDTree,False,Bound:Memory
OSLOGTAP	[CostModelFeature],affine_0,Op,ios18.affine,gFlopCnt,0.0001311,totalMB,0.25,kKBPerOC,0,mbKernel,0,mbInputTensors,0.125,mbOutputTensors,0.125,opsPerByte,0.5243,inputTensorX,32,inputTensorY,0,outputTensorX,32,outputTensorY,0,outputChannelCount,0,inputChannelCount,0,kernelX,0,kernelY,0,dilationX,0,dilationY,0,workUnitEfficiency16,0,isL2Resident,0,is3DConv,0,GFLOP/s,656.000000,GBP/s,56.666664,Runtime,0.004309,UsedDTree,False,Bound:Memory
OSLOGTAP	[CostModelFeature],affine_0,Op,ios18.affine,gFlopCnt,0.0001311,totalMB,0.25,kKBPerOC,0,mbKernel,0,mbInputTensors,0.125,mbOutputTensors,0.125,opsPerByte,0.5243,inputTensorX,32,inputTensorY,0,outputTensorX,32,outputTensorY,0,outputChannelCount,0,inputChannelCount,0,kernelX,0,kernelY,0,dilationX,0,dilationY,0,workUnitEfficiency16,0,isL2Resident,0,is3DConv,0,GFLOP/s,19400.000000,GBP/s,68.000000,Runtime,0.003591,UsedDTree,False,Bound:Memory
