OSLOGTAP	[CostModelFeature],x0_to_int16,Op,ios18.cast,gFlopCnt,2e-09,totalMB,5.722e-06,kKBPerOC,0,mbKernel,0,mbInputTensors,3.815e-06,mbOutputTensors,1.907e-06,opsPerByte,0.3495,inputTensorX,1,inputTensorY,0,outputTensorX,1,outputTensorY,0,outputChannelCount,0,inputChannelCount,0,kernelX,0,kernelY,0,dilationX,0,dilationY,0,workUnitEfficiency16,0,isL2Resident,0,is3DConv,0,GFLOP/s,754.543335,GBP/s,56.666664,Runtime,0.000000,UsedDTree,False,Bound:Memory
OSLOGTAP	[CostModelFeature],squeeze_0_cast_int16,Op,ios18.squeeze,gFlopCnt,2e-09,totalMB,3.815e-06,kKBPerOC,0,mbKernel,0,mbInputTensors,1.907e-06,mbOutputTensors,1.907e-06,opsPerByte,0.5243,inputTensorX,1,inputTensorY,0,outputTensorX,1,outputTensorY,0,outputChannelCount,0,inputChannelCount,0,kernelX,0,kernelY,0,dilationX,0,dilationY,0,workUnitEfficiency16,0,isL2Resident,0,is3DConv,0,GFLOP/s,754.543335,GBP/s,56.666664,Runtime,0.000000,UsedDTree,False,Bound:Memory
OSLOGTAP	[CostModelFeature],squeeze_0_cast_int16_to_int32,Op,ios18.cast,gFlopCnt,2e-09,totalMB,5.722e-06,kKBPerOC,0,mbKernel,0,mbInputTensors,1.907e-06,mbOutputTensors,3.815e-06,opsPerByte,0.3495,inputTensorX,1,inputTensorY,0,outputTensorX,1,outputTensorY,0,outputChannelCount,0,inputChannelCount,0,kernelX,0,kernelY,0,dilationX,0,dilationY,0,workUnitEfficiency16,0,isL2Resident,0,is3DConv,0,GFLOP/s,754.543335,GBP/s,56.666664,Runtime,0.000000,UsedDTree,False,Bound:Memory
OSLOGTAP	[CostModelFeature],range_1d_0,Op,range_1d,gFlopCnt,6e-09,totalMB,1.526e-05,kKBPerOC,0,mbKernel,0,mbInputTensors,1.144e-05,mbOutputTensors,3.815e-06,opsPerByte,0.3932,inputTensorX,0,inputTensorY,0,outputTensorX,1,outputTensorY,0,outputChannelCount,0,inputChannelCount,0,kernelX,0,kernelY,0,dilationX,0,dilationY,0,workUnitEfficiency16,0,isL2Resident,0,is3DConv,0,GFLOP/s,754.543335,GBP/s,56.666664,Runtime,0.000000,UsedDTree,False,Bound:Memory
OSLOGTAP	[CostModelFeature],cast_0,Op,ios18.cast,gFlopCnt,2e-09,totalMB,5.722e-06,kKBPerOC,0,mbKernel,0,mbInputTensors,3.815e-06,mbOutputTensors,1.907e-06,opsPerByte,0.3495,inputTensorX,1,inputTensorY,0,outputTensorX,1,outputTensorY,0,outputChannelCount,0,inputChannelCount,0,kernelX,0,kernelY,0,dilationX,0,dilationY,0,workUnitEfficiency16,0,isL2Resident,0,is3DConv,0,GFLOP/s,754.543335,GBP/s,56.666664,Runtime,0.000000,UsedDTree,False,Bound:Memory
OSLOGTAP	[CostModelFeature],x0_to_int16,Op,ios18.cast,gFlopCnt,2e-09,totalMB,5.722e-06,kKBPerOC,0,mbKernel,0,mbInputTensors,3.815e-06,mbOutputTensors,1.907e-06,opsPerByte,0.3495,inputTensorX,1,inputTensorY,0,outputTensorX,1,outputTensorY,0,outputChannelCount,0,inputChannelCount,0,kernelX,0,kernelY,0,dilationX,0,dilationY,0,workUnitEfficiency16,0,isL2Resident,0,is3DConv,0,GFLOP/s,656.000000,GBP/s,56.666664,Runtime,0.000000,UsedDTree,False,Bound:Memory
OSLOGTAP	[CostModelFeature],squeeze_0_cast_int16,Op,ios18.squeeze,gFlopCnt,2e-09,totalMB,3.815e-06,kKBPerOC,0,mbKernel,0,mbInputTensors,1.907e-06,mbOutputTensors,1.907e-06,opsPerByte,0.5243,inputTensorX,1,inputTensorY,0,outputTensorX,1,outputTensorY,0,outputChannelCount,0,inputChannelCount,0,kernelX,0,kernelY,0,dilationX,0,dilationY,0,workUnitEfficiency16,0,isL2Resident,0,is3DConv,0,GFLOP/s,656.000000,GBP/s,56.666664,Runtime,0.000000,UsedDTree,False,Bound:Memory
OSLOGTAP	[CostModelFeature],squeeze_0_cast_int16_to_int32,Op,ios18.cast,gFlopCnt,2e-09,totalMB,5.722e-06,kKBPerOC,0,mbKernel,0,mbInputTensors,1.907e-06,mbOutputTensors,3.815e-06,opsPerByte,0.3495,inputTensorX,1,inputTensorY,0,outputTensorX,1,outputTensorY,0,outputChannelCount,0,inputChannelCount,0,kernelX,0,kernelY,0,dilationX,0,dilationY,0,workUnitEfficiency16,0,isL2Resident,0,is3DConv,0,GFLOP/s,656.000000,GBP/s,56.666664,Runtime,0.000000,UsedDTree,False,Bound:Memory
OSLOGTAP	[CostModelFeature],range_1d_0,Op,range_1d,gFlopCnt,6e-09,totalMB,1.526e-05,kKBPerOC,0,mbKernel,0,mbInputTensors,1.144e-05,mbOutputTensors,3.815e-06,opsPerByte,0.3932,inputTensorX,0,inputTensorY,0,outputTensorX,1,outputTensorY,0,outputChannelCount,0,inputChannelCount,0,kernelX,0,kernelY,0,dilationX,0,dilationY,0,workUnitEfficiency16,0,isL2Resident,0,is3DConv,0,GFLOP/s,656.000000,GBP/s,56.666664,Runtime,0.000000,UsedDTree,False,Bound:Memory
OSLOGTAP	[CostModelFeature],cast_0,Op,ios18.cast,gFlopCnt,2e-09,totalMB,5.722e-06,kKBPerOC,0,mbKernel,0,mbInputTensors,3.815e-06,mbOutputTensors,1.907e-06,opsPerByte,0.3495,inputTensorX,1,inputTensorY,0,outputTensorX,1,outputTensorY,0,outputChannelCount,0,inputChannelCount,0,kernelX,0,kernelY,0,dilationX,0,dilationY,0,workUnitEfficiency16,0,isL2Resident,0,is3DConv,0,GFLOP/s,656.000000,GBP/s,56.666664,Runtime,0.000000,UsedDTree,False,Bound:Memory
OSLOGTAP	[CostModelFeature],squeeze_0_cast_int16,Op,ios18.squeeze,gFlopCnt,2e-09,totalMB,3.815e-06,kKBPerOC,0,mbKernel,0,mbInputTensors,1.907e-06,mbOutputTensors,1.907e-06,opsPerByte,0.5243,inputTensorX,1,inputTensorY,0,outputTensorX,1,outputTensorY,0,outputChannelCount,0,inputChannelCount,0,kernelX,0,kernelY,0,dilationX,0,dilationY,0,workUnitEfficiency16,0,isL2Resident,0,is3DConv,0,GFLOP/s,19400.000000,GBP/s,68.000000,Runtime,0.000000,UsedDTree,False,Bound:Memory
