0.000 0.000 0.021 0.000 0.039 1.319 0.136 0.515
0.107 0.000 0.021 0.000 0.039 1.319 0.136 0.515
0.219 0.000 0.021 0.000 0.039 1.319 0.136 0.515
0.324 0.000 0.021 0.000 0.039 1.319 0.136 0.515
0.431 0.000 0.021 0.000 0.039 1.319 0.136 0.515
0.542 0.000 0.021 0.000 0.039 1.319 0.136 0.515
0.647 0.000 0.021 0.000 0.039 1.319 0.136 0.515
0.760 0.000 0.021 0.000 0.039 1.189 0.138 0.503
0.862 0.000 0.021 0.000 0.039 1.189 0.138 0.503
0.972 0.000 0.021 0.000 0.039 1.189 0.138 0.503
1.081 0.000 0.021 0.000 0.039 1.189 0.138 0.503
1.192 0.000 0.021 0.000 0.039 1.189 0.138 0.503
1.303 0.000 0.021 0.000 0.067 1.189 0.138 0.503
1.414 0.000 0.021 0.000 0.067 1.189 0.138 0.503
1.525 0.000 0.021 0.000 0.067 1.189 0.138 0.503
1.637 0.000 0.021 0.000 0.067 1.189 0.138 0.503
1.747 0.000 0.021 0.000 0.067 1.189 0.138 0.809
1.859 0.571 0.025 0.000 0.067 1.267 0.138 0.809
1.968 0.571 0.025 0.000 0.067 1.267 0.138 0.809
2.079 0.571 0.025 0.000 0.067 1.267 0.138 0.809
2.181 0.571 0.025 0.000 0.067 1.267 0.138 0.809
2.292 0.571 0.025 0.000 0.106 1.267 0.138 0.809
2.403 0.571 0.025 0.000 0.106 1.267 0.138 0.809
2.505 0.571 0.025 0.000 0.106 1.267 0.138 0.809
2.607 0.571 0.025 0.000 0.106 1.267 0.138 0.809
2.719 0.571 0.025 0.000 0.106 1.267 0.138 0.809
2.830 9.325 0.128 0.000 0.106 2.199 0.146 12.633
2.932 9.325 0.128 0.000 0.106 2.199 0.146 12.633
3.043 9.325 0.128 0.000 0.106 2.199 0.146 12.633
3.154 9.325 0.128 0.000 0.106 2.199 0.146 12.633
3.256 9.325 0.128 0.000 0.228 2.199 0.146 12.633
3.367 9.325 0.128 0.000 0.228 2.199 0.146 12.633
3.478 9.325 0.128 0.000 0.228 2.199 0.146 12.633
3.580 9.325 0.128 0.000 0.228 2.199 0.146 12.633
3.691 9.325 0.128 0.000 0.228 2.199 0.146 12.633
3.802 10.974 0.152 0.000 0.228 14.466 0.151 12.555
3.904 10.974 0.152 0.000 0.228 14.466 0.151 12.555
4.015 10.974 0.152 0.000 0.228 14.466 0.151 12.555
4.117 10.974 0.152 0.000 0.228 14.466 0.151 12.555
4.228 10.974 0.152 0.000 0.228 14.466 0.151 12.555
4.340 10.974 0.152 0.000 0.219 14.466 0.151 12.555
4.450 10.974 0.152 0.000 0.219 14.466 0.151 12.555
4.561 10.974 0.152 0.000 0.219 14.466 0.151 12.555
4.672 10.974 0.152 0.000 0.219 14.466 0.151 12.555
4.783 11.029 0.157 0.000 0.219 16.661 0.149 12.876
4.894 11.029 0.157 0.000 0.219 16.661 0.149 12.876
5.005 11.029 0.157 0.000 0.219 16.661 0.149 12.876
5.108 11.029 0.157 0.000 0.219 16.661 0.149 12.876
5.216 11.029 0.157 0.000 0.219 16.661 0.149 12.876
5.317 11.029 0.157 0.000 0.225 16.661 0.149 12.876
5.419 11.029 0.157 0.000 0.225 16.661 0.149 12.876
5.531 11.029 0.157 0.000 0.225 16.661 0.149 12.876
5.642 11.029 0.157 0.000 0.225 16.661 0.149 12.876
5.753 11.053 0.166 0.000 0.225 16.792 0.152 12.444
5.864 11.053 0.166 0.000 0.225 16.792 0.152 12.444
5.975 11.053 0.166 0.000 0.225 16.792 0.152 12.444
6.086 11.053 0.166 0.000 0.225 16.792 0.152 12.444
6.197 11.053 0.166 0.000 0.225 16.792 0.152 12.444
6.300 11.053 0.166 0.000 0.223 16.792 0.152 12.444
6.411 11.053 0.166 0.000 0.223 16.792 0.152 12.444
6.522 11.053 0.166 0.000 0.223 16.792 0.152 12.444
6.633 11.053 0.166 0.000 0.223 16.792 0.152 12.444
6.735 11.053 0.166 0.000 0.223 16.792 0.152 12.444
6.837 10.780 0.164 0.000 0.223 17.040 0.147 11.893
6.948 10.780 0.164 0.000 0.223 17.040 0.147 11.893
7.050 10.780 0.164 0.000 0.223 17.040 0.147 11.893
7.152 10.780 0.164 0.000 0.223 17.040 0.147 11.893
7.255 10.780 0.164 0.000 0.220 17.040 0.147 11.893
7.357 10.780 0.164 0.000 0.220 17.040 0.147 11.893
7.459 10.780 0.164 0.000 0.220 17.040 0.147 11.893
7.570 10.780 0.164 0.000 0.220 17.040 0.147 11.893
7.681 10.780 0.164 0.000 0.220 17.040 0.147 11.893
7.792 10.960 0.164 0.000 0.220 16.677 0.150 12.067
7.903 10.960 0.164 0.000 0.220 16.677 0.150 12.067
8.005 10.960 0.164 0.000 0.220 16.677 0.150 12.067
8.116 10.960 0.164 0.000 0.220 16.677 0.150 12.067
8.218 10.960 0.164 0.000 0.220 16.677 0.150 12.067
8.329 10.960 0.164 0.273 0.236 16.677 0.150 12.067
8.441 10.960 0.164 0.273 0.236 16.677 0.150 12.067
8.542 10.960 0.164 0.273 0.236 16.677 0.150 12.067
8.645 10.960 0.164 0.273 0.236 16.677 0.150 12.067
8.756 11.116 0.183 0.273 0.236 16.634 0.149 12.218
8.858 11.116 0.183 0.273 0.236 16.634 0.149 12.218
8.959 11.116 0.183 0.273 0.236 16.634 0.149 12.218
9.070 11.116 0.183 0.273 0.236 16.634 0.149 12.218
9.171 11.116 0.183 0.273 0.236 16.634 0.149 12.218
9.281 11.116 0.183 0.000 0.223 16.634 0.149 12.218
9.383 11.116 0.183 0.000 0.223 16.634 0.149 12.218
9.485 11.116 0.183 0.000 0.223 16.634 0.149 12.218
9.596 11.116 0.183 0.000 0.223 16.634 0.149 12.218
9.707 11.116 0.183 0.000 0.223 16.634 0.149 12.218
9.818 11.151 0.159 0.000 0.223 17.167 0.150 12.712
9.920 11.151 0.159 0.000 0.223 17.167 0.150 12.712
10.031 11.151 0.159 0.000 0.223 17.167 0.150 12.712
10.142 11.151 0.159 0.000 0.223 17.167 0.150 12.712
10.253 11.151 0.159 0.000 0.219 17.167 0.150 12.712
10.357 11.151 0.159 0.000 0.219 17.167 0.150 12.712
10.459 11.151 0.159 0.000 0.219 17.167 0.150 12.712
10.570 11.151 0.159 0.000 0.219 17.167 0.150 12.712
10.682 11.151 0.159 0.000 0.219 17.167 0.150 12.712
10.784 10.857 0.171 0.000 0.219 16.942 0.153 12.041
10.887 10.857 0.171 0.000 0.219 16.942 0.153 12.041
10.998 10.857 0.171 0.000 0.219 16.942 0.153 12.041
11.110 10.857 0.171 0.000 0.219 16.942 0.153 12.041
11.221 10.857 0.171 0.000 0.219 16.942 0.153 12.041
11.332 10.857 0.171 0.000 0.225 16.942 0.153 12.041
11.443 10.857 0.171 0.000 0.225 16.942 0.153 12.041
11.554 10.857 0.171 0.000 0.225 16.942 0.153 12.041
11.657 10.857 0.171 0.000 0.225 16.942 0.153 12.041
11.768 11.022 0.163 0.000 0.225 17.082 0.152 12.124
11.880 11.022 0.163 0.000 0.225 17.082 0.152 12.124
11.991 11.022 0.163 0.000 0.225 17.082 0.152 12.124
12.102 11.022 0.163 0.000 0.225 17.082 0.152 12.124
12.213 11.022 0.163 0.000 0.225 17.082 0.152 12.124
12.325 11.022 0.163 0.000 0.215 17.082 0.152 12.124
12.426 11.022 0.163 0.000 0.215 17.082 0.152 12.124
12.528 11.022 0.163 0.000 0.215 17.082 0.152 12.124
12.640 11.022 0.163 0.000 0.215 17.082 0.152 12.124
12.751 11.268 0.150 0.000 0.215 16.665 0.147 12.411
12.862 11.268 0.150 0.000 0.215 16.665 0.147 12.411
12.973 11.268 0.150 0.000 0.215 16.665 0.147 12.411
13.085 11.268 0.150 0.000 0.215 16.665 0.147 12.411
13.186 11.268 0.150 0.000 0.215 16.665 0.147 12.411
13.288 11.268 0.150 0.000 0.217 16.665 0.147 12.411
13.400 11.268 0.150 0.000 0.217 16.665 0.147 12.411
13.501 11.268 0.150 0.000 0.217 16.665 0.147 12.411
13.607 11.268 0.150 0.000 0.217 16.665 0.147 12.411
13.714 11.268 0.150 0.000 0.217 16.665 0.147 12.411
13.825 10.994 0.159 0.000 0.217 16.647 0.149 12.213
13.937 10.994 0.159 0.000 0.217 16.647 0.149 12.213
14.048 10.994 0.159 0.000 0.217 16.647 0.149 12.213
14.159 10.994 0.159 0.000 0.217 16.647 0.149 12.213
14.271 10.994 0.159 0.000 0.214 16.647 0.149 12.213
14.382 10.994 0.159 0.000 0.214 16.647 0.149 12.213
14.493 10.994 0.159 0.000 0.214 16.647 0.149 12.213
14.604 10.994 0.159 0.000 0.214 16.647 0.149 12.213
14.715 10.994 0.159 0.000 0.214 16.647 0.149 12.213
14.823 11.038 0.166 0.000 0.214 16.635 0.147 12.030
14.934 11.038 0.166 0.000 0.214 16.635 0.147 12.030
15.044 11.038 0.166 0.000 0.214 16.635 0.147 12.030
15.156 11.038 0.166 0.000 0.214 16.635 0.147 12.030
15.264 11.038 0.166 0.000 0.158 16.635 0.147 12.030
15.375 11.038 0.166 0.000 0.158 16.635 0.147 12.030
15.481 11.038 0.166 0.000 0.158 16.635 0.147 12.030
15.583 11.038 0.166 0.000 0.158 16.635 0.147 12.030
15.691 11.038 0.166 0.000 0.158 16.635 0.147 12.030
15.802 0.694 0.033 0.000 0.158 16.666 0.143 0.514
15.914 0.694 0.033 0.000 0.158 16.666 0.143 0.514
16.024 0.694 0.033 0.000 0.158 16.666 0.143 0.514
16.134 0.694 0.033 0.000 0.158 16.666 0.143 0.514
16.245 0.694 0.033 0.000 0.048 16.666 0.143 0.514
16.351 0.694 0.033 0.000 0.048 16.666 0.143 0.514
16.462 0.694 0.033 0.000 0.048 16.666 0.143 0.514
16.572 0.694 0.033 0.000 0.048 16.666 0.143 0.514
16.681 0.694 0.033 0.000 0.048 16.666 0.143 0.514
16.792 0.000 0.023 0.000 0.048 2.230 0.135 0.493
16.902 0.000 0.023 0.000 0.048 2.230 0.135 0.493
17.010 0.000 0.023 0.000 0.048 2.230 0.135 0.493
17.114 0.000 0.023 0.000 0.048 2.230 0.135 0.493
17.220 0.000 0.023 0.000 0.048 2.230 0.135 0.493
17.331 0.000 0.023 0.000 0.050 2.230 0.135 0.493
17.442 0.000 0.023 0.000 0.050 2.230 0.135 0.493
17.553 0.000 0.023 0.000 0.050 2.230 0.135 0.493
17.664 0.000 0.023 0.000 0.050 2.230 0.135 0.493
17.775 0.000 0.022 0.000 0.050 1.411 0.139 0.522
17.885 0.000 0.022 0.000 0.050 1.411 0.139 0.522
17.995 0.000 0.022 0.000 0.050 1.411 0.139 0.522
18.107 0.000 0.022 0.000 0.050 1.411 0.139 0.522
18.218 0.000 0.022 0.000 0.050 1.411 0.139 0.522
18.321 0.000 0.022 0.000 0.043 1.411 0.139 0.522
18.431 0.000 0.022 0.000 0.043 1.411 0.139 0.522
18.539 0.000 0.022 0.000 0.043 1.411 0.139 0.522
18.645 0.000 0.022 0.000 0.043 1.411 0.139 0.522
18.757 0.046 0.023 0.000 0.043 1.192 0.135 0.474
18.868 0.046 0.023 0.000 0.043 1.192 0.135 0.474
18.979 0.046 0.023 0.000 0.043 1.192 0.135 0.474
19.091 0.046 0.023 0.000 0.043 1.192 0.135 0.474
19.203 0.046 0.023 0.000 0.043 1.192 0.135 0.474
19.314 0.046 0.023 0.000 0.040 1.192 0.135 0.474
19.421 0.046 0.023 0.000 0.040 1.192 0.135 0.474
19.533 0.046 0.023 0.000 0.040 1.192 0.135 0.474
19.640 0.046 0.023 0.000 0.040 1.192 0.135 0.474
19.747 0.046 0.023 0.000 0.040 1.192 0.135 0.474
19.852 0.000 0.022 0.000 0.040 1.286 0.139 0.478
19.963 0.000 0.022 0.000 0.040 1.286 0.139 0.478
20.075 0.000 0.022 0.000 0.040 1.286 0.139 0.478
20.184 0.000 0.022 0.000 0.040 1.286 0.139 0.478
20.291 0.000 0.022 0.000 0.040 1.286 0.139 0.478
20.398 0.000 0.022 0.000 0.040 1.286 0.139 0.478
20.507 0.000 0.022 0.000 0.040 1.286 0.139 0.478
20.619 0.000 0.022 0.000 0.040 1.286 0.139 0.478
20.730 0.000 0.022 0.000 0.040 1.286 0.139 0.478
20.839 0.063 0.022 0.000 0.040 1.196 0.138 0.498
20.947 0.063 0.022 0.000 0.040 1.196 0.138 0.498
21.058 0.063 0.022 0.000 0.040 1.196 0.138 0.498
21.164 0.063 0.022 0.000 0.040 1.196 0.138 0.498
21.272 0.063 0.022 0.000 0.046 1.196 0.138 0.498
21.381 0.063 0.022 0.000 0.046 1.196 0.138 0.498
21.483 0.063 0.022 0.000 0.046 1.196 0.138 0.498
21.589 0.063 0.022 0.000 0.046 1.196 0.138 0.498
21.698 0.063 0.022 0.000 0.046 1.196 0.138 0.498
21.805 0.000 0.022 0.000 0.046 1.418 0.135 0.440
21.914 0.000 0.022 0.000 0.046 1.418 0.135 0.440
22.022 0.000 0.022 0.000 0.046 1.418 0.135 0.440
22.127 0.000 0.022 0.000 0.046 1.418 0.135 0.440
22.237 0.000 0.022 0.000 0.046 1.418 0.135 0.440
22.348 0.000 0.022 0.000 0.039 1.418 0.135 0.440
22.456 0.000 0.022 0.000 0.039 1.418 0.135 0.440
22.564 0.000 0.022 0.000 0.039 1.418 0.135 0.440
22.672 0.000 0.022 0.000 0.039 1.418 0.135 0.440
22.781 0.000 0.022 0.000 0.039 1.234 0.132 0.436
22.892 0.000 0.022 0.000 0.039 1.234 0.132 0.436
22.998 0.000 0.022 0.000 0.039 1.234 0.132 0.436
23.108 0.000 0.022 0.000 0.039 1.234 0.132 0.436
23.217 0.000 0.022 0.000 0.039 1.234 0.132 0.436
23.324 0.000 0.022 0.000 0.041 1.234 0.132 0.436
23.431 0.000 0.022 0.000 0.041 1.234 0.132 0.436
23.542 0.000 0.022 0.000 0.041 1.234 0.132 0.436
23.648 0.000 0.022 0.000 0.041 1.234 0.132 0.436
23.756 0.000 0.022 0.000 0.041 1.222 0.139 0.503
23.868 0.000 0.022 0.000 0.041 1.222 0.139 0.503
23.977 0.000 0.022 0.000 0.041 1.222 0.139 0.503
24.079 0.000 0.022 0.000 0.041 1.222 0.139 0.503
24.183 0.000 0.022 0.000 0.041 1.222 0.139 0.503
24.286 0.000 0.022 0.000 0.038 1.222 0.139 0.503
24.397 0.000 0.022 0.000 0.038 1.222 0.139 0.503
24.505 0.000 0.022 0.000 0.038 1.222 0.139 0.503
24.617 0.000 0.022 0.000 0.038 1.222 0.139 0.503
24.724 0.000 0.022 0.000 0.038 1.222 0.139 0.503
24.831 0.000 0.022 0.000 0.038 1.223 0.134 0.545
24.941 0.000 0.022 0.000 0.038 1.223 0.134 0.545
25.048 0.000 0.022 0.000 0.038 1.223 0.134 0.545
25.151 0.000 0.022 0.000 0.038 1.223 0.134 0.545
25.263 0.000 0.022 0.000 0.043 1.223 0.134 0.545
25.372 0.000 0.022 0.000 0.043 1.223 0.134 0.545
25.479 0.000 0.022 0.000 0.043 1.223 0.134 0.545
25.589 0.000 0.022 0.000 0.043 1.223 0.134 0.545
25.698 0.000 0.022 0.000 0.043 1.223 0.134 0.545
25.808 0.000 0.022 0.000 0.043 1.255 0.136 0.521
25.914 0.000 0.022 0.000 0.043 1.255 0.136 0.521
