0.000 0.000 0.020 0.000 0.038 1.231 0.134 0.569
0.107 0.000 0.020 0.000 0.038 1.231 0.134 0.569
0.218 0.000 0.020 0.000 0.038 1.231 0.134 0.569
0.330 0.000 0.020 0.000 0.038 1.231 0.134 0.569
0.435 0.013 0.022 0.000 0.038 1.193 0.134 0.753
0.546 0.013 0.022 0.000 0.038 1.193 0.134 0.753
0.656 0.013 0.022 0.000 0.038 1.193 0.134 0.753
0.767 0.013 0.022 0.000 0.038 1.193 0.134 0.753
0.872 0.013 0.022 0.000 0.038 1.193 0.134 0.753
0.981 0.013 0.022 0.000 0.047 1.193 0.134 0.753
1.092 0.013 0.022 0.000 0.047 1.193 0.134 0.753
1.203 0.013 0.022 0.000 0.047 1.193 0.134 0.753
1.314 0.013 0.022 0.000 0.047 1.193 0.134 0.753
1.423 0.013 0.022 0.000 0.047 1.193 0.134 0.753
1.533 0.629 0.023 0.000 0.047 1.282 0.136 0.384
1.644 0.629 0.023 0.000 0.047 1.282 0.136 0.384
1.756 0.629 0.023 0.000 0.047 1.282 0.136 0.384
1.858 0.629 0.023 0.000 0.047 1.282 0.136 0.384
1.962 0.629 0.023 0.000 0.072 1.282 0.136 0.384
2.063 0.629 0.023 0.000 0.072 1.282 0.136 0.384
2.166 0.629 0.023 0.000 0.072 1.282 0.136 0.384
2.277 0.629 0.023 0.000 0.072 1.282 0.136 0.384
2.379 0.629 0.023 0.000 0.072 1.282 0.136 0.384
2.490 3.281 0.043 0.000 0.072 2.227 0.145 7.400
2.601 3.281 0.043 0.000 0.072 2.227 0.145 7.400
2.712 3.281 0.043 0.000 0.072 2.227 0.145 7.400
2.813 3.281 0.043 0.000 0.072 2.227 0.145 7.400
2.916 3.281 0.043 0.000 0.072 2.227 0.145 7.400
3.027 3.281 0.043 0.000 0.200 2.227 0.145 7.400
3.129 3.281 0.043 0.000 0.200 2.227 0.145 7.400
3.231 3.281 0.043 0.000 0.200 2.227 0.145 7.400
3.334 3.281 0.043 0.000 0.200 2.227 0.145 7.400
3.445 6.345 0.094 0.000 0.200 5.771 0.145 7.124
3.556 6.345 0.094 0.000 0.200 5.771 0.145 7.124
3.668 6.345 0.094 0.000 0.200 5.771 0.145 7.124
3.779 6.345 0.094 0.000 0.200 5.771 0.145 7.124
3.881 6.345 0.094 0.000 0.200 5.771 0.145 7.124
3.983 6.345 0.094 0.000 0.208 5.771 0.145 7.124
4.094 6.345 0.094 0.000 0.208 5.771 0.145 7.124
4.206 6.345 0.094 0.000 0.208 5.771 0.145 7.124
4.315 6.345 0.094 0.000 0.208 5.771 0.145 7.124
4.426 6.284 0.078 0.000 0.208 10.083 0.143 7.165
4.537 6.284 0.078 0.000 0.208 10.083 0.143 7.165
4.638 6.284 0.078 0.000 0.208 10.083 0.143 7.165
4.740 6.284 0.078 0.000 0.208 10.083 0.143 7.165
4.852 6.284 0.078 0.000 0.208 10.083 0.143 7.165
4.963 6.284 0.078 0.000 0.205 10.083 0.143 7.165
5.074 6.284 0.078 0.000 0.205 10.083 0.143 7.165
5.186 6.284 0.078 0.000 0.205 10.083 0.143 7.165
5.297 6.284 0.078 0.000 0.205 10.083 0.143 7.165
5.408 6.284 0.078 0.000 0.205 10.083 0.143 7.165
5.519 6.239 0.078 0.000 0.205 9.899 0.145 7.223
5.630 6.239 0.078 0.000 0.205 9.899 0.145 7.223
5.741 6.239 0.078 0.000 0.205 9.899 0.145 7.223
5.852 6.239 0.078 0.000 0.205 9.899 0.145 7.223
5.964 6.239 0.078 0.000 0.202 9.899 0.145 7.223
6.066 6.239 0.078 0.000 0.202 9.899 0.145 7.223
6.178 6.239 0.078 0.000 0.202 9.899 0.145 7.223
6.289 6.239 0.078 0.000 0.202 9.899 0.145 7.223
6.390 6.239 0.078 0.000 0.202 9.899 0.145 7.223
6.501 6.295 0.077 0.000 0.202 10.027 0.143 7.253
6.613 6.295 0.077 0.000 0.202 10.027 0.143 7.253
6.715 6.295 0.077 0.000 0.202 10.027 0.143 7.253
6.824 6.295 0.077 0.000 0.202 10.027 0.143 7.253
6.926 6.295 0.077 0.000 0.202 10.027 0.143 7.253
7.029 6.295 0.077 0.000 0.202 10.027 0.143 7.253
7.131 6.295 0.077 0.000 0.202 10.027 0.143 7.253
7.233 6.295 0.077 0.000 0.202 10.027 0.143 7.253
7.345 6.295 0.077 0.000 0.202 10.027 0.143 7.253
7.447 6.285 0.075 0.000 0.202 9.952 0.144 7.909
7.549 6.285 0.075 0.000 0.202 9.952 0.144 7.909
7.652 6.285 0.075 0.000 0.202 9.952 0.144 7.909
7.754 6.285 0.075 0.000 0.202 9.952 0.144 7.909
7.857 6.285 0.075 0.000 0.202 9.952 0.144 7.909
7.959 6.285 0.075 0.000 0.211 9.952 0.144 7.909
8.070 6.285 0.075 0.000 0.211 9.952 0.144 7.909
8.182 6.285 0.075 0.000 0.211 9.952 0.144 7.909
8.293 6.285 0.075 0.000 0.211 9.952 0.144 7.909
8.404 6.285 0.075 0.000 0.211 9.952 0.144 7.909
8.515 6.239 0.087 0.000 0.211 9.911 0.144 7.231
8.626 6.239 0.087 0.000 0.211 9.911 0.144 7.231
8.728 6.239 0.087 0.000 0.211 9.911 0.144 7.231
8.831 6.239 0.087 0.000 0.211 9.911 0.144 7.231
8.934 6.239 0.087 0.000 0.216 9.911 0.144 7.231
9.036 6.239 0.087 0.000 0.216 9.911 0.144 7.231
9.138 6.239 0.087 0.000 0.216 9.911 0.144 7.231
9.250 6.239 0.087 0.000 0.216 9.911 0.144 7.231
9.361 6.239 0.087 0.000 0.216 9.911 0.144 7.231
9.472 6.329 0.089 0.000 0.216 9.964 0.147 7.211
9.583 6.329 0.089 0.000 0.216 9.964 0.147 7.211
9.689 6.329 0.089 0.000 0.216 9.964 0.147 7.211
9.800 6.329 0.089 0.000 0.216 9.964 0.147 7.211
9.902 6.329 0.089 0.000 0.216 9.964 0.147 7.211
10.013 6.329 0.089 0.000 0.226 9.964 0.147 7.211
10.115 6.329 0.089 0.000 0.226 9.964 0.147 7.211
10.217 6.329 0.089 0.000 0.226 9.964 0.147 7.211
10.320 6.329 0.089 0.000 0.226 9.964 0.147 7.211
10.422 6.329 0.089 0.000 0.226 9.964 0.147 7.211
10.533 6.337 0.113 0.000 0.226 9.954 0.151 8.229
10.644 6.337 0.113 0.000 0.226 9.954 0.151 8.229
10.755 6.337 0.113 0.000 0.226 9.954 0.151 8.229
10.866 6.337 0.113 0.000 0.226 9.954 0.151 8.229
10.969 6.337 0.113 0.000 0.220 9.954 0.151 8.229
11.080 6.337 0.113 0.000 0.220 9.954 0.151 8.229
11.191 6.337 0.113 0.000 0.220 9.954 0.151 8.229
11.297 6.337 0.113 0.000 0.220 9.954 0.151 8.229
11.400 6.337 0.113 0.000 0.220 9.954 0.151 8.229
11.502 6.133 0.100 0.000 0.220 10.038 0.149 7.252
11.605 6.133 0.100 0.000 0.220 10.038 0.149 7.252
11.710 6.133 0.100 0.000 0.220 10.038 0.149 7.252
11.821 6.133 0.100 0.000 0.220 10.038 0.149 7.252
11.932 6.133 0.100 0.000 0.213 10.038 0.149 7.252
12.034 6.133 0.100 0.000 0.213 10.038 0.149 7.252
12.136 6.133 0.100 0.000 0.213 10.038 0.149 7.252
12.248 6.133 0.100 0.000 0.213 10.038 0.149 7.252
12.359 6.133 0.100 0.000 0.213 10.038 0.149 7.252
12.461 6.258 0.081 0.000 0.213 10.187 0.142 7.308
12.572 6.258 0.081 0.000 0.213 10.187 0.142 7.308
12.682 6.258 0.081 0.000 0.213 10.187 0.142 7.308
12.784 6.258 0.081 0.000 0.213 10.187 0.142 7.308
12.896 6.258 0.081 0.000 0.213 10.187 0.142 7.308
12.997 6.258 0.081 0.000 0.216 10.187 0.142 7.308
13.100 6.258 0.081 0.000 0.216 10.187 0.142 7.308
13.202 6.258 0.081 0.000 0.216 10.187 0.142 7.308
13.305 6.258 0.081 0.000 0.216 10.187 0.142 7.308
13.416 6.258 0.081 0.000 0.216 10.187 0.142 7.308
13.527 6.284 0.081 0.000 0.216 10.069 0.143 7.282
13.628 6.284 0.081 0.000 0.216 10.069 0.143 7.282
13.731 6.284 0.081 0.000 0.216 10.069 0.143 7.282
13.842 6.284 0.081 0.000 0.216 10.069 0.143 7.282
13.953 6.284 0.081 0.000 0.213 10.069 0.143 7.282
14.064 6.284 0.081 0.000 0.213 10.069 0.143 7.282
14.175 6.284 0.081 0.000 0.213 10.069 0.143 7.282
14.277 6.284 0.081 0.000 0.213 10.069 0.143 7.282
14.380 6.284 0.081 0.000 0.213 10.069 0.143 7.282
14.482 6.295 0.100 0.000 0.213 10.134 0.149 7.627
14.584 6.295 0.100 0.000 0.213 10.134 0.149 7.627
14.696 6.295 0.100 0.000 0.213 10.134 0.149 7.627
14.807 6.295 0.100 0.000 0.213 10.134 0.149 7.627
14.918 6.295 0.100 0.000 0.195 10.134 0.149 7.627
15.023 6.295 0.100 0.000 0.195 10.134 0.149 7.627
15.126 6.295 0.100 0.000 0.195 10.134 0.149 7.627
15.229 6.295 0.100 0.000 0.195 10.134 0.149 7.627
15.340 6.295 0.100 0.000 0.195 10.134 0.149 7.627
15.445 2.289 0.040 0.000 0.195 10.160 0.141 0.981
15.552 2.289 0.040 0.000 0.195 10.160 0.141 0.981
15.656 2.289 0.040 0.000 0.195 10.160 0.141 0.981
15.767 2.289 0.040 0.000 0.195 10.160 0.141 0.981
15.873 2.289 0.040 0.000 0.195 10.160 0.141 0.981
15.981 2.289 0.040 0.000 0.056 10.160 0.141 0.981
16.092 2.289 0.040 0.000 0.056 10.160 0.141 0.981
16.203 2.289 0.040 0.000 0.056 10.160 0.141 0.981
16.315 2.289 0.040 0.000 0.056 10.160 0.141 0.981
16.427 0.102 0.021 0.000 0.056 4.715 0.143 1.047
16.538 0.102 0.021 0.000 0.056 4.715 0.143 1.047
16.647 0.102 0.021 0.000 0.056 4.715 0.143 1.047
16.759 0.102 0.021 0.000 0.056 4.715 0.143 1.047
16.870 0.102 0.021 0.000 0.056 4.715 0.143 1.047
16.973 0.102 0.021 0.000 0.057 4.715 0.143 1.047
17.078 0.102 0.021 0.000 0.057 4.715 0.143 1.047
17.180 0.102 0.021 0.000 0.057 4.715 0.143 1.047
17.290 0.102 0.021 0.000 0.057 4.715 0.143 1.047
17.399 0.102 0.021 0.000 0.057 4.715 0.143 1.047
17.506 0.000 0.020 0.000 0.057 1.759 0.139 0.412
17.613 0.000 0.020 0.000 0.057 1.759 0.139 0.412
17.725 0.000 0.020 0.000 0.057 1.759 0.139 0.412
17.837 0.000 0.020 0.000 0.057 1.759 0.139 0.412
17.947 0.000 0.020 0.000 0.037 1.759 0.139 0.412
18.056 0.000 0.020 0.000 0.037 1.759 0.139 0.412
18.168 0.000 0.020 0.000 0.037 1.759 0.139 0.412
18.273 0.000 0.020 0.000 0.037 1.759 0.139 0.412
18.384 0.000 0.020 0.000 0.037 1.759 0.139 0.412
18.496 0.000 0.022 0.000 0.037 1.208 0.136 0.427
18.606 0.000 0.022 0.000 0.037 1.208 0.136 0.427
18.717 0.000 0.022 0.000 0.037 1.208 0.136 0.427
18.823 0.000 0.022 0.000 0.037 1.208 0.136 0.427
18.929 0.000 0.022 0.000 0.037 1.208 0.136 0.427
19.040 0.000 0.022 0.000 0.037 1.208 0.136 0.427
19.143 0.000 0.022 0.000 0.037 1.208 0.136 0.427
19.255 0.000 0.022 0.000 0.037 1.208 0.136 0.427
19.364 0.000 0.022 0.000 0.037 1.208 0.136 0.427
19.475 0.000 0.020 0.000 0.037 1.221 0.134 0.469
19.583 0.000 0.020 0.000 0.037 1.221 0.134 0.469
19.694 0.000 0.020 0.000 0.037 1.221 0.134 0.469
19.798 0.000 0.020 0.000 0.037 1.221 0.134 0.469
19.909 0.000 0.020 0.000 0.037 1.221 0.134 0.469
20.014 0.000 0.020 0.000 0.038 1.221 0.134 0.469
20.126 0.000 0.020 0.000 0.038 1.221 0.134 0.469
20.230 0.000 0.020 0.000 0.038 1.221 0.134 0.469
20.341 0.000 0.020 0.000 0.038 1.221 0.134 0.469
20.447 0.000 0.018 0.000 0.038 1.265 0.134 0.436
20.559 0.000 0.018 0.000 0.038 1.265 0.134 0.436
20.664 0.000 0.018 0.000 0.038 1.265 0.134 0.436
20.768 0.000 0.018 0.000 0.038 1.265 0.134 0.436
20.873 0.000 0.018 0.000 0.038 1.265 0.134 0.436
20.981 0.000 0.018 0.000 0.041 1.265 0.134 0.436
21.090 0.000 0.018 0.000 0.041 1.265 0.134 0.436
21.192 0.000 0.018 0.000 0.041 1.265 0.134 0.436
21.303 0.000 0.018 0.000 0.041 1.265 0.134 0.436
21.414 0.000 0.018 0.000 0.041 1.265 0.134 0.436
21.523 0.000 0.023 0.000 0.041 1.289 0.136 0.807
21.635 0.000 0.023 0.000 0.041 1.289 0.136 0.807
21.740 0.000 0.023 0.000 0.041 1.289 0.136 0.807
21.849 0.000 0.023 0.000 0.041 1.289 0.136 0.807
21.960 0.000 0.023 0.000 0.038 1.289 0.136 0.807
22.072 0.000 0.023 0.000 0.038 1.289 0.136 0.807
22.181 0.000 0.023 0.000 0.038 1.289 0.136 0.807
22.290 0.000 0.023 0.000 0.038 1.289 0.136 0.807
22.394 0.000 0.023 0.000 0.038 1.289 0.136 0.807
22.506 0.000 0.020 0.000 0.038 1.326 0.136 0.957
22.614 0.000 0.020 0.000 0.038 1.326 0.136 0.957
22.726 0.000 0.020 0.000 0.038 1.326 0.136 0.957
22.837 0.000 0.020 0.000 0.038 1.326 0.136 0.957
22.939 0.000 0.020 0.000 0.043 1.326 0.136 0.957
23.049 0.000 0.020 0.000 0.043 1.326 0.136 0.957
23.156 0.000 0.020 0.000 0.043 1.326 0.136 0.957
23.265 0.000 0.020 0.000 0.043 1.326 0.136 0.957
23.373 0.000 0.020 0.000 0.043 1.326 0.136 0.957
23.481 0.037 0.021 0.000 0.043 1.231 0.136 0.620
23.584 0.037 0.021 0.000 0.043 1.231 0.136 0.620
23.694 0.037 0.021 0.000 0.043 1.231 0.136 0.620
23.799 0.037 0.021 0.000 0.043 1.231 0.136 0.620
23.906 0.037 0.021 0.000 0.043 1.231 0.136 0.620
24.016 0.037 0.021 0.000 0.038 1.231 0.136 0.620
24.119 0.037 0.021 0.000 0.038 1.231 0.136 0.620
24.223 0.037 0.021 0.000 0.038 1.231 0.136 0.620
24.334 0.037 0.021 0.000 0.038 1.231 0.136 0.620
24.446 0.000 0.022 0.000 0.038 1.336 0.135 0.749
24.556 0.000 0.022 0.000 0.038 1.336 0.135 0.749
24.668 0.000 0.022 0.000 0.038 1.336 0.135 0.749
24.779 0.000 0.022 0.000 0.038 1.336 0.135 0.749
24.883 0.000 0.022 0.000 0.038 1.336 0.135 0.749
24.990 0.000 0.022 0.000 0.038 1.336 0.135 0.749
25.094 0.000 0.022 0.000 0.038 1.336 0.135 0.749
25.205 0.000 0.022 0.000 0.038 1.336 0.135 0.749
25.314 0.000 0.022 0.000 0.038 1.336 0.135 0.749
25.422 0.000 0.022 0.000 0.038 1.336 0.135 0.749
25.527 0.000 0.020 0.000 0.038 1.242 0.131 0.398
25.633 0.000 0.020 0.000 0.038 1.242 0.131 0.398
25.743 0.000 0.020 0.000 0.038 1.242 0.131 0.398
25.845 0.000 0.020 0.000 0.038 1.242 0.131 0.398
25.956 0.000 0.020 0.000 0.040 1.242 0.131 0.398
