0.000 0.000 0.022 0.000 0.050 1.252 0.137 0.421
0.111 0.000 0.022 0.000 0.050 1.252 0.137 0.421
0.221 0.061 0.025 0.000 0.050 1.342 0.137 0.531
0.323 0.061 0.025 0.000 0.050 1.342 0.137 0.531
0.435 0.061 0.025 0.000 0.050 1.342 0.137 0.531
0.540 0.061 0.025 0.000 0.050 1.342 0.137 0.531
0.650 0.061 0.025 0.000 0.040 1.342 0.137 0.531
0.761 0.061 0.025 0.000 0.040 1.342 0.137 0.531
0.870 0.061 0.025 0.000 0.040 1.342 0.137 0.531
0.981 0.061 0.025 0.000 0.040 1.342 0.137 0.531
1.090 0.061 0.025 0.000 0.040 1.342 0.137 0.531
1.202 0.378 0.024 0.000 0.040 1.429 0.136 8.782
1.313 0.378 0.024 0.000 0.040 1.429 0.136 8.782
1.424 0.378 0.024 0.000 0.040 1.429 0.136 8.782
1.534 0.378 0.024 0.000 0.040 1.429 0.136 8.782
1.640 0.378 0.024 0.000 0.063 1.429 0.136 8.782
1.749 0.378 0.024 0.000 0.063 1.429 0.136 8.782
1.856 0.378 0.024 0.000 0.063 1.429 0.136 8.782
1.962 0.378 0.024 0.000 0.063 1.429 0.136 8.782
2.074 0.378 0.024 0.000 0.063 1.429 0.136 8.782
2.185 1.630 0.032 0.000 0.063 1.692 0.141 7.310
2.296 1.630 0.032 0.000 0.063 1.692 0.141 7.310
2.402 1.630 0.032 0.000 0.063 1.692 0.141 7.310
2.504 1.630 0.032 0.000 0.063 1.692 0.141 7.310
2.613 1.630 0.032 0.000 0.063 1.692 0.141 7.310
2.716 1.630 0.032 0.000 0.151 1.692 0.141 7.310
2.827 1.630 0.032 0.000 0.151 1.692 0.141 7.310
2.938 1.630 0.032 0.000 0.151 1.692 0.141 7.310
3.041 1.630 0.032 0.000 0.151 1.692 0.141 7.310
3.152 4.424 0.050 0.000 0.151 3.502 0.146 1.169
3.260 4.424 0.050 0.000 0.151 3.502 0.146 1.169
3.365 4.424 0.050 0.000 0.151 3.502 0.146 1.169
3.476 4.424 0.050 0.000 0.151 3.502 0.146 1.169
3.587 4.424 0.050 0.000 0.151 3.502 0.146 1.169
3.689 4.424 0.050 0.000 0.082 3.502 0.146 1.169
3.791 4.424 0.050 0.000 0.082 3.502 0.146 1.169
3.894 4.424 0.050 0.000 0.082 3.502 0.146 1.169
3.998 4.424 0.050 0.000 0.082 3.502 0.146 1.169
4.103 4.424 0.050 0.000 0.082 3.502 0.146 1.169
4.209 0.669 0.026 0.000 0.082 7.427 0.134 1.270
4.320 0.669 0.026 0.000 0.082 7.427 0.134 1.270
4.422 0.669 0.026 0.000 0.082 7.427 0.134 1.270
4.531 0.669 0.026 0.000 0.082 7.427 0.134 1.270
4.640 0.669 0.026 0.000 0.053 7.427 0.134 1.270
4.744 0.669 0.026 0.000 0.053 7.427 0.134 1.270
4.855 0.669 0.026 0.000 0.053 7.427 0.134 1.270
4.967 0.669 0.026 0.000 0.053 7.427 0.134 1.270
5.074 0.669 0.026 0.000 0.053 7.427 0.134 1.270
5.175 0.826 0.025 0.000 0.053 2.212 0.139 4.064
5.282 0.826 0.025 0.000 0.053 2.212 0.139 4.064
5.391 0.826 0.025 0.000 0.053 2.212 0.139 4.064
5.497 0.826 0.025 0.000 0.053 2.212 0.139 4.064
5.601 0.826 0.025 0.000 0.053 2.212 0.139 4.064
5.709 0.826 0.025 0.000 0.066 2.212 0.139 4.064
5.814 0.826 0.025 0.000 0.066 2.212 0.139 4.064
5.924 0.826 0.025 0.000 0.066 2.212 0.139 4.064
6.028 0.826 0.025 0.000 0.066 2.212 0.139 4.064
6.136 0.761 0.025 0.000 0.066 2.474 0.140 1.315
6.239 0.761 0.025 0.000 0.066 2.474 0.140 1.315
6.340 0.761 0.025 0.000 0.066 2.474 0.140 1.315
6.444 0.761 0.025 0.000 0.066 2.474 0.140 1.315
6.555 0.761 0.025 0.000 0.066 2.474 0.140 1.315
6.661 0.761 0.025 0.000 0.053 2.474 0.140 1.315
6.768 0.761 0.025 0.000 0.053 2.474 0.140 1.315
6.875 0.761 0.025 0.000 0.053 2.474 0.140 1.315
6.978 0.761 0.025 0.000 0.053 2.474 0.140 1.315
7.080 0.761 0.025 0.000 0.053 2.474 0.140 1.315
7.192 0.699 0.025 0.000 0.053 2.382 0.136 1.245
7.295 0.699 0.025 0.000 0.053 2.382 0.136 1.245
7.399 0.699 0.025 0.000 0.053 2.382 0.136 1.245
7.501 0.699 0.025 0.000 0.053 2.382 0.136 1.245
7.608 0.699 0.025 0.000 0.053 2.382 0.136 1.245
7.717 0.699 0.025 0.000 0.053 2.382 0.136 1.245
7.820 0.699 0.025 0.000 0.053 2.382 0.136 1.245
7.927 0.699 0.025 0.000 0.053 2.382 0.136 1.245
8.030 0.699 0.025 0.000 0.053 2.382 0.136 1.245
8.138 0.685 0.025 0.000 0.053 2.170 0.136 1.284
8.249 0.685 0.025 0.000 0.053 2.170 0.136 1.284
8.359 0.685 0.025 0.000 0.053 2.170 0.136 1.284
8.470 0.685 0.025 0.000 0.053 2.170 0.136 1.284
8.581 0.685 0.025 0.000 0.053 2.170 0.136 1.284
8.690 0.685 0.025 0.000 0.053 2.170 0.136 1.284
8.795 0.685 0.025 0.000 0.053 2.170 0.136 1.284
8.898 0.685 0.025 0.000 0.053 2.170 0.136 1.284
8.999 0.685 0.025 0.000 0.053 2.170 0.136 1.284
9.108 0.685 0.025 0.000 0.053 2.170 0.136 1.284
9.215 0.703 0.025 0.000 0.053 2.204 0.138 2.021
9.325 0.703 0.025 0.000 0.053 2.204 0.138 2.021
9.428 0.703 0.025 0.000 0.053 2.204 0.138 2.021
9.532 0.703 0.025 0.000 0.053 2.204 0.138 2.021
9.639 0.703 0.025 0.000 0.057 2.204 0.138 2.021
9.741 0.703 0.025 0.000 0.057 2.204 0.138 2.021
9.848 0.703 0.025 0.000 0.057 2.204 0.138 2.021
9.958 0.703 0.025 0.000 0.057 2.204 0.138 2.021
10.065 0.703 0.025 0.000 0.057 2.204 0.138 2.021
10.176 0.675 0.025 0.000 0.057 2.254 0.138 1.365
10.282 0.675 0.025 0.000 0.057 2.254 0.138 1.365
10.388 0.675 0.025 0.000 0.057 2.254 0.138 1.365
10.497 0.675 0.025 0.000 0.057 2.254 0.138 1.365
10.608 0.675 0.025 0.000 0.057 2.254 0.138 1.365
10.718 0.675 0.025 0.000 0.058 2.254 0.138 1.365
10.821 0.675 0.025 0.000 0.058 2.254 0.138 1.365
10.929 0.675 0.025 0.000 0.058 2.254 0.138 1.365
11.040 0.675 0.025 0.000 0.058 2.254 0.138 1.365
11.152 0.691 0.024 0.000 0.058 2.248 0.142 1.345
11.257 0.691 0.024 0.000 0.058 2.248 0.142 1.345
11.360 0.691 0.024 0.000 0.058 2.248 0.142 1.345
11.462 0.691 0.024 0.000 0.058 2.248 0.142 1.345
11.570 0.691 0.024 0.000 0.058 2.248 0.142 1.345
11.677 0.691 0.024 0.000 0.066 2.248 0.142 1.345
11.782 0.691 0.024 0.000 0.066 2.248 0.142 1.345
11.884 0.691 0.024 0.000 0.066 2.248 0.142 1.345
11.991 0.691 0.024 0.000 0.066 2.248 0.142 1.345
12.098 0.691 0.024 0.000 0.066 2.248 0.142 1.345
12.207 0.661 0.025 0.000 0.066 2.231 0.142 1.238
12.309 0.661 0.025 0.000 0.066 2.231 0.142 1.238
12.420 0.661 0.025 0.000 0.066 2.231 0.142 1.238
12.523 0.661 0.025 0.000 0.066 2.231 0.142 1.238
12.626 0.661 0.025 0.000 0.053 2.231 0.142 1.238
12.735 0.661 0.025 0.000 0.053 2.231 0.142 1.238
12.841 0.661 0.025 0.000 0.053 2.231 0.142 1.238
12.952 0.661 0.025 0.000 0.053 2.231 0.142 1.238
13.060 0.661 0.025 0.000 0.053 2.231 0.142 1.238
13.168 0.678 0.024 0.000 0.053 2.285 0.133 1.185
13.279 0.678 0.024 0.000 0.053 2.285 0.133 1.185
13.390 0.678 0.024 0.000 0.053 2.285 0.133 1.185
13.493 0.678 0.024 0.000 0.053 2.285 0.133 1.185
13.602 0.678 0.024 0.000 0.053 2.285 0.133 1.185
13.707 0.678 0.024 0.000 0.054 2.285 0.133 1.185
13.809 0.678 0.024 0.000 0.054 2.285 0.133 1.185
13.916 0.678 0.024 0.000 0.054 2.285 0.133 1.185
14.018 0.678 0.024 0.000 0.054 2.285 0.133 1.185
14.125 0.699 0.026 0.000 0.054 2.196 0.139 1.179
14.232 0.699 0.026 0.000 0.054 2.196 0.139 1.179
14.340 0.699 0.026 0.000 0.054 2.196 0.139 1.179
14.448 0.699 0.026 0.000 0.054 2.196 0.139 1.179
14.557 0.699 0.026 0.000 0.054 2.196 0.139 1.179
14.661 0.699 0.026 0.000 0.055 2.196 0.139 1.179
14.763 0.699 0.026 0.000 0.055 2.196 0.139 1.179
14.865 0.699 0.026 0.000 0.055 2.196 0.139 1.179
14.975 0.699 0.026 0.000 0.055 2.196 0.139 1.179
15.079 0.699 0.026 0.000 0.055 2.196 0.139 1.179
15.190 0.668 0.025 0.000 0.055 2.332 0.139 1.331
15.297 0.668 0.025 0.000 0.055 2.332 0.139 1.331
15.407 0.668 0.025 0.000 0.055 2.332 0.139 1.331
15.509 0.668 0.025 0.000 0.055 2.332 0.139 1.331
15.611 0.668 0.025 0.000 0.055 2.332 0.139 1.331
15.717 0.668 0.025 0.000 0.057 2.332 0.139 1.331
15.826 0.668 0.025 0.000 0.057 2.332 0.139 1.331
15.937 0.668 0.025 0.000 0.057 2.332 0.139 1.331
16.048 0.668 0.025 0.000 0.057 2.332 0.139 1.331
16.160 0.304 0.024 0.000 0.057 2.211 0.136 0.535
16.271 0.304 0.024 0.000 0.057 2.211 0.136 0.535
16.382 0.304 0.024 0.000 0.057 2.211 0.136 0.535
16.484 0.304 0.024 0.000 0.057 2.211 0.136 0.535
16.590 0.304 0.024 0.000 0.057 2.211 0.136 0.535
16.700 0.304 0.024 0.000 0.041 2.211 0.136 0.535
16.812 0.304 0.024 0.000 0.041 2.211 0.136 0.535
16.923 0.304 0.024 0.000 0.041 2.211 0.136 0.535
17.035 0.304 0.024 0.000 0.041 2.211 0.136 0.535
17.147 0.000 0.022 0.000 0.041 1.743 0.136 0.910
17.257 0.000 0.022 0.000 0.041 1.743 0.136 0.910
17.369 0.000 0.022 0.000 0.041 1.743 0.136 0.910
17.474 0.000 0.022 0.000 0.041 1.743 0.136 0.910
17.586 0.000 0.022 0.000 0.041 1.743 0.136 0.910
17.690 0.000 0.022 0.000 0.059 1.743 0.136 0.910
17.802 0.000 0.022 0.000 0.059 1.743 0.136 0.910
17.907 0.000 0.022 0.000 0.059 1.743 0.136 0.910
18.011 0.000 0.022 0.000 0.059 1.743 0.136 0.910
18.118 0.000 0.022 0.000 0.059 1.743 0.136 0.910
18.224 0.000 0.020 0.000 0.059 1.409 0.135 0.540
18.326 0.000 0.020 0.000 0.059 1.409 0.135 0.540
18.428 0.000 0.020 0.000 0.059 1.409 0.135 0.540
18.532 0.000 0.020 0.000 0.059 1.409 0.135 0.540
18.640 0.000 0.020 0.000 0.040 1.409 0.135 0.540
18.749 0.000 0.020 0.000 0.040 1.409 0.135 0.540
18.857 0.000 0.020 0.000 0.040 1.409 0.135 0.540
18.969 0.000 0.020 0.000 0.040 1.409 0.135 0.540
19.074 0.000 0.020 0.000 0.040 1.409 0.135 0.540
19.184 0.000 0.022 0.000 0.040 1.272 0.132 0.626
19.288 0.000 0.022 0.000 0.040 1.272 0.132 0.626
19.395 0.000 0.022 0.000 0.040 1.272 0.132 0.626
19.507 0.000 0.022 0.000 0.040 1.272 0.132 0.626
19.615 0.000 0.022 0.000 0.040 1.272 0.132 0.626
19.726 0.000 0.022 0.000 0.042 1.272 0.132 0.626
19.837 0.000 0.022 0.000 0.042 1.272 0.132 0.626
19.947 0.000 0.022 0.000 0.042 1.272 0.132 0.626
20.057 0.000 0.022 0.000 0.042 1.272 0.132 0.626
20.169 0.071 0.025 0.000 0.042 1.235 0.138 0.441
20.274 0.071 0.025 0.000 0.042 1.235 0.138 0.441
20.385 0.071 0.025 0.000 0.042 1.235 0.138 0.441
20.490 0.071 0.025 0.000 0.042 1.235 0.138 0.441
20.595 0.071 0.025 0.000 0.042 1.235 0.138 0.441
20.698 0.071 0.025 0.000 0.056 1.235 0.138 0.441
20.807 0.071 0.025 0.000 0.056 1.235 0.138 0.441
20.916 0.071 0.025 0.000 0.056 1.235 0.138 0.441
21.023 0.071 0.025 0.000 0.056 1.235 0.138 0.441
21.134 0.066 0.021 0.000 0.056 1.474 0.139 0.451
21.240 0.066 0.021 0.000 0.056 1.474 0.139 0.451
21.351 0.066 0.021 0.000 0.056 1.474 0.139 0.451
21.455 0.066 0.021 0.000 0.056 1.474 0.139 0.451
21.565 0.066 0.021 0.000 0.056 1.474 0.139 0.451
21.676 0.066 0.021 0.000 0.041 1.474 0.139 0.451
21.787 0.066 0.021 0.000 0.041 1.474 0.139 0.451
21.895 0.066 0.021 0.000 0.041 1.474 0.139 0.451
22.007 0.066 0.021 0.000 0.041 1.474 0.139 0.451
22.115 0.066 0.021 0.000 0.041 1.474 0.139 0.451
22.224 0.000 0.022 0.000 0.041 1.412 0.137 0.720
22.336 0.000 0.022 0.000 0.041 1.412 0.137 0.720
22.440 0.000 0.022 0.000 0.041 1.412 0.137 0.720
22.551 0.000 0.022 0.000 0.041 1.412 0.137 0.720
22.657 0.000 0.022 0.000 0.040 1.412 0.137 0.720
22.762 0.000 0.022 0.000 0.040 1.412 0.137 0.720
22.873 0.000 0.022 0.000 0.040 1.412 0.137 0.720
22.985 0.000 0.022 0.000 0.040 1.412 0.137 0.720
23.090 0.000 0.022 0.000 0.040 1.412 0.137 0.720
23.194 0.000 0.022 0.000 0.040 1.165 0.132 0.465
23.299 0.000 0.022 0.000 0.040 1.165 0.132 0.465
23.409 0.000 0.022 0.000 0.040 1.165 0.132 0.465
23.521 0.000 0.022 0.000 0.040 1.165 0.132 0.465
23.632 0.000 0.022 0.000 0.038 1.165 0.132 0.465
23.743 0.000 0.022 0.000 0.038 1.165 0.132 0.465
23.848 0.000 0.022 0.000 0.038 1.165 0.132 0.465
23.957 0.000 0.022 0.000 0.038 1.165 0.132 0.465
24.065 0.000 0.022 0.000 0.038 1.165 0.132 0.465
24.177 0.000 0.021 0.000 0.038 1.203 0.139 0.488
24.288 0.000 0.021 0.000 0.038 1.203 0.139 0.488
24.394 0.000 0.021 0.000 0.038 1.203 0.139 0.488
24.505 0.000 0.021 0.000 0.038 1.203 0.139 0.488
24.616 0.000 0.021 0.000 0.038 1.203 0.139 0.488
24.724 0.000 0.021 0.000 0.039 1.203 0.139 0.488
24.828 0.000 0.021 0.000 0.039 1.203 0.139 0.488
24.934 0.000 0.021 0.000 0.039 1.203 0.139 0.488
25.046 0.000 0.021 0.000 0.039 1.203 0.139 0.488
25.158 0.000 0.022 0.000 0.039 1.219 0.136 0.478
25.259 0.000 0.022 0.000 0.039 1.219 0.136 0.478
25.371 0.000 0.022 0.000 0.039 1.219 0.136 0.478
25.482 0.000 0.022 0.000 0.039 1.219 0.136 0.478
25.588 0.000 0.022 0.000 0.039 1.219 0.136 0.478
25.690 0.000 0.022 0.000 0.042 1.219 0.136 0.478
25.793 0.000 0.022 0.000 0.042 1.219 0.136 0.478
25.895 0.000 0.022 0.000 0.042 1.219 0.136 0.478
