0.000 0.000 0.021 0.000 0.039 1.386 0.137 0.786
0.105 0.000 0.021 0.000 0.039 1.386 0.137 0.786
0.217 0.000 0.021 0.000 0.039 1.386 0.137 0.786
0.327 0.000 0.021 0.000 0.039 1.386 0.137 0.786
0.435 0.000 0.022 0.000 0.039 1.301 0.140 0.763
0.538 0.000 0.022 0.000 0.039 1.301 0.140 0.763
0.648 0.000 0.022 0.000 0.039 1.301 0.140 0.763
0.756 0.000 0.022 0.000 0.039 1.301 0.140 0.763
0.860 0.000 0.022 0.000 0.039 1.301 0.140 0.763
0.969 0.000 0.022 0.000 0.045 1.301 0.140 0.763
1.081 0.000 0.022 0.000 0.045 1.301 0.140 0.763
1.192 0.000 0.022 0.000 0.045 1.301 0.140 0.763
1.303 0.000 0.022 0.000 0.045 1.301 0.140 0.763
1.414 0.639 0.026 0.000 0.045 1.272 0.138 0.484
1.524 0.639 0.026 0.000 0.045 1.272 0.138 0.484
1.635 0.639 0.026 0.000 0.045 1.272 0.138 0.484
1.739 0.639 0.026 0.000 0.045 1.272 0.138 0.484
1.849 0.639 0.026 0.000 0.045 1.272 0.138 0.484
1.961 0.639 0.026 0.000 0.075 1.272 0.138 0.484
2.070 0.639 0.026 0.000 0.075 1.272 0.138 0.484
2.172 0.639 0.026 0.000 0.075 1.272 0.138 0.484
2.284 0.639 0.026 0.000 0.075 1.272 0.138 0.484
2.390 2.940 0.047 0.000 0.075 2.353 0.142 7.270
2.493 2.940 0.047 0.000 0.075 2.353 0.142 7.270
2.596 2.940 0.047 0.000 0.075 2.353 0.142 7.270
2.707 2.940 0.047 0.000 0.075 2.353 0.142 7.270
2.808 2.940 0.047 0.000 0.075 2.353 0.142 7.270
2.910 2.940 0.047 0.000 0.187 2.353 0.142 7.270
3.012 2.940 0.047 0.000 0.187 2.353 0.142 7.270
3.114 2.940 0.047 0.000 0.187 2.353 0.142 7.270
3.216 2.940 0.047 0.000 0.187 2.353 0.142 7.270
3.327 2.940 0.047 0.000 0.187 2.353 0.142 7.270
3.428 6.179 0.078 0.000 0.187 5.281 0.142 7.169
3.539 6.179 0.078 0.000 0.187 5.281 0.142 7.169
3.651 6.179 0.078 0.000 0.187 5.281 0.142 7.169
3.762 6.179 0.078 0.000 0.187 5.281 0.142 7.169
3.864 6.179 0.078 0.000 0.201 5.281 0.142 7.169
3.966 6.179 0.078 0.000 0.201 5.281 0.142 7.169
4.068 6.179 0.078 0.000 0.201 5.281 0.142 7.169
4.179 6.179 0.078 0.000 0.201 5.281 0.142 7.169
4.291 6.179 0.078 0.000 0.201 5.281 0.142 7.169
4.392 6.124 0.082 0.000 0.201 9.734 0.145 6.925
4.503 6.124 0.082 0.000 0.201 9.734 0.145 6.925
4.615 6.124 0.082 0.000 0.201 9.734 0.145 6.925
4.726 6.124 0.082 0.000 0.201 9.734 0.145 6.925
4.837 6.124 0.082 0.000 0.201 9.734 0.145 6.925
4.938 6.124 0.082 0.000 0.198 9.734 0.145 6.925
5.049 6.124 0.082 0.000 0.198 9.734 0.145 6.925
5.161 6.124 0.082 0.000 0.198 9.734 0.145 6.925
5.272 6.124 0.082 0.000 0.198 9.734 0.145 6.925
5.383 6.201 0.082 0.000 0.198 9.804 0.144 7.607
5.495 6.201 0.082 0.000 0.198 9.804 0.144 7.607
5.606 6.201 0.082 0.000 0.198 9.804 0.144 7.607
5.717 6.201 0.082 0.000 0.198 9.804 0.144 7.607
5.828 6.201 0.082 0.000 0.198 9.804 0.144 7.607
5.939 6.201 0.082 0.000 0.198 9.804 0.144 7.607
6.051 6.201 0.082 0.000 0.198 9.804 0.144 7.607
6.162 6.201 0.082 0.000 0.198 9.804 0.144 7.607
6.273 6.201 0.082 0.000 0.198 9.804 0.144 7.607
6.384 6.119 0.080 0.000 0.198 9.729 0.139 7.110
6.495 6.119 0.080 0.000 0.198 9.729 0.139 7.110
6.606 6.119 0.080 0.000 0.198 9.729 0.139 7.110
6.718 6.119 0.080 0.000 0.198 9.729 0.139 7.110
6.829 6.119 0.080 0.000 0.198 9.729 0.139 7.110
6.930 6.119 0.080 0.000 0.199 9.729 0.139 7.110
7.042 6.119 0.080 0.000 0.199 9.729 0.139 7.110
7.153 6.119 0.080 0.000 0.199 9.729 0.139 7.110
7.264 6.119 0.080 0.000 0.199 9.729 0.139 7.110
7.365 6.119 0.080 0.000 0.199 9.729 0.139 7.110
7.477 6.113 0.094 0.000 0.199 9.778 0.147 7.009
7.588 6.113 0.094 0.000 0.199 9.778 0.147 7.009
7.699 6.113 0.094 0.000 0.199 9.778 0.147 7.009
7.810 6.113 0.094 0.000 0.199 9.778 0.147 7.009
7.921 6.113 0.094 0.000 0.210 9.778 0.147 7.009
8.033 6.113 0.094 0.000 0.210 9.778 0.147 7.009
8.144 6.113 0.094 0.000 0.210 9.778 0.147 7.009
8.255 6.113 0.094 0.000 0.210 9.778 0.147 7.009
8.366 6.113 0.094 0.000 0.210 9.778 0.147 7.009
8.477 6.176 0.078 0.000 0.210 9.957 0.144 7.209
8.588 6.176 0.078 0.000 0.210 9.957 0.144 7.209
8.700 6.176 0.078 0.000 0.210 9.957 0.144 7.209
8.811 6.176 0.078 0.000 0.210 9.957 0.144 7.209
8.922 6.176 0.078 0.000 0.203 9.957 0.144 7.209
9.033 6.176 0.078 0.000 0.203 9.957 0.144 7.209
9.145 6.176 0.078 0.000 0.203 9.957 0.144 7.209
9.256 6.176 0.078 0.000 0.203 9.957 0.144 7.209
9.367 6.176 0.078 0.000 0.203 9.957 0.144 7.209
9.469 6.156 0.078 0.000 0.203 9.861 0.142 7.174
9.571 6.156 0.078 0.000 0.203 9.861 0.142 7.174
9.673 6.156 0.078 0.000 0.203 9.861 0.142 7.174
9.775 6.156 0.078 0.000 0.203 9.861 0.142 7.174
9.886 6.156 0.078 0.000 0.200 9.861 0.142 7.174
9.997 6.156 0.078 0.000 0.200 9.861 0.142 7.174
10.109 6.156 0.078 0.000 0.200 9.861 0.142 7.174
10.220 6.156 0.078 0.000 0.200 9.861 0.142 7.174
10.331 6.156 0.078 0.000 0.200 9.861 0.142 7.174
10.432 6.189 0.078 0.000 0.200 9.802 0.143 7.208
10.544 6.189 0.078 0.000 0.200 9.802 0.143 7.208
10.655 6.189 0.078 0.000 0.200 9.802 0.143 7.208
10.766 6.189 0.078 0.000 0.200 9.802 0.143 7.208
10.868 6.189 0.078 0.000 0.206 9.802 0.143 7.208
10.978 6.189 0.078 0.000 0.206 9.802 0.143 7.208
11.090 6.189 0.078 0.000 0.206 9.802 0.143 7.208
11.201 6.189 0.078 0.000 0.206 9.802 0.143 7.208
11.312 6.189 0.078 0.000 0.206 9.802 0.143 7.208
11.424 6.275 0.090 0.000 0.206 9.778 0.147 7.002
11.535 6.275 0.090 0.000 0.206 9.778 0.147 7.002
11.646 6.275 0.090 0.000 0.206 9.778 0.147 7.002
11.757 6.275 0.090 0.000 0.206 9.778 0.147 7.002
11.868 6.275 0.090 0.000 0.203 9.778 0.147 7.002
11.979 6.275 0.090 0.000 0.203 9.778 0.147 7.002
12.091 6.275 0.090 0.000 0.203 9.778 0.147 7.002
12.202 6.275 0.090 0.000 0.203 9.778 0.147 7.002
12.313 6.275 0.090 0.000 0.203 9.778 0.147 7.002
12.424 6.203 0.089 0.000 0.203 10.032 0.145 7.012
12.536 6.203 0.089 0.000 0.203 10.032 0.145 7.012
12.647 6.203 0.089 0.000 0.203 10.032 0.145 7.012
12.758 6.203 0.089 0.000 0.203 10.032 0.145 7.012
12.869 6.203 0.089 0.000 0.199 10.032 0.145 7.012
12.980 6.203 0.089 0.000 0.199 10.032 0.145 7.012
13.092 6.203 0.089 0.000 0.199 10.032 0.145 7.012
13.203 6.203 0.089 0.000 0.199 10.032 0.145 7.012
13.314 6.203 0.089 0.000 0.199 10.032 0.145 7.012
13.425 6.146 0.075 0.000 0.199 9.732 0.149 7.965
13.536 6.146 0.075 0.000 0.199 9.732 0.149 7.965
13.647 6.146 0.075 0.000 0.199 9.732 0.149 7.965
13.758 6.146 0.075 0.000 0.199 9.732 0.149 7.965
13.870 6.146 0.075 0.000 0.200 9.732 0.149 7.965
13.981 6.146 0.075 0.000 0.200 9.732 0.149 7.965
14.092 6.146 0.075 0.000 0.200 9.732 0.149 7.965
14.203 6.146 0.075 0.000 0.200 9.732 0.149 7.965
14.315 6.146 0.075 0.000 0.200 9.732 0.149 7.965
14.426 6.129 0.079 0.000 0.200 9.709 0.143 7.815
14.537 6.129 0.079 0.000 0.200 9.709 0.143 7.815
14.648 6.129 0.079 0.000 0.200 9.709 0.143 7.815
14.759 6.129 0.079 0.000 0.200 9.709 0.143 7.815
14.871 6.129 0.079 0.000 0.198 9.709 0.143 7.815
14.982 6.129 0.079 0.000 0.198 9.709 0.143 7.815
15.083 6.129 0.079 0.000 0.198 9.709 0.143 7.815
15.185 6.129 0.079 0.000 0.198 9.709 0.143 7.815
15.296 6.129 0.079 0.000 0.198 9.709 0.143 7.815
15.399 5.194 0.063 0.000 0.198 9.774 0.139 0.853
15.503 5.194 0.063 0.000 0.198 9.774 0.139 0.853
15.614 5.194 0.063 0.000 0.198 9.774 0.139 0.853
15.721 5.194 0.063 0.000 0.198 9.774 0.139 0.853
15.831 5.194 0.063 0.000 0.198 9.774 0.139 0.853
15.935 5.194 0.063 0.000 0.096 9.774 0.139 0.853
16.043 5.194 0.063 0.000 0.096 9.774 0.139 0.853
16.155 5.194 0.063 0.000 0.096 9.774 0.139 0.853
16.266 5.194 0.063 0.000 0.096 9.774 0.139 0.853
16.373 0.053 0.023 0.000 0.096 8.358 0.140 0.978
16.481 0.053 0.023 0.000 0.096 8.358 0.140 0.978
16.592 0.053 0.023 0.000 0.096 8.358 0.140 0.978
16.704 0.053 0.023 0.000 0.096 8.358 0.140 0.978
16.815 0.053 0.023 0.000 0.096 8.358 0.140 0.978
16.927 0.053 0.023 0.000 0.063 8.358 0.140 0.978
17.037 0.053 0.023 0.000 0.063 8.358 0.140 0.978
17.140 0.053 0.023 0.000 0.063 8.358 0.140 0.978
17.252 0.053 0.023 0.000 0.063 8.358 0.140 0.978
17.363 0.053 0.023 0.000 0.063 8.358 0.140 0.978
17.468 0.048 0.025 0.000 0.063 1.414 0.140 0.853
17.577 0.048 0.025 0.000 0.063 1.414 0.140 0.853
17.688 0.048 0.025 0.000 0.063 1.414 0.140 0.853
17.799 0.048 0.025 0.000 0.063 1.414 0.140 0.853
17.911 0.048 0.025 0.000 0.048 1.414 0.140 0.853
18.023 0.048 0.025 0.000 0.048 1.414 0.140 0.853
18.129 0.048 0.025 0.000 0.048 1.414 0.140 0.853
18.235 0.048 0.025 0.000 0.048 1.414 0.140 0.853
18.343 0.048 0.025 0.000 0.048 1.414 0.140 0.853
18.448 0.000 0.023 0.000 0.048 1.648 0.135 0.462
18.552 0.000 0.023 0.000 0.048 1.648 0.135 0.462
18.660 0.000 0.023 0.000 0.048 1.648 0.135 0.462
18.769 0.000 0.023 0.000 0.048 1.648 0.135 0.462
18.878 0.000 0.023 0.000 0.039 1.648 0.135 0.462
18.989 0.000 0.023 0.000 0.039 1.648 0.135 0.462
19.093 0.000 0.023 0.000 0.039 1.648 0.135 0.462
19.200 0.000 0.023 0.000 0.039 1.648 0.135 0.462
19.304 0.000 0.023 0.000 0.039 1.648 0.135 0.462
19.408 0.000 0.023 0.000 0.039 1.186 0.136 0.413
19.520 0.000 0.023 0.000 0.039 1.186 0.136 0.413
19.631 0.000 0.023 0.000 0.039 1.186 0.136 0.413
19.738 0.000 0.023 0.000 0.039 1.186 0.136 0.413
19.850 0.000 0.023 0.000 0.039 1.186 0.136 0.413
19.960 0.000 0.023 0.000 0.040 1.186 0.136 0.413
20.066 0.000 0.023 0.000 0.040 1.186 0.136 0.413
20.172 0.000 0.023 0.000 0.040 1.186 0.136 0.413
20.283 0.000 0.023 0.000 0.040 1.186 0.136 0.413
20.393 0.000 0.024 0.000 0.040 1.243 0.138 0.469
20.502 0.000 0.024 0.000 0.040 1.243 0.138 0.469
20.604 0.000 0.024 0.000 0.040 1.243 0.138 0.469
20.715 0.000 0.024 0.000 0.040 1.243 0.138 0.469
20.819 0.000 0.024 0.000 0.040 1.243 0.138 0.469
20.929 0.000 0.024 0.000 0.042 1.243 0.138 0.469
21.040 0.000 0.024 0.000 0.042 1.243 0.138 0.469
21.152 0.000 0.024 0.000 0.042 1.243 0.138 0.469
21.264 0.000 0.024 0.000 0.042 1.243 0.138 0.469
21.371 0.000 0.025 0.000 0.042 1.247 0.135 1.009
21.479 0.000 0.025 0.000 0.042 1.247 0.135 1.009
21.587 0.000 0.025 0.000 0.042 1.247 0.135 1.009
21.693 0.000 0.025 0.000 0.042 1.247 0.135 1.009
21.800 0.000 0.025 0.000 0.042 1.247 0.135 1.009
21.912 0.000 0.025 0.000 0.042 1.247 0.135 1.009
22.024 0.000 0.025 0.000 0.042 1.247 0.135 1.009
22.132 0.000 0.025 0.000 0.042 1.247 0.135 1.009
22.241 0.000 0.025 0.000 0.042 1.247 0.135 1.009
22.353 0.000 0.025 0.000 0.042 1.247 0.135 1.009
22.464 0.000 0.023 0.000 0.042 1.225 0.136 1.015
22.569 0.000 0.023 0.000 0.042 1.225 0.136 1.015
22.674 0.000 0.023 0.000 0.042 1.225 0.136 1.015
22.785 0.000 0.023 0.000 0.042 1.225 0.136 1.015
22.893 0.000 0.023 0.000 0.043 1.225 0.136 1.015
23.005 0.000 0.023 0.000 0.043 1.225 0.136 1.015
23.117 0.000 0.023 0.000 0.043 1.225 0.136 1.015
23.227 0.000 0.023 0.000 0.043 1.225 0.136 1.015
23.336 0.000 0.023 0.000 0.043 1.225 0.136 1.015
23.447 0.000 0.020 0.000 0.043 1.254 0.131 0.622
23.559 0.000 0.020 0.000 0.043 1.254 0.131 0.622
23.666 0.000 0.020 0.000 0.043 1.254 0.131 0.622
23.768 0.000 0.020 0.000 0.043 1.254 0.131 0.622
23.876 0.000 0.020 0.000 0.056 1.254 0.131 0.622
23.987 0.000 0.020 0.000 0.056 1.254 0.131 0.622
24.093 0.000 0.020 0.000 0.056 1.254 0.131 0.622
24.200 0.000 0.020 0.000 0.056 1.254 0.131 0.622
24.312 0.000 0.020 0.000 0.056 1.254 0.131 0.622
24.419 0.000 0.022 0.000 0.056 1.246 0.139 0.531
24.527 0.000 0.022 0.000 0.056 1.246 0.139 0.531
24.629 0.000 0.022 0.000 0.056 1.246 0.139 0.531
24.735 0.000 0.022 0.000 0.056 1.246 0.139 0.531
24.846 0.000 0.022 0.000 0.056 1.246 0.139 0.531
24.955 0.000 0.022 0.000 0.039 1.246 0.139 0.531
25.062 0.000 0.022 0.000 0.039 1.246 0.139 0.531
25.169 0.000 0.022 0.000 0.039 1.246 0.139 0.531
25.279 0.000 0.022 0.000 0.039 1.246 0.139 0.531
25.386 0.000 0.021 0.000 0.039 1.411 0.135 0.611
25.493 0.000 0.021 0.000 0.039 1.411 0.135 0.611
25.601 0.000 0.021 0.000 0.039 1.411 0.135 0.611
25.712 0.000 0.021 0.000 0.039 1.411 0.135 0.611
25.819 0.000 0.021 0.000 0.039 1.411 0.135 0.611
25.922 0.000 0.021 0.000 0.040 1.411 0.135 0.611
