0.000 0.000 0.021 0.000 0.042 1.352 0.139 0.417
0.108 0.000 0.021 0.000 0.042 1.352 0.139 0.417
0.217 0.000 0.019 0.000 0.042 1.409 0.134 0.524
0.319 0.000 0.019 0.000 0.042 1.409 0.134 0.524
0.431 0.000 0.019 0.000 0.042 1.409 0.134 0.524
0.541 0.000 0.019 0.000 0.042 1.409 0.134 0.524
0.653 0.000 0.019 0.000 0.042 1.409 0.134 0.524
0.758 0.000 0.019 0.000 0.040 1.409 0.134 0.524
0.870 0.000 0.019 0.000 0.040 1.409 0.134 0.524
0.975 0.000 0.019 0.000 0.040 1.409 0.134 0.524
1.087 0.000 0.019 0.000 0.040 1.409 0.134 0.524
1.198 0.543 0.025 0.000 0.040 1.315 0.136 1.009
1.309 0.543 0.025 0.000 0.040 1.315 0.136 1.009
1.421 0.543 0.025 0.000 0.040 1.315 0.136 1.009
1.527 0.543 0.025 0.000 0.040 1.315 0.136 1.009
1.633 0.543 0.025 0.000 0.040 1.315 0.136 1.009
1.744 0.543 0.025 0.000 0.066 1.315 0.136 1.009
1.848 0.543 0.025 0.000 0.066 1.315 0.136 1.009
1.958 0.543 0.025 0.000 0.066 1.315 0.136 1.009
2.059 0.543 0.025 0.000 0.066 1.315 0.136 1.009
2.161 0.543 0.025 0.000 0.066 1.315 0.136 1.009
2.268 1.784 0.027 0.000 0.066 2.177 0.136 7.485
2.379 1.784 0.027 0.000 0.066 2.177 0.136 7.485
2.482 1.784 0.027 0.000 0.066 2.177 0.136 7.485
2.584 1.784 0.027 0.000 0.066 2.177 0.136 7.485
2.687 1.784 0.027 0.000 0.159 2.177 0.136 7.485
2.798 1.784 0.027 0.000 0.159 2.177 0.136 7.485
2.909 1.784 0.027 0.000 0.159 2.177 0.136 7.485
3.020 1.784 0.027 0.000 0.159 2.177 0.136 7.485
3.131 1.784 0.027 0.000 0.159 2.177 0.136 7.485
3.234 6.563 0.066 0.000 0.159 3.745 0.146 7.445
3.345 6.563 0.066 0.000 0.159 3.745 0.146 7.445
3.447 6.563 0.066 0.000 0.159 3.745 0.146 7.445
3.549 6.563 0.066 0.000 0.159 3.745 0.146 7.445
3.651 6.563 0.066 0.000 0.159 3.745 0.146 7.445
3.759 6.563 0.066 0.000 0.208 3.745 0.146 7.445
3.870 6.563 0.066 0.000 0.208 3.745 0.146 7.445
3.981 6.563 0.066 0.000 0.208 3.745 0.146 7.445
4.092 6.563 0.066 0.000 0.208 3.745 0.146 7.445
4.203 6.751 0.071 0.000 0.208 10.317 0.148 7.687
4.314 6.751 0.071 0.000 0.208 10.317 0.148 7.687
4.417 6.751 0.071 0.000 0.208 10.317 0.148 7.687
4.528 6.751 0.071 0.000 0.208 10.317 0.148 7.687
4.633 6.751 0.071 0.000 0.208 10.317 0.148 7.687
4.736 6.751 0.071 0.000 0.203 10.317 0.148 7.687
4.847 6.751 0.071 0.000 0.203 10.317 0.148 7.687
4.958 6.751 0.071 0.000 0.203 10.317 0.148 7.687
5.060 6.751 0.071 0.000 0.203 10.317 0.148 7.687
5.163 6.751 0.071 0.000 0.203 10.317 0.148 7.687
5.265 6.745 0.086 0.000 0.203 10.390 0.146 7.589
5.376 6.745 0.086 0.000 0.203 10.390 0.146 7.589
5.480 6.745 0.086 0.000 0.203 10.390 0.146 7.589
5.591 6.745 0.086 0.000 0.203 10.390 0.146 7.589
5.692 6.745 0.086 0.000 0.214 10.390 0.146 7.589
5.795 6.745 0.086 0.000 0.214 10.390 0.146 7.589
5.904 6.745 0.086 0.000 0.214 10.390 0.146 7.589
6.006 6.745 0.086 0.000 0.214 10.390 0.146 7.589
6.118 6.745 0.086 0.000 0.214 10.390 0.146 7.589
6.229 6.714 0.071 0.000 0.214 10.705 0.147 7.574
6.332 6.714 0.071 0.000 0.214 10.705 0.147 7.574
6.435 6.714 0.071 0.000 0.214 10.705 0.147 7.574
6.546 6.714 0.071 0.000 0.214 10.705 0.147 7.574
6.658 6.714 0.071 0.000 0.214 10.705 0.147 7.574
6.761 6.714 0.071 0.000 0.204 10.705 0.147 7.574
6.872 6.714 0.071 0.000 0.204 10.705 0.147 7.574
6.983 6.714 0.071 0.000 0.204 10.705 0.147 7.574
7.084 6.714 0.071 0.000 0.204 10.705 0.147 7.574
7.196 6.704 0.064 0.000 0.204 10.418 0.144 7.506
7.307 6.704 0.064 0.000 0.204 10.418 0.144 7.506
7.418 6.704 0.064 0.000 0.204 10.418 0.144 7.506
7.529 6.704 0.064 0.000 0.204 10.418 0.144 7.506
7.631 6.704 0.064 0.000 0.204 10.418 0.144 7.506
7.742 6.704 0.064 0.000 0.204 10.418 0.144 7.506
7.845 6.704 0.064 0.000 0.204 10.418 0.144 7.506
7.947 6.704 0.064 0.000 0.204 10.418 0.144 7.506
8.050 6.704 0.064 0.000 0.204 10.418 0.144 7.506
8.152 6.704 0.064 0.000 0.204 10.418 0.144 7.506
8.263 6.685 0.067 0.000 0.204 10.452 0.141 7.585
8.374 6.685 0.067 0.000 0.204 10.452 0.141 7.585
8.486 6.685 0.067 0.000 0.204 10.452 0.141 7.585
8.587 6.685 0.067 0.000 0.204 10.452 0.141 7.585
8.690 6.685 0.067 0.000 0.203 10.452 0.141 7.585
8.792 6.685 0.067 0.000 0.203 10.452 0.141 7.585
8.903 6.685 0.067 0.000 0.203 10.452 0.141 7.585
9.014 6.685 0.067 0.000 0.203 10.452 0.141 7.585
9.125 6.685 0.067 0.000 0.203 10.452 0.141 7.585
9.237 6.657 0.078 0.000 0.203 10.434 0.145 7.673
9.338 6.657 0.078 0.000 0.203 10.434 0.145 7.673
9.449 6.657 0.078 0.000 0.203 10.434 0.145 7.673
9.551 6.657 0.078 0.000 0.203 10.434 0.145 7.673
9.662 6.657 0.078 0.000 0.203 10.434 0.145 7.673
9.773 6.657 0.078 0.000 0.201 10.434 0.145 7.673
9.885 6.657 0.078 0.000 0.201 10.434 0.145 7.673
9.987 6.657 0.078 0.000 0.201 10.434 0.145 7.673
10.098 6.657 0.078 0.000 0.201 10.434 0.145 7.673
10.209 6.775 0.073 0.000 0.201 10.442 0.145 7.855
10.310 6.775 0.073 0.000 0.201 10.442 0.145 7.855
10.412 6.775 0.073 0.000 0.201 10.442 0.145 7.855
10.514 6.775 0.073 0.000 0.201 10.442 0.145 7.855
10.617 6.775 0.073 0.000 0.201 10.442 0.145 7.855
10.719 6.775 0.073 0.000 0.213 10.442 0.145 7.855
10.821 6.775 0.073 0.000 0.213 10.442 0.145 7.855
10.932 6.775 0.073 0.000 0.213 10.442 0.145 7.855
11.044 6.775 0.073 0.000 0.213 10.442 0.145 7.855
11.155 6.775 0.073 0.000 0.213 10.442 0.145 7.855
11.266 6.853 0.079 0.000 0.213 10.545 0.148 7.690
11.378 6.853 0.079 0.000 0.213 10.545 0.148 7.690
11.489 6.853 0.079 0.000 0.213 10.545 0.148 7.690
11.600 6.853 0.079 0.000 0.213 10.545 0.148 7.690
11.711 6.853 0.079 0.000 0.203 10.545 0.148 7.690
11.822 6.853 0.079 0.000 0.203 10.545 0.148 7.690
11.924 6.853 0.079 0.000 0.203 10.545 0.148 7.690
12.030 6.853 0.079 0.000 0.203 10.545 0.148 7.690
12.132 6.853 0.079 0.000 0.203 10.545 0.148 7.690
12.239 6.686 0.069 0.000 0.203 10.635 0.144 7.744
12.341 6.686 0.069 0.000 0.203 10.635 0.144 7.744
12.453 6.686 0.069 0.000 0.203 10.635 0.144 7.744
12.554 6.686 0.069 0.000 0.203 10.635 0.144 7.744
12.656 6.686 0.069 0.000 0.203 10.635 0.144 7.744
12.759 6.686 0.069 0.000 0.204 10.635 0.144 7.744
12.861 6.686 0.069 0.000 0.204 10.635 0.144 7.744
12.972 6.686 0.069 0.000 0.204 10.635 0.144 7.744
13.074 6.686 0.069 0.000 0.204 10.635 0.144 7.744
13.185 6.732 0.073 0.000 0.204 10.451 0.143 7.704
13.296 6.732 0.073 0.000 0.204 10.451 0.143 7.704
13.408 6.732 0.073 0.000 0.204 10.451 0.143 7.704
13.519 6.732 0.073 0.000 0.204 10.451 0.143 7.704
13.630 6.732 0.073 0.000 0.204 10.451 0.143 7.704
13.741 6.732 0.073 0.000 0.212 10.451 0.143 7.704
13.843 6.732 0.073 0.000 0.212 10.451 0.143 7.704
13.946 6.732 0.073 0.000 0.212 10.451 0.143 7.704
14.050 6.732 0.073 0.000 0.212 10.451 0.143 7.704
14.151 6.732 0.073 0.000 0.212 10.451 0.143 7.704
14.253 6.713 0.087 0.000 0.212 10.604 0.147 7.525
14.364 6.713 0.087 0.000 0.212 10.604 0.147 7.525
14.466 6.713 0.087 0.000 0.212 10.604 0.147 7.525
14.578 6.713 0.087 0.000 0.212 10.604 0.147 7.525
14.689 6.713 0.087 0.000 0.183 10.604 0.147 7.525
14.799 6.713 0.087 0.000 0.183 10.604 0.147 7.525
14.908 6.713 0.087 0.000 0.183 10.604 0.147 7.525
15.015 6.713 0.087 0.000 0.183 10.604 0.147 7.525
15.127 6.713 0.087 0.000 0.183 10.604 0.147 7.525
15.234 2.254 0.039 0.000 0.183 10.683 0.143 0.464
15.342 2.254 0.039 0.000 0.183 10.683 0.143 0.464
15.453 2.254 0.039 0.000 0.183 10.683 0.143 0.464
15.563 2.254 0.039 0.000 0.183 10.683 0.143 0.464
15.674 2.254 0.039 0.000 0.049 10.683 0.143 0.464
15.783 2.254 0.039 0.000 0.049 10.683 0.143 0.464
15.892 2.254 0.039 0.000 0.049 10.683 0.143 0.464
16.001 2.254 0.039 0.000 0.049 10.683 0.143 0.464
16.112 2.254 0.039 0.000 0.049 10.683 0.143 0.464
16.217 0.000 0.021 0.000 0.049 4.540 0.136 0.440
16.324 0.000 0.021 0.000 0.049 4.540 0.136 0.440
16.436 0.000 0.021 0.000 0.049 4.540 0.136 0.440
16.548 0.000 0.021 0.000 0.049 4.540 0.136 0.440
16.651 0.000 0.021 0.000 0.049 4.540 0.136 0.440
16.758 0.000 0.021 0.000 0.039 4.540 0.136 0.440
16.861 0.000 0.021 0.000 0.039 4.540 0.136 0.440
16.966 0.000 0.021 0.000 0.039 4.540 0.136 0.440
17.077 0.000 0.021 0.000 0.039 4.540 0.136 0.440
17.187 0.000 0.021 0.000 0.039 1.220 0.141 0.781
17.299 0.000 0.021 0.000 0.039 1.220 0.141 0.781
17.402 0.000 0.021 0.000 0.039 1.220 0.141 0.781
17.508 0.000 0.021 0.000 0.039 1.220 0.141 0.781
17.615 0.000 0.021 0.000 0.039 1.220 0.141 0.781
17.721 0.000 0.021 0.000 0.057 1.220 0.141 0.781
17.833 0.000 0.021 0.000 0.057 1.220 0.141 0.781
17.943 0.000 0.021 0.000 0.057 1.220 0.141 0.781
18.055 0.000 0.021 0.000 0.057 1.220 0.141 0.781
18.158 0.000 0.021 0.000 0.057 1.220 0.141 0.781
18.262 0.000 0.020 0.000 0.057 1.372 0.140 1.196
18.373 0.000 0.020 0.000 0.057 1.372 0.140 1.196
18.485 0.000 0.020 0.000 0.057 1.372 0.140 1.196
18.596 0.000 0.020 0.000 0.057 1.372 0.140 1.196
18.702 0.000 0.020 0.000 0.045 1.372 0.140 1.196
18.812 0.000 0.020 0.000 0.045 1.372 0.140 1.196
18.924 0.000 0.020 0.000 0.045 1.372 0.140 1.196
19.035 0.000 0.020 0.000 0.045 1.372 0.140 1.196
19.147 0.000 0.020 0.000 0.045 1.372 0.140 1.196
19.259 0.000 0.022 0.000 0.045 1.336 0.136 0.522
19.366 0.000 0.022 0.000 0.045 1.336 0.136 0.522
19.477 0.000 0.022 0.000 0.045 1.336 0.136 0.522
19.582 0.000 0.022 0.000 0.045 1.336 0.136 0.522
19.693 0.000 0.022 0.000 0.044 1.336 0.136 0.522
19.799 0.000 0.022 0.000 0.044 1.336 0.136 0.522
19.911 0.000 0.022 0.000 0.044 1.336 0.136 0.522
20.023 0.000 0.022 0.000 0.044 1.336 0.136 0.522
20.135 0.000 0.022 0.000 0.044 1.336 0.136 0.522
20.239 0.000 0.021 0.000 0.044 1.285 0.136 0.576
20.346 0.000 0.021 0.000 0.044 1.285 0.136 0.576
20.458 0.000 0.021 0.000 0.044 1.285 0.136 0.576
20.569 0.000 0.021 0.000 0.044 1.285 0.136 0.576
20.681 0.000 0.021 0.000 0.057 1.285 0.136 0.576
20.792 0.000 0.021 0.000 0.057 1.285 0.136 0.576
20.899 0.000 0.021 0.000 0.057 1.285 0.136 0.576
21.006 0.000 0.021 0.000 0.057 1.285 0.136 0.576
21.118 0.000 0.021 0.000 0.057 1.285 0.136 0.576
21.225 0.000 0.021 0.000 0.057 1.259 0.143 0.455
21.337 0.000 0.021 0.000 0.057 1.259 0.143 0.455
21.448 0.000 0.021 0.000 0.057 1.259 0.143 0.455
21.560 0.000 0.021 0.000 0.057 1.259 0.143 0.455
21.671 0.000 0.021 0.000 0.040 1.259 0.143 0.455
21.775 0.000 0.021 0.000 0.040 1.259 0.143 0.455
21.886 0.000 0.021 0.000 0.040 1.259 0.143 0.455
21.991 0.000 0.021 0.000 0.040 1.259 0.143 0.455
22.097 0.000 0.021 0.000 0.040 1.259 0.143 0.455
22.208 0.000 0.022 0.000 0.040 1.320 0.132 0.436
22.312 0.000 0.022 0.000 0.040 1.320 0.132 0.436
22.424 0.000 0.022 0.000 0.040 1.320 0.132 0.436
22.533 0.000 0.022 0.000 0.040 1.320 0.132 0.436
22.644 0.000 0.022 0.000 0.040 1.320 0.132 0.436
22.756 0.000 0.022 0.000 0.039 1.320 0.132 0.436
22.858 0.000 0.022 0.000 0.039 1.320 0.132 0.436
22.962 0.000 0.022 0.000 0.039 1.320 0.132 0.436
23.066 0.000 0.022 0.000 0.039 1.320 0.132 0.436
23.169 0.000 0.022 0.000 0.039 1.320 0.132 0.436
23.280 0.003 0.021 0.000 0.039 1.224 0.132 1.965
23.392 0.003 0.021 0.000 0.039 1.224 0.132 1.965
23.499 0.003 0.021 0.000 0.039 1.224 0.132 1.965
23.608 0.003 0.021 0.000 0.039 1.224 0.132 1.965
23.715 0.003 0.021 0.000 0.044 1.224 0.132 1.965
23.825 0.003 0.021 0.000 0.044 1.224 0.132 1.965
23.934 0.003 0.021 0.000 0.044 1.224 0.132 1.965
24.042 0.003 0.021 0.000 0.044 1.224 0.132 1.965
24.151 0.003 0.021 0.000 0.044 1.224 0.132 1.965
24.257 0.029 0.022 0.000 0.044 1.251 0.132 0.416
24.369 0.029 0.022 0.000 0.044 1.251 0.132 0.416
24.480 0.029 0.022 0.000 0.044 1.251 0.132 0.416
24.592 0.029 0.022 0.000 0.044 1.251 0.132 0.416
24.699 0.029 0.022 0.000 0.039 1.251 0.132 0.416
24.811 0.029 0.022 0.000 0.039 1.251 0.132 0.416
24.923 0.029 0.022 0.000 0.039 1.251 0.132 0.416
25.033 0.029 0.022 0.000 0.039 1.251 0.132 0.416
25.142 0.029 0.022 0.000 0.039 1.251 0.132 0.416
25.244 0.000 0.023 0.000 0.039 1.282 0.136 0.438
25.350 0.000 0.023 0.000 0.039 1.282 0.136 0.438
25.456 0.000 0.023 0.000 0.039 1.282 0.136 0.438
25.558 0.000 0.023 0.000 0.039 1.282 0.136 0.438
25.666 0.000 0.023 0.000 0.039 1.282 0.136 0.438
25.769 0.000 0.023 0.000 0.050 1.282 0.136 0.438
25.879 0.000 0.023 0.000 0.050 1.282 0.136 0.438
25.983 0.000 0.023 0.000 0.050 1.282 0.136 0.438
