0.000 0.000 0.022 0.000 0.042 1.588 0.134 0.412
0.109 0.000 0.022 0.000 0.039 1.588 0.134 0.412
0.221 0.000 0.022 0.000 0.039 1.588 0.134 0.412
0.329 0.000 0.022 0.000 0.039 1.588 0.134 0.412
0.435 0.000 0.022 0.000 0.039 1.588 0.134 0.412
0.547 0.000 0.022 0.000 0.039 1.588 0.134 0.412
0.655 0.000 0.021 0.000 0.039 1.186 0.137 0.389
0.767 0.000 0.021 0.000 0.039 1.186 0.137 0.389
0.872 0.000 0.021 0.000 0.039 1.186 0.137 0.389
0.976 0.000 0.021 0.000 0.039 1.186 0.137 0.389
1.085 0.000 0.021 0.000 0.045 1.186 0.137 0.389
1.196 0.000 0.021 0.000 0.045 1.186 0.137 0.389
1.308 0.000 0.021 0.000 0.045 1.186 0.137 0.389
1.419 0.000 0.021 0.000 0.045 1.186 0.137 0.389
1.528 0.000 0.021 0.000 0.045 1.186 0.137 0.389
1.635 0.519 0.025 0.000 0.045 1.214 0.135 0.422
1.743 0.519 0.025 0.000 0.045 1.214 0.135 0.422
1.854 0.519 0.025 0.000 0.045 1.214 0.135 0.422
1.957 0.519 0.025 0.000 0.045 1.214 0.135 0.422
2.068 0.519 0.025 0.000 0.045 1.214 0.135 0.422
2.169 0.519 0.025 0.000 0.089 1.214 0.135 0.422
2.272 0.519 0.025 0.000 0.089 1.214 0.135 0.422
2.374 0.519 0.025 0.000 0.089 1.214 0.135 0.422
2.476 0.519 0.025 0.000 0.089 1.214 0.135 0.422
2.579 0.519 0.025 0.000 0.089 1.214 0.135 0.422
2.690 4.395 0.071 0.000 0.089 2.114 0.146 7.233
2.796 4.395 0.071 0.000 0.089 2.114 0.146 7.233
2.908 4.395 0.071 0.000 0.089 2.114 0.146 7.233
3.012 4.395 0.071 0.000 0.089 2.114 0.146 7.233
3.114 4.395 0.071 0.000 0.174 2.114 0.146 7.233
3.222 4.395 0.071 0.000 0.174 2.114 0.146 7.233
3.323 4.395 0.071 0.000 0.174 2.114 0.146 7.233
3.432 4.395 0.071 0.000 0.174 2.114 0.146 7.233
3.535 4.395 0.071 0.000 0.174 2.114 0.146 7.233
3.636 1.526 0.037 0.000 0.174 7.502 0.139 1.009
3.748 1.526 0.037 0.000 0.174 7.502 0.139 1.009
3.851 1.526 0.037 0.000 0.174 7.502 0.139 1.009
3.960 1.526 0.037 0.000 0.174 7.502 0.139 1.009
4.072 1.526 0.037 0.000 0.174 7.502 0.139 1.009
4.177 1.526 0.037 0.123 0.064 7.502 0.139 1.009
4.288 1.526 0.037 0.123 0.064 7.502 0.139 1.009
4.391 1.526 0.037 0.123 0.064 7.502 0.139 1.009
4.493 1.526 0.037 0.123 0.064 7.502 0.139 1.009
4.601 0.447 0.023 0.123 0.064 3.595 0.142 1.091
4.709 0.447 0.023 0.123 0.064 3.595 0.142 1.091
4.818 0.447 0.023 0.123 0.064 3.595 0.142 1.091
4.927 0.447 0.023 0.123 0.064 3.595 0.142 1.091
5.038 0.447 0.023 0.123 0.064 3.595 0.142 1.091
5.143 0.447 0.023 0.000 0.056 3.595 0.142 1.091
5.245 0.447 0.023 0.000 0.056 3.595 0.142 1.091
5.350 0.447 0.023 0.000 0.056 3.595 0.142 1.091
5.458 0.447 0.023 0.000 0.056 3.595 0.142 1.091
5.568 0.447 0.023 0.000 0.056 3.595 0.142 1.091
5.677 0.433 0.023 0.000 0.056 2.060 0.139 1.113
5.785 0.433 0.023 0.000 0.056 2.060 0.139 1.113
5.892 0.433 0.023 0.000 0.056 2.060 0.139 1.113
6.001 0.433 0.023 0.000 0.056 2.060 0.139 1.113
6.112 0.433 0.023 0.000 0.051 2.060 0.139 1.113
6.217 0.433 0.023 0.000 0.051 2.060 0.139 1.113
6.320 0.433 0.023 0.000 0.051 2.060 0.139 1.113
6.429 0.433 0.023 0.000 0.051 2.060 0.139 1.113
6.534 0.433 0.023 0.000 0.051 2.060 0.139 1.113
6.638 0.435 0.023 0.000 0.051 1.977 0.143 1.028
6.743 0.435 0.023 0.000 0.051 1.977 0.143 1.028
6.848 0.435 0.023 0.000 0.051 1.977 0.143 1.028
6.951 0.435 0.023 0.000 0.051 1.977 0.143 1.028
7.057 0.435 0.023 0.000 0.051 1.977 0.143 1.028
7.168 0.435 0.023 0.000 0.054 1.977 0.143 1.028
7.270 0.435 0.023 0.000 0.054 1.977 0.143 1.028
7.376 0.435 0.023 0.000 0.054 1.977 0.143 1.028
7.483 0.435 0.023 0.000 0.054 1.977 0.143 1.028
7.594 0.451 0.025 0.000 0.054 1.990 0.137 1.074
7.701 0.451 0.025 0.000 0.054 1.990 0.137 1.074
7.809 0.451 0.025 0.000 0.054 1.990 0.137 1.074
7.916 0.451 0.025 0.000 0.054 1.990 0.137 1.074
8.027 0.451 0.025 0.000 0.054 1.990 0.137 1.074
8.132 0.451 0.025 0.000 0.056 1.990 0.137 1.074
8.235 0.451 0.025 0.000 0.056 1.990 0.137 1.074
8.343 0.451 0.025 0.000 0.056 1.990 0.137 1.074
8.447 0.451 0.025 0.000 0.056 1.990 0.137 1.074
8.549 0.451 0.025 0.000 0.056 1.990 0.137 1.074
8.658 0.476 0.025 0.000 0.056 1.962 0.137 0.954
8.768 0.476 0.025 0.000 0.056 1.962 0.137 0.954
8.873 0.476 0.025 0.000 0.056 1.962 0.137 0.954
8.984 0.476 0.025 0.000 0.056 1.962 0.137 0.954
9.087 0.476 0.025 0.000 0.050 1.962 0.137 0.954
9.191 0.476 0.025 0.000 0.050 1.962 0.137 0.954
9.298 0.476 0.025 0.000 0.050 1.962 0.137 0.954
9.406 0.476 0.025 0.000 0.050 1.962 0.137 0.954
9.508 0.476 0.025 0.000 0.050 1.962 0.137 0.954
9.610 0.454 0.023 0.000 0.050 2.032 0.138 1.042
9.718 0.454 0.023 0.000 0.050 2.032 0.138 1.042
9.824 0.454 0.023 0.000 0.050 2.032 0.138 1.042
9.935 0.454 0.023 0.000 0.050 2.032 0.138 1.042
10.040 0.454 0.023 0.000 0.050 2.032 0.138 1.042
10.152 0.454 0.023 0.000 0.051 2.032 0.138 1.042
10.254 0.454 0.023 0.000 0.051 2.032 0.138 1.042
10.360 0.454 0.023 0.000 0.051 2.032 0.138 1.042
10.463 0.454 0.023 0.000 0.051 2.032 0.138 1.042
10.569 0.454 0.023 0.000 0.051 2.032 0.138 1.042
10.675 0.422 0.025 0.000 0.051 1.874 0.137 1.000
10.785 0.422 0.025 0.000 0.051 1.874 0.137 1.000
10.890 0.422 0.025 0.000 0.051 1.874 0.137 1.000
11.001 0.422 0.025 0.000 0.051 1.874 0.137 1.000
11.113 0.422 0.025 0.000 0.050 1.874 0.137 1.000
11.223 0.422 0.025 0.000 0.050 1.874 0.137 1.000
11.330 0.422 0.025 0.000 0.050 1.874 0.137 1.000
11.435 0.422 0.025 0.000 0.050 1.874 0.137 1.000
11.545 0.422 0.025 0.000 0.050 1.874 0.137 1.000
11.650 0.452 0.022 0.000 0.050 1.871 0.139 1.006
11.756 0.452 0.022 0.000 0.050 1.871 0.139 1.006
11.868 0.452 0.022 0.000 0.050 1.871 0.139 1.006
11.979 0.452 0.022 0.000 0.050 1.871 0.139 1.006
12.085 0.452 0.022 0.000 0.050 1.871 0.139 1.006
12.189 0.452 0.022 0.000 0.050 1.871 0.139 1.006
12.291 0.452 0.022 0.000 0.050 1.871 0.139 1.006
12.393 0.452 0.022 0.000 0.050 1.871 0.139 1.006
12.501 0.452 0.022 0.000 0.050 1.871 0.139 1.006
12.610 0.466 0.025 0.000 0.050 1.891 0.136 1.004
12.715 0.466 0.025 0.000 0.050 1.891 0.136 1.004
12.824 0.466 0.025 0.000 0.050 1.891 0.136 1.004
12.935 0.466 0.025 0.000 0.050 1.891 0.136 1.004
13.040 0.466 0.025 0.000 0.050 1.891 0.136 1.004
13.151 0.466 0.025 0.000 0.049 1.891 0.136 1.004
13.256 0.466 0.025 0.000 0.049 1.891 0.136 1.004
13.365 0.466 0.025 0.000 0.049 1.891 0.136 1.004
13.466 0.466 0.025 0.000 0.049 1.891 0.136 1.004
13.576 0.466 0.025 0.000 0.049 1.891 0.136 1.004
13.685 0.538 0.023 0.000 0.049 1.885 0.143 1.045
13.793 0.538 0.023 0.000 0.049 1.885 0.143 1.045
13.903 0.538 0.023 0.000 0.049 1.885 0.143 1.045
14.013 0.538 0.023 0.000 0.049 1.885 0.143 1.045
14.118 0.538 0.023 0.000 0.056 1.885 0.143 1.045
14.228 0.538 0.023 0.000 0.056 1.885 0.143 1.045
14.331 0.538 0.023 0.000 0.056 1.885 0.143 1.045
14.438 0.538 0.023 0.000 0.056 1.885 0.143 1.045
14.544 0.538 0.023 0.000 0.056 1.885 0.143 1.045
14.652 0.439 0.023 0.000 0.056 2.107 0.137 1.041
14.760 0.439 0.023 0.000 0.056 2.107 0.137 1.041
14.871 0.439 0.023 0.000 0.056 2.107 0.137 1.041
14.979 0.439 0.023 0.000 0.056 2.107 0.137 1.041
15.087 0.439 0.023 0.000 0.050 2.107 0.137 1.041
15.190 0.439 0.023 0.000 0.050 2.107 0.137 1.041
15.302 0.439 0.023 0.000 0.050 2.107 0.137 1.041
15.406 0.439 0.023 0.000 0.050 2.107 0.137 1.041
15.516 0.439 0.023 0.000 0.050 2.107 0.137 1.041
15.618 0.444 0.022 0.000 0.050 1.877 0.135 0.786
15.726 0.444 0.022 0.000 0.050 1.877 0.135 0.786
15.830 0.444 0.022 0.000 0.050 1.877 0.135 0.786
15.937 0.444 0.022 0.000 0.050 1.877 0.135 0.786
16.043 0.444 0.022 0.000 0.050 1.877 0.135 0.786
16.150 0.444 0.022 0.000 0.050 1.877 0.135 0.786
16.252 0.444 0.022 0.000 0.050 1.877 0.135 0.786
16.360 0.444 0.022 0.000 0.050 1.877 0.135 0.786
16.466 0.444 0.022 0.000 0.050 1.877 0.135 0.786
16.568 0.444 0.022 0.000 0.050 1.877 0.135 0.786
16.677 0.447 0.022 0.000 0.050 1.844 0.139 0.933
16.785 0.447 0.022 0.000 0.050 1.844 0.139 0.933
16.896 0.447 0.022 0.000 0.050 1.844 0.139 0.933
17.002 0.447 0.022 0.000 0.050 1.844 0.139 0.933
17.109 0.447 0.022 0.000 0.050 1.844 0.139 0.933
17.212 0.447 0.022 0.000 0.050 1.844 0.139 0.933
17.321 0.447 0.022 0.000 0.050 1.844 0.139 0.933
17.433 0.447 0.022 0.000 0.050 1.844 0.139 0.933
17.535 0.447 0.022 0.000 0.050 1.844 0.139 0.933
17.639 0.105 0.022 0.000 0.050 1.876 0.140 0.476
17.750 0.105 0.022 0.000 0.050 1.876 0.140 0.476
17.852 0.105 0.022 0.000 0.050 1.876 0.140 0.476
17.963 0.105 0.022 0.000 0.050 1.876 0.140 0.476
18.067 0.105 0.022 0.000 0.050 1.876 0.140 0.476
18.179 0.105 0.022 0.000 0.047 1.876 0.140 0.476
18.290 0.105 0.022 0.000 0.047 1.876 0.140 0.476
18.398 0.105 0.022 0.000 0.047 1.876 0.140 0.476
18.509 0.105 0.022 0.000 0.047 1.876 0.140 0.476
18.615 0.037 0.025 0.000 0.047 1.401 0.138 0.452
18.722 0.037 0.025 0.000 0.047 1.401 0.138 0.452
18.834 0.037 0.025 0.000 0.047 1.401 0.138 0.452
18.943 0.037 0.025 0.000 0.047 1.401 0.138 0.452
19.054 0.037 0.025 0.000 0.047 1.401 0.138 0.452
19.156 0.037 0.025 0.000 0.055 1.401 0.138 0.452
19.267 0.037 0.025 0.000 0.055 1.401 0.138 0.452
19.368 0.037 0.025 0.000 0.055 1.401 0.138 0.452
19.476 0.037 0.025 0.000 0.055 1.401 0.138 0.452
19.584 0.037 0.025 0.000 0.055 1.401 0.138 0.452
19.689 0.000 0.021 0.000 0.055 1.537 0.136 0.450
19.792 0.000 0.021 0.000 0.055 1.537 0.136 0.450
19.895 0.000 0.021 0.000 0.055 1.537 0.136 0.450
20.002 0.000 0.021 0.000 0.055 1.537 0.136 0.450
20.113 0.000 0.021 0.000 0.041 1.537 0.136 0.450
20.222 0.000 0.021 0.000 0.041 1.537 0.136 0.450
20.333 0.000 0.021 0.000 0.041 1.537 0.136 0.450
20.445 0.000 0.021 0.000 0.041 1.537 0.136 0.450
20.556 0.000 0.021 0.000 0.041 1.537 0.136 0.450
20.668 0.000 0.023 0.000 0.041 1.226 0.138 0.478
20.779 0.000 0.023 0.000 0.041 1.226 0.138 0.478
20.884 0.000 0.023 0.000 0.041 1.226 0.138 0.478
20.995 0.000 0.023 0.000 0.041 1.226 0.138 0.478
21.102 0.000 0.023 0.000 0.045 1.226 0.138 0.478
21.209 0.000 0.023 0.000 0.045 1.226 0.138 0.478
21.318 0.000 0.023 0.000 0.045 1.226 0.138 0.478
21.430 0.000 0.023 0.000 0.045 1.226 0.138 0.478
21.535 0.000 0.023 0.000 0.045 1.226 0.138 0.478
21.643 0.000 0.022 0.000 0.045 1.222 0.139 0.521
21.752 0.000 0.022 0.000 0.045 1.222 0.139 0.521
21.855 0.000 0.022 0.000 0.045 1.222 0.139 0.521
21.965 0.000 0.022 0.000 0.045 1.222 0.139 0.521
22.076 0.000 0.022 0.000 0.045 1.222 0.139 0.521
22.187 0.000 0.022 0.000 0.040 1.222 0.139 0.521
22.297 0.000 0.022 0.000 0.040 1.222 0.139 0.521
22.402 0.000 0.022 0.000 0.040 1.222 0.139 0.521
22.507 0.000 0.022 0.000 0.040 1.222 0.139 0.521
22.618 0.011 0.022 0.000 0.040 1.352 0.140 0.796
22.725 0.011 0.022 0.000 0.040 1.352 0.140 0.796
22.829 0.011 0.022 0.000 0.040 1.352 0.140 0.796
22.933 0.011 0.022 0.000 0.040 1.352 0.140 0.796
23.044 0.011 0.022 0.000 0.040 1.352 0.140 0.796
23.152 0.011 0.022 0.000 0.049 1.352 0.140 0.796
23.262 0.011 0.022 0.000 0.049 1.352 0.140 0.796
23.370 0.011 0.022 0.000 0.049 1.352 0.140 0.796
23.482 0.011 0.022 0.000 0.049 1.352 0.140 0.796
23.585 0.011 0.022 0.000 0.049 1.352 0.140 0.796
23.696 0.057 0.022 0.000 0.049 1.368 0.138 0.436
23.802 0.057 0.022 0.000 0.049 1.368 0.138 0.436
23.904 0.057 0.022 0.000 0.049 1.368 0.138 0.436
24.013 0.057 0.022 0.000 0.049 1.368 0.138 0.436
24.118 0.057 0.022 0.000 0.040 1.368 0.138 0.436
24.223 0.057 0.022 0.000 0.040 1.368 0.138 0.436
24.333 0.057 0.022 0.000 0.040 1.368 0.138 0.436
24.445 0.057 0.022 0.000 0.040 1.368 0.138 0.436
24.552 0.057 0.022 0.000 0.040 1.368 0.138 0.436
24.656 0.000 0.022 0.000 0.040 1.485 0.133 0.374
24.768 0.000 0.022 0.000 0.040 1.485 0.133 0.374
24.876 0.000 0.022 0.000 0.040 1.485 0.133 0.374
24.984 0.000 0.022 0.000 0.040 1.485 0.133 0.374
25.095 0.000 0.022 0.000 0.039 1.485 0.133 0.374
25.207 0.000 0.022 0.000 0.039 1.485 0.133 0.374
25.318 0.000 0.022 0.000 0.039 1.485 0.133 0.374
25.422 0.000 0.022 0.000 0.039 1.485 0.133 0.374
25.533 0.000 0.022 0.000 0.039 1.485 0.133 0.374
25.641 0.000 0.023 0.000 0.039 1.191 0.131 0.469
25.752 0.000 0.023 0.000 0.039 1.191 0.131 0.469
25.863 0.000 0.023 0.000 0.039 1.191 0.131 0.469
25.968 0.000 0.023 0.000 0.039 1.191 0.131 0.469
