0.000 0.000 0.022 0.000 0.056 1.254 0.141 0.446
0.105 0.000 0.022 0.000 0.056 1.254 0.141 0.446
0.215 0.000 0.022 0.000 0.056 1.254 0.141 0.446
0.321 0.000 0.022 0.000 0.039 1.254 0.141 0.446
0.432 0.000 0.022 0.000 0.039 1.254 0.141 0.446
0.543 0.000 0.022 0.000 0.039 1.254 0.141 0.446
0.655 0.000 0.022 0.000 0.039 1.254 0.141 0.446
0.763 0.000 0.022 0.000 0.039 1.254 0.141 0.446
0.870 0.000 0.022 0.000 0.039 1.294 0.140 1.005
0.977 0.000 0.022 0.000 0.039 1.294 0.140 1.005
1.088 0.000 0.022 0.000 0.039 1.294 0.140 1.005
1.199 0.000 0.022 0.000 0.039 1.294 0.140 1.005
1.310 0.000 0.022 0.000 0.066 1.294 0.140 1.005
1.421 0.000 0.022 0.000 0.066 1.294 0.140 1.005
1.532 0.000 0.022 0.000 0.066 1.294 0.140 1.005
1.643 0.000 0.022 0.000 0.066 1.294 0.140 1.005
1.753 0.000 0.022 0.000 0.066 1.294 0.140 1.005
1.855 0.580 0.023 0.000 0.066 1.208 0.142 2.648
1.958 0.580 0.023 0.000 0.066 1.208 0.142 2.648
2.060 0.580 0.023 0.000 0.066 1.208 0.142 2.648
2.162 0.580 0.023 0.000 0.066 1.208 0.142 2.648
2.274 0.580 0.023 0.000 0.112 1.208 0.142 2.648
2.383 0.580 0.023 0.000 0.112 1.208 0.142 2.648
2.485 0.580 0.023 0.000 0.112 1.208 0.142 2.648
2.596 0.580 0.023 0.000 0.112 1.208 0.142 2.648
2.698 0.580 0.023 0.000 0.112 1.208 0.142 2.648
2.799 9.296 0.121 0.000 0.112 2.339 0.148 6.117
2.911 9.296 0.121 0.000 0.112 2.339 0.148 6.117
3.022 9.296 0.121 0.000 0.112 2.339 0.148 6.117
3.133 9.296 0.121 0.000 0.112 2.339 0.148 6.117
3.245 9.296 0.121 0.000 0.112 2.339 0.148 6.117
3.356 9.296 0.121 0.000 0.221 2.339 0.148 6.117
3.467 9.296 0.121 0.000 0.221 2.339 0.148 6.117
3.578 9.296 0.121 0.000 0.221 2.339 0.148 6.117
3.689 9.296 0.121 0.000 0.221 2.339 0.148 6.117
3.800 10.798 0.138 0.000 0.221 14.533 0.147 12.108
3.912 10.798 0.138 0.000 0.221 14.533 0.147 12.108
4.023 10.798 0.138 0.000 0.221 14.533 0.147 12.108
4.131 10.798 0.138 0.000 0.221 14.533 0.147 12.108
4.242 10.798 0.138 0.000 0.221 14.533 0.147 12.108
4.346 10.798 0.138 0.000 0.216 14.533 0.147 12.108
4.457 10.798 0.138 0.000 0.216 14.533 0.147 12.108
4.568 10.798 0.138 0.000 0.216 14.533 0.147 12.108
4.679 10.798 0.138 0.000 0.216 14.533 0.147 12.108
4.790 10.566 0.157 0.000 0.216 16.630 0.148 12.317
4.892 10.566 0.157 0.000 0.216 16.630 0.148 12.317
5.003 10.566 0.157 0.000 0.216 16.630 0.148 12.317
5.115 10.566 0.157 0.000 0.216 16.630 0.148 12.317
5.226 10.566 0.157 0.000 0.216 16.630 0.148 12.317
5.337 10.566 0.157 0.000 0.215 16.630 0.148 12.317
5.448 10.566 0.157 0.000 0.215 16.630 0.148 12.317
5.549 10.566 0.157 0.000 0.215 16.630 0.148 12.317
5.661 10.566 0.157 0.000 0.215 16.630 0.148 12.317
5.763 10.566 0.157 0.000 0.215 16.630 0.148 12.317
5.873 11.107 0.170 0.000 0.215 16.612 0.153 15.025
5.984 11.107 0.170 0.000 0.215 16.612 0.153 15.025
6.095 11.107 0.170 0.000 0.215 16.612 0.153 15.025
6.206 11.107 0.170 0.000 0.215 16.612 0.153 15.025
6.308 11.107 0.170 0.000 0.235 16.612 0.153 15.025
6.419 11.107 0.170 0.000 0.235 16.612 0.153 15.025
6.530 11.107 0.170 0.000 0.235 16.612 0.153 15.025
6.632 11.107 0.170 0.000 0.235 16.612 0.153 15.025
6.743 11.107 0.170 0.000 0.235 16.612 0.153 15.025
6.855 11.002 0.168 0.000 0.235 17.001 0.151 12.253
6.966 11.002 0.168 0.000 0.235 17.001 0.151 12.253
7.067 11.002 0.168 0.000 0.235 17.001 0.151 12.253
7.178 11.002 0.168 0.000 0.235 17.001 0.151 12.253
7.290 11.002 0.168 0.280 0.217 17.001 0.151 12.253
7.401 11.002 0.168 0.280 0.217 17.001 0.151 12.253
7.512 11.002 0.168 0.280 0.217 17.001 0.151 12.253
7.623 11.002 0.168 0.280 0.217 17.001 0.151 12.253
7.735 11.002 0.168 0.280 0.217 17.001 0.151 12.253
7.837 10.692 0.172 0.280 0.217 16.947 0.145 12.721
7.939 10.692 0.172 0.280 0.217 16.947 0.145 12.721
8.041 10.692 0.172 0.280 0.217 16.947 0.145 12.721
8.152 10.692 0.172 0.280 0.217 16.947 0.145 12.721
8.263 10.692 0.172 0.280 0.217 16.947 0.145 12.721
8.375 10.692 0.172 0.000 0.214 16.947 0.145 12.721
8.486 10.692 0.172 0.000 0.214 16.947 0.145 12.721
8.588 10.692 0.172 0.000 0.214 16.947 0.145 12.721
8.690 10.692 0.172 0.000 0.214 16.947 0.145 12.721
8.792 10.798 0.173 0.000 0.214 16.610 0.148 12.080
8.903 10.798 0.173 0.000 0.214 16.610 0.148 12.080
9.015 10.798 0.173 0.000 0.214 16.610 0.148 12.080
9.126 10.798 0.173 0.000 0.214 16.610 0.148 12.080
9.237 10.798 0.173 0.000 0.214 16.610 0.148 12.080
9.348 10.798 0.173 0.000 0.216 16.610 0.148 12.080
9.449 10.798 0.173 0.000 0.216 16.610 0.148 12.080
9.561 10.798 0.173 0.000 0.216 16.610 0.148 12.080
9.672 10.798 0.173 0.000 0.216 16.610 0.148 12.080
9.783 11.035 0.160 0.000 0.216 16.663 0.149 12.421
9.895 11.035 0.160 0.000 0.216 16.663 0.149 12.421
10.006 11.035 0.160 0.000 0.216 16.663 0.149 12.421
10.117 11.035 0.160 0.000 0.216 16.663 0.149 12.421
10.228 11.035 0.160 0.000 0.216 16.663 0.149 12.421
10.330 11.035 0.160 0.000 0.215 16.663 0.149 12.421
10.441 11.035 0.160 0.000 0.215 16.663 0.149 12.421
10.552 11.035 0.160 0.000 0.215 16.663 0.149 12.421
10.654 11.035 0.160 0.000 0.215 16.663 0.149 12.421
10.761 11.035 0.160 0.000 0.215 16.663 0.149 12.421
10.869 11.064 0.166 0.000 0.215 16.696 0.145 12.521
10.971 11.064 0.166 0.000 0.215 16.696 0.145 12.521
11.079 11.064 0.166 0.000 0.215 16.696 0.145 12.521
11.191 11.064 0.166 0.000 0.215 16.696 0.145 12.521
11.298 11.064 0.166 0.000 0.214 16.696 0.145 12.521
11.409 11.064 0.166 0.000 0.214 16.696 0.145 12.521
11.520 11.064 0.166 0.000 0.214 16.696 0.145 12.521
11.631 11.064 0.166 0.000 0.214 16.696 0.145 12.521
11.742 11.064 0.166 0.000 0.214 16.696 0.145 12.521
11.853 10.909 0.178 0.000 0.214 16.724 0.151 12.509
11.965 10.909 0.178 0.000 0.214 16.724 0.151 12.509
12.076 10.909 0.178 0.000 0.214 16.724 0.151 12.509
12.187 10.909 0.178 0.000 0.214 16.724 0.151 12.509
12.291 10.909 0.178 0.000 0.220 16.724 0.151 12.509
12.402 10.909 0.178 0.000 0.220 16.724 0.151 12.509
12.513 10.909 0.178 0.000 0.220 16.724 0.151 12.509
12.617 10.909 0.178 0.000 0.220 16.724 0.151 12.509
12.728 10.909 0.178 0.000 0.220 16.724 0.151 12.509
12.839 10.796 0.190 0.000 0.220 16.752 0.155 12.475
12.950 10.796 0.190 0.000 0.220 16.752 0.155 12.475
13.052 10.796 0.190 0.000 0.220 16.752 0.155 12.475
13.163 10.796 0.190 0.000 0.220 16.752 0.155 12.475
13.265 10.796 0.190 0.000 0.224 16.752 0.155 12.475
13.367 10.796 0.190 0.000 0.224 16.752 0.155 12.475
13.479 10.796 0.190 0.000 0.224 16.752 0.155 12.475
13.590 10.796 0.190 0.000 0.224 16.752 0.155 12.475
13.691 10.796 0.190 0.000 0.224 16.752 0.155 12.475
13.802 10.778 0.165 0.000 0.224 16.993 0.147 12.144
13.913 10.778 0.165 0.000 0.224 16.993 0.147 12.144
14.025 10.778 0.165 0.000 0.224 16.993 0.147 12.144
14.134 10.778 0.165 0.000 0.224 16.993 0.147 12.144
14.236 10.778 0.165 0.000 0.224 16.993 0.147 12.144
14.347 10.778 0.165 0.000 0.215 16.993 0.147 12.144
14.458 10.778 0.165 0.000 0.215 16.993 0.147 12.144
14.569 10.778 0.165 0.000 0.215 16.993 0.147 12.144
14.680 10.778 0.165 0.000 0.215 16.993 0.147 12.144
14.791 10.951 0.173 0.000 0.215 16.788 0.149 11.992
14.903 10.951 0.173 0.000 0.215 16.788 0.149 11.992
15.015 10.951 0.173 0.000 0.215 16.788 0.149 11.992
15.122 10.951 0.173 0.000 0.215 16.788 0.149 11.992
15.233 10.951 0.173 0.000 0.215 16.788 0.149 11.992
15.343 10.951 0.173 0.000 0.134 16.788 0.149 11.992
15.455 10.951 0.173 0.000 0.134 16.788 0.149 11.992
15.563 10.951 0.173 0.000 0.134 16.788 0.149 11.992
15.666 10.951 0.173 0.000 0.134 16.788 0.149 11.992
15.777 0.222 0.025 0.000 0.134 16.745 0.137 0.460
15.889 0.222 0.025 0.000 0.134 16.745 0.137 0.460
15.999 0.222 0.025 0.000 0.134 16.745 0.137 0.460
16.111 0.222 0.025 0.000 0.134 16.745 0.137 0.460
16.222 0.222 0.025 0.000 0.134 16.745 0.137 0.460
16.330 0.222 0.025 0.000 0.041 16.745 0.137 0.460
16.439 0.222 0.025 0.000 0.041 16.745 0.137 0.460
16.550 0.222 0.025 0.000 0.041 16.745 0.137 0.460
16.662 0.222 0.025 0.000 0.041 16.745 0.137 0.460
16.767 0.222 0.025 0.000 0.041 16.745 0.137 0.460
16.872 0.000 0.022 0.000 0.041 1.627 0.139 0.896
16.984 0.000 0.022 0.000 0.041 1.627 0.139 0.896
17.096 0.000 0.022 0.000 0.041 1.627 0.139 0.896
17.205 0.000 0.022 0.000 0.041 1.627 0.139 0.896
17.307 0.000 0.022 0.000 0.058 1.627 0.139 0.896
17.416 0.000 0.022 0.000 0.058 1.627 0.139 0.896
17.522 0.000 0.022 0.000 0.058 1.627 0.139 0.896
17.630 0.000 0.022 0.000 0.058 1.627 0.139 0.896
17.742 0.000 0.022 0.000 0.058 1.627 0.139 0.896
17.853 0.000 0.023 0.000 0.058 1.348 0.137 0.607
17.963 0.000 0.023 0.000 0.058 1.348 0.137 0.607
18.073 0.000 0.023 0.000 0.058 1.348 0.137 0.607
18.176 0.000 0.023 0.000 0.058 1.348 0.137 0.607
18.286 0.000 0.023 0.000 0.040 1.348 0.137 0.607
18.397 0.000 0.023 0.000 0.040 1.348 0.137 0.607
18.505 0.000 0.023 0.000 0.040 1.348 0.137 0.607
18.607 0.000 0.023 0.000 0.040 1.348 0.137 0.607
18.714 0.000 0.023 0.000 0.040 1.348 0.137 0.607
18.822 0.000 0.022 0.000 0.040 1.338 0.135 0.725
18.932 0.000 0.022 0.000 0.040 1.338 0.135 0.725
19.039 0.000 0.022 0.000 0.040 1.338 0.135 0.725
19.142 0.000 0.022 0.000 0.040 1.338 0.135 0.725
19.252 0.000 0.022 0.000 0.040 1.338 0.135 0.725
19.355 0.000 0.022 0.000 0.040 1.338 0.135 0.725
19.463 0.000 0.022 0.000 0.040 1.338 0.135 0.725
19.571 0.000 0.022 0.000 0.040 1.338 0.135 0.725
19.679 0.000 0.022 0.000 0.040 1.338 0.135 0.725
19.791 0.000 0.022 0.000 0.040 1.265 0.139 0.776
19.897 0.000 0.022 0.000 0.040 1.265 0.139 0.776
20.007 0.000 0.022 0.000 0.040 1.265 0.139 0.776
20.113 0.000 0.022 0.000 0.040 1.265 0.139 0.776
20.222 0.000 0.022 0.000 0.040 1.265 0.139 0.776
20.330 0.000 0.022 0.000 0.039 1.265 0.139 0.776
20.439 0.000 0.022 0.000 0.039 1.265 0.139 0.776
20.548 0.000 0.022 0.000 0.039 1.265 0.139 0.776
20.660 0.000 0.022 0.000 0.039 1.265 0.139 0.776
20.763 0.000 0.022 0.000 0.039 1.265 0.139 0.776
20.872 0.000 0.022 0.000 0.039 1.247 0.133 0.432
20.982 0.000 0.022 0.000 0.039 1.247 0.133 0.432
21.089 0.000 0.022 0.000 0.039 1.247 0.133 0.432
21.194 0.000 0.022 0.000 0.039 1.247 0.133 0.432
21.305 0.000 0.022 0.000 0.047 1.247 0.133 0.432
21.416 0.000 0.022 0.000 0.047 1.247 0.133 0.432
21.522 0.000 0.022 0.000 0.047 1.247 0.133 0.432
21.634 0.000 0.022 0.000 0.047 1.247 0.133 0.432
21.745 0.000 0.022 0.000 0.047 1.247 0.133 0.432
21.854 0.061 0.022 0.000 0.047 1.227 0.138 0.745
21.963 0.061 0.022 0.000 0.047 1.227 0.138 0.745
22.072 0.061 0.022 0.000 0.047 1.227 0.138 0.745
22.184 0.061 0.022 0.000 0.047 1.227 0.138 0.745
22.295 0.061 0.022 0.000 0.040 1.227 0.138 0.745
22.405 0.061 0.022 0.000 0.040 1.227 0.138 0.745
22.515 0.061 0.022 0.000 0.040 1.227 0.138 0.745
22.622 0.061 0.022 0.000 0.040 1.227 0.138 0.745
22.734 0.061 0.022 0.000 0.040 1.227 0.138 0.745
22.839 0.036 0.024 0.000 0.040 1.436 0.137 0.896
22.948 0.036 0.024 0.000 0.040 1.436 0.137 0.896
23.060 0.036 0.024 0.000 0.040 1.436 0.137 0.896
23.165 0.036 0.024 0.000 0.040 1.436 0.137 0.896
23.272 0.036 0.024 0.000 0.043 1.436 0.137 0.896
23.382 0.036 0.024 0.000 0.043 1.436 0.137 0.896
23.488 0.036 0.024 0.000 0.043 1.436 0.137 0.896
23.594 0.036 0.024 0.000 0.043 1.436 0.137 0.896
23.705 0.036 0.024 0.000 0.043 1.436 0.137 0.896
23.813 0.000 0.023 0.000 0.043 1.311 0.136 1.387
23.922 0.000 0.023 0.000 0.043 1.311 0.136 1.387
24.030 0.000 0.023 0.000 0.043 1.311 0.136 1.387
24.141 0.000 0.023 0.000 0.043 1.311 0.136 1.387
24.246 0.000 0.023 0.000 0.043 1.311 0.136 1.387
24.357 0.000 0.023 0.000 0.051 1.311 0.136 1.387
24.463 0.000 0.023 0.000 0.051 1.311 0.136 1.387
24.572 0.000 0.023 0.000 0.051 1.311 0.136 1.387
24.684 0.000 0.023 0.000 0.051 1.311 0.136 1.387
24.795 0.000 0.021 0.000 0.051 1.314 0.139 0.597
24.905 0.000 0.021 0.000 0.051 1.314 0.139 0.597
25.012 0.000 0.021 0.000 0.051 1.314 0.139 0.597
25.123 0.000 0.021 0.000 0.051 1.314 0.139 0.597
25.235 0.000 0.021 0.000 0.051 1.314 0.139 0.597
25.343 0.000 0.021 0.000 0.046 1.314 0.139 0.597
25.447 0.000 0.021 0.000 0.046 1.314 0.139 0.597
25.556 0.000 0.021 0.000 0.046 1.314 0.139 0.597
25.660 0.000 0.021 0.000 0.046 1.314 0.139 0.597
25.767 0.000 0.021 0.000 0.046 1.314 0.139 0.597
25.876 0.000 0.021 0.000 0.046 1.529 0.137 0.640
25.978 0.000 0.021 0.000 0.046 1.529 0.137 0.640
