0.000 0.000 0.023 0.000 0.045 1.332 0.131 0.618
0.111 0.000 0.023 0.000 0.051 1.332 0.131 0.618
0.214 0.000 0.023 0.000 0.051 1.332 0.131 0.618
0.326 0.000 0.023 0.000 0.051 1.332 0.131 0.618
0.435 0.000 0.023 0.000 0.051 1.332 0.131 0.618
0.544 0.000 0.023 0.000 0.051 1.332 0.140 0.433
0.656 0.088 0.022 0.000 0.051 1.221 0.140 0.433
0.761 0.088 0.022 0.000 0.051 1.221 0.140 0.433
0.871 0.088 0.022 0.000 0.051 1.221 0.140 0.433
0.980 0.088 0.022 0.000 0.051 1.221 0.140 0.433
1.092 0.088 0.022 0.000 0.049 1.221 0.140 0.433
1.203 0.088 0.022 0.000 0.049 1.221 0.140 0.433
1.314 0.088 0.022 0.000 0.049 1.221 0.140 0.433
1.421 0.088 0.022 0.000 0.049 1.221 0.140 0.433
1.527 0.088 0.022 0.000 0.049 1.221 0.140 0.433
1.630 0.547 0.024 0.000 0.049 1.559 0.135 0.405
1.742 0.547 0.024 0.000 0.049 1.559 0.135 0.405
1.844 0.547 0.024 0.000 0.049 1.559 0.135 0.405
1.954 0.547 0.024 0.000 0.049 1.559 0.135 0.405
2.056 0.547 0.024 0.000 0.089 1.559 0.135 0.405
2.167 0.547 0.024 0.000 0.089 1.559 0.135 0.405
2.278 0.547 0.024 0.000 0.089 1.559 0.135 0.405
2.389 0.547 0.024 0.000 0.089 1.559 0.135 0.405
2.491 0.547 0.024 0.000 0.089 1.559 0.135 0.405
2.602 4.200 0.077 0.000 0.089 2.085 0.145 9.077
2.704 4.200 0.077 0.000 0.089 2.085 0.145 9.077
2.815 4.200 0.077 0.000 0.089 2.085 0.145 9.077
2.925 4.200 0.077 0.000 0.089 2.085 0.145 9.077
3.027 4.200 0.077 0.000 0.089 2.085 0.145 9.077
3.133 4.200 0.077 0.000 0.279 2.085 0.145 9.077
3.235 4.200 0.077 0.000 0.279 2.085 0.145 9.077
3.337 4.200 0.077 0.000 0.279 2.085 0.145 9.077
3.448 4.200 0.077 0.000 0.279 2.085 0.145 9.077
3.549 6.730 0.154 0.000 0.279 7.569 0.177 10.083
3.650 6.730 0.154 0.000 0.279 7.569 0.177 10.083
3.752 6.730 0.154 0.000 0.279 7.569 0.177 10.083
3.853 6.730 0.154 0.000 0.279 7.569 0.177 10.083
3.954 6.730 0.154 0.000 0.279 7.569 0.177 10.083
4.056 6.730 0.154 0.000 0.284 7.569 0.177 10.083
4.167 6.730 0.154 0.000 0.284 7.569 0.177 10.083
4.269 6.730 0.154 0.000 0.284 7.569 0.177 10.083
4.378 6.730 0.154 0.000 0.284 7.569 0.177 10.083
4.486 6.730 0.154 0.000 0.284 7.569 0.177 10.083
4.592 6.979 0.119 0.000 0.284 12.740 0.155 8.896
4.703 6.979 0.119 0.000 0.284 12.740 0.155 8.896
4.804 6.979 0.119 0.000 0.284 12.740 0.155 8.896
4.909 6.979 0.119 0.000 0.284 12.740 0.155 8.896
5.012 6.979 0.119 0.000 0.284 12.740 0.155 8.896
5.116 6.979 0.119 0.000 0.296 12.740 0.155 8.896
5.225 6.979 0.119 0.000 0.296 12.740 0.155 8.896
5.326 6.979 0.119 0.000 0.296 12.740 0.155 8.896
5.437 6.979 0.119 0.000 0.296 12.740 0.155 8.896
5.542 6.979 0.119 0.000 0.296 12.740 0.155 8.896
5.644 6.581 0.152 0.000 0.296 12.490 0.159 7.165
5.746 6.581 0.152 0.000 0.296 12.490 0.159 7.165
5.858 6.581 0.152 0.000 0.296 12.490 0.159 7.165
5.963 6.581 0.152 0.000 0.296 12.490 0.159 7.165
6.070 6.581 0.152 0.000 0.243 12.490 0.159 7.165
6.181 6.581 0.152 0.000 0.243 12.490 0.159 7.165
6.293 6.581 0.152 0.000 0.243 12.490 0.159 7.165
6.404 6.581 0.152 0.000 0.243 12.490 0.159 7.165
6.506 6.581 0.152 0.000 0.243 12.490 0.159 7.165
6.617 6.178 0.054 0.000 0.243 12.201 0.140 7.409
6.719 6.178 0.054 0.000 0.243 12.201 0.140 7.409
6.830 6.178 0.054 0.000 0.243 12.201 0.140 7.409
6.937 6.178 0.054 0.000 0.243 12.201 0.140 7.409
7.049 6.178 0.054 0.000 0.203 12.201 0.140 7.409
7.160 6.178 0.054 0.000 0.203 12.201 0.140 7.409
7.271 6.178 0.054 0.000 0.203 12.201 0.140 7.409
7.382 6.178 0.054 0.000 0.203 12.201 0.140 7.409
7.493 6.178 0.054 0.000 0.203 12.201 0.140 7.409
7.604 6.333 0.061 0.000 0.203 9.866 0.146 7.186
7.706 6.333 0.061 0.000 0.203 9.866 0.146 7.186
7.817 6.333 0.061 0.000 0.203 9.866 0.146 7.186
7.929 6.333 0.061 0.000 0.203 9.866 0.146 7.186
8.030 6.333 0.061 0.000 0.203 9.866 0.146 7.186
8.137 6.333 0.061 0.000 0.207 9.866 0.146 7.186
8.249 6.333 0.061 0.000 0.207 9.866 0.146 7.186
8.350 6.333 0.061 0.000 0.207 9.866 0.146 7.186
8.452 6.333 0.061 0.000 0.207 9.866 0.146 7.186
8.563 6.307 0.073 0.000 0.207 9.932 0.146 7.125
8.675 6.307 0.073 0.000 0.207 9.932 0.146 7.125
8.778 6.307 0.073 0.000 0.207 9.932 0.146 7.125
8.889 6.307 0.073 0.000 0.207 9.932 0.146 7.125
9.000 6.307 0.073 0.000 0.207 9.932 0.146 7.125
9.111 6.307 0.073 0.000 0.213 9.932 0.146 7.125
9.220 6.307 0.073 0.000 0.213 9.932 0.146 7.125
9.331 6.307 0.073 0.000 0.213 9.932 0.146 7.125
9.433 6.307 0.073 0.000 0.213 9.932 0.146 7.125
9.535 6.307 0.073 0.000 0.213 9.932 0.146 7.125
9.638 6.257 0.059 0.000 0.213 10.136 0.140 7.412
9.747 6.257 0.059 0.000 0.213 10.136 0.140 7.412
9.849 6.257 0.059 0.000 0.213 10.136 0.140 7.412
9.952 6.257 0.059 0.000 0.213 10.136 0.140 7.412
10.054 6.257 0.059 0.000 0.205 10.136 0.140 7.412
10.155 6.257 0.059 0.000 0.205 10.136 0.140 7.412
10.267 6.257 0.059 0.000 0.205 10.136 0.140 7.412
10.368 6.257 0.059 0.000 0.205 10.136 0.140 7.412
10.470 6.257 0.059 0.000 0.205 10.136 0.140 7.412
10.581 6.233 0.067 0.000 0.205 9.902 0.145 7.158
10.686 6.233 0.067 0.000 0.205 9.902 0.145 7.158
10.797 6.233 0.067 0.000 0.205 9.902 0.145 7.158
10.899 6.233 0.067 0.000 0.205 9.902 0.145 7.158
11.010 6.233 0.067 0.000 0.205 9.902 0.145 7.158
11.122 6.233 0.067 0.000 0.203 9.902 0.145 7.158
11.224 6.233 0.067 0.000 0.203 9.902 0.145 7.158
11.327 6.233 0.067 0.000 0.203 9.902 0.145 7.158
11.429 6.233 0.067 0.000 0.203 9.902 0.145 7.158
11.540 6.233 0.067 0.000 0.203 9.902 0.145 7.158
11.642 6.186 0.074 0.000 0.203 9.910 0.143 7.252
11.752 6.186 0.074 0.000 0.203 9.910 0.143 7.252
11.863 6.186 0.074 0.000 0.203 9.910 0.143 7.252
11.974 6.186 0.074 0.000 0.203 9.910 0.143 7.252
12.081 6.186 0.074 0.000 0.205 9.910 0.143 7.252
12.192 6.186 0.074 0.000 0.205 9.910 0.143 7.252
12.294 6.186 0.074 0.000 0.205 9.910 0.143 7.252
12.405 6.186 0.074 0.000 0.205 9.910 0.143 7.252
12.507 6.186 0.074 0.000 0.205 9.910 0.143 7.252
12.618 6.082 0.063 0.000 0.205 9.873 0.142 7.322
12.730 6.082 0.063 0.000 0.205 9.873 0.142 7.322
12.832 6.082 0.063 0.000 0.205 9.873 0.142 7.322
12.935 6.082 0.063 0.000 0.205 9.873 0.142 7.322
13.046 6.082 0.063 0.000 0.203 9.873 0.142 7.322
13.157 6.082 0.063 0.000 0.203 9.873 0.142 7.322
13.260 6.082 0.063 0.000 0.203 9.873 0.142 7.322
13.362 6.082 0.063 0.000 0.203 9.873 0.142 7.322
13.471 6.082 0.063 0.000 0.203 9.873 0.142 7.322
13.573 6.174 0.068 0.000 0.203 9.942 0.143 7.212
13.676 6.174 0.068 0.000 0.203 9.942 0.143 7.212
13.778 6.174 0.068 0.000 0.203 9.942 0.143 7.212
13.880 6.174 0.068 0.000 0.203 9.942 0.143 7.212
13.983 6.174 0.068 0.000 0.203 9.942 0.143 7.212
14.094 6.174 0.068 0.000 0.203 9.942 0.143 7.212
14.202 6.174 0.068 0.000 0.203 9.942 0.143 7.212
14.305 6.174 0.068 0.000 0.203 9.942 0.143 7.212
14.413 6.174 0.068 0.000 0.203 9.942 0.143 7.212
14.521 6.174 0.068 0.000 0.203 9.942 0.143 7.212
14.633 6.175 0.068 0.000 0.203 9.964 0.144 3.420
14.744 6.175 0.068 0.000 0.203 9.964 0.144 3.420
14.847 6.175 0.068 0.000 0.203 9.964 0.144 3.420
14.955 6.175 0.068 0.000 0.203 9.964 0.144 3.420
15.061 6.175 0.068 0.000 0.121 9.964 0.144 3.420
15.169 6.175 0.068 0.000 0.121 9.964 0.144 3.420
15.280 6.175 0.068 0.000 0.121 9.964 0.144 3.420
15.389 6.175 0.068 0.000 0.121 9.964 0.144 3.420
15.494 6.175 0.068 0.000 0.121 9.964 0.144 3.420
15.602 0.000 0.023 0.000 0.121 9.758 0.138 0.419
15.711 0.000 0.023 0.000 0.121 9.758 0.138 0.419
15.818 0.000 0.023 0.000 0.121 9.758 0.138 0.419
15.927 0.000 0.023 0.000 0.121 9.758 0.138 0.419
16.038 0.000 0.023 0.000 0.051 9.758 0.138 0.419
16.150 0.000 0.023 0.000 0.051 9.758 0.138 0.419
16.261 0.000 0.023 0.000 0.051 9.758 0.138 0.419
16.369 0.000 0.023 0.000 0.051 9.758 0.138 0.419
16.477 0.000 0.023 0.000 0.051 9.758 0.138 0.419
16.581 0.000 0.020 0.000 0.051 1.238 0.137 0.488
16.690 0.000 0.020 0.000 0.051 1.238 0.137 0.488
16.796 0.000 0.020 0.000 0.051 1.238 0.137 0.488
16.902 0.000 0.020 0.000 0.051 1.238 0.137 0.488
17.011 0.000 0.020 0.000 0.051 1.238 0.137 0.488
17.122 0.000 0.020 0.000 0.049 1.238 0.137 0.488
17.230 0.000 0.020 0.000 0.049 1.238 0.137 0.488
17.341 0.000 0.020 0.000 0.049 1.238 0.137 0.488
17.444 0.000 0.020 0.000 0.049 1.238 0.137 0.488
17.554 0.000 0.022 0.000 0.049 1.446 0.139 0.450
17.665 0.000 0.022 0.000 0.049 1.446 0.139 0.450
17.777 0.000 0.022 0.000 0.049 1.446 0.139 0.450
17.886 0.000 0.022 0.000 0.049 1.446 0.139 0.450
17.994 0.000 0.022 0.000 0.049 1.446 0.139 0.450
18.102 0.000 0.022 0.000 0.073 1.446 0.139 0.450
18.213 0.000 0.022 0.000 0.073 1.446 0.139 0.450
18.325 0.000 0.022 0.000 0.073 1.446 0.139 0.450
18.437 0.000 0.022 0.000 0.073 1.446 0.139 0.450
18.541 0.000 0.022 0.000 0.073 1.446 0.139 0.450
18.647 0.038 0.022 0.000 0.073 1.322 0.139 0.612
18.753 0.038 0.022 0.000 0.073 1.322 0.139 0.612
18.861 0.038 0.022 0.000 0.073 1.322 0.139 0.612
18.969 0.038 0.022 0.000 0.073 1.322 0.139 0.612
19.080 0.038 0.022 0.000 0.051 1.322 0.139 0.612
19.191 0.038 0.022 0.000 0.051 1.322 0.139 0.612
19.302 0.038 0.022 0.000 0.051 1.322 0.139 0.612
19.409 0.038 0.022 0.000 0.051 1.322 0.139 0.612
19.521 0.038 0.022 0.000 0.051 1.322 0.139 0.612
19.627 0.000 0.022 0.000 0.051 1.880 0.133 0.465
19.739 0.000 0.022 0.000 0.051 1.880 0.133 0.465
19.851 0.000 0.022 0.000 0.051 1.880 0.133 0.465
19.960 0.000 0.022 0.000 0.051 1.880 0.133 0.465
20.072 0.000 0.022 0.000 0.045 1.880 0.133 0.465
20.181 0.000 0.022 0.000 0.045 1.880 0.133 0.465
20.293 0.000 0.022 0.000 0.045 1.880 0.133 0.465
20.402 0.000 0.022 0.000 0.045 1.880 0.133 0.465
20.513 0.000 0.022 0.000 0.045 1.880 0.133 0.465
20.624 0.073 0.022 0.000 0.045 1.335 0.140 0.528
20.735 0.073 0.022 0.000 0.045 1.335 0.140 0.528
20.845 0.073 0.022 0.000 0.045 1.335 0.140 0.528
20.956 0.073 0.022 0.000 0.045 1.335 0.140 0.528
21.061 0.073 0.022 0.000 0.051 1.335 0.140 0.528
21.168 0.073 0.022 0.000 0.051 1.335 0.140 0.528
21.276 0.073 0.022 0.000 0.051 1.335 0.140 0.528
21.382 0.073 0.022 0.000 0.051 1.335 0.140 0.528
21.493 0.073 0.022 0.000 0.051 1.335 0.140 0.528
21.605 0.000 0.021 0.000 0.051 1.536 0.142 0.554
21.711 0.000 0.021 0.000 0.051 1.536 0.142 0.554
21.818 0.000 0.021 0.000 0.051 1.536 0.142 0.554
21.929 0.000 0.021 0.000 0.051 1.536 0.142 0.554
22.040 0.000 0.021 0.000 0.053 1.536 0.142 0.554
22.144 0.000 0.021 0.000 0.053 1.536 0.142 0.554
22.249 0.000 0.021 0.000 0.053 1.536 0.142 0.554
22.352 0.000 0.021 0.000 0.053 1.536 0.142 0.554
22.463 0.000 0.021 0.000 0.053 1.536 0.142 0.554
22.569 0.000 0.021 0.000 0.053 1.304 0.140 0.568
22.673 0.000 0.021 0.000 0.053 1.304 0.140 0.568
22.777 0.000 0.021 0.000 0.053 1.304 0.140 0.568
22.884 0.000 0.021 0.000 0.053 1.304 0.140 0.568
22.996 0.000 0.021 0.000 0.053 1.304 0.140 0.568
23.102 0.000 0.021 0.000 0.057 1.304 0.140 0.568
23.211 0.000 0.021 0.000 0.057 1.304 0.140 0.568
23.320 0.000 0.021 0.000 0.057 1.304 0.140 0.568
23.422 0.000 0.021 0.000 0.057 1.304 0.140 0.568
23.533 0.000 0.021 0.000 0.057 1.304 0.140 0.568
23.644 0.000 0.022 0.000 0.057 1.707 0.138 0.431
23.752 0.000 0.022 0.000 0.057 1.707 0.138 0.431
23.864 0.000 0.022 0.000 0.057 1.707 0.138 0.431
23.975 0.000 0.022 0.000 0.057 1.707 0.138 0.431
24.082 0.000 0.022 0.000 0.040 1.707 0.138 0.431
24.194 0.000 0.022 0.000 0.040 1.707 0.138 0.431
24.299 0.000 0.022 0.000 0.040 1.707 0.138 0.431
24.410 0.000 0.022 0.000 0.040 1.707 0.138 0.431
24.522 0.000 0.022 0.000 0.040 1.707 0.138 0.431
24.632 0.000 0.021 0.000 0.040 1.291 0.142 0.478
24.744 0.000 0.021 0.000 0.040 1.291 0.142 0.478
24.855 0.000 0.021 0.000 0.040 1.291 0.142 0.478
24.967 0.000 0.021 0.000 0.040 1.291 0.142 0.478
25.077 0.000 0.021 0.000 0.040 1.291 0.142 0.478
25.188 0.000 0.021 0.000 0.040 1.291 0.142 0.478
25.298 0.000 0.021 0.000 0.040 1.291 0.142 0.478
25.400 0.000 0.021 0.000 0.040 1.291 0.142 0.478
25.511 0.000 0.021 0.000 0.040 1.291 0.142 0.478
25.613 0.000 0.023 0.000 0.040 1.287 0.139 0.987
25.725 0.000 0.023 0.000 0.040 1.287 0.139 0.987
25.835 0.000 0.023 0.000 0.040 1.287 0.139 0.987
25.944 0.000 0.023 0.000 0.040 1.287 0.139 0.987
