0.000 0.000 0.021 0.000 0.038 1.225 0.138 0.408
0.111 0.000 0.021 0.000 0.038 1.225 0.138 0.408
0.220 0.000 0.021 0.000 0.038 1.225 0.138 0.408
0.332 0.000 0.021 0.000 0.038 1.225 0.138 0.408
0.437 0.000 0.021 0.000 0.038 1.225 0.138 0.408
0.545 0.000 0.021 0.000 0.038 1.225 0.138 0.408
0.654 0.000 0.021 0.000 0.038 1.225 0.138 0.408
0.765 0.000 0.023 0.000 0.038 1.217 0.135 0.393
0.873 0.000 0.023 0.000 0.038 1.217 0.135 0.393
0.982 0.000 0.023 0.000 0.038 1.217 0.135 0.393
1.087 0.000 0.023 0.000 0.038 1.217 0.135 0.393
1.198 0.000 0.023 0.000 0.038 1.217 0.135 0.393
1.309 0.000 0.023 0.000 0.064 1.217 0.135 0.393
1.420 0.000 0.023 0.000 0.064 1.217 0.135 0.393
1.528 0.000 0.023 0.000 0.064 1.217 0.135 0.393
1.640 0.000 0.023 0.000 0.064 1.217 0.135 0.393
1.751 0.573 0.028 0.000 0.064 1.227 0.142 0.469
1.855 0.573 0.028 0.000 0.064 1.227 0.142 0.469
1.957 0.573 0.028 0.000 0.064 1.227 0.142 0.469
2.059 0.573 0.028 0.000 0.064 1.227 0.142 0.469
2.161 0.573 0.028 0.000 0.064 1.227 0.142 0.469
2.273 0.573 0.028 0.000 0.088 1.227 0.142 0.469
2.384 0.573 0.028 0.000 0.088 1.227 0.142 0.469
2.487 0.573 0.028 0.000 0.088 1.227 0.142 0.469
2.589 0.573 0.028 0.000 0.088 1.227 0.142 0.469
2.700 0.573 0.028 0.000 0.088 1.227 0.142 0.469
2.802 5.081 0.059 0.000 0.088 2.235 0.140 7.459
2.904 5.081 0.059 0.000 0.088 2.235 0.140 7.459
3.006 5.081 0.059 0.000 0.088 2.235 0.140 7.459
3.117 5.081 0.059 0.000 0.088 2.235 0.140 7.459
3.228 5.081 0.059 0.000 0.158 2.235 0.140 7.459
3.339 5.081 0.059 0.000 0.158 2.235 0.140 7.459
3.451 5.081 0.059 0.000 0.158 2.235 0.140 7.459
3.562 5.081 0.059 0.000 0.158 2.235 0.140 7.459
3.669 5.081 0.059 0.000 0.158 2.235 0.140 7.459
3.771 2.531 0.031 0.000 0.158 8.266 0.140 1.721
3.878 2.531 0.031 0.000 0.158 8.266 0.140 1.721
3.988 2.531 0.031 0.000 0.158 8.266 0.140 1.721
4.094 2.531 0.031 0.000 0.158 8.266 0.140 1.721
4.203 2.531 0.031 0.000 0.158 8.266 0.140 1.721
4.310 2.531 0.031 0.000 0.055 8.266 0.140 1.721
4.420 2.531 0.031 0.000 0.055 8.266 0.140 1.721
4.531 2.531 0.031 0.000 0.055 8.266 0.140 1.721
4.635 2.531 0.031 0.000 0.055 8.266 0.140 1.721
4.745 0.960 0.025 0.000 0.055 4.671 0.138 1.591
4.855 0.960 0.025 0.000 0.055 4.671 0.138 1.591
4.959 0.960 0.025 0.000 0.055 4.671 0.138 1.591
5.061 0.960 0.025 0.000 0.055 4.671 0.138 1.591
5.170 0.960 0.025 0.000 0.055 4.671 0.138 1.591
5.273 0.960 0.025 0.000 0.055 4.671 0.138 1.591
5.378 0.960 0.025 0.000 0.055 4.671 0.138 1.591
5.488 0.960 0.025 0.000 0.055 4.671 0.138 1.591
5.593 0.960 0.025 0.000 0.055 4.671 0.138 1.591
5.704 0.960 0.025 0.000 0.055 4.671 0.138 1.591
5.812 1.010 0.024 0.000 0.055 2.706 0.138 1.626
5.914 1.010 0.024 0.000 0.055 2.706 0.138 1.626
6.017 1.010 0.024 0.000 0.055 2.706 0.138 1.626
6.126 1.010 0.024 0.000 0.055 2.706 0.138 1.626
6.233 1.010 0.024 0.000 0.054 2.706 0.138 1.626
6.336 1.010 0.024 0.000 0.054 2.706 0.138 1.626
6.439 1.010 0.024 0.000 0.054 2.706 0.138 1.626
6.541 1.010 0.024 0.000 0.054 2.706 0.138 1.626
6.647 1.010 0.024 0.000 0.054 2.706 0.138 1.626
6.754 1.044 0.026 0.000 0.054 2.608 0.142 1.528
6.856 1.044 0.026 0.000 0.054 2.608 0.142 1.528
6.965 1.044 0.026 0.000 0.054 2.608 0.142 1.528
7.071 1.044 0.026 0.000 0.054 2.608 0.142 1.528
7.175 1.044 0.026 0.000 0.054 2.608 0.142 1.528
7.286 1.044 0.026 0.000 0.053 2.608 0.142 1.528
7.390 1.044 0.026 0.000 0.053 2.608 0.142 1.528
7.501 1.044 0.026 0.000 0.053 2.608 0.142 1.528
7.610 1.044 0.026 0.000 0.053 2.608 0.142 1.528
7.714 1.044 0.026 0.000 0.053 2.608 0.142 1.528
7.821 0.893 0.024 0.000 0.053 2.588 0.138 1.611
7.928 0.893 0.024 0.000 0.053 2.588 0.138 1.611
8.036 0.893 0.024 0.000 0.053 2.588 0.138 1.611
8.145 0.893 0.024 0.000 0.053 2.588 0.138 1.611
8.254 0.893 0.024 0.000 0.052 2.588 0.138 1.611
8.364 0.893 0.024 0.000 0.052 2.588 0.138 1.611
8.469 0.893 0.024 0.000 0.052 2.588 0.138 1.611
8.579 0.893 0.024 0.000 0.052 2.588 0.138 1.611
8.690 0.893 0.024 0.000 0.052 2.588 0.138 1.611
8.795 1.016 0.025 0.000 0.052 2.617 0.137 1.500
8.904 1.016 0.025 0.000 0.052 2.617 0.137 1.500
9.007 1.016 0.025 0.000 0.052 2.617 0.137 1.500
9.114 1.016 0.025 0.000 0.052 2.617 0.137 1.500
9.217 1.016 0.025 0.000 0.055 2.617 0.137 1.500
9.320 1.016 0.025 0.000 0.055 2.617 0.137 1.500
9.430 1.016 0.025 0.000 0.055 2.617 0.137 1.500
9.533 1.016 0.025 0.000 0.055 2.617 0.137 1.500
9.637 1.016 0.025 0.000 0.055 2.617 0.137 1.500
9.744 1.006 0.026 0.000 0.055 2.598 0.142 1.519
9.850 1.006 0.026 0.000 0.055 2.598 0.142 1.519
9.962 1.006 0.026 0.000 0.055 2.598 0.142 1.519
10.066 1.006 0.026 0.000 0.055 2.598 0.142 1.519
10.178 1.006 0.026 0.000 0.055 2.598 0.142 1.519
10.281 1.006 0.026 0.000 0.055 2.598 0.142 1.519
10.386 1.006 0.026 0.000 0.055 2.598 0.142 1.519
10.497 1.006 0.026 0.000 0.055 2.598 0.142 1.519
10.602 1.006 0.026 0.000 0.055 2.598 0.142 1.519
10.705 1.006 0.026 0.000 0.055 2.598 0.142 1.519
10.812 0.992 0.028 0.000 0.055 2.574 0.138 1.378
10.920 0.992 0.028 0.000 0.055 2.574 0.138 1.378
11.025 0.992 0.028 0.000 0.055 2.574 0.138 1.378
11.137 0.992 0.028 0.000 0.055 2.574 0.138 1.378
11.239 0.992 0.028 0.000 0.061 2.574 0.138 1.378
11.348 0.992 0.028 0.000 0.061 2.574 0.138 1.378
11.455 0.992 0.028 0.000 0.061 2.574 0.138 1.378
11.561 0.992 0.028 0.000 0.061 2.574 0.138 1.378
11.673 0.992 0.028 0.000 0.061 2.574 0.138 1.378
11.781 1.091 0.024 0.000 0.061 2.673 0.141 1.581
11.887 1.091 0.024 0.000 0.061 2.673 0.141 1.581
11.991 1.091 0.024 0.000 0.061 2.673 0.141 1.581
12.095 1.091 0.024 0.000 0.061 2.673 0.141 1.581
12.199 1.091 0.024 0.000 0.061 2.673 0.141 1.581
12.304 1.091 0.024 0.000 0.060 2.673 0.141 1.581
12.415 1.091 0.024 0.000 0.060 2.673 0.141 1.581
12.519 1.091 0.024 0.000 0.060 2.673 0.141 1.581
12.625 1.091 0.024 0.000 0.060 2.673 0.141 1.581
12.728 1.018 0.024 0.000 0.060 3.017 0.139 1.964
12.832 1.018 0.024 0.000 0.060 3.017 0.139 1.964
12.937 1.018 0.024 0.000 0.060 3.017 0.139 1.964
13.045 1.018 0.024 0.000 0.060 3.017 0.139 1.964
13.148 1.018 0.024 0.000 0.060 3.017 0.139 1.964
13.256 1.018 0.024 0.000 0.057 3.017 0.139 1.964
13.358 1.018 0.024 0.000 0.057 3.017 0.139 1.964
13.467 1.018 0.024 0.000 0.057 3.017 0.139 1.964
13.572 1.018 0.024 0.000 0.057 3.017 0.139 1.964
13.679 1.018 0.024 0.000 0.057 3.017 0.139 1.964
13.781 1.001 0.024 0.000 0.057 2.662 0.136 1.566
13.890 1.001 0.024 0.000 0.057 2.662 0.136 1.566
13.993 1.001 0.024 0.000 0.057 2.662 0.136 1.566
14.096 1.001 0.024 0.000 0.057 2.662 0.136 1.566
14.201 1.001 0.024 0.000 0.057 2.662 0.136 1.566
14.305 1.001 0.024 0.000 0.054 2.662 0.136 1.566
14.413 1.001 0.024 0.000 0.054 2.662 0.136 1.566
14.519 1.001 0.024 0.000 0.054 2.662 0.136 1.566
14.631 1.001 0.024 0.000 0.054 2.662 0.136 1.566
14.734 0.997 0.026 0.000 0.054 2.644 0.141 1.614
14.837 0.997 0.026 0.000 0.054 2.644 0.141 1.614
14.946 0.997 0.026 0.000 0.054 2.644 0.141 1.614
15.056 0.997 0.026 0.000 0.054 2.644 0.141 1.614
15.160 0.997 0.026 0.000 0.054 2.644 0.141 1.614
15.267 0.997 0.026 0.000 0.055 2.644 0.141 1.614
15.374 0.997 0.026 0.000 0.055 2.644 0.141 1.614
15.478 0.997 0.026 0.000 0.055 2.644 0.141 1.614
15.589 0.997 0.026 0.000 0.055 2.644 0.141 1.614
15.693 0.997 0.026 0.000 0.055 2.644 0.141 1.614
15.804 1.039 0.025 0.000 0.055 2.597 0.138 2.707
15.907 1.039 0.025 0.000 0.055 2.597 0.138 2.707
16.012 1.039 0.025 0.000 0.055 2.597 0.138 2.707
16.122 1.039 0.025 0.000 0.055 2.597 0.138 2.707
16.234 1.039 0.025 0.000 0.063 2.597 0.138 2.707
16.345 1.039 0.025 0.000 0.063 2.597 0.138 2.707
16.453 1.039 0.025 0.000 0.063 2.597 0.138 2.707
16.555 1.039 0.025 0.000 0.063 2.597 0.138 2.707
16.659 1.039 0.025 0.000 0.063 2.597 0.138 2.707
16.762 1.065 0.029 0.000 0.063 2.680 0.142 1.590
16.870 1.065 0.029 0.000 0.063 2.680 0.142 1.590
16.978 1.065 0.029 0.000 0.063 2.680 0.142 1.590
17.080 1.065 0.029 0.000 0.063 2.680 0.142 1.590
17.186 1.065 0.029 0.000 0.063 2.680 0.142 1.590
17.290 1.065 0.029 0.000 0.054 2.680 0.142 1.590
17.395 1.065 0.029 0.000 0.054 2.680 0.142 1.590
17.505 1.065 0.029 0.000 0.054 2.680 0.142 1.590
17.608 1.065 0.029 0.000 0.054 2.680 0.142 1.590
17.714 1.065 0.029 0.000 0.054 2.680 0.142 1.590
17.824 1.001 0.023 0.000 0.054 2.839 0.141 1.396
17.928 1.001 0.023 0.000 0.054 2.839 0.141 1.396
18.031 1.001 0.023 0.000 0.054 2.839 0.141 1.396
18.137 1.001 0.023 0.000 0.054 2.839 0.141 1.396
18.241 1.001 0.023 0.000 0.066 2.839 0.141 1.396
18.351 1.001 0.023 0.000 0.066 2.839 0.141 1.396
18.462 1.001 0.023 0.000 0.066 2.839 0.141 1.396
18.566 1.001 0.023 0.000 0.066 2.839 0.141 1.396
18.668 1.001 0.023 0.000 0.066 2.839 0.141 1.396
18.780 0.925 0.026 0.000 0.066 2.568 0.143 1.451
18.891 0.925 0.026 0.000 0.066 2.568 0.143 1.451
19.000 0.925 0.026 0.000 0.066 2.568 0.143 1.451
19.107 0.925 0.026 0.000 0.066 2.568 0.143 1.451
19.218 0.925 0.026 0.000 0.056 2.568 0.143 1.451
19.329 0.925 0.026 0.000 0.056 2.568 0.143 1.451
19.437 0.925 0.026 0.000 0.056 2.568 0.143 1.451
19.548 0.925 0.026 0.000 0.056 2.568 0.143 1.451
19.650 0.925 0.026 0.000 0.056 2.568 0.143 1.451
19.757 0.954 0.025 0.000 0.056 2.666 0.140 1.405
19.868 0.954 0.025 0.000 0.056 2.666 0.140 1.405
19.971 0.954 0.025 0.000 0.056 2.666 0.140 1.405
20.080 0.954 0.025 0.000 0.056 2.666 0.140 1.405
20.182 0.954 0.025 0.000 0.056 2.666 0.140 1.405
20.287 0.954 0.025 0.000 0.056 2.666 0.140 1.405
20.390 0.954 0.025 0.000 0.056 2.666 0.140 1.405
20.492 0.954 0.025 0.000 0.056 2.666 0.140 1.405
20.603 0.954 0.025 0.000 0.056 2.666 0.140 1.405
20.711 0.954 0.025 0.000 0.056 2.666 0.140 1.405
20.822 0.923 0.025 0.000 0.056 2.743 0.141 1.744
20.929 0.923 0.025 0.000 0.056 2.743 0.141 1.744
21.037 0.923 0.025 0.000 0.056 2.743 0.141 1.744
21.146 0.923 0.025 0.000 0.056 2.743 0.141 1.744
21.256 0.923 0.025 0.000 0.055 2.743 0.141 1.744
21.358 0.923 0.025 0.000 0.055 2.743 0.141 1.744
21.470 0.923 0.025 0.000 0.055 2.743 0.141 1.744
21.573 0.923 0.025 0.000 0.055 2.743 0.141 1.744
21.681 0.923 0.025 0.000 0.055 2.743 0.141 1.744
21.788 1.024 0.024 0.000 0.055 2.642 0.139 1.578
21.891 1.024 0.024 0.000 0.055 2.642 0.139 1.578
22.000 1.024 0.024 0.000 0.055 2.642 0.139 1.578
22.105 1.024 0.024 0.000 0.055 2.642 0.139 1.578
22.212 1.024 0.024 0.000 0.055 2.642 0.139 1.578
22.314 1.024 0.024 0.000 0.058 2.642 0.139 1.578
22.424 1.024 0.024 0.000 0.058 2.642 0.139 1.578
22.528 1.024 0.024 0.000 0.058 2.642 0.139 1.578
22.632 1.024 0.024 0.000 0.058 2.642 0.139 1.578
22.737 0.981 0.021 0.000 0.058 2.711 0.140 0.982
22.848 0.981 0.021 0.000 0.058 2.711 0.140 0.982
22.952 0.981 0.021 0.000 0.058 2.711 0.140 0.982
23.064 0.981 0.021 0.000 0.058 2.711 0.140 0.982
23.175 0.981 0.021 0.000 0.058 2.711 0.140 0.982
23.287 0.981 0.021 0.000 0.049 2.711 0.140 0.982
23.395 0.981 0.021 0.000 0.049 2.711 0.140 0.982
23.504 0.981 0.021 0.000 0.049 2.711 0.140 0.982
23.612 0.981 0.021 0.000 0.049 2.711 0.140 0.982
23.720 0.981 0.021 0.000 0.049 2.711 0.140 0.982
23.829 0.000 0.025 0.000 0.049 2.582 0.134 0.441
23.937 0.000 0.025 0.000 0.049 2.582 0.134 0.441
24.048 0.000 0.025 0.000 0.049 2.582 0.134 0.441
24.160 0.000 0.025 0.000 0.049 2.582 0.134 0.441
24.268 0.000 0.025 0.000 0.051 2.582 0.134 0.441
24.370 0.000 0.025 0.000 0.051 2.582 0.134 0.441
24.482 0.000 0.025 0.000 0.051 2.582 0.134 0.441
24.590 0.000 0.025 0.000 0.051 2.582 0.134 0.441
24.701 0.000 0.025 0.000 0.051 2.582 0.134 0.441
24.808 0.000 0.023 0.000 0.051 1.245 0.135 0.403
24.914 0.000 0.023 0.000 0.051 1.245 0.135 0.403
25.016 0.000 0.023 0.000 0.051 1.245 0.135 0.403
25.127 0.000 0.023 0.000 0.051 1.245 0.135 0.403
25.238 0.000 0.023 0.000 0.049 1.245 0.135 0.403
25.345 0.000 0.023 0.000 0.049 1.245 0.135 0.403
25.454 0.000 0.023 0.000 0.049 1.245 0.135 0.403
25.562 0.000 0.023 0.000 0.049 1.245 0.135 0.403
25.670 0.000 0.023 0.000 0.049 1.245 0.135 0.403
25.780 0.000 0.023 0.000 0.049 1.473 0.141 0.424
25.893 0.000 0.023 0.000 0.049 1.473 0.141 0.424
25.997 0.000 0.023 0.000 0.049 1.473 0.141 0.424
