0.000 0.000 0.019 0.123 0.038 1.353 0.138 0.455
0.108 0.000 0.019 0.123 0.038 1.353 0.138 0.470
0.219 0.000 0.021 0.123 0.038 1.376 0.138 0.470
0.329 0.000 0.021 0.123 0.038 1.376 0.138 0.470
0.437 0.000 0.021 0.123 0.038 1.376 0.138 0.470
0.539 0.000 0.021 0.123 0.038 1.376 0.138 0.470
0.651 0.000 0.021 0.000 0.048 1.376 0.138 0.470
0.758 0.000 0.021 0.000 0.048 1.376 0.138 0.470
0.869 0.000 0.021 0.000 0.048 1.376 0.138 0.470
0.981 0.000 0.021 0.000 0.048 1.376 0.138 0.470
1.083 0.000 0.021 0.000 0.048 1.376 0.138 0.470
1.194 0.279 0.025 0.000 0.048 1.356 0.140 7.844
1.305 0.279 0.025 0.000 0.048 1.356 0.140 7.844
1.408 0.279 0.025 0.000 0.048 1.356 0.140 7.844
1.517 0.279 0.025 0.000 0.048 1.356 0.140 7.844
1.620 0.279 0.025 0.000 0.081 1.356 0.140 7.844
1.724 0.279 0.025 0.000 0.081 1.356 0.140 7.844
1.827 0.279 0.025 0.000 0.081 1.356 0.140 7.844
1.932 0.279 0.025 0.000 0.081 1.356 0.140 7.844
2.034 0.279 0.025 0.000 0.081 1.356 0.140 7.844
2.143 1.676 0.032 0.000 0.081 2.247 0.137 7.554
2.246 1.676 0.032 0.000 0.081 2.247 0.137 7.554
2.358 1.676 0.032 0.000 0.081 2.247 0.137 7.554
2.460 1.676 0.032 0.000 0.081 2.247 0.137 7.554
2.568 1.676 0.032 0.000 0.081 2.247 0.137 7.554
2.679 1.676 0.032 0.000 0.152 2.247 0.137 7.554
2.790 1.676 0.032 0.000 0.152 2.247 0.137 7.554
2.902 1.676 0.032 0.000 0.152 2.247 0.137 7.554
3.005 1.676 0.032 0.000 0.152 2.247 0.137 7.554
3.117 6.552 0.069 0.000 0.152 3.737 0.142 7.567
3.219 6.552 0.069 0.000 0.152 3.737 0.142 7.567
3.321 6.552 0.069 0.000 0.152 3.737 0.142 7.567
3.432 6.552 0.069 0.000 0.152 3.737 0.142 7.567
3.543 6.552 0.069 0.000 0.152 3.737 0.142 7.567
3.654 6.552 0.069 0.000 0.202 3.737 0.142 7.567
3.766 6.552 0.069 0.000 0.202 3.737 0.142 7.567
3.877 6.552 0.069 0.000 0.202 3.737 0.142 7.567
3.978 6.552 0.069 0.000 0.202 3.737 0.142 7.567
4.080 6.552 0.069 0.000 0.202 3.737 0.142 7.567
4.191 6.660 0.065 0.000 0.202 10.278 0.145 7.745
4.293 6.660 0.065 0.000 0.202 10.278 0.145 7.745
4.404 6.660 0.065 0.000 0.202 10.278 0.145 7.745
4.515 6.660 0.065 0.000 0.202 10.278 0.145 7.745
4.616 6.660 0.065 0.000 0.222 10.278 0.145 7.745
4.718 6.660 0.065 0.000 0.222 10.278 0.145 7.745
4.830 6.660 0.065 0.000 0.222 10.278 0.145 7.745
4.941 6.660 0.065 0.000 0.222 10.278 0.145 7.745
5.043 6.660 0.065 0.000 0.222 10.278 0.145 7.745
5.155 6.795 0.092 0.000 0.222 10.384 0.150 7.812
5.266 6.795 0.092 0.000 0.222 10.384 0.150 7.812
5.372 6.795 0.092 0.000 0.222 10.384 0.150 7.812
5.474 6.795 0.092 0.000 0.222 10.384 0.150 7.812
5.577 6.795 0.092 0.000 0.222 10.384 0.150 7.812
5.686 6.795 0.092 0.000 0.201 10.384 0.150 7.812
5.788 6.795 0.092 0.000 0.201 10.384 0.150 7.812
5.900 6.795 0.092 0.000 0.201 10.384 0.150 7.812
6.009 6.795 0.092 0.000 0.201 10.384 0.150 7.812
6.120 6.789 0.076 0.000 0.201 10.501 0.149 7.727
6.223 6.789 0.076 0.000 0.201 10.501 0.149 7.727
6.325 6.789 0.076 0.000 0.201 10.501 0.149 7.727
6.436 6.789 0.076 0.000 0.201 10.501 0.149 7.727
6.538 6.789 0.076 0.000 0.201 10.501 0.149 7.727
6.641 6.789 0.076 0.000 0.201 10.501 0.149 7.727
6.752 6.789 0.076 0.000 0.201 10.501 0.149 7.727
6.863 6.789 0.076 0.000 0.201 10.501 0.149 7.727
6.974 6.789 0.076 0.000 0.201 10.501 0.149 7.727
7.085 6.789 0.076 0.000 0.201 10.501 0.149 7.727
7.188 6.770 0.072 0.000 0.201 10.459 0.149 9.326
7.293 6.770 0.072 0.000 0.201 10.459 0.149 9.326
7.398 6.770 0.072 0.000 0.201 10.459 0.149 9.326
7.499 6.770 0.072 0.000 0.201 10.459 0.149 9.326
7.601 6.770 0.072 0.000 0.201 10.459 0.149 9.326
7.711 6.770 0.072 0.000 0.256 10.459 0.149 9.326
7.812 6.770 0.072 0.000 0.256 10.459 0.149 9.326
7.914 6.770 0.072 0.000 0.256 10.459 0.149 9.326
8.016 6.770 0.072 0.000 0.256 10.459 0.149 9.326
8.119 7.391 0.112 0.000 0.256 10.480 0.154 7.609
8.221 7.391 0.112 0.000 0.256 10.480 0.154 7.609
8.327 7.391 0.112 0.000 0.256 10.480 0.154 7.609
8.429 7.391 0.112 0.000 0.256 10.480 0.154 7.609
8.531 7.391 0.112 0.000 0.256 10.480 0.154 7.609
8.634 7.391 0.112 0.000 0.213 10.480 0.154 7.609
8.745 7.391 0.112 0.000 0.213 10.480 0.154 7.609
8.856 7.391 0.112 0.000 0.213 10.480 0.154 7.609
8.968 7.391 0.112 0.000 0.213 10.480 0.154 7.609
9.079 7.391 0.112 0.000 0.213 10.480 0.154 7.609
9.190 6.655 0.082 0.000 0.213 12.036 0.146 7.746
9.301 6.655 0.082 0.000 0.213 12.036 0.146 7.746
9.409 6.655 0.082 0.000 0.213 12.036 0.146 7.746
9.511 6.655 0.082 0.000 0.213 12.036 0.146 7.746
9.613 6.655 0.082 0.000 0.202 12.036 0.146 7.746
9.716 6.655 0.082 0.000 0.202 12.036 0.146 7.746
9.818 6.655 0.082 0.000 0.202 12.036 0.146 7.746
9.921 6.655 0.082 0.000 0.202 12.036 0.146 7.746
10.023 6.655 0.082 0.000 0.202 12.036 0.146 7.746
10.134 6.757 0.075 0.000 0.202 10.483 0.143 8.151
10.245 6.757 0.075 0.000 0.202 10.483 0.143 8.151
10.356 6.757 0.075 0.000 0.202 10.483 0.143 8.151
10.467 6.757 0.075 0.000 0.202 10.483 0.143 8.151
10.570 6.757 0.075 0.000 0.202 10.483 0.143 8.151
10.681 6.757 0.075 0.000 0.204 10.483 0.143 8.151
10.792 6.757 0.075 0.000 0.204 10.483 0.143 8.151
10.903 6.757 0.075 0.000 0.204 10.483 0.143 8.151
11.014 6.757 0.075 0.000 0.204 10.483 0.143 8.151
11.125 6.926 0.085 0.000 0.204 10.520 0.145 8.176
11.228 6.926 0.085 0.000 0.204 10.520 0.145 8.176
11.330 6.926 0.085 0.000 0.204 10.520 0.145 8.176
11.432 6.926 0.085 0.000 0.204 10.520 0.145 8.176
11.535 6.926 0.085 0.000 0.204 10.520 0.145 8.176
11.637 6.926 0.085 0.000 0.213 10.520 0.145 8.176
11.739 6.926 0.085 0.000 0.213 10.520 0.145 8.176
11.842 6.926 0.085 0.000 0.213 10.520 0.145 8.176
11.944 6.926 0.085 0.000 0.213 10.520 0.145 8.176
12.047 6.926 0.085 0.000 0.213 10.520 0.145 8.176
12.158 6.771 0.078 0.000 0.213 10.739 0.144 7.744
12.260 6.771 0.078 0.000 0.213 10.739 0.144 7.744
12.362 6.771 0.078 0.000 0.213 10.739 0.144 7.744
12.468 6.771 0.078 0.000 0.213 10.739 0.144 7.744
12.570 6.771 0.078 0.000 0.213 10.739 0.144 7.744
12.681 6.771 0.078 0.000 0.202 10.739 0.144 7.744
12.792 6.771 0.078 0.000 0.202 10.739 0.144 7.744
12.904 6.771 0.078 0.000 0.202 10.739 0.144 7.744
13.015 6.771 0.078 0.000 0.202 10.739 0.144 7.744
13.126 6.729 0.073 0.000 0.202 10.433 0.142 8.272
13.234 6.729 0.073 0.000 0.202 10.433 0.142 8.272
13.336 6.729 0.073 0.000 0.202 10.433 0.142 8.272
13.438 6.729 0.073 0.000 0.202 10.433 0.142 8.272
13.541 6.729 0.073 0.000 0.202 10.433 0.142 8.272
13.643 6.729 0.073 0.000 0.201 10.433 0.142 8.272
13.754 6.729 0.073 0.000 0.201 10.433 0.142 8.272
13.865 6.729 0.073 0.000 0.201 10.433 0.142 8.272
13.976 6.729 0.073 0.000 0.201 10.433 0.142 8.272
14.087 6.729 0.073 0.000 0.201 10.433 0.142 8.272
14.198 6.846 0.077 0.000 0.201 10.446 0.144 7.456
14.310 6.846 0.077 0.000 0.201 10.446 0.144 7.456
14.412 6.846 0.077 0.000 0.201 10.446 0.144 7.456
14.523 6.846 0.077 0.000 0.201 10.446 0.144 7.456
14.625 6.846 0.077 0.000 0.205 10.446 0.144 7.456
14.737 6.846 0.077 0.000 0.205 10.446 0.144 7.456
14.848 6.846 0.077 0.000 0.205 10.446 0.144 7.456
14.959 6.846 0.077 0.000 0.205 10.446 0.144 7.456
15.067 6.846 0.077 0.000 0.205 10.446 0.144 7.456
15.174 6.814 0.074 0.000 0.205 10.473 0.145 7.623
15.281 6.814 0.074 0.000 0.205 10.473 0.145 7.623
15.383 6.814 0.074 0.000 0.205 10.473 0.145 7.623
15.492 6.814 0.074 0.000 0.205 10.473 0.145 7.623
15.604 6.814 0.074 0.000 0.204 10.473 0.145 7.623
15.715 6.814 0.074 0.000 0.204 10.473 0.145 7.623
15.816 6.814 0.074 0.000 0.204 10.473 0.145 7.623
15.919 6.814 0.074 0.000 0.204 10.473 0.145 7.623
16.021 6.814 0.074 0.000 0.204 10.473 0.145 7.623
16.132 6.465 0.076 0.000 0.204 10.521 0.143 0.794
16.244 6.465 0.076 0.000 0.204 10.521 0.143 0.794
16.350 6.465 0.076 0.000 0.204 10.521 0.143 0.794
16.462 6.465 0.076 0.000 0.204 10.521 0.143 0.794
16.573 6.465 0.076 0.000 0.204 10.521 0.143 0.794
16.685 6.465 0.076 0.000 0.121 10.521 0.143 0.794
16.791 6.465 0.076 0.000 0.121 10.521 0.143 0.794
16.902 6.465 0.076 0.000 0.121 10.521 0.143 0.794
17.008 6.465 0.076 0.000 0.121 10.521 0.143 0.794
17.118 0.001 0.021 0.000 0.121 10.112 0.136 0.441
17.224 0.001 0.021 0.000 0.121 10.112 0.136 0.441
17.332 0.001 0.021 0.000 0.121 10.112 0.136 0.441
17.444 0.001 0.021 0.000 0.121 10.112 0.136 0.441
17.546 0.001 0.021 0.000 0.121 10.112 0.136 0.441
17.657 0.001 0.021 0.000 0.047 10.112 0.136 0.441
17.765 0.001 0.021 0.000 0.047 10.112 0.136 0.441
17.876 0.001 0.021 0.000 0.047 10.112 0.136 0.441
17.988 0.001 0.021 0.000 0.047 10.112 0.136 0.441
18.099 0.001 0.021 0.000 0.047 10.112 0.136 0.441
18.208 0.034 0.025 0.000 0.047 1.389 0.138 0.949
18.315 0.034 0.025 0.000 0.047 1.389 0.138 0.949
18.427 0.034 0.025 0.000 0.047 1.389 0.138 0.949
18.532 0.034 0.025 0.000 0.047 1.389 0.138 0.949
18.641 0.034 0.025 0.000 0.059 1.389 0.138 0.949
18.753 0.034 0.025 0.000 0.059 1.389 0.138 0.949
18.864 0.034 0.025 0.000 0.059 1.389 0.138 0.949
18.968 0.034 0.025 0.000 0.059 1.389 0.138 0.949
19.080 0.034 0.025 0.000 0.059 1.389 0.138 0.949
19.191 0.000 0.024 0.000 0.059 1.424 0.140 0.530
19.301 0.000 0.024 0.000 0.059 1.424 0.140 0.530
19.408 0.000 0.024 0.000 0.059 1.424 0.140 0.530
19.510 0.000 0.024 0.000 0.059 1.424 0.140 0.530
19.620 0.000 0.024 0.000 0.040 1.424 0.140 0.530
19.724 0.000 0.024 0.000 0.040 1.424 0.140 0.530
19.832 0.000 0.024 0.000 0.040 1.424 0.140 0.530
19.941 0.000 0.024 0.000 0.040 1.424 0.140 0.530
20.052 0.000 0.024 0.000 0.040 1.424 0.140 0.530
20.158 0.001 0.022 0.000 0.040 1.369 0.134 0.574
20.266 0.001 0.022 0.000 0.040 1.369 0.134 0.574
20.373 0.001 0.022 0.000 0.040 1.369 0.134 0.574
20.485 0.001 0.022 0.000 0.040 1.369 0.134 0.574
20.589 0.001 0.022 0.000 0.040 1.369 0.134 0.574
20.691 0.001 0.022 0.000 0.040 1.369 0.134 0.574
20.798 0.001 0.022 0.000 0.040 1.369 0.134 0.574
20.908 0.001 0.022 0.000 0.040 1.369 0.134 0.574
21.021 0.001 0.022 0.000 0.040 1.369 0.134 0.574
21.132 0.060 0.020 0.000 0.040 1.238 0.138 0.626
21.235 0.060 0.020 0.000 0.040 1.238 0.138 0.626
21.345 0.060 0.020 0.000 0.040 1.238 0.138 0.626
21.448 0.060 0.020 0.000 0.040 1.238 0.138 0.626
21.552 0.060 0.020 0.000 0.040 1.238 0.138 0.626
21.663 0.060 0.020 0.000 0.050 1.238 0.138 0.626
21.768 0.060 0.020 0.000 0.050 1.238 0.138 0.626
21.874 0.060 0.020 0.000 0.050 1.238 0.138 0.626
21.984 0.060 0.020 0.000 0.050 1.238 0.138 0.626
22.091 0.060 0.020 0.000 0.050 1.238 0.138 0.626
22.202 0.000 0.024 0.000 0.050 1.428 0.137 0.852
22.312 0.000 0.024 0.000 0.050 1.428 0.137 0.852
22.419 0.000 0.024 0.000 0.050 1.428 0.137 0.852
22.531 0.000 0.024 0.000 0.050 1.428 0.137 0.852
22.633 0.000 0.024 0.000 0.041 1.428 0.137 0.852
22.741 0.000 0.024 0.000 0.041 1.428 0.137 0.852
22.845 0.000 0.024 0.000 0.041 1.428 0.137 0.852
22.957 0.000 0.024 0.000 0.041 1.428 0.137 0.852
23.065 0.000 0.024 0.000 0.041 1.428 0.137 0.852
23.176 0.000 0.022 0.000 0.041 1.254 0.137 0.749
23.279 0.000 0.022 0.000 0.041 1.254 0.137 0.749
23.391 0.000 0.022 0.000 0.041 1.254 0.137 0.749
23.499 0.000 0.022 0.000 0.041 1.254 0.137 0.749
23.608 0.000 0.022 0.000 0.039 1.254 0.137 0.749
23.720 0.000 0.022 0.000 0.039 1.254 0.137 0.749
23.830 0.000 0.022 0.000 0.039 1.254 0.137 0.749
23.939 0.000 0.022 0.000 0.039 1.254 0.137 0.749
24.045 0.000 0.022 0.000 0.039 1.254 0.137 0.749
24.156 0.000 0.020 0.000 0.039 1.228 0.132 0.427
24.266 0.000 0.020 0.000 0.039 1.228 0.132 0.427
24.372 0.000 0.020 0.000 0.039 1.228 0.132 0.427
24.481 0.000 0.020 0.000 0.039 1.228 0.132 0.427
24.591 0.000 0.020 0.000 0.039 1.228 0.132 0.427
24.699 0.000 0.020 0.000 0.038 1.228 0.132 0.427
24.808 0.000 0.020 0.000 0.038 1.228 0.132 0.427
24.919 0.000 0.020 0.000 0.038 1.228 0.132 0.427
25.029 0.000 0.020 0.000 0.038 1.228 0.132 0.427
25.140 0.000 0.021 0.000 0.038 1.218 0.137 0.464
25.245 0.000 0.021 0.000 0.038 1.218 0.137 0.464
25.350 0.000 0.021 0.000 0.038 1.218 0.137 0.464
25.462 0.000 0.021 0.000 0.038 1.218 0.137 0.464
25.569 0.000 0.021 0.000 0.038 1.218 0.137 0.464
25.679 0.000 0.021 0.000 0.038 1.218 0.137 0.464
25.791 0.000 0.021 0.000 0.038 1.218 0.137 0.464
25.900 0.000 0.021 0.000 0.038 1.218 0.137 0.464
