0.000 0.000 0.022 0.000 0.039 1.243 0.135 0.380
0.109 0.000 0.022 0.000 0.039 1.243 0.135 0.380
0.216 0.000 0.024 0.000 0.039 1.252 0.136 0.843
0.327 0.000 0.024 0.000 0.039 1.252 0.136 0.843
0.431 0.000 0.024 0.000 0.039 1.252 0.136 0.843
0.541 0.000 0.024 0.000 0.039 1.252 0.136 0.843
0.652 0.000 0.024 0.000 0.039 1.252 0.136 0.843
0.757 0.000 0.024 0.000 0.039 1.252 0.136 0.843
0.864 0.000 0.024 0.000 0.039 1.252 0.136 0.843
0.973 0.000 0.024 0.000 0.039 1.252 0.136 0.843
1.084 0.000 0.024 0.000 0.039 1.252 0.136 0.843
1.196 0.388 0.022 0.000 0.039 1.229 0.137 4.320
1.307 0.388 0.022 0.000 0.039 1.229 0.137 4.320
1.418 0.388 0.022 0.000 0.039 1.229 0.137 4.320
1.530 0.388 0.022 0.000 0.039 1.229 0.137 4.320
1.640 0.388 0.022 0.000 0.064 1.229 0.137 4.320
1.751 0.388 0.022 0.000 0.064 1.229 0.137 4.320
1.856 0.388 0.022 0.000 0.064 1.229 0.137 4.320
1.958 0.388 0.022 0.000 0.064 1.229 0.137 4.320
2.070 0.388 0.022 0.000 0.064 1.229 0.137 4.320
2.181 0.613 0.165 0.000 0.064 1.813 0.139 4.810
2.284 0.613 0.165 0.000 0.064 1.813 0.139 4.810
2.386 0.613 0.165 0.000 0.064 1.813 0.139 4.810
2.489 0.613 0.165 0.000 0.064 1.813 0.139 4.810
2.597 0.613 0.165 0.000 0.064 1.813 0.139 4.810
2.709 0.613 0.165 0.000 0.152 1.813 0.139 4.810
2.810 0.613 0.165 0.000 0.152 1.813 0.139 4.810
2.918 0.613 0.165 0.000 0.152 1.813 0.139 4.810
3.020 0.613 0.165 0.000 0.152 1.813 0.139 4.810
3.124 0.613 0.165 0.000 0.152 1.813 0.139 4.810
3.230 2.287 0.668 0.000 0.152 2.662 0.144 4.123
3.342 2.287 0.668 0.000 0.152 2.662 0.144 4.123
3.453 2.287 0.668 0.000 0.152 2.662 0.144 4.123
3.564 2.287 0.668 0.000 0.152 2.662 0.144 4.123
3.665 2.287 0.668 0.000 0.166 2.662 0.144 4.123
3.776 2.287 0.668 0.000 0.166 2.662 0.144 4.123
3.878 2.287 0.668 0.000 0.166 2.662 0.144 4.123
3.980 2.287 0.668 0.000 0.166 2.662 0.144 4.123
4.082 2.287 0.668 0.000 0.166 2.662 0.144 4.123
4.193 2.273 0.665 0.000 0.166 5.892 0.138 4.304
4.302 2.273 0.665 0.000 0.166 5.892 0.138 4.304
4.404 2.273 0.665 0.000 0.166 5.892 0.138 4.304
4.508 2.273 0.665 0.000 0.166 5.892 0.138 4.304
4.611 2.273 0.665 0.000 0.166 5.892 0.138 4.304
4.722 2.273 0.665 0.000 0.166 5.892 0.138 4.304
4.833 2.273 0.665 0.000 0.166 5.892 0.138 4.304
4.935 2.273 0.665 0.000 0.166 5.892 0.138 4.304
5.038 2.273 0.665 0.000 0.166 5.892 0.138 4.304
5.149 2.231 0.684 0.000 0.166 5.832 0.142 3.922
5.253 2.231 0.684 0.000 0.166 5.832 0.142 3.922
5.355 2.231 0.684 0.000 0.166 5.832 0.142 3.922
5.466 2.231 0.684 0.000 0.166 5.832 0.142 3.922
5.577 2.231 0.684 0.000 0.166 5.832 0.142 3.922
5.679 2.231 0.684 0.000 0.180 5.832 0.142 3.922
5.790 2.231 0.684 0.000 0.180 5.832 0.142 3.922
5.902 2.231 0.684 0.000 0.180 5.832 0.142 3.922
6.013 2.231 0.684 0.000 0.180 5.832 0.142 3.922
6.124 2.231 0.684 0.000 0.180 5.832 0.142 3.922
6.226 2.255 0.657 0.000 0.180 6.030 0.141 4.133
6.338 2.255 0.657 0.000 0.180 6.030 0.141 4.133
6.440 2.255 0.657 0.000 0.180 6.030 0.141 4.133
6.551 2.255 0.657 0.000 0.180 6.030 0.141 4.133
6.662 2.255 0.657 0.000 0.183 6.030 0.141 4.133
6.773 2.255 0.657 0.000 0.183 6.030 0.141 4.133
6.884 2.255 0.657 0.000 0.183 6.030 0.141 4.133
6.995 2.255 0.657 0.000 0.183 6.030 0.141 4.133
7.107 2.255 0.657 0.000 0.183 6.030 0.141 4.133
7.218 2.232 0.663 0.000 0.183 6.161 0.139 4.380
7.329 2.232 0.663 0.000 0.183 6.161 0.139 4.380
7.440 2.232 0.663 0.000 0.183 6.161 0.139 4.380
7.551 2.232 0.663 0.000 0.183 6.161 0.139 4.380
7.662 2.232 0.663 0.000 0.169 6.161 0.139 4.380
7.773 2.232 0.663 0.000 0.169 6.161 0.139 4.380
7.884 2.232 0.663 0.000 0.169 6.161 0.139 4.380
7.996 2.232 0.663 0.000 0.169 6.161 0.139 4.380
8.099 2.232 0.663 0.000 0.169 6.161 0.139 4.380
8.208 2.225 0.686 0.000 0.169 5.926 0.139 5.137
8.311 2.225 0.686 0.000 0.169 5.926 0.139 5.137
8.422 2.225 0.686 0.000 0.169 5.926 0.139 5.137
8.533 2.225 0.686 0.000 0.169 5.926 0.139 5.137
8.644 2.225 0.686 0.000 0.186 5.926 0.139 5.137
8.756 2.225 0.686 0.000 0.186 5.926 0.139 5.137
8.867 2.225 0.686 0.000 0.186 5.926 0.139 5.137
8.978 2.225 0.686 0.000 0.186 5.926 0.139 5.137
9.089 2.225 0.686 0.000 0.186 5.926 0.139 5.137
9.199 2.368 0.668 0.000 0.186 6.037 0.142 4.553
9.310 2.368 0.668 0.000 0.186 6.037 0.142 4.553
9.421 2.368 0.668 0.000 0.186 6.037 0.142 4.553
9.533 2.368 0.668 0.000 0.186 6.037 0.142 4.553
9.644 2.368 0.668 0.000 0.182 6.037 0.142 4.553
9.755 2.368 0.668 0.000 0.182 6.037 0.142 4.553
9.866 2.368 0.668 0.000 0.182 6.037 0.142 4.553
9.969 2.368 0.668 0.000 0.182 6.037 0.142 4.553
10.080 2.368 0.668 0.000 0.182 6.037 0.142 4.553
10.183 2.269 0.677 0.000 0.182 6.127 0.139 5.290
10.285 2.269 0.677 0.000 0.182 6.127 0.139 5.290
10.388 2.269 0.677 0.000 0.182 6.127 0.139 5.290
10.490 2.269 0.677 0.000 0.182 6.127 0.139 5.290
10.597 2.269 0.677 0.000 0.182 6.127 0.139 5.290
10.704 2.269 0.677 0.000 0.180 6.127 0.139 5.290
10.815 2.269 0.677 0.000 0.180 6.127 0.139 5.290
10.926 2.269 0.677 0.000 0.180 6.127 0.139 5.290
11.037 2.269 0.677 0.000 0.180 6.127 0.139 5.290
11.148 2.287 0.683 0.000 0.180 5.999 0.141 4.265
11.260 2.287 0.683 0.000 0.180 5.999 0.141 4.265
11.361 2.287 0.683 0.000 0.180 5.999 0.141 4.265
11.463 2.287 0.683 0.000 0.180 5.999 0.141 4.265
11.574 2.287 0.683 0.000 0.180 5.999 0.141 4.265
11.677 2.287 0.683 0.000 0.201 5.999 0.141 4.265
11.788 2.287 0.683 0.000 0.201 5.999 0.141 4.265
11.890 2.287 0.683 0.000 0.201 5.999 0.141 4.265
11.992 2.287 0.683 0.000 0.201 5.999 0.141 4.265
12.094 2.287 0.683 0.000 0.201 5.999 0.141 4.265
12.206 2.331 0.679 0.000 0.201 5.964 0.151 4.378
12.316 2.331 0.679 0.000 0.201 5.964 0.151 4.378
12.428 2.331 0.679 0.000 0.201 5.964 0.151 4.378
12.533 2.331 0.679 0.000 0.201 5.964 0.151 4.378
12.644 2.331 0.679 0.000 0.169 5.964 0.151 4.378
12.747 2.331 0.679 0.000 0.169 5.964 0.151 4.378
12.849 2.331 0.679 0.000 0.169 5.964 0.151 4.378
12.961 2.331 0.679 0.000 0.169 5.964 0.151 4.378
13.072 2.331 0.679 0.000 0.169 5.964 0.151 4.378
13.183 2.226 0.689 0.000 0.169 6.022 0.138 3.840
13.294 2.226 0.689 0.000 0.169 6.022 0.138 3.840
13.405 2.226 0.689 0.000 0.169 6.022 0.138 3.840
13.516 2.226 0.689 0.000 0.169 6.022 0.138 3.840
13.627 2.226 0.689 0.000 0.169 6.022 0.138 3.840
13.738 2.226 0.689 0.000 0.166 6.022 0.138 3.840
13.844 2.226 0.689 0.000 0.166 6.022 0.138 3.840
13.946 2.226 0.689 0.000 0.166 6.022 0.138 3.840
14.057 2.226 0.689 0.000 0.166 6.022 0.138 3.840
14.159 2.205 0.677 0.000 0.166 5.919 0.138 3.875
14.262 2.205 0.677 0.000 0.166 5.919 0.138 3.875
14.373 2.205 0.677 0.000 0.166 5.919 0.138 3.875
14.484 2.205 0.677 0.000 0.166 5.919 0.138 3.875
14.595 2.205 0.677 0.000 0.166 5.919 0.138 3.875
14.706 2.205 0.677 0.000 0.172 5.919 0.138 3.875
14.817 2.205 0.677 0.000 0.172 5.919 0.138 3.875
14.928 2.205 0.677 0.000 0.172 5.919 0.138 3.875
15.031 2.205 0.677 0.000 0.172 5.919 0.138 3.875
15.142 1.161 0.338 0.000 0.172 5.939 0.137 0.527
15.246 1.161 0.338 0.000 0.172 5.939 0.137 0.527
15.356 1.161 0.338 0.000 0.172 5.939 0.137 0.527
15.460 1.161 0.338 0.000 0.172 5.939 0.137 0.527
15.571 1.161 0.338 0.000 0.172 5.939 0.137 0.527
15.676 1.161 0.338 0.000 0.050 5.939 0.137 0.527
15.788 1.161 0.338 0.000 0.050 5.939 0.137 0.527
15.900 1.161 0.338 0.000 0.050 5.939 0.137 0.527
16.006 1.161 0.338 0.000 0.050 5.939 0.137 0.527
16.115 1.161 0.338 0.000 0.050 5.939 0.137 0.527
16.226 0.025 0.022 0.000 0.050 3.516 0.141 3.763
16.329 0.025 0.022 0.000 0.050 3.516 0.141 3.763
16.434 0.025 0.022 0.000 0.050 3.516 0.141 3.763
16.544 0.025 0.022 0.000 0.050 3.516 0.141 3.763
16.655 0.025 0.022 0.000 0.062 3.516 0.141 3.763
16.764 0.025 0.022 0.000 0.062 3.516 0.141 3.763
16.875 0.025 0.022 0.000 0.062 3.516 0.141 3.763
16.978 0.025 0.022 0.000 0.062 3.516 0.141 3.763
17.089 0.025 0.022 0.000 0.062 3.516 0.141 3.763
17.193 0.029 0.021 0.000 0.062 1.520 0.131 0.417
17.298 0.029 0.021 0.000 0.062 1.520 0.131 0.417
17.406 0.029 0.021 0.000 0.062 1.520 0.131 0.417
17.518 0.029 0.021 0.000 0.062 1.520 0.131 0.417
17.628 0.029 0.021 0.000 0.062 1.520 0.131 0.417
17.740 0.029 0.021 0.000 0.035 1.520 0.131 0.417
17.852 0.029 0.021 0.000 0.035 1.520 0.131 0.417
17.956 0.029 0.021 0.000 0.035 1.520 0.131 0.417
18.063 0.029 0.021 0.000 0.035 1.520 0.131 0.417
18.173 0.000 0.022 0.000 0.035 1.326 0.135 0.536
18.284 0.000 0.022 0.000 0.035 1.326 0.135 0.536
18.395 0.000 0.022 0.000 0.035 1.326 0.135 0.536
18.506 0.000 0.022 0.000 0.035 1.326 0.135 0.536
18.613 0.000 0.022 0.000 0.035 1.326 0.135 0.536
18.716 0.000 0.022 0.000 0.038 1.326 0.135 0.536
18.822 0.000 0.022 0.000 0.038 1.326 0.135 0.536
18.929 0.000 0.022 0.000 0.038 1.326 0.135 0.536
19.041 0.000 0.022 0.000 0.038 1.326 0.135 0.536
19.144 0.000 0.021 0.000 0.038 1.218 0.135 0.552
19.255 0.000 0.021 0.000 0.038 1.218 0.135 0.552
19.366 0.000 0.021 0.000 0.038 1.218 0.135 0.552
19.472 0.000 0.021 0.000 0.038 1.218 0.135 0.552
19.579 0.000 0.021 0.000 0.038 1.218 0.135 0.552
19.684 0.000 0.021 0.000 0.038 1.218 0.135 0.552
19.790 0.000 0.021 0.000 0.038 1.218 0.135 0.552
19.900 0.000 0.021 0.000 0.038 1.218 0.135 0.552
20.010 0.000 0.021 0.000 0.038 1.218 0.135 0.552
20.122 0.000 0.021 0.000 0.038 1.218 0.135 0.552
20.229 0.000 0.020 0.000 0.038 1.223 0.135 0.694
20.340 0.000 0.020 0.000 0.038 1.223 0.135 0.694
20.448 0.000 0.020 0.000 0.038 1.223 0.135 0.694
20.556 0.000 0.020 0.000 0.038 1.223 0.135 0.694
20.664 0.000 0.020 0.000 0.039 1.223 0.135 0.694
20.776 0.000 0.020 0.000 0.039 1.223 0.135 0.694
20.887 0.000 0.020 0.000 0.039 1.223 0.135 0.694
20.990 0.000 0.020 0.000 0.039 1.223 0.135 0.694
21.101 0.000 0.020 0.000 0.039 1.223 0.135 0.694
21.205 0.000 0.020 0.000 0.039 1.217 0.133 0.361
21.311 0.000 0.020 0.000 0.039 1.217 0.133 0.361
21.423 0.000 0.020 0.000 0.039 1.217 0.133 0.361
21.527 0.000 0.020 0.000 0.039 1.217 0.133 0.361
21.638 0.000 0.020 0.000 0.038 1.217 0.133 0.361
21.750 0.000 0.020 0.000 0.038 1.217 0.133 0.361
21.862 0.000 0.020 0.000 0.038 1.217 0.133 0.361
21.967 0.000 0.020 0.000 0.038 1.217 0.133 0.361
22.071 0.000 0.020 0.000 0.038 1.217 0.133 0.361
22.183 0.010 0.019 0.000 0.038 1.326 0.132 1.590
22.286 0.010 0.019 0.000 0.038 1.326 0.132 1.590
22.397 0.010 0.019 0.000 0.038 1.326 0.132 1.590
22.506 0.010 0.019 0.000 0.038 1.326 0.132 1.590
22.615 0.010 0.019 0.000 0.038 1.326 0.132 1.590
22.726 0.010 0.019 0.000 0.045 1.326 0.132 1.590
22.833 0.010 0.019 0.000 0.045 1.326 0.132 1.590
22.939 0.010 0.019 0.000 0.045 1.326 0.132 1.590
23.048 0.010 0.019 0.000 0.045 1.326 0.132 1.590
23.156 0.069 0.021 0.000 0.045 1.245 0.137 0.403
23.264 0.069 0.021 0.000 0.045 1.245 0.137 0.403
23.374 0.069 0.021 0.000 0.045 1.245 0.137 0.403
23.485 0.069 0.021 0.000 0.045 1.245 0.137 0.403
23.590 0.069 0.021 0.000 0.045 1.245 0.137 0.403
23.699 0.069 0.021 0.000 0.045 1.245 0.137 0.403
23.806 0.069 0.021 0.000 0.045 1.245 0.137 0.403
23.918 0.069 0.021 0.000 0.045 1.245 0.137 0.403
24.027 0.069 0.021 0.000 0.045 1.245 0.137 0.403
24.139 0.069 0.021 0.000 0.045 1.245 0.137 0.403
24.250 0.062 0.022 0.000 0.045 1.405 0.140 0.428
24.356 0.062 0.022 0.000 0.045 1.405 0.140 0.428
24.464 0.062 0.022 0.000 0.045 1.405 0.140 0.428
24.571 0.062 0.022 0.000 0.045 1.405 0.140 0.428
24.683 0.062 0.022 0.000 0.039 1.405 0.140 0.428
24.794 0.062 0.022 0.000 0.039 1.405 0.140 0.428
24.902 0.062 0.022 0.000 0.039 1.405 0.140 0.428
25.006 0.062 0.022 0.000 0.039 1.405 0.140 0.428
25.111 0.062 0.022 0.000 0.039 1.405 0.140 0.428
25.223 0.000 0.024 0.000 0.039 1.395 0.139 0.486
25.331 0.000 0.024 0.000 0.039 1.395 0.139 0.486
25.440 0.000 0.024 0.000 0.039 1.395 0.139 0.486
25.547 0.000 0.024 0.000 0.039 1.395 0.139 0.486
25.656 0.000 0.024 0.000 0.038 1.395 0.139 0.486
25.767 0.000 0.024 0.000 0.038 1.395 0.139 0.486
25.877 0.000 0.024 0.000 0.038 1.395 0.139 0.486
25.989 0.000 0.024 0.000 0.038 1.395 0.139 0.486
