0.000 0.000 0.023 0.000 0.040 1.412 0.140 0.568
0.110 0.000 0.023 0.000 0.040 1.412 0.140 0.568
0.219 0.000 0.023 0.000 0.039 1.412 0.140 0.568
0.322 0.000 0.023 0.000 0.039 1.412 0.140 0.568
0.432 0.000 0.023 0.000 0.039 1.412 0.140 0.568
0.536 0.000 0.023 0.000 0.039 1.412 0.140 0.568
0.648 0.000 0.023 0.000 0.039 1.412 0.140 0.568
0.753 0.000 0.020 0.000 0.039 1.174 0.140 0.431
0.864 0.000 0.020 0.000 0.039 1.174 0.140 0.431
0.969 0.000 0.020 0.000 0.039 1.174 0.140 0.431
1.076 0.000 0.020 0.000 0.039 1.174 0.140 0.431
1.187 0.000 0.020 0.000 0.061 1.174 0.140 0.431
1.299 0.000 0.020 0.000 0.061 1.174 0.140 0.431
1.407 0.000 0.020 0.000 0.061 1.174 0.140 0.431
1.519 0.000 0.020 0.000 0.061 1.174 0.140 0.431
1.631 0.000 0.020 0.000 0.061 1.174 0.140 0.431
1.738 1.055 0.024 0.000 0.061 1.221 0.136 0.459
1.848 1.055 0.024 0.000 0.061 1.221 0.136 0.459
1.952 1.055 0.024 0.000 0.061 1.221 0.136 0.459
2.055 1.055 0.024 0.000 0.061 1.221 0.136 0.459
2.158 1.055 0.024 0.000 0.061 1.221 0.136 0.459
2.260 1.055 0.024 0.000 0.092 1.221 0.136 0.459
2.362 1.055 0.024 0.000 0.092 1.221 0.136 0.459
2.464 1.055 0.024 0.000 0.092 1.221 0.136 0.459
2.575 1.055 0.024 0.000 0.092 1.221 0.136 0.459
2.687 1.055 0.024 0.000 0.092 1.221 0.139 5.345
2.790 1.791 0.769 0.000 0.092 2.958 0.139 5.345
2.893 1.791 0.769 0.000 0.092 2.958 0.139 5.345
2.995 1.791 0.769 0.000 0.092 2.958 0.139 5.345
3.097 1.791 0.769 0.000 0.092 2.958 0.139 5.345
3.209 1.791 0.769 0.000 0.166 2.958 0.139 5.345
3.320 1.791 0.769 0.000 0.166 2.958 0.139 5.345
3.431 1.791 0.769 0.000 0.166 2.958 0.139 5.345
3.542 1.791 0.769 0.000 0.166 2.958 0.139 5.345
3.653 1.791 0.769 0.000 0.166 2.958 0.139 5.345
3.764 2.679 1.137 0.000 0.166 5.402 0.144 5.377
3.875 2.679 1.137 0.000 0.166 5.402 0.144 5.377
3.986 2.679 1.137 0.000 0.166 5.402 0.144 5.377
4.098 2.679 1.137 0.000 0.166 5.402 0.144 5.377
4.201 2.679 1.137 0.000 0.168 5.402 0.144 5.377
4.312 2.679 1.137 0.000 0.168 5.402 0.144 5.377
4.414 2.679 1.137 0.000 0.168 5.402 0.144 5.377
4.525 2.679 1.137 0.000 0.168 5.402 0.144 5.377
4.628 2.679 1.137 0.000 0.168 5.402 0.144 5.377
4.730 2.689 1.126 0.000 0.168 7.531 0.141 6.149
4.832 2.689 1.126 0.000 0.168 7.531 0.141 6.149
4.935 2.689 1.126 0.000 0.168 7.531 0.141 6.149
5.037 2.689 1.126 0.000 0.168 7.531 0.141 6.149
5.146 2.689 1.126 0.000 0.168 7.531 0.141 6.149
5.254 2.689 1.126 0.000 0.168 7.531 0.141 6.149
5.365 2.689 1.126 0.000 0.168 7.531 0.141 6.149
5.477 2.689 1.126 0.000 0.168 7.531 0.141 6.149
5.578 2.689 1.126 0.000 0.168 7.531 0.141 6.149
5.683 2.689 1.126 0.000 0.168 7.531 0.141 6.149
5.794 2.722 1.166 0.000 0.168 7.552 0.141 5.716
5.906 2.722 1.166 0.000 0.168 7.552 0.141 5.716
6.007 2.722 1.166 0.000 0.168 7.552 0.141 5.716
6.109 2.722 1.166 0.000 0.168 7.552 0.141 5.716
6.213 2.722 1.166 0.000 0.163 7.552 0.141 5.716
6.324 2.722 1.166 0.000 0.163 7.552 0.141 5.716
6.433 2.722 1.166 0.000 0.163 7.552 0.141 5.716
6.543 2.722 1.166 0.000 0.163 7.552 0.141 5.716
6.655 2.722 1.166 0.000 0.163 7.552 0.141 5.716
6.766 2.747 1.142 0.000 0.163 7.566 0.140 5.468
6.877 2.747 1.142 0.000 0.163 7.566 0.140 5.468
6.983 2.747 1.142 0.000 0.163 7.566 0.140 5.468
7.094 2.747 1.142 0.000 0.163 7.566 0.140 5.468
7.206 2.747 1.142 0.000 0.163 7.566 0.140 5.468
7.317 2.747 1.142 0.000 0.163 7.566 0.140 5.468
7.418 2.747 1.142 0.000 0.163 7.566 0.140 5.468
7.530 2.747 1.142 0.000 0.163 7.566 0.140 5.468
7.632 2.747 1.142 0.000 0.163 7.566 0.140 5.468
7.738 2.716 1.108 0.000 0.163 7.547 0.139 5.211
7.841 2.716 1.108 0.000 0.163 7.547 0.139 5.211
7.943 2.716 1.108 0.000 0.163 7.547 0.139 5.211
8.045 2.716 1.108 0.000 0.163 7.547 0.139 5.211
8.156 2.716 1.108 0.000 0.163 7.547 0.139 5.211
8.267 2.716 1.108 0.000 0.168 7.547 0.139 5.211
8.379 2.716 1.108 0.000 0.168 7.547 0.139 5.211
8.490 2.716 1.108 0.000 0.168 7.547 0.139 5.211
8.601 2.716 1.108 0.000 0.168 7.547 0.139 5.211
8.702 2.710 1.118 0.000 0.168 7.584 0.139 5.525
8.813 2.710 1.118 0.000 0.168 7.584 0.139 5.525
8.915 2.710 1.118 0.000 0.168 7.584 0.139 5.525
9.026 2.710 1.118 0.000 0.168 7.584 0.139 5.525
9.137 2.710 1.118 0.000 0.168 7.584 0.139 5.525
9.249 2.710 1.118 0.000 0.167 7.584 0.139 5.525
9.360 2.710 1.118 0.000 0.167 7.584 0.139 5.525
9.471 2.710 1.118 0.000 0.167 7.584 0.139 5.525
9.573 2.710 1.118 0.000 0.167 7.584 0.139 5.525
9.676 2.710 1.118 0.000 0.167 7.584 0.139 5.525
9.778 2.800 1.124 0.000 0.167 7.546 0.142 5.578
9.889 2.800 1.124 0.000 0.167 7.546 0.142 5.578
10.000 2.800 1.124 0.000 0.167 7.546 0.142 5.578
10.111 2.800 1.124 0.000 0.167 7.546 0.142 5.578
10.222 2.800 1.124 0.000 0.176 7.546 0.142 5.578
10.334 2.800 1.124 0.000 0.176 7.546 0.142 5.578
10.436 2.800 1.124 0.000 0.176 7.546 0.142 5.578
10.547 2.800 1.124 0.000 0.176 7.546 0.142 5.578
10.649 2.800 1.124 0.000 0.176 7.546 0.142 5.578
10.751 2.621 1.150 0.000 0.176 7.671 0.142 5.405
10.853 2.621 1.150 0.000 0.176 7.671 0.142 5.405
10.964 2.621 1.150 0.000 0.176 7.671 0.142 5.405
11.075 2.621 1.150 0.000 0.176 7.671 0.142 5.405
11.177 2.621 1.150 0.000 0.176 7.671 0.142 5.405
11.279 2.621 1.150 0.000 0.178 7.671 0.142 5.405
11.391 2.621 1.150 0.000 0.178 7.671 0.142 5.405
11.492 2.621 1.150 0.000 0.178 7.671 0.142 5.405
11.595 2.621 1.150 0.000 0.178 7.671 0.142 5.405
11.706 2.646 1.135 0.000 0.178 7.862 0.146 5.515
11.817 2.646 1.135 0.000 0.178 7.862 0.146 5.515
11.928 2.646 1.135 0.000 0.178 7.862 0.146 5.515
12.039 2.646 1.135 0.000 0.178 7.862 0.146 5.515
12.141 2.646 1.135 0.000 0.178 7.862 0.146 5.515
12.253 2.646 1.135 0.000 0.181 7.862 0.146 5.515
12.364 2.646 1.135 0.000 0.181 7.862 0.146 5.515
12.475 2.646 1.135 0.000 0.181 7.862 0.146 5.515
12.586 2.646 1.135 0.000 0.181 7.862 0.146 5.515
12.697 2.689 1.128 0.000 0.181 7.872 0.143 5.483
12.808 2.689 1.128 0.000 0.181 7.872 0.143 5.483
12.919 2.689 1.128 0.000 0.181 7.872 0.143 5.483
13.031 2.689 1.128 0.000 0.181 7.872 0.143 5.483
13.142 2.689 1.128 0.000 0.181 7.872 0.143 5.483
13.245 2.689 1.128 0.000 0.177 7.872 0.143 5.483
13.347 2.689 1.128 0.000 0.177 7.872 0.143 5.483
13.459 2.689 1.128 0.000 0.177 7.872 0.143 5.483
13.560 2.689 1.128 0.000 0.177 7.872 0.143 5.483
13.663 2.689 1.128 0.000 0.177 7.872 0.143 5.483
13.774 2.832 1.164 0.000 0.177 7.677 0.150 5.474
13.885 2.832 1.164 0.000 0.177 7.677 0.150 5.474
13.996 2.832 1.164 0.000 0.177 7.677 0.150 5.474
14.098 2.832 1.164 0.000 0.177 7.677 0.150 5.474
14.200 2.832 1.164 0.000 0.178 7.677 0.150 5.474
14.309 2.832 1.164 0.000 0.178 7.677 0.150 5.474
14.420 2.832 1.164 0.000 0.178 7.677 0.150 5.474
14.521 2.832 1.164 0.000 0.178 7.677 0.150 5.474
14.624 2.832 1.164 0.000 0.178 7.677 0.150 5.474
14.728 2.742 1.141 0.000 0.178 7.918 0.140 5.911
14.839 2.742 1.141 0.000 0.178 7.918 0.140 5.911
14.950 2.742 1.141 0.000 0.178 7.918 0.140 5.911
15.061 2.742 1.141 0.000 0.178 7.918 0.140 5.911
15.169 2.742 1.141 0.000 0.178 7.918 0.140 5.911
15.281 2.742 1.141 0.000 0.143 7.918 0.140 5.911
15.386 2.742 1.141 0.000 0.143 7.918 0.140 5.911
15.488 2.742 1.141 0.000 0.143 7.918 0.140 5.911
15.589 2.742 1.141 0.000 0.143 7.918 0.140 5.911
15.701 0.576 0.263 0.000 0.143 7.660 0.138 0.430
15.813 0.576 0.263 0.000 0.143 7.660 0.138 0.430
15.921 0.576 0.263 0.000 0.143 7.660 0.138 0.430
16.029 0.576 0.263 0.000 0.143 7.660 0.138 0.430
16.140 0.576 0.263 0.000 0.143 7.660 0.138 0.430
16.244 0.576 0.263 0.000 0.043 7.660 0.138 0.430
16.353 0.576 0.263 0.000 0.043 7.660 0.138 0.430
16.460 0.576 0.263 0.000 0.043 7.660 0.138 0.430
16.569 0.576 0.263 0.000 0.043 7.660 0.138 0.430
16.677 0.576 0.263 0.000 0.043 7.660 0.138 0.430
16.789 0.000 0.021 0.000 0.043 2.766 0.139 0.772
16.894 0.000 0.021 0.000 0.043 2.766 0.139 0.772
16.997 0.000 0.021 0.000 0.043 2.766 0.139 0.772
17.109 0.000 0.021 0.000 0.043 2.766 0.139 0.772
17.212 0.000 0.021 0.000 0.075 2.766 0.139 0.772
17.315 0.000 0.021 0.000 0.075 2.766 0.139 0.772
17.417 0.000 0.021 0.000 0.075 2.766 0.139 0.772
17.524 0.000 0.021 0.000 0.075 2.766 0.139 0.772
17.635 0.000 0.021 0.000 0.075 2.766 0.139 0.772
17.747 0.054 0.024 0.000 0.075 1.251 0.144 0.635
17.852 0.054 0.024 0.000 0.075 1.251 0.144 0.635
17.958 0.054 0.024 0.000 0.075 1.251 0.144 0.635
18.069 0.054 0.024 0.000 0.075 1.251 0.144 0.635
18.179 0.054 0.024 0.000 0.045 1.251 0.144 0.635
18.288 0.054 0.024 0.000 0.045 1.251 0.144 0.635
18.400 0.054 0.024 0.000 0.045 1.251 0.144 0.635
18.503 0.054 0.024 0.000 0.045 1.251 0.144 0.635
18.611 0.054 0.024 0.000 0.045 1.251 0.144 0.635
18.719 0.000 0.023 0.000 0.045 1.684 0.134 0.450
18.824 0.000 0.023 0.000 0.045 1.684 0.134 0.450
18.927 0.000 0.023 0.000 0.045 1.684 0.134 0.450
19.036 0.000 0.023 0.000 0.045 1.684 0.134 0.450
19.144 0.000 0.023 0.000 0.045 1.684 0.134 0.450
19.253 0.000 0.023 0.000 0.041 1.684 0.134 0.450
19.362 0.000 0.023 0.000 0.041 1.684 0.134 0.450
19.469 0.000 0.023 0.000 0.041 1.684 0.134 0.450
19.574 0.000 0.023 0.000 0.041 1.684 0.134 0.450
19.680 0.000 0.023 0.000 0.041 1.684 0.134 0.450
19.786 0.000 0.023 0.000 0.041 1.249 0.137 0.773
19.888 0.000 0.023 0.000 0.041 1.249 0.137 0.773
20.000 0.000 0.023 0.000 0.041 1.249 0.137 0.773
20.111 0.000 0.023 0.000 0.041 1.249 0.137 0.773
20.221 0.000 0.023 0.128 0.040 1.249 0.137 0.773
20.327 0.000 0.023 0.128 0.040 1.249 0.137 0.773
20.436 0.000 0.023 0.128 0.040 1.249 0.137 0.773
20.544 0.000 0.023 0.128 0.040 1.249 0.137 0.773
20.652 0.000 0.023 0.128 0.040 1.249 0.137 0.773
20.764 0.000 0.024 0.128 0.040 1.238 0.133 0.831
20.869 0.000 0.024 0.128 0.040 1.238 0.133 0.831
20.977 0.000 0.024 0.128 0.040 1.238 0.133 0.831
21.089 0.000 0.024 0.128 0.040 1.238 0.133 0.831
21.199 0.000 0.024 0.000 0.039 1.238 0.133 0.831
21.303 0.000 0.024 0.000 0.039 1.238 0.133 0.831
21.412 0.000 0.024 0.000 0.039 1.238 0.133 0.831
21.524 0.000 0.024 0.000 0.039 1.238 0.133 0.831
21.635 0.000 0.024 0.000 0.039 1.238 0.133 0.831
21.744 0.026 0.020 0.000 0.039 1.225 0.137 1.058
21.853 0.026 0.020 0.000 0.039 1.225 0.137 1.058
21.964 0.026 0.020 0.000 0.039 1.225 0.137 1.058
22.074 0.026 0.020 0.000 0.039 1.225 0.137 1.058
22.177 0.026 0.020 0.000 0.039 1.225 0.137 1.058
22.282 0.026 0.020 0.000 0.042 1.225 0.137 1.058
22.386 0.026 0.020 0.000 0.042 1.225 0.137 1.058
22.497 0.026 0.020 0.000 0.042 1.225 0.137 1.058
22.603 0.026 0.020 0.000 0.042 1.225 0.137 1.058
22.711 0.000 0.023 0.000 0.042 1.322 0.136 0.569
22.819 0.000 0.023 0.000 0.042 1.322 0.136 0.569
22.922 0.000 0.023 0.000 0.042 1.322 0.136 0.569
23.029 0.000 0.023 0.000 0.042 1.322 0.136 0.569
23.136 0.000 0.023 0.000 0.042 1.322 0.136 0.569
23.241 0.000 0.023 0.000 0.038 1.322 0.136 0.569
23.353 0.000 0.023 0.000 0.038 1.322 0.136 0.569
23.458 0.000 0.023 0.000 0.038 1.322 0.136 0.569
23.569 0.000 0.023 0.000 0.038 1.322 0.136 0.569
23.678 0.000 0.023 0.000 0.038 1.322 0.136 0.569
23.786 0.000 0.021 0.000 0.038 1.192 0.137 0.393
23.895 0.000 0.021 0.000 0.038 1.192 0.137 0.393
24.003 0.000 0.021 0.000 0.038 1.192 0.137 0.393
24.113 0.000 0.021 0.000 0.038 1.192 0.137 0.393
24.225 0.000 0.021 0.000 0.040 1.192 0.137 0.393
24.336 0.000 0.021 0.000 0.040 1.192 0.137 0.393
24.447 0.000 0.021 0.000 0.040 1.192 0.137 0.393
24.559 0.000 0.021 0.000 0.040 1.192 0.137 0.393
24.669 0.000 0.021 0.000 0.040 1.192 0.137 0.393
24.780 0.000 0.021 0.000 0.040 1.245 0.135 0.459
24.892 0.000 0.021 0.000 0.040 1.245 0.135 0.459
25.000 0.000 0.021 0.000 0.040 1.245 0.135 0.459
25.111 0.000 0.021 0.000 0.040 1.245 0.135 0.459
25.221 0.000 0.021 0.000 0.040 1.245 0.135 0.459
25.333 0.000 0.021 0.000 0.040 1.245 0.135 0.459
25.443 0.000 0.021 0.000 0.040 1.245 0.135 0.459
25.547 0.000 0.021 0.000 0.040 1.245 0.135 0.459
25.652 0.000 0.021 0.000 0.040 1.245 0.135 0.459
25.764 0.000 0.021 0.000 0.040 1.224 0.139 0.588
25.873 0.000 0.021 0.000 0.040 1.224 0.139 0.588
25.980 0.000 0.021 0.000 0.040 1.224 0.139 0.588
