0.000 0.000 0.022 0.000 0.039 1.233 0.138 0.715
0.109 0.000 0.022 0.000 0.039 1.233 0.138 0.715
0.220 0.000 0.022 0.000 0.039 1.233 0.138 0.715
0.332 0.000 0.022 0.000 0.039 1.233 0.138 0.715
0.436 0.000 0.020 0.000 0.039 1.336 0.139 0.590
0.547 0.000 0.020 0.000 0.039 1.336 0.139 0.590
0.657 0.000 0.020 0.000 0.039 1.336 0.139 0.590
0.769 0.000 0.020 0.000 0.039 1.336 0.139 0.590
0.876 0.000 0.020 0.000 0.038 1.336 0.139 0.590
0.979 0.000 0.020 0.000 0.038 1.336 0.139 0.590
1.091 0.000 0.020 0.000 0.038 1.336 0.139 0.590
1.202 0.000 0.020 0.000 0.038 1.336 0.139 0.590
1.313 0.000 0.020 0.000 0.038 1.336 0.139 0.590
1.417 0.455 0.025 0.000 0.038 1.215 0.137 1.114
1.528 0.455 0.025 0.000 0.038 1.215 0.137 1.114
1.633 0.455 0.025 0.000 0.038 1.215 0.137 1.114
1.745 0.455 0.025 0.000 0.038 1.215 0.137 1.114
1.847 0.455 0.025 0.000 0.068 1.215 0.137 1.114
1.959 0.455 0.025 0.000 0.068 1.215 0.137 1.114
2.070 0.455 0.025 0.000 0.068 1.215 0.137 1.114
2.181 0.455 0.025 0.000 0.068 1.215 0.137 1.114
2.292 0.455 0.025 0.000 0.068 1.215 0.137 1.114
2.395 0.907 0.300 0.000 0.068 1.923 0.137 4.056
2.498 0.907 0.300 0.000 0.068 1.923 0.137 4.056
2.609 0.907 0.300 0.000 0.068 1.923 0.137 4.056
2.713 0.907 0.300 0.000 0.068 1.923 0.137 4.056
2.816 0.907 0.300 0.000 0.068 1.923 0.137 4.056
2.918 0.907 0.300 0.000 0.158 1.923 0.137 4.056
3.021 0.907 0.300 0.000 0.158 1.923 0.137 4.056
3.123 0.907 0.300 0.000 0.158 1.923 0.137 4.056
3.227 0.907 0.300 0.000 0.158 1.923 0.137 4.056
3.328 0.907 0.300 0.000 0.158 1.923 0.137 4.056
3.431 2.391 0.645 0.000 0.158 3.197 0.142 4.145
3.533 2.391 0.645 0.000 0.158 3.197 0.142 4.145
3.635 2.391 0.645 0.000 0.158 3.197 0.142 4.145
3.737 2.391 0.645 0.000 0.158 3.197 0.142 4.145
3.848 2.391 0.645 0.000 0.187 3.197 0.142 4.145
3.960 2.391 0.645 0.000 0.187 3.197 0.142 4.145
4.071 2.391 0.645 0.000 0.187 3.197 0.142 4.145
4.182 2.391 0.645 0.000 0.187 3.197 0.142 4.145
4.293 2.391 0.645 0.000 0.187 3.197 0.142 4.145
4.396 2.311 0.679 0.000 0.187 6.155 0.141 4.056
4.498 2.311 0.679 0.000 0.187 6.155 0.141 4.056
4.601 2.311 0.679 0.000 0.187 6.155 0.141 4.056
4.703 2.311 0.679 0.000 0.187 6.155 0.141 4.056
4.805 2.311 0.679 0.000 0.187 6.155 0.141 4.056
4.907 2.311 0.679 0.000 0.164 6.155 0.141 4.056
5.013 2.311 0.679 0.000 0.164 6.155 0.141 4.056
5.125 2.311 0.679 0.000 0.164 6.155 0.141 4.056
5.236 2.311 0.679 0.000 0.164 6.155 0.141 4.056
5.338 2.311 0.679 0.000 0.164 6.155 0.141 4.056
5.449 2.283 0.675 0.000 0.164 5.879 0.145 4.260
5.550 2.283 0.675 0.000 0.164 5.879 0.145 4.260
5.661 2.283 0.675 0.000 0.164 5.879 0.145 4.260
5.773 2.283 0.675 0.000 0.164 5.879 0.145 4.260
5.884 2.283 0.675 0.000 0.210 5.879 0.145 4.260
5.986 2.283 0.675 0.000 0.210 5.879 0.145 4.260
6.088 2.283 0.675 0.000 0.210 5.879 0.145 4.260
6.199 2.283 0.675 0.000 0.210 5.879 0.145 4.260
6.302 2.283 0.675 0.000 0.210 5.879 0.145 4.260
6.413 2.262 0.695 0.000 0.210 6.070 0.147 4.191
6.515 2.262 0.695 0.000 0.210 6.070 0.147 4.191
6.626 2.262 0.695 0.000 0.210 6.070 0.147 4.191
6.729 2.262 0.695 0.000 0.210 6.070 0.147 4.191
6.840 2.262 0.695 0.000 0.189 6.070 0.147 4.191
6.946 2.262 0.695 0.000 0.189 6.070 0.147 4.191
7.048 2.262 0.695 0.000 0.189 6.070 0.147 4.191
7.159 2.262 0.695 0.000 0.189 6.070 0.147 4.191
7.270 2.262 0.695 0.000 0.189 6.070 0.147 4.191
7.381 2.352 0.682 0.000 0.189 6.455 0.142 4.431
7.493 2.352 0.682 0.000 0.189 6.455 0.142 4.431
7.604 2.352 0.682 0.000 0.189 6.455 0.142 4.431
7.707 2.352 0.682 0.000 0.189 6.455 0.142 4.431
7.810 2.352 0.682 0.000 0.189 6.455 0.142 4.431
7.921 2.352 0.682 0.000 0.190 6.455 0.142 4.431
8.032 2.352 0.682 0.000 0.190 6.455 0.142 4.431
8.143 2.352 0.682 0.000 0.190 6.455 0.142 4.431
8.254 2.352 0.682 0.000 0.190 6.455 0.142 4.431
8.366 2.258 0.676 0.000 0.190 6.354 0.144 4.063
8.477 2.258 0.676 0.000 0.190 6.354 0.144 4.063
8.588 2.258 0.676 0.000 0.190 6.354 0.144 4.063
8.699 2.258 0.676 0.000 0.190 6.354 0.144 4.063
8.801 2.258 0.676 0.000 0.190 6.354 0.144 4.063
8.903 2.258 0.676 0.000 0.170 6.354 0.144 4.063
9.006 2.258 0.676 0.000 0.170 6.354 0.144 4.063
9.117 2.258 0.676 0.000 0.170 6.354 0.144 4.063
9.219 2.258 0.676 0.000 0.170 6.354 0.144 4.063
9.330 2.258 0.676 0.000 0.170 6.354 0.144 4.063
9.441 2.193 0.678 0.000 0.170 6.139 0.142 4.916
9.552 2.193 0.678 0.000 0.170 6.139 0.142 4.916
9.663 2.193 0.678 0.000 0.170 6.139 0.142 4.916
9.775 2.193 0.678 0.000 0.170 6.139 0.142 4.916
9.878 2.193 0.678 0.000 0.167 6.139 0.142 4.916
9.982 2.193 0.678 0.000 0.167 6.139 0.142 4.916
10.084 2.193 0.678 0.000 0.167 6.139 0.142 4.916
10.195 2.193 0.678 0.000 0.167 6.139 0.142 4.916
10.298 2.193 0.678 0.000 0.167 6.139 0.142 4.916
10.410 2.183 0.681 0.000 0.167 5.969 0.146 4.322
10.521 2.183 0.681 0.000 0.167 5.969 0.146 4.322
10.632 2.183 0.681 0.000 0.167 5.969 0.146 4.322
10.743 2.183 0.681 0.000 0.167 5.969 0.146 4.322
10.855 2.183 0.681 0.000 0.177 5.969 0.146 4.322
10.966 2.183 0.681 0.000 0.177 5.969 0.146 4.322
11.077 2.183 0.681 0.000 0.177 5.969 0.146 4.322
11.188 2.183 0.681 0.000 0.177 5.969 0.146 4.322
11.299 2.183 0.681 0.000 0.177 5.969 0.146 4.322
11.410 2.306 0.672 0.000 0.177 6.063 0.143 4.063
11.522 2.306 0.672 0.000 0.177 6.063 0.143 4.063
11.624 2.306 0.672 0.000 0.177 6.063 0.143 4.063
11.735 2.306 0.672 0.000 0.177 6.063 0.143 4.063
11.846 2.306 0.672 0.000 0.169 6.063 0.143 4.063
11.948 2.306 0.672 0.000 0.169 6.063 0.143 4.063
12.060 2.306 0.672 0.000 0.169 6.063 0.143 4.063
12.162 2.306 0.672 0.000 0.169 6.063 0.143 4.063
12.273 2.306 0.672 0.000 0.169 6.063 0.143 4.063
12.384 2.318 0.679 0.000 0.169 6.037 0.148 4.533
12.495 2.318 0.679 0.000 0.169 6.037 0.148 4.533
12.606 2.318 0.679 0.000 0.169 6.037 0.148 4.533
12.709 2.318 0.679 0.000 0.169 6.037 0.148 4.533
12.820 2.318 0.679 0.000 0.169 6.037 0.148 4.533
12.922 2.318 0.679 0.000 0.185 6.037 0.148 4.533
13.033 2.318 0.679 0.000 0.185 6.037 0.148 4.533
13.145 2.318 0.679 0.000 0.185 6.037 0.148 4.533
13.256 2.318 0.679 0.000 0.185 6.037 0.148 4.533
13.367 2.271 0.667 0.000 0.185 6.212 0.142 4.156
13.478 2.271 0.667 0.000 0.185 6.212 0.142 4.156
13.589 2.271 0.667 0.000 0.185 6.212 0.142 4.156
13.691 2.271 0.667 0.000 0.185 6.212 0.142 4.156
13.802 2.271 0.667 0.000 0.185 6.212 0.142 4.156
13.913 2.271 0.667 0.000 0.170 6.212 0.142 4.156
14.021 2.271 0.667 0.000 0.170 6.212 0.142 4.156
14.132 2.271 0.667 0.000 0.170 6.212 0.142 4.156
14.243 2.271 0.667 0.000 0.170 6.212 0.142 4.156
14.345 2.250 0.674 0.000 0.170 6.024 0.142 4.292
14.447 2.250 0.674 0.000 0.170 6.024 0.142 4.292
14.558 2.250 0.674 0.000 0.170 6.024 0.142 4.292
14.669 2.250 0.674 0.000 0.170 6.024 0.142 4.292
14.781 2.250 0.674 0.000 0.170 6.024 0.142 4.292
14.892 2.250 0.674 0.000 0.146 6.024 0.142 4.292
14.995 2.250 0.674 0.000 0.146 6.024 0.142 4.292
15.105 2.250 0.674 0.000 0.146 6.024 0.142 4.292
15.213 2.250 0.674 0.000 0.146 6.024 0.142 4.292
15.317 2.250 0.674 0.000 0.146 6.024 0.142 4.292
15.426 0.582 0.179 0.000 0.146 6.046 0.139 0.972
15.531 0.582 0.179 0.000 0.146 6.046 0.139 0.972
15.636 0.582 0.179 0.000 0.146 6.046 0.139 0.972
15.748 0.582 0.179 0.000 0.146 6.046 0.139 0.972
15.853 0.582 0.179 0.000 0.042 6.046 0.139 0.972
15.956 0.582 0.179 0.000 0.042 6.046 0.139 0.972
16.067 0.582 0.179 0.000 0.042 6.046 0.139 0.972
16.170 0.582 0.179 0.000 0.042 6.046 0.139 0.972
16.273 0.582 0.179 0.000 0.042 6.046 0.139 0.972
16.378 0.016 0.023 0.000 0.042 2.537 0.137 0.891
16.481 0.016 0.023 0.000 0.042 2.537 0.137 0.891
16.592 0.016 0.023 0.000 0.042 2.537 0.137 0.891
16.697 0.016 0.023 0.000 0.042 2.537 0.137 0.891
16.808 0.016 0.023 0.000 0.042 2.537 0.137 0.891
16.912 0.016 0.023 0.000 0.062 2.537 0.137 0.891
17.019 0.016 0.023 0.000 0.062 2.537 0.137 0.891
17.127 0.016 0.023 0.000 0.062 2.537 0.137 0.891
17.233 0.016 0.023 0.000 0.062 2.537 0.137 0.891
17.342 0.016 0.023 0.000 0.062 2.537 0.137 0.891
17.453 0.030 0.021 0.000 0.062 1.464 0.141 0.597
17.565 0.030 0.021 0.000 0.062 1.464 0.141 0.597
17.669 0.030 0.021 0.000 0.062 1.464 0.141 0.597
17.781 0.030 0.021 0.000 0.062 1.464 0.141 0.597
17.888 0.030 0.021 0.000 0.047 1.464 0.141 0.597
17.992 0.030 0.021 0.000 0.047 1.464 0.141 0.597
18.097 0.030 0.021 0.000 0.047 1.464 0.141 0.597
18.208 0.030 0.021 0.000 0.047 1.464 0.141 0.597
18.314 0.030 0.021 0.000 0.047 1.464 0.141 0.597
18.426 0.019 0.021 0.000 0.047 1.660 0.139 0.654
18.535 0.019 0.021 0.000 0.047 1.660 0.139 0.654
18.643 0.019 0.021 0.000 0.047 1.660 0.139 0.654
18.755 0.019 0.021 0.000 0.047 1.660 0.139 0.654
18.867 0.019 0.021 0.000 0.049 1.660 0.139 0.654
18.976 0.019 0.021 0.000 0.049 1.660 0.139 0.654
19.078 0.019 0.021 0.000 0.049 1.660 0.139 0.654
19.185 0.019 0.021 0.000 0.049 1.660 0.139 0.654
19.292 0.019 0.021 0.000 0.049 1.660 0.139 0.654
19.404 0.041 0.022 0.000 0.049 1.432 0.135 0.446
19.508 0.041 0.022 0.000 0.049 1.432 0.135 0.446
19.620 0.041 0.022 0.000 0.049 1.432 0.135 0.446
19.726 0.041 0.022 0.000 0.049 1.432 0.135 0.446
19.836 0.041 0.022 0.000 0.041 1.432 0.135 0.446
19.945 0.041 0.022 0.000 0.041 1.432 0.135 0.446
20.057 0.041 0.022 0.000 0.041 1.432 0.135 0.446
20.167 0.041 0.022 0.000 0.041 1.432 0.135 0.446
20.269 0.041 0.022 0.000 0.041 1.432 0.135 0.446
20.376 0.000 0.020 0.000 0.041 1.387 0.138 0.907
20.488 0.000 0.020 0.000 0.041 1.387 0.138 0.907
20.600 0.000 0.020 0.000 0.041 1.387 0.138 0.907
20.707 0.000 0.020 0.000 0.041 1.387 0.138 0.907
20.810 0.000 0.020 0.000 0.041 1.387 0.138 0.907
20.922 0.000 0.020 0.000 0.045 1.387 0.138 0.907
21.033 0.000 0.020 0.000 0.045 1.387 0.138 0.907
21.144 0.000 0.020 0.000 0.045 1.387 0.138 0.907
21.256 0.000 0.020 0.000 0.045 1.387 0.138 0.907
21.367 0.000 0.023 0.000 0.045 1.315 0.136 0.450
21.478 0.000 0.023 0.000 0.045 1.315 0.136 0.450
21.590 0.000 0.023 0.000 0.045 1.315 0.136 0.450
21.700 0.000 0.023 0.000 0.045 1.315 0.136 0.450
21.810 0.000 0.023 0.000 0.045 1.315 0.136 0.450
21.919 0.000 0.023 0.000 0.042 1.315 0.136 0.450
22.030 0.000 0.023 0.000 0.042 1.315 0.136 0.450
22.140 0.000 0.023 0.000 0.042 1.315 0.136 0.450
22.251 0.000 0.023 0.000 0.042 1.315 0.136 0.450
22.363 0.000 0.020 0.000 0.042 1.240 0.140 0.914
22.474 0.000 0.020 0.000 0.042 1.240 0.140 0.914
22.586 0.000 0.020 0.000 0.042 1.240 0.140 0.914
22.692 0.000 0.020 0.000 0.042 1.240 0.140 0.914
22.803 0.000 0.020 0.000 0.042 1.240 0.140 0.914
22.909 0.000 0.020 0.000 0.053 1.240 0.140 0.914
23.013 0.000 0.020 0.000 0.053 1.240 0.140 0.914
23.125 0.000 0.020 0.000 0.053 1.240 0.140 0.914
23.231 0.000 0.020 0.000 0.053 1.240 0.140 0.914
23.342 0.000 0.020 0.000 0.053 1.240 0.140 0.526
23.446 0.000 0.024 0.000 0.053 1.226 0.146 0.526
23.555 0.000 0.024 0.000 0.053 1.226 0.146 0.526
23.659 0.000 0.024 0.000 0.053 1.226 0.146 0.526
23.770 0.000 0.024 0.000 0.053 1.226 0.146 0.526
23.876 0.000 0.024 0.000 0.038 1.226 0.146 0.526
23.985 0.000 0.024 0.000 0.038 1.226 0.146 0.526
24.092 0.000 0.024 0.000 0.038 1.226 0.146 0.526
24.200 0.000 0.024 0.000 0.038 1.226 0.146 0.526
24.309 0.000 0.024 0.000 0.038 1.226 0.146 0.526
24.421 0.000 0.020 0.000 0.038 1.331 0.136 0.915
24.532 0.000 0.020 0.000 0.038 1.331 0.136 0.915
24.642 0.000 0.020 0.000 0.038 1.331 0.136 0.915
24.754 0.000 0.020 0.000 0.038 1.331 0.136 0.915
24.866 0.000 0.020 0.000 0.055 1.331 0.136 0.915
24.976 0.000 0.020 0.000 0.055 1.331 0.136 0.915
25.080 0.000 0.020 0.000 0.055 1.331 0.136 0.915
25.188 0.000 0.020 0.000 0.055 1.331 0.136 0.915
25.300 0.000 0.020 0.000 0.055 1.331 0.136 0.915
25.411 0.000 0.024 0.000 0.055 1.215 0.148 0.632
25.521 0.000 0.024 0.000 0.055 1.215 0.148 0.632
25.633 0.000 0.024 0.000 0.055 1.215 0.148 0.632
25.742 0.000 0.024 0.000 0.055 1.215 0.148 0.632
25.849 0.000 0.024 0.000 0.039 1.215 0.148 0.632
25.959 0.000 0.024 0.000 0.039 1.215 0.148 0.632
