0.000 0.000 0.023 0.000 0.039 1.295 0.133 0.493
0.102 0.000 0.023 0.000 0.039 1.295 0.133 0.493
0.210 0.000 0.023 0.000 0.039 1.295 0.133 0.493
0.319 0.000 0.023 0.000 0.039 1.295 0.133 0.493
0.431 0.000 0.023 0.000 0.038 1.295 0.133 0.493
0.535 0.000 0.023 0.000 0.038 1.295 0.133 0.493
0.643 0.000 0.023 0.000 0.038 1.295 0.133 0.493
0.752 0.000 0.023 0.000 0.038 1.295 0.133 0.493
0.864 0.000 0.023 0.000 0.038 1.295 0.133 0.493
0.975 0.000 0.023 0.000 0.038 1.208 0.137 0.436
1.087 0.000 0.023 0.000 0.038 1.208 0.137 0.436
1.198 0.000 0.023 0.000 0.038 1.208 0.137 0.436
1.309 0.000 0.023 0.000 0.038 1.208 0.137 0.436
1.420 0.000 0.023 0.000 0.085 1.208 0.137 0.436
1.532 0.000 0.023 0.000 0.085 1.208 0.137 0.436
1.635 0.000 0.023 0.000 0.085 1.208 0.137 0.436
1.747 0.000 0.023 0.000 0.085 1.208 0.137 0.436
1.852 0.000 0.023 0.000 0.085 1.208 0.137 0.436
1.954 1.034 0.031 0.000 0.085 1.246 0.136 1.775
2.059 1.034 0.031 0.000 0.085 1.246 0.136 1.775
2.170 1.034 0.031 0.000 0.085 1.246 0.136 1.775
2.272 1.034 0.031 0.000 0.085 1.246 0.136 1.775
2.375 1.034 0.031 0.000 0.085 1.246 0.136 1.775
2.477 1.034 0.031 0.000 0.116 1.246 0.136 1.775
2.579 1.034 0.031 0.000 0.116 1.246 0.136 1.775
2.681 1.034 0.031 0.000 0.116 1.246 0.136 1.775
2.793 1.034 0.031 0.000 0.116 1.246 0.136 1.775
2.901 1.034 0.031 0.000 0.116 1.246 0.136 1.775
3.005 2.324 0.994 0.000 0.116 2.829 0.145 5.449
3.116 2.324 0.994 0.000 0.116 2.829 0.145 5.449
3.227 2.324 0.994 0.000 0.116 2.829 0.145 5.449
3.330 2.324 0.994 0.000 0.116 2.829 0.145 5.449
3.432 2.324 0.994 0.000 0.184 2.829 0.145 5.449
3.543 2.324 0.994 0.000 0.184 2.829 0.145 5.449
3.654 2.324 0.994 0.000 0.184 2.829 0.145 5.449
3.765 2.324 0.994 0.000 0.184 2.829 0.145 5.449
3.877 2.324 0.994 0.000 0.184 2.829 0.145 5.449
3.979 2.655 1.163 0.000 0.184 6.986 0.145 5.546
4.090 2.655 1.163 0.000 0.184 6.986 0.145 5.546
4.202 2.655 1.163 0.000 0.184 6.986 0.145 5.546
4.313 2.655 1.163 0.000 0.184 6.986 0.145 5.546
4.414 2.655 1.163 0.000 0.169 6.986 0.145 5.546
4.516 2.655 1.163 0.000 0.169 6.986 0.145 5.546
4.628 2.655 1.163 0.000 0.169 6.986 0.145 5.546
4.739 2.655 1.163 0.000 0.169 6.986 0.145 5.546
4.841 2.655 1.163 0.000 0.169 6.986 0.145 5.546
4.946 2.676 1.122 0.000 0.169 7.654 0.140 5.339
5.057 2.676 1.122 0.000 0.169 7.654 0.140 5.339
5.159 2.676 1.122 0.000 0.169 7.654 0.140 5.339
5.270 2.676 1.122 0.000 0.169 7.654 0.140 5.339
5.372 2.676 1.122 0.000 0.169 7.654 0.140 5.339
5.474 2.676 1.122 0.000 0.174 7.654 0.140 5.339
5.585 2.676 1.122 0.000 0.174 7.654 0.140 5.339
5.687 2.676 1.122 0.000 0.174 7.654 0.140 5.339
5.798 2.676 1.122 0.000 0.174 7.654 0.140 5.339
5.901 2.676 1.122 0.000 0.174 7.654 0.140 5.339
6.012 2.683 1.135 0.000 0.174 7.538 0.151 5.739
6.123 2.683 1.135 0.000 0.174 7.538 0.151 5.739
6.225 2.683 1.135 0.000 0.174 7.538 0.151 5.739
6.336 2.683 1.135 0.000 0.174 7.538 0.151 5.739
6.439 2.683 1.135 0.000 0.172 7.538 0.151 5.739
6.550 2.683 1.135 0.000 0.172 7.538 0.151 5.739
6.652 2.683 1.135 0.000 0.172 7.538 0.151 5.739
6.760 2.683 1.135 0.000 0.172 7.538 0.151 5.739
6.863 2.683 1.135 0.000 0.172 7.538 0.151 5.739
6.965 2.664 1.174 0.000 0.172 7.543 0.139 5.224
7.067 2.664 1.174 0.000 0.172 7.543 0.139 5.224
7.169 2.664 1.174 0.000 0.172 7.543 0.139 5.224
7.271 2.664 1.174 0.000 0.172 7.543 0.139 5.224
7.382 2.664 1.174 0.000 0.172 7.543 0.139 5.224
7.484 2.664 1.174 0.000 0.181 7.543 0.139 5.224
7.586 2.664 1.174 0.000 0.181 7.543 0.139 5.224
7.698 2.664 1.174 0.000 0.181 7.543 0.139 5.224
7.809 2.664 1.174 0.000 0.181 7.543 0.139 5.224
7.911 2.664 1.174 0.000 0.181 7.543 0.139 5.224
8.013 2.730 1.112 0.000 0.181 7.549 0.146 6.166
8.124 2.730 1.112 0.000 0.181 7.549 0.146 6.166
8.226 2.730 1.112 0.000 0.181 7.549 0.146 6.166
8.337 2.730 1.112 0.000 0.181 7.549 0.146 6.166
8.439 2.730 1.112 0.000 0.183 7.549 0.146 6.166
8.550 2.730 1.112 0.000 0.183 7.549 0.146 6.166
8.662 2.730 1.112 0.000 0.183 7.549 0.146 6.166
8.763 2.730 1.112 0.000 0.183 7.549 0.146 6.166
8.866 2.730 1.112 0.000 0.183 7.549 0.146 6.166
8.977 2.766 1.122 0.000 0.183 7.877 0.147 5.537
9.088 2.766 1.122 0.000 0.183 7.877 0.147 5.537
9.199 2.766 1.122 0.000 0.183 7.877 0.147 5.537
9.311 2.766 1.122 0.000 0.183 7.877 0.147 5.537
9.422 2.766 1.122 0.000 0.169 7.877 0.147 5.537
9.533 2.766 1.122 0.000 0.169 7.877 0.147 5.537
9.635 2.766 1.122 0.000 0.169 7.877 0.147 5.537
9.746 2.766 1.122 0.000 0.169 7.877 0.147 5.537
9.857 2.766 1.122 0.000 0.169 7.877 0.147 5.537
9.968 2.800 1.111 0.000 0.169 7.827 0.142 5.519
10.079 2.800 1.111 0.000 0.169 7.827 0.142 5.519
10.191 2.800 1.111 0.000 0.169 7.827 0.142 5.519
10.292 2.800 1.111 0.000 0.169 7.827 0.142 5.519
10.403 2.800 1.111 0.000 0.169 7.827 0.142 5.519
10.505 2.800 1.111 0.000 0.165 7.827 0.142 5.519
10.614 2.800 1.111 0.000 0.165 7.827 0.142 5.519
10.716 2.800 1.111 0.000 0.165 7.827 0.142 5.519
10.821 2.800 1.111 0.000 0.165 7.827 0.142 5.519
10.923 2.751 1.146 0.000 0.165 7.504 0.145 5.409
11.035 2.751 1.146 0.000 0.165 7.504 0.145 5.409
11.146 2.751 1.146 0.000 0.165 7.504 0.145 5.409
11.257 2.751 1.146 0.000 0.165 7.504 0.145 5.409
11.368 2.751 1.146 0.000 0.165 7.504 0.145 5.409
11.479 2.751 1.146 0.000 0.170 7.504 0.145 5.409
11.590 2.751 1.146 0.000 0.170 7.504 0.145 5.409
11.702 2.751 1.146 0.000 0.170 7.504 0.145 5.409
11.803 2.751 1.146 0.000 0.170 7.504 0.145 5.409
11.912 2.751 1.146 0.000 0.170 7.504 0.145 5.409
12.014 2.780 1.123 0.000 0.170 7.562 0.146 5.684
12.116 2.780 1.123 0.000 0.170 7.562 0.146 5.684
12.218 2.780 1.123 0.000 0.170 7.562 0.146 5.684
12.321 2.780 1.123 0.000 0.170 7.562 0.146 5.684
12.423 2.780 1.123 0.000 0.175 7.562 0.146 5.684
12.525 2.780 1.123 0.000 0.175 7.562 0.146 5.684
12.628 2.780 1.123 0.000 0.175 7.562 0.146 5.684
12.730 2.780 1.123 0.000 0.175 7.562 0.146 5.684
12.832 2.780 1.123 0.000 0.175 7.562 0.146 5.684
12.943 2.701 1.096 0.000 0.175 7.547 0.141 5.215
13.054 2.701 1.096 0.000 0.175 7.547 0.141 5.215
13.156 2.701 1.096 0.000 0.175 7.547 0.141 5.215
13.268 2.701 1.096 0.000 0.175 7.547 0.141 5.215
13.379 2.701 1.096 0.000 0.175 7.547 0.141 5.215
13.487 2.701 1.096 0.000 0.167 7.547 0.141 5.215
13.590 2.701 1.096 0.000 0.167 7.547 0.141 5.215
13.692 2.701 1.096 0.000 0.167 7.547 0.141 5.215
13.794 2.701 1.096 0.000 0.167 7.547 0.141 5.215
13.905 2.701 1.096 0.000 0.167 7.547 0.141 5.215
14.017 2.629 1.096 0.000 0.167 7.685 0.145 5.340
14.128 2.629 1.096 0.000 0.167 7.685 0.145 5.340
14.239 2.629 1.096 0.000 0.167 7.685 0.145 5.340
14.341 2.629 1.096 0.000 0.167 7.685 0.145 5.340
14.443 2.629 1.096 0.000 0.170 7.685 0.145 5.340
14.545 2.629 1.096 0.000 0.170 7.685 0.145 5.340
14.656 2.629 1.096 0.000 0.170 7.685 0.145 5.340
14.765 2.629 1.096 0.000 0.170 7.685 0.145 5.340
14.867 2.629 1.096 0.000 0.170 7.685 0.145 5.340
14.978 2.587 1.140 0.000 0.170 7.576 0.139 4.608
15.090 2.587 1.140 0.000 0.170 7.576 0.139 4.608
15.197 2.587 1.140 0.000 0.170 7.576 0.139 4.608
15.302 2.587 1.140 0.000 0.170 7.576 0.139 4.608
15.412 2.587 1.140 0.000 0.107 7.576 0.139 4.608
15.520 2.587 1.140 0.000 0.107 7.576 0.139 4.608
15.628 2.587 1.140 0.000 0.107 7.576 0.139 4.608
15.736 2.587 1.140 0.000 0.107 7.576 0.139 4.608
15.843 2.587 1.140 0.000 0.107 7.576 0.139 4.608
15.952 0.041 0.020 0.000 0.107 7.587 0.138 0.478
16.058 0.041 0.020 0.000 0.107 7.587 0.138 0.478
16.170 0.041 0.020 0.000 0.107 7.587 0.138 0.478
16.282 0.041 0.020 0.000 0.107 7.587 0.138 0.478
16.393 0.041 0.020 0.000 0.107 7.587 0.138 0.478
16.502 0.041 0.020 0.000 0.051 7.587 0.138 0.478
16.610 0.041 0.020 0.000 0.051 7.587 0.138 0.478
16.719 0.041 0.020 0.000 0.051 7.587 0.138 0.478
16.822 0.041 0.020 0.000 0.051 7.587 0.138 0.478
16.933 0.000 0.021 0.000 0.051 1.337 0.138 0.483
17.043 0.000 0.021 0.000 0.051 1.337 0.138 0.483
17.152 0.000 0.021 0.000 0.051 1.337 0.138 0.483
17.259 0.000 0.021 0.000 0.051 1.337 0.138 0.483
17.369 0.000 0.021 0.000 0.051 1.337 0.138 0.483
17.477 0.000 0.021 0.000 0.046 1.337 0.138 0.483
17.586 0.000 0.021 0.000 0.046 1.337 0.138 0.483
17.697 0.000 0.021 0.000 0.046 1.337 0.138 0.483
17.805 0.000 0.021 0.000 0.046 1.337 0.138 0.483
17.910 0.000 0.021 0.000 0.046 1.337 0.138 0.483
18.022 0.000 0.023 0.000 0.046 1.430 0.140 0.493
18.124 0.000 0.023 0.000 0.046 1.430 0.140 0.493
18.229 0.000 0.023 0.000 0.046 1.430 0.140 0.493
18.333 0.000 0.023 0.000 0.046 1.430 0.140 0.493
18.436 0.000 0.023 0.000 0.040 1.430 0.140 0.493
18.543 0.000 0.023 0.000 0.040 1.430 0.140 0.493
18.649 0.000 0.023 0.000 0.040 1.430 0.140 0.493
18.750 0.000 0.023 0.000 0.040 1.430 0.140 0.493
18.856 0.000 0.023 0.000 0.040 1.430 0.140 0.493
18.967 0.000 0.020 0.000 0.040 1.243 0.137 0.635
19.077 0.000 0.020 0.000 0.040 1.243 0.137 0.635
19.184 0.000 0.020 0.000 0.040 1.243 0.137 0.635
19.296 0.000 0.020 0.000 0.040 1.243 0.137 0.635
19.402 0.000 0.020 0.000 0.040 1.243 0.137 0.635
19.507 0.000 0.020 0.000 0.041 1.243 0.137 0.635
19.610 0.000 0.020 0.000 0.041 1.243 0.137 0.635
19.722 0.000 0.020 0.000 0.041 1.243 0.137 0.635
19.834 0.000 0.020 0.000 0.041 1.243 0.137 0.635
19.936 0.000 0.022 0.000 0.041 1.335 0.139 0.639
20.043 0.000 0.022 0.000 0.041 1.335 0.139 0.639
20.152 0.000 0.022 0.000 0.041 1.335 0.139 0.639
20.256 0.000 0.022 0.000 0.041 1.335 0.139 0.639
20.363 0.000 0.022 0.000 0.041 1.335 0.139 0.639
20.465 0.000 0.022 0.000 0.039 1.335 0.139 0.639
20.568 0.000 0.022 0.000 0.039 1.335 0.139 0.639
20.679 0.000 0.022 0.000 0.039 1.335 0.139 0.639
20.788 0.000 0.022 0.000 0.039 1.335 0.139 0.639
20.899 0.000 0.022 0.000 0.039 1.335 0.139 0.639
21.011 0.000 0.023 0.000 0.039 1.239 0.136 0.545
21.119 0.000 0.023 0.000 0.039 1.239 0.136 0.545
21.231 0.000 0.023 0.000 0.039 1.239 0.136 0.545
21.334 0.000 0.023 0.000 0.039 1.239 0.136 0.545
21.444 0.000 0.023 0.000 0.041 1.239 0.136 0.545
21.546 0.000 0.023 0.000 0.041 1.239 0.136 0.545
21.654 0.000 0.023 0.000 0.041 1.239 0.136 0.545
21.757 0.000 0.023 0.000 0.041 1.239 0.136 0.545
21.867 0.000 0.023 0.000 0.041 1.239 0.136 0.545
21.977 0.000 0.022 0.000 0.041 1.228 0.138 0.979
22.086 0.000 0.022 0.000 0.041 1.228 0.138 0.979
22.197 0.000 0.022 0.000 0.041 1.228 0.138 0.979
22.307 0.000 0.022 0.000 0.041 1.228 0.138 0.979
22.419 0.000 0.022 0.000 0.040 1.228 0.138 0.979
22.530 0.000 0.022 0.000 0.040 1.228 0.138 0.979
22.635 0.000 0.022 0.000 0.040 1.228 0.138 0.979
22.747 0.000 0.022 0.000 0.040 1.228 0.138 0.979
22.856 0.000 0.022 0.000 0.040 1.228 0.138 0.979
22.968 0.033 0.022 0.000 0.040 1.283 0.136 0.437
23.077 0.033 0.022 0.000 0.040 1.283 0.136 0.437
23.186 0.033 0.022 0.000 0.040 1.283 0.136 0.437
23.297 0.033 0.022 0.000 0.040 1.283 0.136 0.437
23.402 0.033 0.022 0.000 0.040 1.283 0.136 0.437
23.506 0.033 0.022 0.000 0.047 1.283 0.136 0.437
23.615 0.033 0.022 0.000 0.047 1.283 0.136 0.437
23.719 0.033 0.022 0.000 0.047 1.283 0.136 0.437
23.831 0.033 0.022 0.000 0.047 1.283 0.136 0.437
23.943 0.073 0.021 0.000 0.047 1.310 0.136 0.549
24.052 0.073 0.021 0.000 0.047 1.310 0.136 0.549
24.164 0.073 0.021 0.000 0.047 1.310 0.136 0.549
24.267 0.073 0.021 0.000 0.047 1.310 0.136 0.549
24.370 0.073 0.021 0.000 0.047 1.310 0.136 0.549
24.477 0.073 0.021 0.000 0.038 1.310 0.136 0.549
24.588 0.073 0.021 0.000 0.038 1.310 0.136 0.549
24.692 0.073 0.021 0.000 0.038 1.310 0.136 0.549
24.802 0.073 0.021 0.000 0.038 1.310 0.136 0.549
24.910 0.073 0.021 0.000 0.038 1.310 0.136 0.549
25.019 0.000 0.020 0.000 0.038 1.411 0.132 0.497
25.127 0.000 0.020 0.000 0.038 1.411 0.132 0.497
25.236 0.000 0.020 0.000 0.038 1.411 0.132 0.497
25.340 0.000 0.020 0.000 0.038 1.411 0.132 0.497
25.446 0.000 0.020 0.000 0.038 1.411 0.132 0.497
25.557 0.000 0.020 0.000 0.038 1.411 0.132 0.497
25.668 0.000 0.020 0.000 0.038 1.411 0.132 0.497
25.777 0.000 0.020 0.000 0.038 1.411 0.132 0.497
25.885 0.000 0.020 0.000 0.038 1.411 0.132 0.497
25.997 0.000 0.022 0.000 0.038 1.172 0.136 0.537
