1.005 1.797 0.094 0.018 0.022 0.017 3.637 0.006 0.010
2.014 3.191 1.934 0.085 0.022 0.056 3.563 0.006 0.010
3.024 1.226 8.501 0.463 0.022 0.538 6.834 0.006 0.009
4.032 1.178 8.547 0.463 0.023 0.719 18.066 0.006 0.010
5.040 1.182 8.540 0.469 0.023 0.725 18.356 0.006 0.009
6.048 1.185 8.608 0.463 0.603 0.728 18.371 0.006 0.009
7.058 1.185 8.581 0.466 0.429 0.730 18.360 0.006 0.009
8.067 1.191 8.751 0.471 0.537 0.728 18.328 0.006 0.009
9.077 1.184 8.617 0.461 0.436 0.730 18.316 0.006 0.010
10.086 1.194 8.674 0.469 0.661 0.732 18.299 0.006 0.009
11.096 1.193 8.682 0.473 0.014 0.732 18.493 0.006 0.009
12.103 1.190 8.528 0.474 0.486 0.735 18.360 0.006 0.009
13.115 1.206 8.557 0.478 0.163 0.733 18.389 0.006 0.010
14.126 1.193 8.732 0.473 0.584 0.740 18.462 0.006 0.009
15.138 1.205 8.715 0.486 0.031 0.742 18.394 0.006 0.009
16.150 1.202 8.704 0.484 0.594 0.741 18.544 0.006 0.009
17.161 1.205 8.640 0.475 0.682 0.741 18.445 0.006 0.009
18.173 1.210 8.654 0.481 0.014 0.751 18.508 0.006 0.009
19.185 1.430 8.742 0.501 0.474 0.757 18.621 0.006 0.009
20.197 1.216 8.625 0.494 0.031 0.760 18.901 0.006 0.009
21.208 1.221 8.492 0.482 0.775 0.763 18.665 0.006 0.009
22.220 1.208 8.638 0.475 0.470 0.741 18.535 0.006 0.009
23.232 1.229 8.671 0.498 0.694 0.742 18.556 0.006 0.009
24.240 1.221 8.667 0.489 0.542 0.749 18.694 0.006 0.010
25.250 1.225 8.569 0.484 0.123 0.745 18.694 0.006 0.009
26.262 1.234 8.621 0.485 0.014 0.747 18.755 0.006 0.009
27.274 1.234 8.717 0.481 0.014 0.747 18.607 0.006 0.009
28.283 1.223 8.550 0.476 0.031 0.745 18.566 0.006 0.008
29.293 1.218 8.661 0.500 0.031 0.749 18.608 0.007 0.010
30.302 1.233 8.632 0.490 0.638 0.748 18.638 0.006 0.009
31.312 1.217 8.662 0.489 0.023 0.749 18.662 0.006 0.009
32.322 1.225 8.487 0.483 0.014 0.747 18.572 0.006 0.009
33.332 1.216 8.756 0.483 0.149 0.748 18.585 0.006 0.009
34.343 1.224 8.624 0.487 0.579 0.750 18.589 0.006 0.010
35.350 1.237 8.580 0.485 0.171 0.751 18.589 0.006 0.009
36.362 1.240 8.755 0.488 0.449 0.751 18.661 0.006 0.009
37.374 1.241 8.725 0.504 0.509 0.766 18.652 0.006 0.009
38.385 1.236 8.950 0.501 0.563 0.757 18.863 0.006 0.009
39.394 1.241 8.729 0.511 0.684 0.771 18.879 0.006 0.009
40.404 1.239 8.584 0.497 0.668 0.757 18.870 0.006 0.009
41.414 1.236 8.757 0.526 0.536 0.767 18.812 0.006 0.009
42.422 1.238 8.685 0.509 1.148 0.768 19.096 0.006 0.009
43.432 1.246 8.728 0.485 0.147 0.760 18.894 0.005 0.009
44.439 1.244 8.803 0.498 0.617 0.758 18.832 0.006 0.009
45.449 1.244 8.611 0.505 0.571 0.760 18.993 0.006 0.009
46.456 1.248 8.607 0.494 0.486 0.758 18.978 0.006 0.009
47.465 1.246 8.432 0.496 0.571 0.760 18.810 0.006 0.010
48.474 1.237 8.579 0.496 0.422 0.763 18.789 0.005 0.008
49.486 1.240 8.768 0.510 0.632 0.759 18.651 0.006 0.009
50.497 1.249 8.577 0.511 0.695 0.757 18.672 0.006 0.010
51.509 1.239 8.592 0.487 0.122 0.778 18.715 0.006 0.009
52.519 1.230 8.375 0.515 0.056 0.761 18.592 0.006 0.009
53.531 1.240 8.346 0.498 0.620 0.760 18.505 0.005 0.008
54.541 1.227 8.597 0.491 0.619 0.754 18.531 0.006 0.009
55.550 1.226 8.355 0.487 0.023 0.754 18.394 0.006 0.008
56.557 1.240 8.354 0.509 0.267 0.756 18.404 0.005 0.008
57.569 1.220 8.482 0.492 0.022 0.756 18.372 0.006 0.009
58.581 1.228 8.271 0.496 0.023 0.759 18.320 0.006 0.009
59.592 1.229 8.417 0.506 0.089 0.769 18.365 0.006 0.009
60.604 1.229 8.343 0.494 0.477 0.756 18.501 0.006 0.009
61.616 1.217 8.048 0.510 0.651 0.757 18.499 0.006 0.009
62.627 1.348 8.361 0.496 0.105 0.662 18.386 0.006 0.009
63.650 1.125 3.071 0.191 0.014 0.031 18.309 0.006 0.009
64.668 1.125 0.016 0.017 0.030 0.014 9.216 0.007 0.010
65.686 1.125 0.016 0.017 0.030 0.021 3.705 0.006 0.010
66.705 1.125 0.016 0.018 0.022 0.012 3.592 0.006 0.010
67.726 1.125 0.015 0.018 0.038 0.016 3.551 0.007 0.010
68.748 1.125 0.016 0.020 0.022 0.012 3.514 0.006 0.009
69.766 1.125 0.016 0.017 0.022 0.009 3.552 0.006 0.010
70.785 1.125 0.015 0.017 0.014 0.006 3.534 0.006 0.010
71.801 1.125 0.015 0.018 0.022 0.008 3.500 0.006 0.010
