1.010 1.756 0.101 0.017 0.022 0.016 3.199 0.006 0.009
2.024 2.974 0.634 0.019 0.022 0.052 3.555 0.006 0.010
3.032 1.234 7.380 0.398 0.022 0.338 4.413 0.006 0.009
4.041 1.191 8.599 0.479 0.784 0.742 16.168 0.006 0.009
5.049 1.190 8.524 0.463 0.283 0.737 18.356 0.006 0.009
6.058 1.206 8.702 0.463 0.512 0.744 18.283 0.005 0.008
7.068 1.202 8.641 0.482 0.661 0.745 18.431 0.006 0.009
8.078 1.210 8.660 0.480 0.453 0.758 18.583 0.005 0.008
9.094 1.212 8.696 0.490 0.022 0.744 18.444 0.006 0.009
10.106 1.211 8.556 0.470 0.370 0.751 18.449 0.006 0.009
11.114 1.212 8.681 0.484 0.476 0.746 18.536 0.006 0.010
12.124 1.225 8.514 0.485 0.634 0.755 18.614 0.005 0.008
13.135 1.233 8.676 0.481 0.031 0.752 18.786 0.005 0.009
14.142 1.228 8.716 0.497 0.575 0.750 18.468 0.006 0.009
15.152 1.229 8.695 0.485 0.354 0.750 18.568 0.006 0.009
16.168 1.227 8.781 0.476 0.662 0.753 18.550 0.006 0.009
17.182 1.228 8.671 0.485 0.394 0.750 18.568 0.006 0.009
18.191 1.243 8.608 0.494 0.014 0.750 18.552 0.006 0.009
19.201 1.237 8.794 0.499 0.670 0.756 18.598 0.005 0.009
20.211 1.241 8.630 0.483 0.477 0.759 18.672 0.005 0.008
21.220 1.239 8.605 0.492 0.687 0.754 18.612 0.006 0.009
22.236 1.239 8.676 0.492 0.437 0.754 18.649 0.006 0.009
23.250 1.235 8.548 0.481 0.039 0.757 18.593 0.006 0.010
24.259 1.255 8.623 0.488 0.039 0.759 18.489 0.006 0.009
25.276 1.230 8.636 0.500 0.686 0.775 18.402 0.006 0.010
26.286 1.246 8.371 0.489 0.693 0.755 18.543 0.006 0.009
27.294 1.291 8.127 0.491 0.031 0.767 18.263 0.006 0.009
28.310 1.233 8.467 0.496 0.654 0.757 18.261 0.006 0.009
29.327 1.242 8.182 0.498 0.031 0.759 18.276 0.006 0.008
30.337 1.248 8.260 0.491 0.552 0.761 18.177 0.006 0.009
31.354 1.244 8.262 0.494 0.023 0.757 18.039 0.006 0.009
32.365 1.234 8.243 0.505 0.488 0.754 18.176 0.005 0.009
33.376 1.241 8.092 0.493 0.255 0.754 17.999 0.006 0.009
34.388 1.229 8.223 0.485 0.419 0.752 17.955 0.006 0.009
35.400 1.239 8.130 0.487 0.064 0.755 17.894 0.005 0.008
36.412 1.230 7.936 0.497 0.022 0.751 17.870 0.006 0.009
37.423 1.224 8.177 0.485 0.668 0.761 17.788 0.006 0.009
38.435 1.231 7.993 0.527 0.568 0.768 17.809 0.006 0.009
39.445 1.229 8.232 0.507 0.651 0.749 17.901 0.006 0.009
40.455 1.224 7.877 0.481 0.635 0.757 17.883 0.006 0.009
41.467 1.234 8.066 0.517 0.495 0.758 17.624 0.006 0.009
42.481 1.232 7.950 0.481 0.462 0.748 17.818 0.006 0.009
43.488 1.228 8.004 0.482 0.047 0.759 17.598 0.006 0.009
44.498 1.234 8.122 0.514 0.559 0.747 17.658 0.007 0.010
45.506 1.224 7.923 0.505 0.608 0.754 17.631 0.006 0.009
46.518 1.230 7.798 0.509 0.492 0.749 17.537 0.006 0.009
47.528 1.227 7.827 0.503 0.022 0.748 17.539 0.006 0.009
48.535 1.224 7.809 0.474 0.460 0.746 17.501 0.006 0.010
49.543 1.225 7.840 0.496 0.088 0.747 17.469 0.006 0.009
50.552 1.225 7.840 0.510 0.654 0.759 17.513 0.006 0.009
51.564 1.230 7.724 0.516 0.022 0.756 17.471 0.006 0.009
52.574 1.222 7.619 0.494 0.652 0.746 17.572 0.005 0.009
53.584 1.222 7.696 0.502 0.600 0.757 17.505 0.006 0.009
54.594 1.229 7.759 0.487 0.263 0.744 17.493 0.006 0.009
55.603 1.233 7.619 0.508 0.171 0.762 17.309 0.006 0.009
56.620 1.217 7.670 0.503 0.406 0.746 17.445 0.006 0.009
57.635 1.230 7.538 0.502 0.222 0.744 17.214 0.006 0.009
58.643 1.223 7.970 0.487 0.629 0.747 17.279 0.006 0.009
59.657 1.215 7.739 0.493 0.031 0.747 17.255 0.006 0.009
60.674 1.234 7.774 0.492 0.480 0.749 17.508 0.006 0.009
61.686 1.226 7.724 0.489 0.475 0.743 17.282 0.006 0.009
62.697 1.209 7.563 0.477 0.795 0.736 17.244 0.006 0.009
63.711 1.216 7.415 0.497 0.571 0.741 17.173 0.006 0.009
64.727 1.500 0.753 0.059 0.014 0.431 17.163 0.006 0.009
65.755 1.125 0.016 0.018 0.022 0.026 4.886 0.006 0.010
66.772 1.125 0.016 0.018 0.030 0.010 3.535 0.006 0.010
67.791 1.125 0.016 0.018 0.022 0.007 3.361 0.006 0.009
68.815 1.125 0.015 0.017 0.022 0.006 3.398 0.006 0.009
69.842 1.125 0.016 0.018 0.022 0.010 3.370 0.006 0.010
70.866 1.125 0.015 0.017 0.030 0.008 3.415 0.006 0.010
71.888 1.125 0.016 0.017 0.014 0.013 3.405 0.006 0.009
72.911 1.125 0.016 0.018 0.022 0.019 3.445 0.006 0.010
