1.010 1.906 0.096 0.016 0.014 0.019 3.255 0.006 0.010
2.020 3.017 0.633 0.020 0.022 0.062 3.410 0.006 0.010
3.029 1.218 2.723 0.162 0.435 0.652 4.267 0.006 0.009
4.040 1.190 8.596 0.443 0.576 0.735 8.245 0.006 0.009
5.049 1.184 8.506 0.468 0.508 0.731 18.096 0.006 0.009
6.065 1.193 8.535 0.466 0.230 0.786 18.216 0.006 0.009
7.074 1.209 8.800 0.568 0.577 0.848 18.356 0.006 0.009
8.085 1.206 8.819 0.488 1.160 0.739 20.085 0.006 0.009
9.094 1.205 8.623 0.473 0.031 0.741 18.774 0.006 0.009
10.104 1.211 8.660 0.490 0.641 0.739 18.353 0.006 0.009
11.111 1.219 8.558 0.478 0.023 0.744 18.373 0.006 0.009
12.128 1.235 8.512 0.462 0.576 0.752 18.458 0.006 0.009
13.138 1.220 8.725 0.495 0.448 0.746 18.450 0.006 0.009
14.149 1.228 8.763 0.468 0.595 0.747 18.525 0.005 0.009
15.159 1.243 8.664 0.487 0.023 0.748 18.450 0.006 0.009
16.169 1.249 8.537 0.473 0.420 0.748 18.536 0.006 0.009
17.177 1.247 8.651 0.493 0.023 0.751 18.539 0.006 0.009
18.185 1.258 8.631 0.488 0.653 0.772 18.697 0.006 0.009
19.200 1.254 8.644 0.504 0.608 0.752 18.582 0.006 0.009
20.214 1.309 8.779 0.496 0.249 0.761 18.596 0.006 0.009
21.230 1.463 9.059 0.606 0.377 0.789 18.753 0.005 0.009
22.244 1.246 8.843 0.585 0.014 0.918 20.502 0.006 0.009
23.251 1.271 8.700 0.522 0.712 0.802 20.427 0.006 0.009
24.262 1.262 8.689 0.527 0.592 0.788 19.030 0.006 0.009
25.279 1.263 8.593 0.527 0.568 0.789 19.074 0.006 0.009
26.289 1.258 8.464 0.498 0.668 0.761 18.804 0.006 0.009
27.299 1.255 8.702 0.495 0.315 0.757 18.483 0.006 0.009
28.306 1.224 8.576 0.511 0.579 0.770 18.421 0.006 0.009
29.316 1.244 8.424 0.496 0.014 0.754 18.902 0.005 0.008
30.322 1.233 8.488 0.498 0.495 0.755 18.298 0.006 0.009
31.333 1.255 8.429 0.498 0.031 0.756 18.266 0.006 0.010
32.348 1.244 8.185 0.479 0.612 0.759 18.207 0.006 0.009
33.358 1.248 8.160 0.486 0.899 0.761 18.304 0.006 0.009
34.367 1.241 8.301 0.498 0.582 0.766 18.206 0.005 0.009
35.383 1.241 8.434 0.487 0.413 0.756 18.495 0.006 0.009
36.393 1.243 8.238 0.497 0.677 0.763 18.019 0.006 0.009
37.402 1.250 8.244 0.493 0.412 0.754 18.001 0.007 0.009
38.413 1.230 7.991 0.511 0.446 0.757 17.966 0.006 0.009
39.421 1.243 8.310 0.504 0.006 0.752 17.962 0.006 0.009
40.430 1.231 8.150 0.492 1.225 0.752 17.887 0.006 0.009
41.438 1.247 7.943 0.488 0.521 0.759 17.966 0.006 0.009
42.447 1.292 8.097 0.511 0.023 0.752 17.864 0.006 0.009
43.457 1.236 8.013 0.497 0.361 0.771 17.995 0.005 0.009
44.465 1.246 8.132 0.519 0.189 0.757 17.745 0.006 0.009
45.474 1.265 8.143 0.520 0.557 0.770 17.997 0.006 0.009
46.483 1.245 8.036 0.504 0.147 0.781 18.052 0.005 0.009
47.491 1.232 7.872 0.525 0.586 0.748 17.844 0.006 0.009
48.503 1.223 7.915 0.490 0.677 0.768 17.746 0.006 0.009
49.518 1.224 7.912 0.485 0.014 0.746 17.621 0.006 0.009
50.532 1.240 7.839 0.515 0.022 0.747 17.594 0.006 0.009
51.542 1.238 7.777 0.504 0.701 0.754 17.703 0.006 0.009
52.557 1.237 7.868 0.516 0.453 0.752 17.498 0.006 0.009
53.565 1.232 7.857 0.496 0.591 0.755 17.618 0.006 0.009
54.576 1.239 7.766 0.487 0.643 0.748 17.590 0.005 0.009
55.591 1.239 7.859 0.479 0.728 0.743 17.526 0.006 0.009
56.601 1.233 7.741 0.501 0.056 0.748 17.497 0.006 0.009
57.617 1.225 7.972 0.501 0.488 0.743 17.472 0.006 0.009
58.624 1.231 7.869 0.492 0.039 0.747 17.474 0.006 0.009
59.633 1.218 7.899 0.499 0.433 0.744 17.342 0.006 0.009
60.649 1.222 7.680 0.487 0.420 0.742 17.335 0.005 0.008
61.666 1.232 7.872 0.492 0.022 0.745 17.322 0.006 0.009
62.682 1.231 7.730 0.481 0.022 0.745 17.407 0.005 0.008
63.698 1.366 7.763 0.493 0.566 0.487 17.325 0.006 0.009
64.722 1.125 1.246 0.095 0.030 0.030 17.361 0.006 0.009
65.741 1.125 0.015 0.018 0.014 0.016 5.792 0.006 0.010
66.767 1.125 0.015 0.017 0.022 0.007 3.561 0.006 0.010
67.785 1.125 0.015 0.018 0.022 0.007 3.473 0.006 0.010
68.804 1.125 0.015 0.017 0.022 0.012 3.360 0.006 0.009
69.830 1.125 0.015 0.017 0.014 0.010 3.346 0.006 0.010
70.855 1.125 0.015 0.017 0.022 0.017 3.363 0.006 0.009
71.879 1.125 0.015 0.018 0.014 0.007 3.299 0.006 0.009
72.904 1.125 0.015 0.017 0.030 0.007 3.356 0.006 0.009
