1.010 1.711 0.098 0.017 0.014 0.023 3.432 0.006 0.010
2.019 3.098 0.545 0.019 0.030 0.034 3.612 0.006 0.010
3.028 1.228 4.108 0.313 0.527 0.219 4.492 0.007 0.010
4.036 1.181 5.958 0.464 0.601 0.725 10.910 0.007 0.010
5.042 1.183 6.049 0.456 0.022 0.730 14.369 0.007 0.010
6.053 1.186 5.981 0.471 0.014 0.731 14.473 0.007 0.011
7.062 1.185 6.009 0.468 0.014 0.731 14.490 0.007 0.010
8.071 1.182 5.930 0.461 0.632 0.730 14.487 0.007 0.011
9.082 1.190 6.057 0.464 0.429 0.732 14.520 0.007 0.010
10.091 1.195 5.964 0.472 0.618 0.732 14.511 0.007 0.010
11.101 1.188 6.032 0.459 0.014 0.736 14.499 0.007 0.010
12.117 1.194 5.985 0.483 0.552 0.745 14.536 0.007 0.010
13.126 1.188 5.946 0.483 0.421 0.746 14.621 0.007 0.010
14.135 1.188 6.107 0.493 0.571 0.752 14.672 0.007 0.011
15.145 1.207 5.979 0.473 0.418 0.741 14.773 0.007 0.011
16.161 1.198 6.078 0.494 0.716 0.747 14.653 0.007 0.010
17.168 1.195 5.886 0.472 0.638 0.744 14.656 0.007 0.010
18.178 1.198 6.024 0.479 0.023 0.743 14.773 0.007 0.010
19.189 1.198 5.999 0.478 0.014 0.745 14.700 0.008 0.011
20.202 1.189 6.081 0.485 0.485 0.750 14.851 0.007 0.010
21.218 1.194 6.093 0.474 0.661 0.744 14.759 0.007 0.010
22.228 1.204 5.900 0.483 0.669 0.752 14.857 0.007 0.011
23.240 1.196 6.028 0.495 0.022 0.760 14.887 0.007 0.010
24.250 1.202 6.067 0.501 0.659 0.755 14.828 0.008 0.011
25.261 1.210 6.094 0.497 0.454 0.746 14.756 0.007 0.011
26.272 1.201 6.033 0.480 0.583 0.747 14.841 0.008 0.011
27.289 1.204 6.104 0.473 0.582 0.749 14.733 0.007 0.011
28.297 1.207 6.003 0.482 0.511 0.747 14.751 0.007 0.010
29.313 1.199 6.054 0.497 0.513 0.767 14.821 0.007 0.011
30.324 1.212 6.050 0.485 0.023 0.746 14.863 0.007 0.011
31.338 1.194 6.065 0.487 0.023 0.745 14.696 0.007 0.010
32.354 1.201 6.012 0.483 0.073 0.748 14.751 0.007 0.010
33.369 1.198 6.113 0.487 0.554 0.747 14.745 0.007 0.010
34.379 1.199 5.990 0.471 0.039 0.753 14.748 0.007 0.011
35.395 1.215 6.075 0.503 0.439 0.756 14.660 0.008 0.011
36.412 1.205 5.991 0.486 0.647 0.751 14.786 0.007 0.010
37.418 1.208 6.061 0.480 0.346 0.752 14.781 0.007 0.011
38.425 1.213 6.043 0.490 0.636 0.758 14.723 0.007 0.010
39.442 1.209 6.070 0.502 0.811 0.753 14.767 0.007 0.010
40.458 1.220 6.070 0.482 0.504 0.746 14.799 0.008 0.011
41.470 1.213 5.986 0.484 0.465 0.747 14.705 0.007 0.010
42.481 1.215 6.054 0.489 0.014 0.780 14.696 0.007 0.010
43.491 1.224 6.150 0.538 0.023 0.815 14.728 0.008 0.011
44.501 1.210 6.238 0.519 0.742 0.791 15.460 0.007 0.010
45.508 1.225 6.210 0.505 0.595 0.802 15.381 0.007 0.010
46.523 1.213 6.025 0.521 0.487 0.802 15.347 0.007 0.011
47.534 1.217 6.284 0.558 0.463 0.810 15.510 0.007 0.011
48.546 1.223 6.155 0.551 0.652 0.846 15.896 0.007 0.010
49.561 1.222 6.081 0.521 0.023 0.818 15.621 0.007 0.010
50.570 1.215 6.007 0.478 0.022 0.762 15.248 0.007 0.010
51.579 1.210 6.006 0.493 0.280 0.752 14.796 0.008 0.011
52.590 1.206 5.930 0.495 0.056 0.755 14.815 0.007 0.010
53.599 1.206 5.879 0.485 0.014 0.751 14.779 0.006 0.010
54.610 1.217 6.055 0.494 0.675 0.753 14.795 0.007 0.011
55.618 1.219 6.040 0.513 0.536 0.752 14.750 0.007 0.010
56.626 1.213 5.937 0.498 0.691 0.756 14.810 0.007 0.010
57.641 1.215 5.988 0.483 0.505 0.764 14.865 0.007 0.010
58.649 1.208 5.920 0.501 0.510 0.758 14.802 0.007 0.010
59.662 1.220 6.047 0.497 0.676 0.778 14.968 0.007 0.010
60.675 1.216 6.067 0.491 0.279 0.755 14.811 0.007 0.010
61.687 1.211 6.061 0.485 0.022 0.759 14.749 0.007 0.010
62.695 1.217 6.031 0.495 0.544 0.755 14.833 0.007 0.011
63.712 1.442 2.639 0.214 0.023 0.696 14.767 0.007 0.010
64.739 1.125 0.015 0.018 0.014 0.010 8.534 0.006 0.010
65.756 1.125 0.015 0.017 0.014 0.016 3.578 0.006 0.009
66.776 1.125 0.015 0.017 0.022 0.006 3.463 0.006 0.010
67.797 1.125 0.015 0.017 0.006 0.006 3.454 0.006 0.010
68.817 1.125 0.015 0.018 0.022 0.012 3.546 0.006 0.009
69.841 1.125 0.015 0.018 0.022 0.018 3.501 0.006 0.010
70.861 1.125 0.015 0.017 0.030 0.008 3.589 0.006 0.010
71.875 1.125 0.015 0.017 0.014 0.008 3.510 0.006 0.010
72.899 1.125 0.015 0.017 0.006 0.024 3.512 0.006 0.010
