1.010 1.740 0.095 0.017 0.014 0.028 3.349 0.006 0.009
2.018 2.578 0.664 0.024 0.022 0.054 3.577 0.006 0.009
3.026 1.221 5.615 0.454 0.022 0.437 4.643 0.007 0.011
4.035 1.180 6.023 0.458 0.420 0.747 13.874 0.007 0.011
5.044 1.197 6.066 0.470 0.590 0.736 14.489 0.008 0.011
6.056 1.191 5.973 0.442 0.014 0.743 14.549 0.007 0.010
7.072 1.189 6.053 0.466 0.114 0.738 14.480 0.008 0.011
8.084 1.191 6.031 0.457 0.480 0.742 14.483 0.007 0.010
9.094 1.194 6.074 0.478 0.064 0.740 14.507 0.007 0.010
10.102 1.192 6.035 0.467 0.022 0.744 14.619 0.007 0.010
11.110 1.193 5.997 0.464 0.014 0.745 14.634 0.007 0.011
12.120 1.196 6.067 0.482 0.023 0.744 14.628 0.007 0.010
13.133 1.207 5.916 0.473 0.538 0.747 14.797 0.007 0.010
14.143 1.214 5.976 0.496 0.022 0.750 14.630 0.008 0.011
15.160 1.210 6.099 0.477 0.022 0.750 14.723 0.007 0.010
16.176 1.208 6.169 0.476 0.618 0.749 14.784 0.007 0.010
17.186 1.204 6.043 0.478 0.022 0.749 14.629 0.007 0.010
18.197 1.207 5.974 0.474 0.666 0.747 14.579 0.006 0.010
19.207 1.207 6.060 0.483 0.454 0.748 14.632 0.007 0.011
20.215 1.205 6.038 0.487 0.467 0.751 14.658 0.007 0.011
21.225 1.206 6.149 0.465 0.584 0.747 14.614 0.007 0.010
22.237 1.211 6.046 0.507 0.022 0.746 14.608 0.007 0.010
23.245 1.213 6.049 0.474 0.717 0.747 14.602 0.007 0.010
24.256 1.213 5.979 0.461 0.031 0.746 14.649 0.007 0.010
25.263 1.224 6.205 0.463 0.283 0.749 14.624 0.007 0.010
26.271 1.222 6.107 0.499 0.627 0.758 14.627 0.007 0.010
27.279 1.218 5.951 0.480 0.023 0.761 14.848 0.007 0.010
28.291 1.217 6.064 0.495 0.653 0.764 14.773 0.007 0.011
29.299 1.208 6.046 0.486 0.645 0.758 14.815 0.007 0.011
30.309 1.216 6.049 0.475 1.214 0.749 14.689 0.007 0.011
31.319 1.214 6.116 0.484 0.163 0.756 14.637 0.007 0.010
32.328 1.224 6.122 0.496 0.503 0.772 14.783 0.007 0.010
33.340 1.219 6.033 0.485 0.014 0.760 14.836 0.007 0.010
34.353 1.236 5.990 0.490 0.590 0.764 14.752 0.007 0.010
35.362 1.228 6.029 0.496 0.477 0.761 14.761 0.007 0.010
36.378 1.227 6.125 0.508 0.298 0.762 14.846 0.007 0.010
37.386 1.226 6.036 0.493 0.073 0.765 14.801 0.007 0.010
38.395 1.231 6.158 0.497 0.443 0.756 14.884 0.008 0.011
39.406 1.219 5.982 0.490 0.378 0.756 14.782 0.007 0.010
40.415 1.224 5.985 0.473 0.510 0.757 14.760 0.007 0.011
41.426 1.215 6.053 0.483 0.437 0.756 14.767 0.007 0.010
42.443 1.218 5.994 0.479 0.274 0.757 14.730 0.007 0.010
43.459 1.228 6.019 0.487 0.633 0.755 14.768 0.007 0.010
44.476 1.229 6.153 0.488 0.678 0.756 14.743 0.007 0.011
45.492 1.237 6.030 0.500 0.022 0.765 14.728 0.007 0.010
46.500 1.238 5.943 0.489 0.683 0.757 14.754 0.007 0.010
47.510 1.228 6.142 0.491 0.653 0.766 14.862 0.007 0.010
48.518 1.233 5.941 0.495 0.023 0.758 14.806 0.008 0.011
49.527 1.232 6.048 0.494 0.558 0.768 14.797 0.007 0.010
50.543 1.233 6.032 0.497 0.022 0.766 14.850 0.007 0.010
51.554 1.221 6.049 0.490 0.031 0.759 14.852 0.007 0.010
52.563 1.228 6.106 0.488 0.477 0.760 14.841 0.006 0.009
53.575 1.230 6.143 0.495 0.014 0.757 14.788 0.007 0.011
54.584 1.239 6.169 0.488 0.527 0.756 14.828 0.007 0.010
55.597 1.241 6.089 0.500 0.604 0.768 14.762 0.007 0.010
56.611 1.244 6.039 0.513 0.031 0.763 14.776 0.007 0.010
57.622 1.234 6.149 0.517 0.560 0.774 14.895 0.007 0.011
58.631 1.241 6.177 0.510 0.562 0.768 14.920 0.007 0.010
59.641 1.233 6.092 0.485 0.204 0.760 14.978 0.007 0.010
60.648 1.227 6.040 0.495 0.031 0.760 14.821 0.007 0.010
61.658 1.223 6.078 0.495 0.539 0.759 14.818 0.007 0.010
62.670 1.238 6.009 0.514 0.031 0.781 14.813 0.008 0.011
63.686 1.373 6.077 0.486 0.334 0.721 14.995 0.007 0.010
64.713 1.125 2.895 0.237 0.014 0.007 14.751 0.007 0.010
65.738 1.125 0.016 0.018 0.022 0.027 8.767 0.006 0.010
66.762 1.125 0.015 0.017 0.022 0.009 3.440 0.006 0.009
67.788 1.125 0.016 0.018 0.022 0.011 3.385 0.006 0.010
68.812 1.125 0.015 0.017 0.014 0.010 3.383 0.006 0.009
69.835 1.125 0.016 0.017 0.022 0.018 3.398 0.006 0.010
70.857 1.125 0.015 0.017 0.022 0.020 3.426 0.006 0.010
71.881 1.125 0.015 0.017 0.022 0.008 3.416 0.006 0.010
72.905 1.125 0.015 0.018 0.022 0.007 3.353 0.006 0.010
