1.010 1.863 0.096 0.016 0.014 0.014 3.317 0.006 0.009
2.018 3.125 0.593 0.020 0.022 0.188 3.486 0.006 0.009
3.028 1.227 3.684 0.279 0.022 0.728 4.368 0.007 0.010
4.036 1.180 5.944 0.468 0.122 0.736 10.047 0.006 0.010
5.046 1.188 6.061 0.468 0.576 0.745 14.287 0.007 0.010
6.054 1.179 6.003 0.493 0.536 0.735 14.499 0.007 0.010
7.066 1.188 5.957 0.470 0.584 0.744 14.544 0.006 0.010
8.077 1.187 6.047 0.481 0.207 0.734 14.462 0.007 0.010
9.087 1.188 6.091 0.454 0.460 0.738 14.557 0.007 0.010
10.095 1.186 6.077 0.478 0.205 0.760 14.501 0.007 0.010
11.104 1.197 6.041 0.495 0.568 0.747 14.566 0.007 0.010
12.114 1.208 6.035 0.478 0.022 0.751 14.604 0.007 0.010
13.123 1.202 5.970 0.475 0.561 0.744 14.598 0.007 0.010
14.137 1.196 6.098 0.480 0.493 0.745 14.627 0.007 0.010
15.146 1.198 6.049 0.472 0.386 0.743 14.581 0.007 0.011
16.153 1.202 5.920 0.467 0.628 0.745 14.662 0.007 0.010
17.169 1.192 6.029 0.478 0.022 0.743 14.619 0.007 0.010
18.186 1.198 5.976 0.485 0.670 0.745 14.645 0.007 0.010
19.203 1.189 6.199 0.483 0.543 0.746 14.583 0.007 0.011
20.219 1.203 5.830 0.464 0.425 0.752 14.605 0.007 0.011
21.236 1.201 6.098 0.475 0.657 0.754 14.548 0.007 0.010
22.247 1.202 6.063 0.479 0.295 0.752 14.703 0.007 0.010
23.258 1.206 6.106 0.488 0.627 0.756 14.644 0.007 0.010
24.268 1.205 6.069 0.484 0.469 0.767 14.717 0.007 0.010
25.279 1.197 5.991 0.480 0.519 0.749 14.864 0.007 0.010
26.291 1.197 6.115 0.492 0.022 0.751 14.776 0.007 0.010
27.299 1.210 6.042 0.475 0.568 0.749 14.774 0.007 0.011
28.315 1.204 6.033 0.487 0.519 0.749 14.669 0.007 0.010
29.324 1.195 6.133 0.477 0.014 0.750 14.624 0.007 0.010
30.332 1.205 6.073 0.494 0.287 0.750 14.653 0.007 0.010
31.342 1.203 6.126 0.484 0.494 0.748 14.585 0.007 0.010
32.351 1.210 5.963 0.477 0.506 0.749 14.657 0.007 0.010
33.357 1.212 5.957 0.491 0.245 0.753 14.640 0.007 0.010
34.374 1.206 6.119 0.498 0.637 0.764 14.803 0.007 0.010
35.386 1.214 6.028 0.474 0.568 0.759 14.760 0.007 0.011
36.395 1.213 6.209 0.514 0.346 0.764 14.722 0.007 0.010
37.405 1.216 6.015 0.493 0.651 0.764 14.773 0.007 0.010
38.416 1.209 6.195 0.504 0.560 0.756 14.708 0.007 0.010
39.425 1.206 5.969 0.488 0.578 0.756 14.775 0.007 0.011
40.437 1.225 6.116 0.488 0.014 0.778 14.790 0.008 0.011
41.445 1.224 6.073 0.489 0.165 0.759 14.854 0.007 0.010
42.454 1.215 6.165 0.485 0.014 0.758 14.851 0.007 0.010
43.463 1.228 6.091 0.489 0.312 0.758 14.732 0.007 0.010
44.473 1.212 6.059 0.489 0.643 0.756 14.798 0.007 0.010
45.482 1.224 6.090 0.480 0.477 0.755 14.679 0.007 0.010
46.490 1.224 6.130 0.496 0.635 0.761 14.706 0.007 0.010
47.501 1.209 6.069 0.479 0.478 0.760 14.778 0.006 0.010
48.510 1.211 6.050 0.477 0.643 0.754 14.725 0.007 0.011
49.520 1.213 6.104 0.492 0.313 0.754 14.736 0.007 0.010
50.528 1.221 6.072 0.487 0.585 0.754 14.745 0.007 0.010
51.539 1.211 6.030 0.484 0.280 0.755 14.744 0.007 0.010
52.554 1.227 6.069 0.492 0.612 0.755 14.709 0.008 0.011
53.571 1.220 6.127 0.481 0.626 0.757 14.751 0.007 0.011
54.578 1.215 6.046 0.502 0.031 0.757 14.783 0.007 0.011
55.587 1.212 6.053 0.493 0.518 0.756 14.780 0.007 0.010
56.599 1.216 5.960 0.488 0.658 0.756 14.781 0.007 0.010
57.609 1.226 6.057 0.488 0.023 0.754 14.714 0.007 0.011
58.621 1.258 6.171 0.553 0.420 0.781 14.705 0.007 0.010
59.632 1.212 6.245 0.546 0.023 0.822 15.551 0.007 0.010
60.648 1.216 6.131 0.478 0.022 0.765 15.277 0.007 0.010
61.662 1.224 6.070 0.498 0.022 0.757 14.767 0.006 0.010
62.674 1.225 6.088 0.492 0.022 0.762 14.749 0.007 0.010
63.690 1.372 4.366 0.352 0.616 0.759 14.764 0.007 0.010
64.716 1.125 0.015 0.017 0.022 0.163 11.660 0.006 0.010
65.735 1.125 0.016 0.017 0.006 0.020 3.401 0.006 0.009
66.762 1.125 0.015 0.018 0.014 0.008 3.315 0.006 0.010
67.780 1.125 0.015 0.018 0.014 0.006 3.356 0.006 0.009
68.807 1.125 0.015 0.017 0.014 0.007 3.275 0.006 0.009
69.831 1.125 0.015 0.018 0.014 0.005 3.305 0.006 0.010
70.855 1.125 0.016 0.017 0.014 0.037 3.349 0.006 0.010
71.879 1.446 0.015 0.017 0.022 0.004 3.313 0.006 0.010
72.903 1.125 0.031 0.018 0.022 0.012 3.303 0.006 0.009
