1.010 1.738 0.097 0.017 0.030 0.016 3.466 0.006 0.010
2.021 3.065 0.599 0.021 0.030 0.180 3.535 0.006 0.010
3.032 1.218 3.481 0.284 0.637 0.764 4.451 0.007 0.010
4.041 1.182 5.952 0.508 0.180 0.771 9.982 0.007 0.010
5.051 1.187 6.011 0.477 0.670 0.774 14.452 0.007 0.011
6.059 1.193 5.997 0.504 0.519 0.775 14.447 0.007 0.011
7.076 1.193 5.986 0.509 0.611 0.797 14.500 0.008 0.011
8.084 1.197 6.072 0.495 0.065 0.785 14.648 0.007 0.010
9.094 1.239 6.046 0.513 0.477 0.792 14.759 0.007 0.010
10.109 1.192 6.043 0.511 0.553 0.793 14.649 0.007 0.011
11.122 1.190 5.994 0.497 0.667 0.779 14.870 0.007 0.010
12.131 1.190 5.935 0.480 0.537 0.779 14.798 0.007 0.011
13.148 1.189 5.974 0.504 0.022 0.779 14.679 0.007 0.011
14.165 1.194 6.045 0.498 0.023 0.780 14.712 0.007 0.010
15.181 1.193 6.042 0.528 0.595 0.773 14.716 0.007 0.010
16.198 1.190 6.009 0.496 0.022 0.745 14.775 0.008 0.011
17.211 1.194 5.940 0.472 0.433 0.744 14.592 0.007 0.011
18.221 1.201 5.860 0.476 0.031 0.755 14.402 0.007 0.011
19.227 1.202 5.961 0.481 0.446 0.745 14.537 0.007 0.010
20.237 1.199 5.934 0.477 0.590 0.749 14.416 0.007 0.010
21.244 1.193 5.932 0.483 0.619 0.745 14.482 0.007 0.011
22.252 1.199 5.955 0.471 0.022 0.749 14.464 0.007 0.011
23.262 1.191 5.885 0.476 0.022 0.748 14.529 0.007 0.011
24.269 1.193 5.802 0.467 0.669 0.747 14.522 0.007 0.010
25.279 1.196 5.993 0.464 0.488 0.753 14.474 0.008 0.011
26.291 1.198 5.871 0.488 0.627 0.756 14.558 0.007 0.010
27.308 1.197 5.978 0.513 0.479 0.746 14.478 0.007 0.010
28.322 1.199 5.995 0.485 0.023 0.748 14.520 0.008 0.011
29.331 1.193 5.928 0.482 0.014 0.748 14.489 0.007 0.011
30.347 1.196 5.921 0.473 0.240 0.746 14.516 0.007 0.010
31.356 1.198 5.800 0.475 0.346 0.755 14.564 0.008 0.011
32.367 1.197 5.860 0.471 0.496 0.763 14.670 0.007 0.011
33.375 1.198 5.955 0.485 0.425 0.753 14.608 0.007 0.011
34.384 1.204 6.071 0.487 0.568 0.748 14.617 0.007 0.010
35.394 1.194 5.964 0.478 0.039 0.748 14.502 0.008 0.011
36.402 1.211 6.073 0.470 0.022 0.750 14.514 0.008 0.011
37.411 1.201 5.935 0.478 0.022 0.769 14.489 0.007 0.011
38.423 1.196 5.961 0.477 0.710 0.748 14.622 0.007 0.011
39.435 1.205 5.993 0.473 0.122 0.748 14.518 0.007 0.010
40.445 1.198 5.965 0.492 0.685 0.757 14.443 0.007 0.010
41.455 1.203 5.994 0.473 0.477 0.749 14.462 0.007 0.010
42.471 1.199 5.894 0.481 0.031 0.749 14.451 0.007 0.010
43.488 1.196 6.046 0.479 0.601 0.750 14.497 0.008 0.011
44.500 1.207 5.845 0.477 0.537 0.750 14.492 0.008 0.010
45.508 1.211 6.033 0.487 0.453 0.753 14.473 0.007 0.011
46.518 1.220 5.920 0.492 0.670 0.754 14.560 0.007 0.011
47.526 1.213 5.800 0.498 0.432 0.759 14.602 0.008 0.011
48.543 1.206 5.993 0.498 0.718 0.752 14.637 0.007 0.010
49.554 1.213 5.997 0.492 0.387 0.764 14.632 0.006 0.010
50.564 1.208 6.039 0.480 1.240 0.771 14.614 0.008 0.011
51.581 1.208 5.974 0.514 0.305 0.765 14.759 0.008 0.011
52.588 1.214 5.954 0.472 0.536 0.754 14.684 0.007 0.010
53.605 1.206 5.873 0.490 0.147 0.757 14.567 0.008 0.011
54.622 1.198 6.061 0.490 0.615 0.750 14.570 0.007 0.011
55.634 1.206 5.847 0.483 0.586 0.751 14.499 0.007 0.011
56.651 1.203 5.924 0.482 0.634 0.749 14.527 0.007 0.011
57.668 1.205 5.834 0.494 0.486 0.752 14.487 0.007 0.010
58.680 1.197 5.886 0.470 0.630 0.750 14.590 0.007 0.010
59.697 1.209 5.966 0.472 1.236 0.750 14.555 0.008 0.010
60.709 1.201 5.885 0.473 0.014 0.757 14.734 0.007 0.011
61.717 1.205 5.831 0.493 0.031 0.764 14.675 0.007 0.011
62.728 1.209 5.893 0.469 0.645 0.760 14.711 0.007 0.010
63.740 1.444 3.070 0.267 0.576 0.758 14.618 0.006 0.010
64.762 1.125 0.015 0.017 0.022 0.016 9.429 0.006 0.009
65.783 1.125 0.015 0.018 0.030 0.024 3.580 0.006 0.010
66.805 1.125 0.015 0.017 0.022 0.005 3.469 0.006 0.009
67.825 1.125 0.015 0.018 0.022 0.037 3.485 0.006 0.010
68.843 1.226 0.016 0.018 0.030 0.009 3.383 0.006 0.010
69.858 1.125 0.018 0.017 0.022 0.028 3.409 0.006 0.009
70.874 1.125 0.015 0.017 0.014 0.018 3.534 0.006 0.009
71.893 1.125 0.015 0.018 0.022 0.015 3.426 0.006 0.009
72.909 1.125 0.015 0.018 0.014 0.009 3.455 0.006 0.010
