1.010 1.862 0.091 0.017 0.022 0.014 3.362 0.006 0.010
2.021 3.136 0.579 0.020 0.022 0.170 3.490 0.006 0.010
3.037 1.231 3.484 0.283 0.535 0.735 4.289 0.007 0.010
4.046 1.185 5.918 0.472 0.605 0.737 9.771 0.008 0.011
5.054 1.192 5.918 0.467 0.023 0.742 14.208 0.008 0.011
6.068 1.195 5.898 0.472 0.624 0.742 14.260 0.007 0.010
7.082 1.189 6.074 0.491 0.627 0.750 14.323 0.007 0.010
8.089 1.188 5.912 0.474 0.662 0.743 14.434 0.008 0.011
9.097 1.182 5.837 0.469 0.440 0.739 14.328 0.008 0.011
10.107 1.193 5.934 0.495 0.022 0.764 14.343 0.007 0.011
11.118 1.189 5.890 0.463 0.433 0.741 14.458 0.007 0.011
12.126 1.188 5.940 0.479 0.577 0.739 14.353 0.007 0.010
13.137 1.202 5.909 0.474 0.626 0.744 14.261 0.008 0.012
14.146 1.187 5.891 0.477 0.591 0.747 14.322 0.007 0.011
15.152 1.193 5.965 0.487 0.695 0.748 14.359 0.007 0.010
16.162 1.209 6.013 0.487 0.510 0.764 14.424 0.007 0.010
17.173 1.197 5.952 0.497 0.491 0.749 14.442 0.007 0.011
18.184 1.196 6.040 0.472 0.497 0.758 14.626 0.007 0.010
19.194 1.216 5.989 0.489 0.687 0.759 14.430 0.007 0.011
20.208 1.211 5.920 0.482 0.023 0.758 14.640 0.007 0.011
21.219 1.204 5.954 0.488 0.604 0.747 14.578 0.007 0.010
22.230 1.192 5.915 0.489 0.544 0.747 14.600 0.008 0.011
23.240 1.199 5.916 0.487 0.678 0.756 14.394 0.008 0.011
24.249 1.200 5.855 0.479 0.660 0.750 14.525 0.007 0.011
25.258 1.209 5.939 0.481 0.421 0.753 14.574 0.007 0.010
26.266 1.218 5.957 0.486 0.022 0.752 14.442 0.006 0.010
27.276 1.206 5.837 0.489 0.636 0.751 14.440 0.008 0.011
28.283 1.209 5.927 0.479 0.493 0.758 14.478 0.007 0.010
29.293 1.205 6.082 0.479 0.679 0.760 14.415 0.007 0.010
30.304 1.212 5.979 0.495 0.031 0.755 14.760 0.007 0.010
31.314 1.206 5.822 0.494 0.628 0.752 14.510 0.007 0.011
32.330 1.201 5.866 0.476 0.419 0.751 14.555 0.007 0.010
33.338 1.205 5.974 0.486 0.022 0.755 14.490 0.007 0.010
34.348 1.205 5.843 0.484 0.438 0.754 14.506 0.008 0.011
35.358 1.205 6.040 0.495 0.643 0.756 14.519 0.008 0.011
36.370 1.200 6.001 0.493 0.249 0.752 14.508 0.007 0.010
37.380 1.206 5.983 0.481 0.584 0.753 14.522 0.007 0.011
38.391 1.211 5.904 0.490 0.455 0.754 14.521 0.007 0.011
39.401 1.202 5.950 0.495 0.604 0.761 14.470 0.007 0.010
40.413 1.214 6.088 0.514 0.543 0.783 14.555 0.007 0.011
41.423 1.206 6.070 0.494 0.031 0.758 14.695 0.007 0.011
42.433 1.251 5.903 0.503 0.097 0.776 14.610 0.007 0.010
43.441 1.217 5.899 0.500 0.649 0.760 14.719 0.007 0.010
44.451 1.212 6.009 0.507 0.507 0.756 14.579 0.007 0.011
45.463 1.227 6.017 0.481 0.023 0.758 14.564 0.007 0.010
46.472 1.229 5.927 0.502 0.708 0.760 14.595 0.007 0.010
47.480 1.228 5.976 0.505 0.686 0.756 14.575 0.007 0.010
48.490 1.220 5.915 0.492 0.014 0.764 14.576 0.007 0.010
49.500 1.232 6.027 0.502 0.619 0.764 14.624 0.008 0.010
50.515 1.235 6.167 0.491 0.465 0.773 14.701 0.007 0.010
51.522 1.223 5.918 0.480 0.476 0.762 14.664 0.007 0.010
52.531 1.224 6.038 0.497 0.524 0.758 14.599 0.008 0.011
53.542 1.223 5.855 0.492 0.718 0.759 14.635 0.007 0.010
54.552 1.233 6.025 0.493 0.421 0.759 14.566 0.007 0.011
55.560 1.233 5.931 0.501 0.022 0.760 14.614 0.007 0.010
56.575 1.232 6.005 0.470 0.532 0.760 14.597 0.008 0.011
57.585 1.218 5.969 0.480 0.412 0.759 14.580 0.007 0.010
58.602 1.218 5.949 0.485 0.528 0.758 14.539 0.008 0.011
59.615 1.217 5.940 0.492 0.588 0.757 14.553 0.007 0.011
60.626 1.228 5.860 0.509 0.256 0.758 14.541 0.007 0.010
61.637 1.230 5.988 0.510 0.411 0.766 14.678 0.007 0.010
62.649 1.222 5.978 0.504 0.422 0.771 14.626 0.007 0.010
63.666 1.417 3.616 0.296 0.644 0.763 14.727 0.007 0.010
64.693 1.125 0.016 0.018 0.014 0.073 10.251 0.006 0.010
65.719 1.125 0.015 0.018 0.022 0.021 3.500 0.006 0.010
66.742 1.125 0.015 0.018 0.022 0.009 3.364 0.006 0.009
67.765 1.125 0.015 0.018 0.022 0.006 3.341 0.006 0.010
68.789 1.125 0.016 0.018 0.014 0.006 3.296 0.006 0.009
69.813 1.125 0.015 0.018 0.022 0.008 3.311 0.007 0.010
70.836 1.125 0.015 0.018 0.022 0.038 3.311 0.006 0.010
71.852 1.125 0.015 0.018 0.022 0.005 3.278 0.006 0.010
72.877 1.125 0.015 0.017 0.022 0.007 3.252 0.006 0.010
