1.010 1.980 0.085 0.017 0.022 0.019 3.434 0.006 0.010
2.017 2.844 0.692 0.021 0.022 0.051 3.482 0.006 0.010
3.028 1.224 5.639 0.452 0.463 0.427 4.645 0.008 0.011
4.037 1.231 5.900 0.457 0.535 0.726 13.536 0.008 0.011
5.048 1.178 5.894 0.468 0.585 0.742 14.234 0.007 0.011
6.061 1.184 5.998 0.452 0.446 0.733 14.314 0.007 0.011
7.074 1.179 5.999 0.457 0.452 0.735 14.284 0.007 0.010
8.083 1.179 5.823 0.470 0.014 0.732 14.244 0.007 0.010
9.096 1.183 5.991 0.487 0.608 0.738 14.289 0.007 0.010
10.112 1.190 5.956 0.476 0.014 0.757 14.593 0.008 0.010
11.124 1.190 5.903 0.467 0.023 0.742 14.617 0.007 0.010
12.135 1.189 5.831 0.469 0.014 0.742 14.503 0.007 0.010
13.144 1.188 5.980 0.470 0.658 0.745 14.516 0.007 0.010
14.154 1.196 5.961 0.463 0.022 0.742 14.537 0.007 0.011
15.163 1.202 5.998 0.503 0.403 0.748 14.539 0.008 0.010
16.173 1.189 5.928 0.475 0.022 0.755 14.609 0.007 0.011
17.182 1.191 5.966 0.485 0.255 0.742 14.459 0.007 0.010
18.192 1.190 5.948 0.480 0.453 0.745 14.420 0.008 0.011
19.202 1.186 5.981 0.484 0.014 0.743 14.451 0.007 0.010
20.210 1.193 5.978 0.476 0.529 0.748 14.427 0.007 0.010
21.222 1.194 5.828 0.489 0.014 0.748 14.431 0.007 0.010
22.238 1.199 6.004 0.475 0.171 0.745 14.440 0.007 0.010
23.245 1.185 5.959 0.476 0.362 0.748 14.508 0.008 0.011
24.254 1.200 5.984 0.464 0.676 0.745 14.416 0.008 0.010
25.264 1.200 5.968 0.490 0.397 0.749 14.401 0.007 0.010
26.274 1.195 5.880 0.475 0.678 0.748 14.500 0.007 0.011
27.282 1.199 6.025 0.472 0.617 0.746 14.491 0.007 0.010
28.291 1.196 5.921 0.480 0.588 0.747 14.395 0.007 0.010
29.304 1.210 5.945 0.484 0.014 0.746 14.456 0.008 0.010
30.311 1.215 5.944 0.477 0.453 0.753 14.457 0.007 0.010
31.318 1.212 5.847 0.477 0.653 0.751 14.524 0.008 0.011
32.329 1.204 5.953 0.494 0.457 0.750 14.536 0.007 0.010
33.340 1.204 6.016 0.481 0.022 0.751 14.665 0.007 0.010
34.350 1.219 6.000 0.485 0.727 0.763 14.498 0.008 0.011
35.362 1.212 5.968 0.511 0.283 0.753 14.565 0.007 0.010
36.370 1.214 5.907 0.472 0.014 0.750 14.672 0.008 0.011
37.382 1.208 5.993 0.482 0.544 0.749 14.438 0.007 0.010
38.398 1.204 5.976 0.476 0.362 0.749 14.442 0.007 0.010
39.405 1.214 6.000 0.496 0.022 0.761 14.495 0.007 0.010
40.422 1.211 5.988 0.486 0.680 0.759 14.454 0.006 0.010
41.435 1.210 5.989 0.499 0.205 0.756 14.680 0.007 0.010
42.445 1.216 5.929 0.484 0.472 0.764 14.530 0.007 0.011
43.457 1.213 6.117 0.489 0.031 0.755 14.631 0.007 0.010
44.464 1.225 5.876 0.490 0.031 0.754 14.638 0.007 0.011
45.476 1.224 5.998 0.494 0.568 0.761 14.531 0.007 0.010
46.486 1.221 5.895 0.484 0.650 0.754 14.634 0.007 0.010
47.497 1.207 5.794 0.496 0.598 0.754 14.600 0.008 0.011
48.508 1.212 5.963 0.509 1.240 0.757 14.618 0.007 0.010
49.524 1.230 5.903 0.484 0.355 0.763 14.660 0.007 0.010
50.533 1.226 5.819 0.518 0.312 0.769 14.604 0.007 0.010
51.540 1.226 5.932 0.489 0.031 0.757 14.768 0.007 0.011
52.549 1.215 5.969 0.500 0.014 0.757 14.594 0.007 0.010
53.561 1.210 5.968 0.495 0.130 0.760 14.577 0.007 0.010
54.575 1.220 6.018 0.498 0.014 0.754 14.638 0.007 0.010
55.583 1.227 5.895 0.490 0.634 0.765 14.527 0.007 0.010
56.597 1.220 6.052 0.495 0.544 0.757 14.571 0.007 0.010
57.608 1.221 5.894 0.487 0.323 0.770 14.629 0.007 0.010
58.625 1.212 5.914 0.505 0.089 0.756 14.693 0.006 0.010
59.635 1.223 5.972 0.497 0.014 0.754 14.662 0.007 0.010
60.652 1.225 6.018 0.491 0.619 0.760 14.583 0.007 0.010
61.668 1.218 5.880 0.495 0.254 0.756 14.596 0.008 0.011
62.679 1.232 6.003 0.504 0.262 0.774 14.623 0.007 0.010
63.695 1.368 5.950 0.482 0.006 0.685 14.659 0.007 0.010
64.715 1.317 2.578 0.211 0.022 0.015 14.571 0.007 0.010
65.742 1.125 0.041 0.018 0.022 0.024 8.191 0.006 0.009
66.762 1.125 0.015 0.017 0.014 0.007 3.674 0.005 0.009
67.789 1.125 0.015 0.017 0.022 0.007 3.381 0.006 0.009
68.814 1.125 0.015 0.017 0.022 0.012 3.362 0.006 0.009
69.838 1.125 0.015 0.017 0.030 0.024 3.424 0.006 0.010
70.863 1.125 0.015 0.017 0.022 0.014 3.526 0.005 0.009
71.887 1.125 0.015 0.017 0.022 0.009 3.504 0.006 0.009
72.911 1.125 0.014 0.017 0.022 0.009 3.396 0.006 0.009
