1.005 1.894 0.093 0.017 0.014 0.016 3.346 0.006 0.010
2.016 3.029 0.567 0.019 0.022 0.145 3.497 0.006 0.010
3.027 1.220 3.204 0.259 0.014 0.725 4.376 0.006 0.010
4.040 1.180 5.852 0.448 0.628 0.728 9.261 0.007 0.010
5.051 1.176 5.874 0.442 0.579 0.730 14.119 0.007 0.010
6.063 1.180 5.890 0.465 0.494 0.733 14.207 0.007 0.011
7.074 1.175 5.924 0.466 0.106 0.730 14.269 0.007 0.010
8.081 1.181 5.927 0.454 0.246 0.735 14.358 0.007 0.010
9.090 1.181 6.012 0.481 0.275 0.735 14.334 0.008 0.010
10.099 1.179 5.827 0.455 0.633 0.735 14.370 0.007 0.010
11.109 1.178 5.909 0.475 0.479 0.737 14.259 0.007 0.011
12.121 1.180 5.908 0.468 0.031 0.739 14.303 0.007 0.010
13.132 1.180 5.909 0.470 0.023 0.736 14.337 0.007 0.010
14.144 1.176 5.927 0.477 0.503 0.737 14.448 0.008 0.011
15.154 1.179 6.004 0.483 0.056 0.759 14.305 0.007 0.011
16.166 1.184 5.926 0.486 0.571 0.739 14.471 0.007 0.010
17.178 1.212 6.027 0.464 1.218 0.775 14.372 0.007 0.011
18.190 1.191 5.940 0.505 0.585 0.793 14.462 0.007 0.010
19.198 1.188 5.915 0.515 0.478 0.792 14.815 0.007 0.011
20.206 1.193 6.064 0.507 0.342 0.780 14.808 0.007 0.010
21.215 1.198 6.043 0.502 0.014 0.785 15.026 0.007 0.010
22.223 1.203 5.981 0.498 0.296 0.792 14.688 0.007 0.010
23.233 1.197 6.056 0.488 0.486 0.789 14.601 0.007 0.011
24.245 1.198 6.052 0.519 0.023 0.791 14.607 0.007 0.010
25.257 1.207 5.838 0.523 0.617 0.808 14.565 0.007 0.010
26.269 1.208 6.082 0.533 0.652 0.795 14.644 0.007 0.010
27.280 1.202 6.031 0.513 0.428 0.796 15.404 0.007 0.011
28.288 1.196 5.981 0.524 0.405 0.789 14.798 0.008 0.011
29.298 1.201 6.082 0.495 0.022 0.783 14.660 0.007 0.010
30.306 1.201 6.111 0.509 0.616 0.787 14.658 0.007 0.010
31.315 1.208 6.037 0.512 0.271 0.807 14.600 0.007 0.010
32.324 1.213 6.170 0.540 0.465 0.798 14.780 0.007 0.010
33.333 1.213 6.007 0.514 0.445 0.794 15.570 0.007 0.010
34.343 1.198 6.095 0.525 0.713 0.785 14.915 0.008 0.011
35.352 1.197 5.935 0.519 0.471 0.786 14.849 0.007 0.010
36.362 1.194 5.982 0.500 0.715 0.785 14.899 0.007 0.010
37.370 1.201 5.797 0.502 0.361 0.789 14.824 0.008 0.011
38.380 1.190 6.037 0.505 0.634 0.766 14.807 0.008 0.011
39.388 1.191 5.864 0.477 0.080 0.748 14.550 0.007 0.011
40.398 1.199 5.990 0.471 0.022 0.749 14.507 0.007 0.010
41.406 1.205 6.008 0.490 0.633 0.753 14.494 0.007 0.010
42.415 1.202 6.058 0.486 0.625 0.756 14.597 0.007 0.010
43.427 1.205 5.977 0.492 0.440 0.751 14.524 0.007 0.011
44.444 1.208 6.065 0.502 0.499 0.756 14.572 0.007 0.010
45.453 1.202 5.803 0.480 0.593 0.775 14.716 0.008 0.011
46.462 1.215 5.930 0.486 0.494 0.750 14.564 0.007 0.011
47.472 1.199 5.911 0.502 0.493 0.769 14.634 0.007 0.010
48.479 1.219 5.886 0.496 0.755 0.756 14.702 0.007 0.010
49.488 1.205 5.933 0.504 0.023 0.769 14.658 0.008 0.011
50.499 1.211 5.921 0.495 0.014 0.756 14.715 0.008 0.010
51.511 1.211 6.003 0.477 0.213 0.755 14.576 0.007 0.010
52.522 1.197 5.916 0.485 0.056 0.759 14.649 0.007 0.010
53.534 1.201 6.014 0.481 0.504 0.752 14.592 0.008 0.011
54.543 1.198 5.973 0.496 0.522 0.756 14.515 0.008 0.011
55.552 1.204 5.932 0.475 0.440 0.756 14.600 0.008 0.011
56.561 1.215 5.941 0.490 0.478 0.762 14.607 0.008 0.011
57.570 1.216 6.032 0.500 0.579 0.766 14.714 0.007 0.010
58.580 1.207 5.878 0.494 0.451 0.757 14.643 0.008 0.010
59.588 1.202 5.880 0.487 0.288 0.759 14.627 0.008 0.011
60.598 1.220 6.028 0.499 0.031 0.758 14.568 0.008 0.011
61.605 1.218 5.992 0.487 0.981 0.767 14.735 0.007 0.010
62.615 1.218 5.943 0.484 0.610 0.760 14.658 0.008 0.011
63.626 1.431 3.341 0.282 0.477 0.756 14.590 0.006 0.010
64.649 1.125 0.016 0.018 0.022 0.039 9.751 0.006 0.010
65.671 1.125 0.016 0.018 0.022 0.018 3.551 0.006 0.010
66.692 1.125 0.015 0.018 0.022 0.019 3.468 0.006 0.009
67.714 1.125 0.016 0.017 0.014 0.021 3.561 0.006 0.010
68.735 1.125 0.015 0.018 0.014 0.013 3.513 0.006 0.010
69.753 1.125 0.015 0.018 0.022 0.010 3.454 0.006 0.009
70.768 1.125 0.015 0.017 0.022 0.020 3.407 0.006 0.010
71.787 1.125 0.015 0.018 0.014 0.015 3.464 0.006 0.010
72.806 1.125 0.015 0.017 0.014 0.005 3.520 0.006 0.010
