1.010 1.863 0.093 0.018 0.014 0.017 3.357 0.006 0.009
2.024 2.993 0.587 0.019 0.014 0.034 3.496 0.006 0.009
3.035 1.232 4.157 0.308 0.006 0.221 4.363 0.006 0.010
4.043 1.180 5.876 0.478 0.518 0.732 10.766 0.007 0.011
5.050 1.171 6.001 0.479 0.022 0.732 14.219 0.007 0.011
6.057 1.173 6.180 0.539 0.726 0.844 14.431 0.007 0.011
7.068 1.176 6.208 0.526 0.340 0.767 16.336 0.008 0.011
8.077 1.167 6.172 0.511 0.800 0.832 15.379 0.007 0.011
9.084 1.176 6.049 0.513 0.704 0.755 15.802 0.007 0.011
10.094 1.174 5.909 0.486 0.288 0.810 15.643 0.007 0.011
11.110 1.174 6.330 0.525 0.577 0.829 14.530 0.008 0.011
12.121 1.185 6.041 0.506 0.023 0.741 16.196 0.007 0.010
13.138 1.176 5.953 0.491 0.653 0.810 15.240 0.007 0.010
14.155 1.171 6.255 0.546 0.762 0.815 14.862 0.007 0.010
15.162 1.179 6.081 0.510 0.488 0.809 16.262 0.007 0.010
16.171 1.183 6.214 0.526 0.486 0.823 14.962 0.008 0.011
17.181 1.191 6.039 0.497 0.455 0.748 16.307 0.008 0.010
18.198 1.175 6.087 0.519 0.279 0.833 14.713 0.008 0.011
19.207 1.195 6.214 0.547 0.538 0.811 15.307 0.007 0.011
20.216 1.186 5.933 0.488 0.014 0.749 16.186 0.007 0.010
21.232 1.194 5.985 0.493 0.213 0.749 14.499 0.007 0.010
22.242 1.194 6.051 0.485 0.031 0.747 14.454 0.007 0.011
23.258 1.189 5.999 0.502 0.436 0.748 14.521 0.007 0.010
24.274 1.186 5.976 0.492 0.620 0.767 14.457 0.007 0.011
25.287 1.188 5.922 0.494 0.626 0.746 14.623 0.008 0.011
26.296 1.193 6.080 0.482 0.660 0.749 14.476 0.007 0.010
27.306 1.187 5.915 0.489 0.538 0.750 14.387 0.007 0.011
28.315 1.193 5.888 0.477 0.287 0.750 14.524 0.007 0.010
29.332 1.199 5.990 0.474 0.014 0.750 14.424 0.007 0.011
30.345 1.192 5.967 0.480 0.461 0.749 14.469 0.008 0.011
31.362 1.184 5.956 0.475 0.023 0.748 14.453 0.007 0.010
32.374 1.192 6.095 0.484 0.031 0.749 14.462 0.008 0.011
33.385 1.188 5.814 0.483 0.014 0.748 14.486 0.007 0.010
34.401 1.190 6.043 0.492 0.022 0.750 14.463 0.008 0.011
35.409 1.197 5.931 0.479 0.163 0.749 14.510 0.007 0.010
36.418 1.186 5.972 0.488 0.627 0.752 14.550 0.007 0.010
37.426 1.201 6.009 0.507 0.646 0.755 14.495 0.007 0.010
38.442 1.189 6.078 0.491 0.444 0.755 14.546 0.007 0.010
39.459 1.196 5.908 0.467 0.031 0.752 14.611 0.007 0.010
40.466 1.195 5.977 0.480 0.528 0.750 14.459 0.007 0.011
41.477 1.196 5.988 0.483 0.372 0.752 14.477 0.007 0.010
42.487 1.199 5.975 0.497 0.700 0.754 14.442 0.007 0.010
43.495 1.201 5.941 0.479 0.238 0.752 14.513 0.008 0.011
44.507 1.200 5.979 0.497 0.014 0.754 14.511 0.007 0.010
45.518 1.197 5.994 0.487 0.455 0.750 14.521 0.008 0.011
46.527 1.199 6.065 0.496 0.520 0.752 14.489 0.007 0.011
47.543 1.204 5.931 0.485 0.637 0.754 14.550 0.007 0.010
48.555 1.204 5.987 0.494 0.468 0.756 14.512 0.007 0.010
49.566 1.195 5.939 0.502 0.022 0.753 14.524 0.007 0.011
50.582 1.201 5.928 0.480 0.510 0.753 14.506 0.008 0.011
51.599 1.193 5.978 0.491 0.440 0.753 14.518 0.008 0.011
52.615 1.201 5.991 0.488 0.274 0.754 14.507 0.007 0.011
53.632 1.206 5.936 0.496 0.570 0.752 14.495 0.007 0.010
54.649 1.196 5.989 0.478 0.637 0.774 14.602 0.007 0.010
55.665 1.258 5.982 0.494 0.096 0.756 14.512 0.008 0.011
56.682 1.204 6.093 0.490 0.419 0.765 14.566 0.007 0.010
57.693 1.211 6.048 0.486 0.521 0.757 14.634 0.007 0.010
58.710 1.213 5.978 0.483 0.646 0.760 14.591 0.007 0.010
59.726 1.204 6.018 0.497 0.483 0.754 14.550 0.007 0.010
60.743 1.212 5.895 0.494 0.596 0.756 14.531 0.007 0.010
61.759 1.219 6.030 0.472 0.501 0.759 14.544 0.007 0.010
62.776 1.313 5.851 0.478 0.604 0.758 14.568 0.008 0.011
63.796 1.125 0.428 0.048 0.612 0.417 14.515 0.006 0.009
64.817 1.125 0.015 0.018 0.022 0.028 4.187 0.005 0.009
65.843 1.125 0.016 0.017 0.030 0.017 3.588 0.006 0.010
66.861 1.125 0.015 0.018 0.014 0.008 3.415 0.006 0.010
67.881 1.125 0.016 0.018 0.022 0.007 3.345 0.006 0.010
68.907 1.125 0.015 0.018 0.022 0.007 3.460 0.006 0.009
69.931 1.125 0.015 0.017 0.022 0.007 3.379 0.006 0.010
70.955 1.125 0.015 0.017 0.022 0.009 3.399 0.006 0.009
71.978 1.125 0.015 0.017 0.014 0.006 3.310 0.006 0.009
