1.010 1.894 0.095 0.017 0.022 0.015 3.236 0.006 0.010
2.024 3.029 0.570 0.020 0.023 0.093 3.408 0.006 0.009
3.033 1.229 2.648 0.202 0.516 0.705 4.243 0.006 0.010
4.050 1.183 5.862 0.462 0.031 0.732 8.079 0.007 0.011
5.067 1.178 5.853 0.469 0.014 0.732 14.105 0.007 0.010
6.076 1.182 5.927 0.465 0.023 0.735 14.177 0.007 0.010
7.084 1.185 5.929 0.456 0.635 0.737 14.244 0.008 0.010
8.101 1.194 5.909 0.484 0.014 0.753 14.290 0.007 0.010
9.108 1.196 5.807 0.474 0.407 0.758 14.393 0.007 0.010
10.119 1.188 5.953 0.488 0.498 0.738 14.389 0.008 0.011
11.130 1.189 5.932 0.491 0.612 0.747 14.416 0.008 0.011
12.141 1.192 6.066 0.482 0.503 0.743 14.303 0.008 0.011
13.150 1.202 5.889 0.462 0.463 0.745 14.398 0.008 0.010
14.159 1.187 5.947 0.489 0.471 0.742 14.349 0.008 0.011
15.169 1.203 5.926 0.478 0.626 0.748 14.338 0.007 0.011
16.184 1.192 5.978 0.473 0.579 0.742 14.346 0.008 0.011
17.198 1.197 5.965 0.476 0.006 0.752 14.324 0.007 0.011
18.208 1.196 6.028 0.493 0.629 0.767 14.427 0.007 0.010
19.219 1.194 5.928 0.482 0.453 0.748 14.524 0.007 0.010
20.227 1.202 5.998 0.476 0.022 0.745 14.438 0.007 0.011
21.238 1.199 5.910 0.470 0.512 0.752 14.367 0.007 0.011
22.248 1.200 5.948 0.501 0.626 0.751 14.461 0.008 0.011
23.258 1.204 5.992 0.488 0.022 0.747 14.481 0.008 0.010
24.266 1.191 5.780 0.481 0.023 0.747 14.441 0.007 0.010
25.276 1.197 5.933 0.483 0.023 0.748 14.393 0.007 0.011
26.292 1.208 5.986 0.492 0.421 0.748 14.413 0.007 0.010
27.304 1.205 5.953 0.489 0.536 0.753 14.518 0.008 0.011
28.314 1.207 5.950 0.491 0.290 0.749 14.561 0.007 0.011
29.324 1.207 5.968 0.481 0.491 0.754 14.585 0.007 0.010
30.340 1.202 6.072 0.500 0.283 0.750 14.498 0.007 0.010
31.350 1.207 5.982 0.487 0.574 0.751 14.503 0.007 0.010
32.366 1.207 6.060 0.481 0.196 0.752 14.428 0.007 0.011
33.384 1.200 5.906 0.485 0.424 0.752 14.470 0.007 0.011
34.400 1.208 5.944 0.475 0.538 0.751 14.462 0.007 0.010
35.417 1.207 5.905 0.488 0.693 0.752 14.464 0.007 0.011
36.434 1.202 6.089 0.486 0.014 0.753 14.453 0.007 0.010
37.450 1.211 6.008 0.494 0.023 0.752 14.515 0.007 0.011
38.464 1.216 5.969 0.483 0.662 0.754 14.484 0.008 0.011
39.481 1.209 6.039 0.494 0.521 0.757 14.570 0.007 0.011
40.489 1.213 5.932 0.493 0.628 0.753 14.507 0.007 0.010
41.504 1.211 5.940 0.479 0.637 0.755 14.512 0.007 0.011
42.512 1.204 5.888 0.490 0.023 0.757 14.459 0.008 0.011
43.521 1.212 6.013 0.496 0.662 0.753 14.572 0.007 0.011
44.530 1.210 5.948 0.492 0.671 0.754 14.484 0.007 0.010
45.547 1.208 5.915 0.479 0.592 0.753 14.558 0.008 0.011
46.556 1.213 5.994 0.488 0.022 0.755 14.434 0.007 0.011
47.566 1.217 6.042 0.520 0.518 0.757 14.540 0.007 0.010
48.573 1.217 5.965 0.485 0.626 0.774 14.613 0.007 0.010
49.583 1.249 5.917 0.486 0.014 0.754 14.541 0.008 0.011
50.595 1.229 5.972 0.494 0.458 0.763 14.457 0.007 0.010
51.604 1.222 5.966 0.490 0.022 0.758 14.609 0.007 0.010
52.614 1.225 5.902 0.499 0.089 0.757 14.480 0.008 0.011
53.626 1.228 6.005 0.494 0.031 0.759 14.524 0.007 0.011
54.638 1.223 5.936 0.502 0.487 0.757 14.544 0.007 0.010
55.647 1.225 6.044 0.489 0.031 0.755 14.474 0.007 0.010
56.658 1.227 5.886 0.487 0.089 0.756 14.551 0.007 0.010
57.669 1.234 6.025 0.492 0.529 0.758 14.626 0.007 0.011
58.680 1.242 6.035 0.498 0.249 0.756 14.578 0.008 0.011
59.687 1.220 6.040 0.520 0.014 0.785 14.839 0.007 0.010
60.693 1.239 6.060 0.495 0.644 0.765 14.775 0.007 0.010
61.701 1.230 6.001 0.506 0.023 0.775 14.802 0.007 0.010
62.711 1.227 6.100 0.494 0.653 0.763 14.679 0.007 0.010
63.728 1.447 4.513 0.378 0.682 0.762 14.578 0.007 0.010
64.755 1.125 0.016 0.018 0.022 0.185 11.813 0.006 0.010
65.781 1.125 0.015 0.017 0.022 0.019 3.311 0.006 0.010
66.806 1.125 0.015 0.018 0.030 0.004 3.334 0.006 0.009
67.828 1.125 0.016 0.017 0.014 0.004 3.304 0.006 0.009
68.855 1.125 0.015 0.018 0.022 0.008 3.271 0.006 0.010
69.878 1.125 0.014 0.018 0.014 0.006 3.272 0.006 0.009
70.898 1.125 0.015 0.017 0.022 0.008 3.256 0.006 0.010
71.923 1.125 0.015 0.018 0.022 0.007 3.258 0.006 0.010
72.948 1.125 0.015 0.017 0.022 0.005 3.236 0.006 0.010
