1.005 1.812 0.089 0.017 0.022 0.018 3.413 0.006 0.010
2.014 3.053 0.623 0.017 0.022 0.117 3.551 0.007 0.010
3.024 1.216 2.932 0.234 0.952 0.724 4.381 0.006 0.010
4.034 1.173 5.702 0.445 0.633 0.737 8.723 0.008 0.011
5.045 1.169 5.750 0.443 0.653 0.731 14.080 0.007 0.011
6.057 1.176 5.733 0.442 0.502 0.733 14.245 0.008 0.011
7.068 1.174 5.812 0.442 0.072 0.733 14.277 0.007 0.010
8.079 1.176 5.732 0.447 0.205 0.733 14.268 0.008 0.011
9.088 1.179 5.806 0.447 0.421 0.736 14.113 0.007 0.011
10.098 1.184 5.839 0.450 0.494 0.735 14.146 0.007 0.011
11.110 1.188 5.792 0.454 0.535 0.737 14.155 0.008 0.011
12.121 1.192 5.810 0.453 0.399 0.741 14.167 0.007 0.011
13.129 1.187 5.787 0.457 0.023 0.740 14.141 0.007 0.011
14.136 1.177 5.732 0.467 0.022 0.741 14.247 0.007 0.011
15.144 1.188 5.813 0.463 0.430 0.743 14.187 0.007 0.010
16.154 1.180 5.847 0.459 1.243 0.742 14.243 0.008 0.010
17.162 1.185 5.870 0.470 0.295 0.743 14.310 0.007 0.011
18.171 1.190 5.945 0.464 0.031 0.745 14.211 0.007 0.010
19.180 1.189 5.916 0.486 0.022 0.742 14.233 0.007 0.010
20.189 1.185 5.782 0.457 0.022 0.743 14.277 0.007 0.011
21.201 1.191 5.879 0.482 0.031 0.750 14.201 0.007 0.011
22.212 1.192 5.729 0.465 0.449 0.749 14.261 0.007 0.011
23.224 1.190 6.007 0.505 0.541 0.773 14.329 0.007 0.010
24.236 1.189 5.840 0.463 0.505 0.751 14.445 0.007 0.010
25.248 1.243 5.893 0.457 0.627 0.757 14.346 0.008 0.011
26.260 1.185 5.988 0.462 0.501 0.751 14.279 0.007 0.010
27.271 1.192 5.850 0.471 0.636 0.751 14.369 0.008 0.011
28.281 1.189 5.861 0.471 0.278 0.747 14.298 0.007 0.010
29.291 1.197 5.780 0.449 0.627 0.748 14.262 0.008 0.011
30.300 1.186 5.899 0.471 0.273 0.746 14.280 0.007 0.010
31.309 1.191 5.816 0.455 0.022 0.747 14.287 0.007 0.010
32.318 1.181 5.956 0.458 0.505 0.748 14.261 0.008 0.011
33.326 1.192 5.794 0.476 0.687 0.751 14.338 0.007 0.011
34.336 1.192 5.833 0.451 0.660 0.749 14.352 0.007 0.011
35.345 1.196 5.820 0.463 0.654 0.750 14.318 0.007 0.011
36.353 1.193 5.749 0.472 0.653 0.751 14.362 0.007 0.010
37.361 1.190 5.895 0.453 0.546 0.751 14.328 0.007 0.011
38.370 1.197 5.757 0.456 0.072 0.750 14.264 0.008 0.011
39.382 1.199 5.922 0.465 0.340 0.751 14.378 0.007 0.010
40.389 1.195 5.920 0.484 0.746 0.749 14.318 0.007 0.011
41.399 1.200 5.898 0.474 0.651 0.755 14.382 0.008 0.011
42.409 1.202 5.869 0.469 0.114 0.753 14.458 0.007 0.011
43.418 1.204 5.907 0.470 0.647 0.754 14.391 0.007 0.010
44.428 1.197 5.848 0.475 0.433 0.753 14.405 0.007 0.010
45.437 1.203 5.865 0.461 0.694 0.757 14.409 0.008 0.011
46.449 1.193 5.824 0.486 0.695 0.753 14.373 0.007 0.010
47.460 1.192 5.928 0.479 0.308 0.756 14.378 0.008 0.011
48.471 1.195 5.794 0.471 0.629 0.750 14.386 0.007 0.011
49.481 1.200 5.842 0.466 0.586 0.753 14.343 0.007 0.011
50.490 1.199 5.787 0.469 0.023 0.752 14.397 0.007 0.011
51.500 1.194 5.916 0.463 0.014 0.753 14.330 0.007 0.011
52.508 1.198 5.847 0.472 0.444 0.754 14.358 0.007 0.011
53.516 1.203 5.813 0.470 0.510 0.773 14.510 0.007 0.010
54.527 1.205 5.871 0.475 0.097 0.756 14.364 0.007 0.010
55.534 1.209 5.883 0.475 0.432 0.756 14.372 0.007 0.011
56.544 1.194 5.875 0.472 0.597 0.757 14.417 0.007 0.010
57.553 1.213 6.009 0.481 0.014 0.756 14.430 0.007 0.010
58.561 1.204 5.975 0.460 0.621 0.755 14.388 0.007 0.010
59.573 1.204 5.874 0.483 0.613 0.754 14.360 0.007 0.011
60.584 1.195 5.955 0.466 0.526 0.754 14.410 0.007 0.010
61.596 1.202 5.836 0.464 0.668 0.751 14.361 0.007 0.011
62.607 1.206 5.911 0.471 0.622 0.753 14.325 0.007 0.010
63.619 1.377 4.377 0.357 0.271 0.754 14.349 0.007 0.010
64.638 1.125 0.016 0.018 0.014 0.171 11.574 0.006 0.009
65.659 1.125 0.015 0.017 0.030 0.023 3.541 0.006 0.009
66.679 1.125 0.015 0.018 0.014 0.007 3.412 0.006 0.009
67.700 1.125 0.015 0.017 0.014 0.006 3.397 0.006 0.009
68.721 1.125 0.015 0.017 0.014 0.007 3.350 0.006 0.010
69.737 1.125 0.015 0.017 0.022 0.011 3.426 0.006 0.010
70.755 1.125 0.015 0.017 0.022 0.005 3.356 0.006 0.010
71.775 1.125 0.015 0.018 0.022 0.005 3.363 0.006 0.009
72.790 1.125 0.015 0.018 0.006 0.007 3.361 0.005 0.009
