1.010 1.787 0.093 0.016 0.022 0.016 3.257 0.006 0.009
2.024 3.217 0.601 0.018 0.014 0.053 3.437 0.006 0.010
3.034 1.225 1.642 0.133 0.651 0.636 4.213 0.006 0.009
4.050 1.189 5.711 0.438 0.472 0.732 6.378 0.007 0.010
5.065 1.184 5.861 0.461 0.022 0.740 13.933 0.007 0.010
6.075 1.190 5.832 0.448 0.544 0.734 14.233 0.007 0.010
7.086 1.192 5.753 0.462 0.485 0.736 14.172 0.007 0.010
8.102 1.180 5.725 0.453 0.611 0.737 14.168 0.007 0.010
9.116 1.194 5.820 0.458 0.405 0.745 14.136 0.007 0.011
10.124 1.191 5.897 0.469 0.047 0.747 14.168 0.008 0.011
11.141 1.190 5.825 0.469 0.479 0.741 14.236 0.007 0.011
12.154 1.199 5.785 0.474 0.465 0.744 14.233 0.008 0.011
13.164 1.197 5.830 0.467 0.363 0.745 14.170 0.008 0.011
14.175 1.197 5.726 0.460 0.047 0.743 14.243 0.007 0.010
15.185 1.198 5.928 0.469 0.560 0.744 14.213 0.007 0.010
16.194 1.197 5.861 0.474 0.642 0.745 14.226 0.007 0.011
17.203 1.200 5.785 0.464 0.477 0.748 14.270 0.007 0.010
18.219 1.204 5.934 0.457 0.445 0.747 14.251 0.007 0.010
19.229 1.207 5.885 0.465 0.031 0.755 14.279 0.007 0.010
20.239 1.190 5.895 0.468 0.493 0.752 14.360 0.007 0.010
21.256 1.200 5.818 0.461 0.454 0.751 14.225 0.008 0.011
22.264 1.200 5.934 0.470 0.022 0.747 14.323 0.007 0.010
23.274 1.192 5.975 0.462 0.047 0.746 14.231 0.008 0.011
24.283 1.214 5.776 0.471 0.479 0.748 14.269 0.007 0.011
25.294 1.195 5.864 0.484 0.493 0.747 14.276 0.008 0.011
26.311 1.205 5.847 0.471 0.595 0.767 14.400 0.008 0.011
27.321 1.201 5.828 0.467 0.022 0.749 14.285 0.007 0.010
28.337 1.202 5.893 0.472 0.628 0.749 14.331 0.008 0.011
29.354 1.201 5.872 0.467 1.100 0.748 14.303 0.008 0.011
30.370 1.206 5.860 0.466 0.469 0.750 14.305 0.008 0.011
31.379 1.206 5.830 0.474 0.500 0.751 14.279 0.007 0.011
32.390 1.218 5.928 0.487 0.039 0.761 14.327 0.007 0.011
33.406 1.205 5.912 0.475 0.006 0.756 14.396 0.007 0.010
34.416 1.204 5.936 0.508 0.609 0.761 14.389 0.007 0.010
35.423 1.204 5.890 0.483 0.529 0.764 14.438 0.007 0.010
36.435 1.208 5.973 0.476 0.618 0.755 14.573 0.007 0.011
37.444 1.206 5.871 0.483 0.600 0.752 14.503 0.008 0.011
38.454 1.208 5.919 0.475 0.618 0.759 14.510 0.007 0.010
39.464 1.214 5.890 0.469 0.654 0.756 14.371 0.008 0.011
40.475 1.199 5.980 0.484 0.023 0.756 14.322 0.008 0.011
41.485 1.222 5.847 0.482 0.569 0.757 14.408 0.007 0.010
42.495 1.209 5.824 0.484 0.474 0.765 14.463 0.008 0.011
43.505 1.213 5.940 0.474 0.466 0.756 14.515 0.007 0.010
44.520 1.224 5.973 0.477 0.081 0.755 14.366 0.008 0.011
45.532 1.221 5.870 0.476 0.014 0.754 14.424 0.008 0.011
46.543 1.222 5.877 0.480 0.460 0.758 14.396 0.007 0.010
47.560 1.221 5.885 0.484 0.233 0.755 14.361 0.007 0.011
48.567 1.215 6.001 0.485 0.571 0.759 14.439 0.008 0.011
49.579 1.211 5.915 0.475 0.488 0.755 14.308 0.007 0.011
50.591 1.216 5.959 0.480 0.461 0.753 14.366 0.007 0.010
51.601 1.214 5.865 0.469 0.594 0.759 14.316 0.007 0.010
52.610 1.233 5.862 0.481 0.603 0.757 14.456 0.007 0.010
53.626 1.219 5.754 0.488 0.031 0.764 14.454 0.007 0.010
54.636 1.218 5.908 0.488 0.596 0.760 14.482 0.008 0.011
55.646 1.216 5.861 0.504 0.014 0.762 14.449 0.007 0.010
56.654 1.215 5.951 0.502 0.571 0.785 14.669 0.008 0.011
57.662 1.262 5.956 0.478 0.373 0.771 14.408 0.008 0.011
58.671 1.227 5.886 0.491 0.603 0.762 14.487 0.007 0.011
59.683 1.216 6.002 0.473 0.500 0.758 14.553 0.007 0.010
60.692 1.211 5.788 0.466 0.671 0.759 14.410 0.007 0.010
61.702 1.215 5.962 0.480 0.541 0.759 14.345 0.007 0.010
62.711 1.228 5.904 0.483 0.561 0.759 14.525 0.008 0.011
63.728 1.474 4.891 0.398 0.678 0.238 14.356 0.007 0.011
64.754 1.125 0.015 0.017 0.022 0.018 12.578 0.006 0.009
65.779 1.125 0.015 0.018 0.022 0.013 3.331 0.006 0.010
66.805 1.125 0.015 0.018 0.022 0.006 3.466 0.006 0.010
67.825 1.125 0.015 0.017 0.022 0.008 3.324 0.006 0.009
68.852 1.125 0.015 0.017 0.030 0.007 3.372 0.006 0.009
69.877 1.125 0.015 0.018 0.014 0.006 3.273 0.006 0.010
70.901 1.125 0.015 0.018 0.022 0.009 3.312 0.006 0.010
71.923 1.125 0.015 0.017 0.022 0.010 3.284 0.006 0.009
72.947 1.125 0.015 0.018 0.030 0.005 3.337 0.006 0.010
