1.010 1.804 0.096 0.017 0.030 0.017 3.481 0.006 0.009
2.016 3.121 0.605 0.019 0.014 0.053 3.548 0.006 0.010
3.028 1.224 4.856 0.378 0.643 0.318 4.422 0.007 0.010
4.038 1.181 5.871 0.445 0.463 0.723 12.284 0.008 0.011
5.055 1.179 5.920 0.450 0.014 0.736 14.063 0.007 0.010
6.070 1.179 5.866 0.444 0.022 0.735 14.179 0.007 0.011
7.081 1.182 5.829 0.461 0.446 0.735 14.127 0.007 0.011
8.093 1.182 5.804 0.450 0.444 0.741 14.172 0.007 0.011
9.103 1.189 6.087 0.480 0.510 0.737 14.141 0.008 0.011
10.112 1.193 5.856 0.466 0.479 0.741 14.151 0.008 0.011
11.125 1.186 5.914 0.451 0.022 0.741 14.238 0.007 0.010
12.133 1.187 5.839 0.460 0.484 0.747 14.159 0.007 0.011
13.142 1.193 5.882 0.466 0.537 0.741 14.250 0.008 0.011
14.152 1.194 5.866 0.462 0.617 0.744 14.200 0.007 0.011
15.168 1.183 5.817 0.450 0.495 0.741 14.214 0.007 0.010
16.185 1.189 5.837 0.476 0.529 0.743 14.295 0.007 0.010
17.202 1.189 5.778 0.458 0.023 0.762 14.386 0.008 0.011
18.218 1.194 5.873 0.461 0.613 0.744 14.240 0.007 0.010
19.234 1.197 5.843 0.458 0.014 0.748 14.237 0.007 0.010
20.245 1.196 5.870 0.456 0.504 0.747 14.262 0.007 0.010
21.252 1.196 5.830 0.457 0.662 0.749 14.278 0.008 0.011
22.262 1.193 5.766 0.464 0.022 0.744 14.263 0.007 0.011
23.273 1.189 5.812 0.451 0.611 0.748 14.324 0.008 0.011
24.280 1.188 5.891 0.461 0.014 0.749 14.253 0.007 0.011
25.295 1.208 5.926 0.463 0.014 0.749 14.292 0.008 0.011
26.303 1.195 5.832 0.452 0.190 0.750 14.302 0.008 0.011
27.311 1.193 5.890 0.475 0.658 0.748 14.335 0.008 0.011
28.321 1.200 5.857 0.464 0.598 0.752 14.306 0.008 0.011
29.329 1.187 5.811 0.481 0.308 0.746 14.300 0.007 0.011
30.340 1.193 5.958 0.462 0.637 0.747 14.373 0.008 0.011
31.349 1.202 5.871 0.467 0.621 0.754 14.374 0.007 0.011
32.359 1.197 5.909 0.476 0.677 0.750 14.373 0.008 0.011
33.367 1.191 5.842 0.473 0.512 0.748 14.430 0.008 0.011
34.379 1.198 5.933 0.478 0.460 0.750 14.326 0.008 0.011
35.387 1.196 5.896 0.493 0.014 0.749 14.315 0.007 0.011
36.397 1.186 5.790 0.472 0.467 0.749 14.299 0.007 0.011
37.405 1.201 5.888 0.462 0.676 0.750 14.299 0.008 0.011
38.415 1.194 5.809 0.472 0.022 0.750 14.288 0.007 0.011
39.431 1.202 5.895 0.473 0.022 0.751 14.314 0.007 0.011
40.448 1.194 5.855 0.482 0.173 0.752 14.303 0.008 0.011
41.458 1.194 5.808 0.468 0.081 0.750 14.338 0.008 0.011
42.466 1.201 6.051 0.464 0.072 0.750 14.281 0.007 0.010
43.475 1.204 5.950 0.483 0.703 0.752 14.334 0.007 0.011
44.485 1.194 5.857 0.472 0.636 0.749 14.329 0.007 0.010
45.501 1.194 5.842 0.474 0.505 0.751 14.329 0.008 0.011
46.509 1.222 5.835 0.485 0.023 0.772 14.323 0.007 0.011
47.523 1.212 5.886 0.479 0.022 0.754 14.459 0.007 0.011
48.533 1.258 5.981 0.481 0.651 0.767 14.357 0.008 0.011
49.542 1.207 5.814 0.494 0.465 0.755 14.409 0.007 0.011
50.551 1.215 5.967 0.467 0.014 0.754 14.514 0.008 0.010
51.568 1.213 5.787 0.468 0.562 0.753 14.362 0.007 0.010
52.581 1.202 5.964 0.471 0.022 0.753 14.356 0.008 0.010
53.592 1.208 5.798 0.489 0.562 0.752 14.385 0.007 0.011
54.604 1.218 5.884 0.480 0.567 0.755 14.347 0.007 0.011
55.613 1.218 5.796 0.471 0.516 0.754 14.392 0.008 0.011
56.623 1.220 5.831 0.491 0.671 0.753 14.340 0.008 0.011
57.634 1.216 5.880 0.452 0.640 0.756 14.368 0.007 0.010
58.651 1.207 5.777 0.480 0.644 0.756 14.343 0.008 0.011
59.668 1.209 5.892 0.482 0.463 0.754 14.427 0.008 0.011
60.685 1.212 5.780 0.481 0.031 0.754 14.393 0.007 0.010
61.701 1.209 5.750 0.486 0.651 0.755 14.401 0.007 0.011
62.718 1.214 5.902 0.479 0.031 0.754 14.387 0.008 0.011
63.735 1.439 2.103 0.181 0.022 0.633 14.362 0.006 0.009
64.754 1.125 0.016 0.018 0.022 0.006 7.439 0.006 0.010
65.774 1.125 0.015 0.018 0.014 0.019 3.451 0.006 0.009
66.801 1.125 0.015 0.017 0.022 0.005 3.400 0.006 0.009
67.828 1.125 0.015 0.017 0.022 0.007 3.367 0.006 0.009
68.848 1.125 0.015 0.017 0.030 0.008 3.354 0.006 0.009
69.867 1.125 0.015 0.017 0.022 0.009 3.349 0.006 0.010
70.891 1.125 0.015 0.017 0.022 0.007 3.375 0.006 0.009
71.907 1.125 0.015 0.017 0.030 0.009 3.326 0.006 0.009
72.931 1.125 0.015 0.017 0.022 0.005 3.390 0.006 0.009
