1.010 1.821 0.092 0.017 0.022 0.014 3.274 0.006 0.009
2.023 2.991 1.176 0.058 0.023 0.053 3.456 0.006 0.010
3.033 1.217 5.856 0.456 0.488 0.496 5.311 0.008 0.011
4.043 1.176 6.012 0.459 0.502 0.724 14.170 0.007 0.010
5.050 1.178 5.844 0.458 0.432 0.730 14.322 0.007 0.010
6.061 1.181 5.975 0.464 0.443 0.733 14.358 0.008 0.011
7.070 1.184 5.837 0.469 0.022 0.733 14.385 0.008 0.011
8.078 1.179 6.025 0.484 0.090 0.736 14.390 0.007 0.011
9.087 1.176 5.981 0.458 0.238 0.755 14.547 0.008 0.010
10.103 1.182 6.012 0.460 0.031 0.736 14.419 0.007 0.011
11.120 1.187 5.945 0.462 0.487 0.740 14.432 0.008 0.011
12.130 1.189 6.028 0.463 0.596 0.739 14.440 0.007 0.010
13.138 1.188 6.007 0.476 0.014 0.740 14.460 0.007 0.011
14.150 1.185 5.999 0.474 0.394 0.743 14.498 0.007 0.010
15.159 1.193 5.960 0.480 0.031 0.743 14.493 0.007 0.011
16.170 1.186 6.078 0.472 0.014 0.743 14.597 0.007 0.010
17.180 1.190 5.890 0.474 0.556 0.740 14.512 0.007 0.011
18.192 1.192 5.991 0.480 0.188 0.741 14.514 0.007 0.010
19.208 1.193 5.973 0.479 0.031 0.746 14.568 0.007 0.011
20.217 1.190 5.971 0.479 0.653 0.745 14.519 0.007 0.010
21.228 1.186 5.974 0.483 0.645 0.748 14.553 0.007 0.011
22.240 1.198 6.048 0.477 0.644 0.749 14.655 0.007 0.010
23.252 1.194 6.023 0.472 0.254 0.749 14.593 0.007 0.010
24.260 1.196 6.040 0.482 0.442 0.748 14.619 0.008 0.011
25.272 1.201 6.048 0.484 0.452 0.752 14.580 0.007 0.011
26.279 1.184 6.028 0.487 0.022 0.753 14.715 0.007 0.010
27.290 1.194 6.001 0.474 0.588 0.745 14.574 0.007 0.011
28.302 1.201 5.891 0.489 0.728 0.749 14.546 0.007 0.010
29.319 1.204 6.016 0.485 0.014 0.749 14.614 0.007 0.011
30.327 1.203 6.101 0.490 0.014 0.747 14.625 0.007 0.010
31.338 1.201 6.067 0.487 0.526 0.756 14.655 0.007 0.011
32.347 1.194 6.018 0.480 0.493 0.750 14.570 0.007 0.010
33.355 1.211 6.037 0.480 0.430 0.750 14.565 0.007 0.011
34.368 1.210 6.045 0.472 0.023 0.753 14.599 0.008 0.011
35.375 1.196 6.012 0.479 0.553 0.754 14.630 0.007 0.010
36.385 1.191 6.166 0.483 0.655 0.760 14.733 0.007 0.010
37.392 1.198 5.963 0.483 0.023 0.751 14.648 0.007 0.011
38.401 1.202 6.155 0.484 0.048 0.751 14.618 0.007 0.010
39.408 1.204 6.084 0.482 0.452 0.771 14.749 0.008 0.011
40.425 1.266 5.990 0.483 0.465 0.753 14.690 0.007 0.011
41.434 1.208 6.169 0.502 0.014 0.764 14.593 0.007 0.010
42.443 1.208 5.966 0.477 0.668 0.756 14.827 0.007 0.010
43.455 1.219 6.050 0.484 0.014 0.754 14.680 0.007 0.010
44.466 1.215 6.040 0.483 0.031 0.755 14.697 0.007 0.010
45.477 1.212 5.985 0.488 0.619 0.753 14.617 0.007 0.010
46.488 1.208 6.016 0.477 0.484 0.751 14.618 0.008 0.011
47.499 1.211 5.959 0.474 0.430 0.751 14.578 0.007 0.011
48.510 1.212 5.902 0.486 0.265 0.753 14.611 0.008 0.011
49.527 1.206 5.938 0.487 0.692 0.764 14.584 0.007 0.010
50.543 1.221 6.031 0.490 0.014 0.761 14.690 0.007 0.010
51.551 1.218 6.031 0.487 0.541 0.766 14.842 0.007 0.010
52.563 1.212 6.024 0.484 0.593 0.757 14.943 0.008 0.011
53.572 1.223 5.990 0.475 0.668 0.755 14.882 0.007 0.010
54.579 1.224 6.079 0.478 0.508 0.757 14.777 0.007 0.011
55.587 1.229 6.102 0.485 0.728 0.763 14.709 0.007 0.010
56.598 1.222 6.021 0.478 0.491 0.756 14.776 0.007 0.010
57.609 1.214 5.984 0.487 0.463 0.756 14.732 0.007 0.010
58.616 1.216 6.117 0.504 0.704 0.755 14.683 0.007 0.011
59.624 1.220 5.965 0.494 0.504 0.755 14.684 0.007 0.010
60.640 1.223 5.927 0.482 0.265 0.761 14.692 0.007 0.010
61.649 1.216 6.066 0.490 0.676 0.756 14.650 0.007 0.010
62.658 1.217 5.920 0.490 0.288 0.754 14.717 0.007 0.011
63.675 1.395 6.045 0.513 0.014 0.512 14.653 0.007 0.010
64.702 1.125 1.165 0.107 0.022 0.019 14.694 0.006 0.009
65.728 1.125 0.016 0.017 0.014 0.007 5.671 0.006 0.010
66.755 1.125 0.015 0.017 0.022 0.006 3.445 0.006 0.010
67.781 1.125 0.015 0.017 0.022 0.009 3.377 0.006 0.009
68.807 1.125 0.015 0.017 0.022 0.033 3.387 0.006 0.010
69.825 1.125 0.015 0.017 0.030 0.005 3.430 0.006 0.009
70.844 1.125 0.015 0.016 0.022 0.007 3.323 0.006 0.010
71.868 1.125 0.015 0.017 0.014 0.007 3.317 0.006 0.009
72.892 1.125 0.015 0.017 0.022 0.005 3.370 0.006 0.010
