1.010 1.714 0.099 0.017 0.030 0.018 3.310 0.006 0.010
2.025 3.025 0.446 0.018 0.022 0.053 3.361 0.006 0.010
3.032 1.226 1.514 0.124 0.494 0.595 3.961 0.006 0.009
4.043 1.185 6.008 0.478 0.022 0.749 6.150 0.007 0.011
5.059 1.187 5.964 0.465 0.546 0.735 14.538 0.008 0.011
6.071 1.235 5.994 0.470 0.626 0.741 14.434 0.007 0.011
7.081 1.189 5.953 0.482 0.471 0.739 14.492 0.007 0.011
8.089 1.181 6.082 0.468 0.478 0.751 14.545 0.007 0.011
9.098 1.190 6.155 0.471 0.650 0.747 14.570 0.007 0.010
10.110 1.190 6.096 0.466 0.014 0.740 14.511 0.007 0.010
11.124 1.190 5.981 0.479 0.587 0.737 14.463 0.007 0.010
12.134 1.201 6.050 0.486 0.023 0.742 14.469 0.007 0.010
13.145 1.194 6.033 0.472 0.023 0.749 14.541 0.008 0.011
14.153 1.196 6.054 0.468 0.014 0.741 14.623 0.007 0.011
15.165 1.191 6.001 0.474 0.022 0.746 14.690 0.008 0.011
16.175 1.195 6.047 0.467 0.538 0.743 14.644 0.007 0.011
17.185 1.201 5.962 0.477 0.511 0.743 14.471 0.007 0.010
18.194 1.195 6.013 0.471 0.366 0.746 14.535 0.007 0.010
19.206 1.198 5.939 0.472 0.282 0.745 14.470 0.007 0.011
20.216 1.207 5.975 0.470 0.222 0.744 14.545 0.007 0.011
21.233 1.208 5.989 0.475 0.022 0.747 14.514 0.007 0.011
22.240 1.204 6.065 0.470 0.546 0.745 14.697 0.007 0.010
23.256 1.209 5.929 0.487 0.663 0.750 14.537 0.007 0.010
24.265 1.201 6.048 0.482 0.609 0.749 14.575 0.007 0.010
25.276 1.197 6.022 0.499 0.039 0.746 14.572 0.008 0.011
26.288 1.214 6.040 0.467 0.643 0.749 14.555 0.007 0.010
27.297 1.207 5.988 0.479 0.297 0.750 14.553 0.008 0.011
28.306 1.207 5.965 0.474 0.646 0.748 14.559 0.007 0.010
29.322 1.210 6.010 0.489 0.679 0.747 14.533 0.007 0.010
30.331 1.210 5.976 0.472 0.580 0.749 14.523 0.007 0.011
31.343 1.199 5.972 0.492 0.632 0.749 14.554 0.007 0.010
32.353 1.209 6.049 0.478 0.711 0.749 14.553 0.007 0.010
33.362 1.212 6.114 0.492 0.023 0.750 14.573 0.008 0.011
34.372 1.206 6.074 0.484 0.527 0.770 14.710 0.007 0.010
35.382 1.214 6.038 0.483 0.458 0.749 14.548 0.007 0.010
36.392 1.220 5.985 0.511 0.014 0.754 14.576 0.007 0.011
37.408 1.204 5.953 0.471 0.072 0.751 14.659 0.007 0.010
38.420 1.207 5.957 0.482 0.537 0.751 14.560 0.007 0.010
39.429 1.206 5.987 0.485 0.541 0.749 14.533 0.007 0.010
40.437 1.209 6.112 0.483 0.023 0.751 14.558 0.007 0.010
41.446 1.207 5.957 0.493 0.620 0.751 14.546 0.007 0.010
42.461 1.216 5.992 0.483 0.097 0.752 14.550 0.007 0.010
43.468 1.217 6.097 0.497 0.122 0.754 14.527 0.007 0.010
44.479 1.215 6.010 0.484 0.611 0.754 14.580 0.008 0.011
45.490 1.223 5.983 0.496 0.006 0.754 14.536 0.007 0.010
46.502 1.228 6.184 0.475 0.637 0.754 14.547 0.007 0.011
47.519 1.222 6.102 0.495 0.221 0.754 14.551 0.007 0.010
48.526 1.220 5.947 0.479 0.138 0.753 14.563 0.008 0.011
49.538 1.227 5.967 0.487 0.634 0.755 14.574 0.007 0.010
50.548 1.219 5.996 0.488 0.031 0.754 14.628 0.007 0.010
51.564 1.220 6.055 0.463 0.249 0.754 14.606 0.007 0.010
52.574 1.224 6.089 0.494 0.678 0.754 14.601 0.007 0.010
53.582 1.213 6.094 0.502 0.097 0.753 14.581 0.007 0.010
54.591 1.229 5.968 0.490 0.014 0.751 14.651 0.007 0.010
55.606 1.224 5.957 0.488 0.280 0.758 14.650 0.007 0.010
56.615 1.223 5.979 0.488 0.324 0.755 14.632 0.007 0.010
57.622 1.242 6.126 0.479 0.635 0.757 14.571 0.007 0.010
58.632 1.226 6.019 0.478 0.528 0.756 14.625 0.008 0.011
59.639 1.212 6.004 0.478 0.022 0.758 14.568 0.007 0.010
60.650 1.221 6.028 0.490 0.023 0.755 14.728 0.007 0.010
61.659 1.218 6.002 0.486 0.014 0.758 14.546 0.008 0.011
62.670 1.214 6.025 0.489 0.562 0.756 14.646 0.007 0.011
63.687 1.394 5.996 0.514 0.030 0.434 14.586 0.007 0.010
64.714 1.125 0.422 0.045 0.014 0.022 14.798 0.006 0.009
65.739 1.491 0.015 0.018 0.022 0.017 4.005 0.006 0.009
66.764 1.125 0.035 0.020 0.022 0.007 3.377 0.006 0.010
67.785 1.125 0.015 0.018 0.022 0.017 3.368 0.006 0.010
68.805 1.125 0.015 0.017 0.022 0.009 3.355 0.006 0.010
69.830 1.125 0.015 0.017 0.006 0.009 3.244 0.006 0.010
70.854 1.125 0.016 0.017 0.022 0.006 3.260 0.006 0.009
71.873 1.125 0.016 0.018 0.014 0.005 3.191 0.006 0.010
72.897 1.125 0.015 0.017 0.030 0.010 3.209 0.006 0.009
