1.005 1.775 0.092 0.018 0.022 0.048 3.419 0.006 0.010
2.015 3.065 0.661 0.018 0.022 0.063 3.617 0.006 0.010
3.023 1.222 1.974 0.154 0.014 0.650 4.367 0.006 0.010
4.032 1.179 5.869 0.450 0.114 0.737 6.879 0.007 0.010
5.044 1.181 5.925 0.465 0.477 0.736 14.304 0.007 0.010
6.056 1.173 6.003 0.478 0.130 0.733 14.349 0.008 0.011
7.067 1.178 5.971 0.459 0.444 0.734 14.416 0.007 0.011
8.079 1.175 5.965 0.469 0.638 0.734 14.389 0.007 0.011
9.087 1.179 5.945 0.457 0.615 0.732 14.390 0.008 0.011
10.099 1.171 5.956 0.469 0.479 0.741 14.382 0.007 0.011
11.106 1.183 6.051 0.472 0.105 0.737 14.441 0.007 0.011
12.115 1.183 5.953 0.468 0.624 0.738 14.383 0.007 0.010
13.126 1.183 5.935 0.480 0.031 0.740 14.448 0.007 0.010
14.135 1.179 6.061 0.465 0.542 0.740 14.449 0.007 0.010
15.146 1.182 5.995 0.482 0.712 0.739 14.493 0.007 0.011
16.158 1.184 6.005 0.463 0.466 0.739 14.439 0.008 0.011
17.169 1.186 5.918 0.471 0.675 0.739 14.466 0.008 0.011
18.180 1.183 6.024 0.480 0.014 0.744 14.502 0.007 0.010
19.189 1.184 6.063 0.474 0.528 0.742 14.469 0.007 0.010
20.200 1.192 6.034 0.474 0.592 0.746 14.519 0.007 0.011
21.212 1.188 6.074 0.474 0.608 0.742 14.508 0.007 0.011
22.224 1.190 5.911 0.474 0.387 0.745 14.534 0.007 0.010
23.233 1.190 6.139 0.477 0.014 0.748 14.557 0.008 0.011
24.245 1.202 5.966 0.482 0.555 0.750 14.636 0.007 0.010
25.252 1.197 5.903 0.467 0.667 0.747 14.557 0.007 0.010
26.261 1.196 6.045 0.475 0.544 0.751 14.588 0.007 0.010
27.269 1.199 5.967 0.482 0.506 0.748 14.603 0.007 0.011
28.284 1.198 6.020 0.475 0.653 0.751 14.593 0.007 0.011
29.295 1.201 6.066 0.476 0.604 0.748 14.590 0.007 0.010
30.307 1.195 6.105 0.495 0.460 0.745 14.612 0.007 0.010
31.317 1.201 6.077 0.487 0.548 0.768 14.730 0.007 0.010
32.329 1.261 6.019 0.470 0.438 0.750 14.679 0.007 0.011
33.345 1.207 5.948 0.495 0.554 0.760 14.591 0.007 0.011
34.355 1.192 6.021 0.475 0.483 0.751 14.751 0.007 0.010
35.365 1.206 6.057 0.473 0.663 0.750 14.619 0.007 0.011
36.374 1.226 5.984 0.502 0.533 0.765 14.760 0.007 0.011
37.384 1.216 6.027 0.492 0.411 0.773 14.837 0.007 0.010
38.391 1.204 6.064 0.489 0.400 0.768 14.992 0.007 0.010
39.404 1.210 6.025 0.500 0.123 0.768 14.747 0.007 0.010
40.413 1.220 6.192 0.505 0.031 0.771 14.801 0.007 0.010
41.419 1.215 5.976 0.474 0.023 0.762 14.781 0.008 0.011
42.430 1.211 6.027 0.487 0.670 0.755 14.668 0.007 0.011
43.442 1.211 5.991 0.489 0.701 0.754 14.665 0.007 0.010
44.452 1.214 6.163 0.500 0.518 0.758 14.747 0.007 0.010
45.463 1.212 6.109 0.502 0.023 0.754 14.742 0.007 0.010
46.474 1.231 6.133 0.490 0.860 0.753 14.647 0.007 0.010
47.489 1.216 6.064 0.488 0.031 0.757 14.660 0.008 0.011
48.498 1.215 6.039 0.483 0.403 0.753 14.727 0.006 0.010
49.509 1.220 5.964 0.483 0.171 0.752 14.618 0.007 0.010
50.517 1.216 5.935 0.472 0.469 0.751 14.668 0.007 0.010
51.533 1.212 6.001 0.471 0.208 0.753 14.615 0.007 0.010
52.550 1.220 5.964 0.485 0.636 0.753 14.672 0.007 0.010
53.567 1.227 6.075 0.482 0.641 0.755 14.648 0.007 0.010
54.583 1.214 6.135 0.489 0.655 0.756 14.702 0.007 0.010
55.600 1.214 5.955 0.478 0.702 0.757 14.679 0.007 0.010
56.617 1.217 5.839 0.494 0.073 0.753 14.725 0.006 0.010
57.634 1.222 6.030 0.482 0.031 0.755 14.688 0.007 0.010
58.651 1.216 6.047 0.492 0.355 0.757 14.710 0.007 0.010
59.658 1.216 6.045 0.497 0.529 0.753 14.733 0.007 0.011
60.670 1.214 6.055 0.526 0.536 0.757 14.706 0.007 0.010
61.680 1.225 6.004 0.490 0.660 0.776 14.833 0.007 0.011
62.692 1.225 6.013 0.473 0.089 0.755 14.762 0.008 0.011
63.709 1.386 5.695 0.468 0.022 0.339 14.720 0.007 0.010
64.736 1.125 0.015 0.018 0.022 0.027 14.259 0.006 0.010
65.762 1.125 0.014 0.017 0.014 0.008 3.513 0.006 0.009
66.782 1.125 0.015 0.018 0.022 0.008 3.497 0.006 0.010
67.809 1.125 0.015 0.017 0.014 0.007 3.423 0.006 0.010
68.835 1.125 0.015 0.018 0.030 0.008 3.418 0.006 0.009
69.855 1.125 0.015 0.017 0.022 0.003 3.362 0.006 0.009
70.878 1.125 0.016 0.017 0.022 0.005 3.336 0.006 0.009
71.903 1.125 0.015 0.017 0.022 0.004 3.317 0.006 0.009
72.926 1.125 0.015 0.017 0.022 0.006 3.321 0.006 0.009
