1.010 1.331 0.079 0.020 0.022 0.150 8.088 0.007 0.011
2.021 2.431 0.621 0.025 0.014 0.137 8.742 0.007 0.010
3.038 1.229 4.806 0.033 0.030 0.126 7.840 0.007 0.010
4.057 1.192 5.229 0.028 0.022 0.154 10.160 0.007 0.010
5.070 1.199 5.229 0.031 0.022 0.143 13.569 0.007 0.011
6.083 1.196 5.164 0.030 0.022 0.151 13.513 0.007 0.011
7.100 1.196 5.292 0.032 0.022 0.180 13.502 0.007 0.010
8.112 1.197 5.304 0.029 0.318 0.146 13.621 0.006 0.010
9.123 1.202 5.191 0.027 0.022 0.153 13.541 0.007 0.011
10.134 1.200 5.205 0.029 0.014 0.143 13.525 0.008 0.011
11.151 1.201 5.228 0.029 0.022 0.149 13.479 0.007 0.011
12.163 1.199 5.213 0.028 0.030 0.153 13.530 0.007 0.011
13.177 1.197 5.199 0.029 0.031 0.151 13.638 0.007 0.010
14.197 1.197 5.119 0.032 0.022 0.168 13.550 0.007 0.010
15.217 1.214 5.298 0.031 0.022 0.153 13.682 0.007 0.011
16.235 1.189 5.133 0.034 0.030 0.153 13.552 0.007 0.010
17.255 1.219 5.269 0.036 0.006 0.172 13.563 0.007 0.010
18.266 1.194 5.173 0.032 0.022 0.156 13.695 0.007 0.011
19.287 1.205 5.120 0.028 0.014 0.147 13.630 0.007 0.010
20.306 1.200 5.204 0.030 0.022 0.167 13.598 0.007 0.010
21.326 1.214 5.286 0.029 0.022 0.169 13.590 0.007 0.010
22.347 1.192 5.334 0.030 0.022 0.204 13.784 0.008 0.011
23.367 1.237 5.315 0.039 0.014 0.185 14.507 0.007 0.010
24.386 1.226 5.219 0.031 0.014 0.197 14.995 0.007 0.010
25.397 1.211 5.211 0.029 0.014 0.103 13.884 0.007 0.011
26.418 1.196 5.132 0.025 0.031 0.109 14.125 0.007 0.011
27.429 1.215 5.226 0.030 0.047 0.104 13.369 0.007 0.011
28.449 1.440 4.662 0.026 0.022 0.047 13.500 0.007 0.011
29.476 1.125 0.015 0.017 0.022 0.026 13.566 0.006 0.010
30.504 1.125 0.015 0.017 0.022 0.016 9.545 0.006 0.010
31.528 1.125 0.014 0.017 0.022 0.049 4.748 0.007 0.010
32.544 1.125 0.015 0.017 0.014 0.060 5.125 0.006 0.010
33.568 1.125 0.015 0.017 0.030 0.064 5.796 0.006 0.010
34.594 1.125 0.015 0.017 0.022 0.067 5.805 0.006 0.010
35.615 1.125 0.015 0.018 0.022 0.072 5.906 0.006 0.010
36.640 1.125 0.015 0.017 0.022 0.083 6.142 0.006 0.010
37.665 1.125 0.015 0.016 0.022 0.057 5.906 0.006 0.010
38.691 1.128 0.014 0.018 0.014 0.029 5.852 0.006 0.010
39.714 1.125 0.016 0.017 0.022 0.023 5.949 0.007 0.011
40.738 1.125 0.015 0.017 0.022 0.021 5.903 0.006 0.010
41.761 1.125 0.015 0.016 0.014 0.018 5.659 0.007 0.010
42.786 1.125 0.015 0.017 0.022 0.023 5.865 0.006 0.010
43.808 1.125 0.014 0.017 0.014 0.070 5.507 0.007 0.010
44.833 1.125 0.015 0.017 0.022 0.072 5.808 0.007 0.010
45.858 1.125 0.015 0.017 0.014 0.071 5.968 0.006 0.010
46.883 1.125 0.015 0.017 0.022 0.106 6.405 0.006 0.010
47.907 1.125 0.015 0.017 0.022 0.053 6.424 0.006 0.010
48.929 1.125 0.015 0.017 0.022 0.007 5.873 0.006 0.010
49.953 1.125 0.015 0.017 0.030 0.012 5.505 0.006 0.010
50.978 1.125 0.015 0.018 0.022 0.009 5.346 0.006 0.010
52.002 1.125 0.015 0.017 0.022 0.007 5.464 0.006 0.010
53.026 1.125 0.017 0.017 0.014 0.011 5.463 0.006 0.010
54.050 1.125 0.015 0.017 0.022 0.020 5.670 0.007 0.011
55.072 1.125 0.015 0.017 0.030 0.010 5.521 0.007 0.010
56.096 1.125 0.015 0.017 0.022 0.014 5.538 0.006 0.010
57.121 1.125 0.015 0.017 0.022 0.008 5.359 0.006 0.010
58.145 1.125 0.015 0.017 0.014 0.016 5.441 0.006 0.010
59.169 1.125 0.015 0.017 0.022 0.010 5.533 0.007 0.010
60.193 1.125 0.015 0.017 0.022 0.006 5.524 0.006 0.010
61.218 1.125 0.015 0.017 0.022 0.009 5.524 0.007 0.010
62.241 1.125 0.014 0.017 0.014 0.013 5.717 0.007 0.010
63.266 1.125 0.014 0.017 0.022 0.038 5.827 0.007 0.011
64.290 1.125 0.015 0.017 0.014 0.057 6.128 0.006 0.010
65.315 1.125 0.015 0.017 0.022 0.028 6.009 0.006 0.010
66.338 1.125 0.014 0.018 0.030 0.103 6.086 0.006 0.011
67.362 1.125 0.015 0.017 0.014 0.093 5.980 0.006 0.010
68.386 1.125 0.015 0.017 0.022 0.089 5.879 0.006 0.010
69.407 1.125 0.015 0.016 0.014 0.090 5.843 0.006 0.010
70.432 1.125 0.015 0.017 0.014 0.078 5.854 0.006 0.010
71.450 1.125 0.015 0.017 0.030 0.052 5.842 0.006 0.010
72.475 1.125 0.014 0.017 0.022 0.064 5.804 0.006 0.010
73.500 1.125 0.015 0.017 0.022 0.042 5.715 0.006 0.010
