1.010 1.522 0.093 0.017 0.022 0.123 4.868 0.006 0.010
2.023 2.312 0.505 0.021 0.030 0.170 5.088 0.006 0.010
3.037 1.273 1.683 0.024 0.022 0.201 6.006 0.006 0.009
4.054 1.243 5.222 0.031 0.030 0.192 7.528 0.007 0.010
5.065 1.252 5.174 0.027 0.022 0.176 13.146 0.007 0.011
6.084 1.229 5.249 0.029 0.671 0.245 13.724 0.008 0.010
7.104 1.238 5.350 0.033 0.022 0.213 13.789 0.007 0.010
8.124 1.238 5.252 0.030 0.030 0.197 15.324 0.007 0.010
9.144 1.231 5.225 0.031 0.022 0.202 13.158 0.007 0.010
10.162 1.238 5.277 0.030 0.014 0.215 13.153 0.007 0.010
11.179 1.237 5.265 0.028 0.014 0.202 12.952 0.007 0.011
12.189 1.245 5.202 0.031 0.030 0.266 12.976 0.008 0.011
13.209 1.236 5.275 0.030 0.022 0.244 13.177 0.007 0.010
14.227 1.240 5.302 0.033 0.031 0.256 13.165 0.007 0.010
15.244 1.242 5.324 0.031 0.022 0.227 13.142 0.007 0.010
16.263 1.236 5.265 0.033 0.031 0.253 13.135 0.007 0.010
17.275 1.237 5.153 0.029 0.022 0.260 13.065 0.007 0.010
18.286 1.222 5.223 0.031 0.006 0.256 13.090 0.007 0.011
19.303 1.235 5.256 0.029 0.030 0.211 13.248 0.008 0.011
20.320 1.257 5.293 0.033 0.022 0.271 13.317 0.007 0.011
21.340 1.243 5.274 0.037 0.014 0.203 13.237 0.007 0.010
22.358 1.235 5.280 0.036 0.022 0.230 13.012 0.007 0.010
23.368 1.241 5.188 0.033 0.031 0.224 13.142 0.007 0.010
24.382 1.250 5.245 0.035 0.022 0.196 13.010 0.007 0.011
25.400 1.237 5.234 0.026 0.022 0.252 13.065 0.007 0.011
26.415 1.242 5.354 0.031 0.014 0.203 13.078 0.007 0.010
27.432 1.241 5.347 0.031 0.014 0.249 13.016 0.007 0.010
28.451 1.244 5.340 0.032 0.014 0.231 13.070 0.007 0.010
29.462 1.254 5.234 0.033 0.030 0.238 13.096 0.006 0.010
30.480 1.231 5.243 0.028 0.014 0.257 12.912 0.007 0.010
31.500 1.234 5.229 0.030 0.022 0.214 13.083 0.008 0.011
32.518 1.238 5.188 0.028 0.030 0.259 13.061 0.007 0.010
33.537 1.236 5.271 0.028 0.031 0.244 12.908 0.007 0.011
34.557 1.236 5.263 0.029 0.022 0.205 13.054 0.007 0.011
35.577 1.237 5.285 0.029 0.022 0.273 13.030 0.007 0.011
36.587 1.228 5.228 0.028 0.022 0.229 12.975 0.007 0.010
37.598 1.248 5.319 0.029 0.022 0.220 13.057 0.007 0.011
38.618 1.241 5.203 0.027 0.022 0.264 12.937 0.007 0.010
39.637 1.237 5.216 0.032 0.030 0.220 13.223 0.007 0.010
40.648 1.242 5.223 0.025 0.022 0.243 13.284 0.007 0.010
41.659 1.244 5.301 0.031 0.006 0.200 13.104 0.007 0.010
42.678 1.240 5.301 0.033 0.022 0.199 13.119 0.007 0.010
43.698 1.247 5.314 0.033 0.030 0.196 13.163 0.008 0.011
44.717 1.230 5.346 0.033 0.014 0.275 13.020 0.007 0.011
45.727 1.236 5.229 0.033 0.014 0.251 13.076 0.007 0.010
46.744 1.227 5.362 0.029 0.022 0.257 13.153 0.007 0.010
47.764 1.241 5.272 0.038 0.022 0.255 13.187 0.007 0.010
48.775 1.237 5.306 0.031 0.022 0.256 13.125 0.007 0.010
49.795 1.258 5.276 0.033 0.022 0.221 13.295 0.007 0.010
50.811 1.245 5.327 0.029 0.022 0.196 13.235 0.007 0.010
51.830 1.246 5.240 0.025 0.022 0.200 13.029 0.007 0.010
52.846 1.234 5.215 0.031 0.014 0.274 12.985 0.006 0.010
53.865 1.248 5.298 0.034 0.022 0.220 13.152 0.007 0.010
54.876 1.249 5.252 0.031 0.014 0.199 13.085 0.007 0.010
55.895 1.256 5.230 0.029 0.014 0.205 13.058 0.007 0.010
56.914 1.254 5.261 0.030 0.031 0.251 13.086 0.007 0.010
57.934 1.246 5.314 0.035 0.014 0.212 13.084 0.007 0.010
58.945 1.251 5.254 0.033 0.022 0.267 13.216 0.007 0.010
59.956 1.259 5.273 0.027 0.031 0.209 13.093 0.007 0.010
60.974 1.260 5.306 0.030 0.022 0.253 13.018 0.007 0.011
61.992 1.258 5.315 0.031 0.030 0.239 13.072 0.007 0.010
63.011 1.326 5.286 0.028 0.030 0.243 13.235 0.007 0.010
64.032 1.125 1.700 0.020 0.030 0.087 13.101 0.006 0.010
65.050 1.125 0.015 0.018 0.022 0.096 7.675 0.006 0.010
66.070 1.125 0.016 0.018 0.022 0.121 4.963 0.006 0.010
67.088 1.125 0.016 0.018 0.022 0.126 4.922 0.006 0.010
68.114 1.125 0.016 0.018 0.014 0.129 4.950 0.006 0.010
69.139 1.125 0.016 0.018 0.030 0.112 4.857 0.006 0.010
70.163 1.125 0.015 0.017 0.030 0.115 4.892 0.006 0.010
71.189 1.125 0.015 0.017 0.022 0.130 4.882 0.007 0.010
72.212 1.125 0.016 0.018 0.022 0.085 4.922 0.006 0.010
73.237 1.125 0.015 0.017 0.022 0.084 4.733 0.006 0.010
