1.010 1.453 0.086 0.018 0.014 0.174 9.030 0.006 0.010
2.020 2.224 0.680 0.027 0.030 0.161 7.878 0.006 0.010
3.040 1.215 2.277 0.032 0.022 0.170 7.217 0.005 0.008
4.050 1.176 2.297 0.030 0.022 0.215 7.679 0.005 0.009
5.070 1.174 2.292 0.029 0.031 0.214 9.886 0.005 0.009
6.087 1.182 2.290 0.030 0.014 0.205 9.915 0.005 0.009
7.101 1.180 2.288 0.029 0.039 0.210 9.860 0.006 0.009
8.122 1.784 2.655 0.141 0.006 0.280 9.952 0.006 0.009
9.136 1.179 2.431 0.122 0.014 0.408 10.617 0.006 0.010
10.156 1.170 2.336 0.071 0.022 0.330 14.850 0.006 0.010
11.172 1.174 2.330 0.060 0.014 0.320 13.305 0.005 0.009
12.194 1.201 2.323 0.085 0.022 0.347 13.549 0.006 0.009
13.213 1.169 2.311 0.107 0.014 0.327 13.435 0.006 0.009
14.234 1.277 2.101 0.152 0.014 0.381 12.530 0.006 0.009
15.257 1.188 2.264 0.116 0.030 0.428 13.385 0.006 0.009
16.278 1.182 2.400 0.087 0.022 0.323 12.874 0.005 0.009
17.300 1.169 2.262 0.038 0.014 0.319 13.081 0.006 0.009
18.312 1.173 2.533 0.277 0.022 0.387 13.165 0.006 0.010
19.332 1.176 2.299 0.049 0.014 0.476 12.690 0.006 0.009
20.350 1.167 2.330 0.034 0.022 0.262 14.447 0.006 0.010
21.368 1.166 2.308 0.044 0.031 0.282 11.886 0.005 0.009
22.378 1.173 2.299 0.031 0.022 0.246 11.929 0.005 0.009
23.390 1.163 2.220 0.032 0.022 0.248 11.607 0.006 0.010
24.401 1.166 2.299 0.030 0.030 0.258 11.572 0.005 0.009
25.420 1.167 2.282 0.038 0.022 0.250 11.544 0.006 0.009
26.439 1.164 2.313 0.035 0.030 0.249 11.586 0.006 0.009
27.456 1.160 2.393 0.042 0.014 0.279 11.687 0.006 0.009
28.473 1.176 2.356 0.046 0.031 0.338 11.864 0.006 0.009
29.492 1.169 2.361 0.069 0.022 0.276 12.566 0.006 0.009
30.512 1.200 2.402 0.063 0.014 0.284 13.633 0.006 0.009
31.532 1.165 2.247 0.034 0.014 0.248 12.574 0.006 0.010
32.552 1.163 2.348 0.034 0.030 0.246 12.885 0.006 0.009
33.572 1.143 2.093 0.187 0.809 0.540 12.260 0.006 0.009
34.592 1.156 2.163 0.436 0.022 0.395 12.266 0.006 0.009
35.612 1.161 2.299 0.048 0.030 0.334 13.434 0.006 0.009
36.634 1.132 1.941 0.290 0.023 0.605 12.783 0.006 0.010
37.653 1.177 2.176 0.274 0.022 0.362 12.427 0.006 0.009
38.673 1.168 2.309 0.058 0.014 0.302 13.070 0.005 0.009
39.687 1.168 2.382 0.050 0.014 0.297 13.188 0.006 0.010
40.707 1.167 2.309 0.054 0.014 0.289 12.460 0.006 0.009
41.721 3.556 2.348 0.048 0.022 0.302 12.377 0.005 0.009
42.738 6.227 4.766 0.188 0.990 0.489 12.453 0.007 0.010
43.749 6.245 6.903 0.406 0.031 0.494 12.623 0.007 0.010
44.762 6.290 6.945 0.371 0.031 0.514 18.350 0.007 0.010
45.779 2.971 7.001 0.384 0.023 0.455 19.920 0.007 0.010
46.799 1.287 2.846 0.123 0.022 0.321 19.994 0.006 0.009
47.820 1.351 2.443 0.055 0.022 0.318 19.027 0.006 0.010
48.832 1.209 2.490 0.055 0.014 0.309 13.319 0.006 0.009
49.852 1.254 2.350 0.040 0.031 0.293 12.869 0.005 0.009
50.872 1.311 2.420 0.049 0.014 0.301 13.009 0.006 0.009
51.893 1.349 2.453 0.052 0.022 0.293 12.829 0.006 0.010
52.913 1.399 2.486 0.047 0.014 0.260 12.705 0.005 0.009
53.932 1.190 2.316 0.039 0.022 0.266 12.930 0.006 0.009
54.952 1.280 2.372 0.052 0.022 0.269 12.555 0.006 0.009
55.972 1.484 2.447 0.056 0.023 0.308 12.643 0.006 0.010
56.989 1.300 2.473 0.077 0.022 0.299 12.852 0.006 0.010
58.004 1.184 2.132 0.213 0.079 0.299 12.972 0.006 0.009
59.020 1.234 1.550 0.463 0.022 0.415 12.769 0.006 0.010
60.030 1.174 2.526 0.359 0.022 0.287 12.698 0.005 0.009
61.047 1.184 2.407 0.349 0.030 0.296 11.704 0.005 0.009
62.062 1.856 2.802 0.342 0.022 0.278 13.340 0.005 0.009
63.073 1.188 2.507 0.380 0.030 0.300 13.026 0.005 0.009
64.080 1.344 2.521 0.367 0.031 0.285 13.493 0.006 0.009
65.096 1.269 1.593 0.208 0.014 0.326 12.892 0.006 0.010
66.118 1.125 0.087 0.183 0.014 0.201 12.954 0.007 0.010
67.138 1.125 0.211 0.442 0.022 0.399 10.033 0.007 0.011
68.157 1.125 0.216 0.416 0.022 0.430 9.143 0.006 0.010
69.178 1.125 0.282 0.465 0.031 0.292 9.730 0.007 0.010
70.199 1.125 0.231 0.423 0.022 0.362 9.192 0.007 0.011
71.220 1.125 0.170 0.225 0.022 0.423 9.254 0.007 0.010
72.236 1.125 0.187 0.396 0.358 0.289 10.179 0.007 0.011
73.246 1.125 0.153 0.320 0.022 0.315 9.810 0.007 0.010
