1.010 1.444 0.090 0.018 0.022 0.118 4.830 0.006 0.010
2.025 2.528 0.556 0.024 0.030 0.142 4.990 0.006 0.010
3.044 1.234 2.134 0.027 0.030 0.189 5.820 0.005 0.009
4.063 1.188 2.271 0.029 0.022 0.190 8.559 0.005 0.008
5.083 1.179 2.214 0.030 0.022 0.199 8.616 0.005 0.009
6.103 1.192 2.254 0.030 0.014 0.240 8.716 0.005 0.009
7.119 1.193 2.229 0.028 0.014 0.234 8.627 0.006 0.009
8.130 1.199 2.211 0.028 0.030 0.189 8.750 0.005 0.009
9.140 1.190 2.237 0.029 0.022 0.186 8.603 0.005 0.008
10.152 1.199 2.264 0.032 0.022 0.184 8.624 0.005 0.009
11.170 1.194 2.274 0.029 0.014 0.187 8.610 0.005 0.009
12.182 1.195 2.249 0.033 0.022 0.185 8.670 0.006 0.009
13.192 1.198 2.226 0.028 0.030 0.175 8.614 0.005 0.009
14.212 1.192 2.275 0.029 0.022 0.248 8.651 0.005 0.009
15.221 1.181 2.334 0.033 0.022 0.204 8.682 0.005 0.009
16.241 1.207 2.246 0.029 0.022 0.235 8.713 0.005 0.009
17.261 1.195 2.261 0.029 0.022 0.188 8.656 0.005 0.009
18.280 1.200 2.270 0.031 0.022 0.235 8.638 0.005 0.009
19.300 1.191 2.250 0.032 0.022 0.220 8.768 0.005 0.009
20.319 1.179 2.285 0.026 0.022 0.220 8.773 0.005 0.008
21.332 1.183 2.265 0.031 0.022 0.258 8.687 0.005 0.009
22.352 1.182 2.320 0.031 0.293 0.244 8.730 0.005 0.009
23.362 1.189 2.251 0.031 0.022 0.232 8.788 0.005 0.009
24.380 1.202 2.309 0.027 0.022 0.191 8.738 0.005 0.009
25.399 1.191 2.281 0.031 0.022 0.201 8.671 0.005 0.009
26.419 1.335 2.243 0.039 0.022 0.308 8.702 0.006 0.009
27.439 1.189 2.327 0.046 0.014 0.251 9.301 0.005 0.009
28.459 1.196 2.239 0.033 0.022 0.212 9.381 0.005 0.008
29.476 1.199 2.210 0.033 0.022 0.264 8.805 0.005 0.009
30.494 1.193 2.287 0.031 0.022 0.185 8.748 0.005 0.009
31.505 1.198 2.221 0.032 0.014 0.214 8.653 0.005 0.008
32.524 1.199 2.273 0.034 0.030 0.225 8.635 0.005 0.009
33.541 1.191 2.248 0.027 0.022 0.244 8.748 0.005 0.009
34.551 1.196 2.291 0.030 0.031 0.221 8.652 0.005 0.008
35.570 1.202 2.260 0.033 0.014 0.183 8.704 0.005 0.009
36.580 1.192 2.272 0.031 0.014 0.224 8.679 0.005 0.009
37.599 1.196 2.325 0.030 0.022 0.239 8.623 0.005 0.008
38.611 1.204 2.317 0.029 0.014 0.208 8.864 0.005 0.009
39.628 1.195 2.273 0.031 0.022 0.186 8.704 0.005 0.008
40.647 1.199 2.245 0.029 0.014 0.185 8.651 0.005 0.008
41.657 1.200 2.266 0.032 0.022 0.189 8.639 0.006 0.009
42.676 1.190 2.292 0.034 0.022 0.227 8.646 0.005 0.009
43.694 1.194 2.310 0.033 0.014 0.206 8.686 0.005 0.009
44.712 1.192 2.300 0.031 0.022 0.259 9.127 0.005 0.009
45.732 1.176 2.266 0.027 0.014 0.288 8.995 0.005 0.009
46.748 1.202 2.309 0.041 0.022 0.278 9.206 0.005 0.009
47.767 1.187 2.309 0.038 0.022 0.213 10.872 0.005 0.009
48.778 1.194 2.258 0.035 0.022 0.271 10.261 0.005 0.009
49.798 1.170 2.284 0.038 0.030 0.298 10.635 0.005 0.009
50.813 1.180 2.293 0.036 0.022 0.315 10.688 0.005 0.009
51.824 1.192 2.267 0.035 0.531 0.313 10.748 0.005 0.009
52.836 1.178 2.222 0.029 0.030 0.271 10.510 0.005 0.008
53.856 1.192 2.248 0.036 0.014 0.196 9.835 0.005 0.009
54.868 1.199 2.270 0.031 0.014 0.258 8.786 0.005 0.008
55.886 1.199 2.245 0.029 0.014 0.183 8.685 0.005 0.008
56.906 1.187 2.243 0.027 0.022 0.211 8.661 0.005 0.009
57.925 1.192 2.224 0.027 0.022 0.233 8.759 0.005 0.009
58.943 1.190 2.236 0.025 0.014 0.251 8.738 0.005 0.009
59.963 1.189 2.262 0.030 0.022 0.199 8.770 0.005 0.009
60.982 1.194 2.256 0.027 0.022 0.255 8.723 0.005 0.008
61.992 1.200 2.303 0.031 0.022 0.187 8.881 0.005 0.009
63.011 1.305 1.272 0.031 0.014 0.213 8.822 0.006 0.009
64.033 1.125 0.015 0.017 0.030 0.118 8.930 0.006 0.010
65.055 1.125 0.015 0.017 0.030 0.089 6.107 0.006 0.010
66.080 1.125 0.015 0.017 0.022 0.134 5.169 0.006 0.010
67.102 1.125 0.015 0.017 0.022 0.100 4.846 0.006 0.010
68.118 1.125 0.015 0.017 0.030 0.121 4.879 0.006 0.010
69.142 1.125 0.015 0.017 0.022 0.123 4.897 0.006 0.010
70.161 1.125 0.015 0.017 0.022 0.090 4.842 0.006 0.009
71.186 1.125 0.015 0.017 0.014 0.130 4.831 0.006 0.010
72.209 1.125 0.015 0.017 0.014 0.092 4.794 0.006 0.010
73.233 1.125 0.015 0.017 0.030 0.118 4.824 0.006 0.010
