1.005 1.543 0.094 0.016 0.022 0.156 5.756 0.006 0.010
2.016 2.681 0.286 0.043 0.014 0.215 5.878 0.007 0.011
3.027 1.218 5.197 0.082 0.022 0.286 9.512 0.007 0.011
4.043 1.195 4.674 0.073 0.014 0.379 13.050 0.007 0.011
5.058 1.204 5.363 0.061 0.030 0.335 16.267 0.008 0.011
6.073 1.209 5.346 0.064 0.006 0.217 15.972 0.007 0.011
7.085 1.196 5.187 0.063 0.022 0.322 14.603 0.007 0.011
8.100 1.197 5.381 0.072 0.022 0.319 16.046 0.007 0.011
9.113 1.239 5.677 0.074 0.022 0.324 15.960 0.008 0.011
10.128 1.209 5.529 0.065 0.014 0.308 16.279 0.007 0.010
11.143 1.214 5.500 0.063 0.022 0.253 16.335 0.008 0.011
12.155 1.345 5.587 0.086 0.022 0.286 15.984 0.007 0.011
13.165 1.233 5.449 0.035 0.022 0.259 15.662 0.007 0.010
14.179 1.206 5.286 0.046 0.055 0.285 15.357 0.008 0.011
15.193 1.210 5.416 0.078 0.014 0.277 14.895 0.007 0.011
16.208 1.294 5.680 0.060 0.022 0.289 15.644 0.007 0.010
17.223 1.237 5.204 0.037 0.014 0.311 15.835 0.007 0.010
18.237 1.212 5.507 0.053 0.022 0.208 15.855 0.007 0.010
19.252 1.215 5.625 0.064 0.022 0.220 14.796 0.007 0.011
20.263 1.217 5.538 0.055 0.014 0.231 15.541 0.008 0.011
21.278 1.197 5.675 0.054 0.014 0.291 15.013 0.007 0.011
22.291 1.205 5.342 0.071 0.022 0.204 15.106 0.008 0.011
23.306 1.206 5.096 0.039 0.022 0.212 15.781 0.007 0.010
24.320 1.195 5.398 0.050 0.022 0.234 14.790 0.007 0.011
25.334 1.202 5.318 0.048 0.022 0.295 14.435 0.007 0.011
26.349 1.202 5.237 0.060 0.022 0.238 15.418 0.007 0.011
27.363 1.198 5.183 0.064 0.014 0.204 15.326 0.007 0.011
28.378 1.215 5.428 0.065 0.031 0.279 15.006 0.007 0.011
29.393 1.215 5.353 0.064 0.022 0.307 15.133 0.007 0.010
30.403 1.241 5.471 0.070 0.014 0.265 15.297 0.007 0.010
31.418 1.186 5.407 0.136 0.014 0.346 14.678 0.008 0.011
32.432 1.201 5.289 0.096 0.022 0.392 15.096 0.008 0.011
33.442 1.211 5.288 0.132 0.014 0.343 16.856 0.007 0.011
34.457 5.600 7.268 0.343 0.022 0.374 16.001 0.007 0.011
35.469 5.932 8.094 0.496 0.023 0.633 16.240 0.007 0.010
36.478 7.049 9.809 0.649 0.432 0.632 23.203 0.007 0.010
37.489 6.020 9.163 0.618 0.022 0.660 23.782 0.007 0.010
38.503 3.355 7.617 0.477 0.022 0.636 26.761 0.007 0.010
39.518 1.237 5.297 0.071 0.030 0.370 24.887 0.008 0.011
40.531 1.228 5.545 0.059 0.014 0.287 18.221 0.007 0.011
41.541 1.230 5.037 0.072 0.022 0.285 14.341 0.008 0.011
42.556 1.223 5.635 0.065 0.022 0.285 14.354 0.008 0.011
43.569 1.234 5.003 0.099 0.203 0.329 14.353 0.008 0.011
44.584 1.223 5.448 0.091 0.030 0.297 14.332 0.007 0.010
45.598 1.228 5.505 0.058 0.014 0.275 15.054 0.007 0.011
46.612 1.216 5.303 0.076 0.022 0.302 14.617 0.007 0.010
47.626 1.208 5.123 0.066 0.022 0.280 14.226 0.008 0.011
48.641 1.232 5.190 0.103 0.022 0.328 14.417 0.007 0.010
49.652 1.227 5.246 0.097 0.014 0.310 14.300 0.007 0.010
50.666 1.233 5.436 0.077 0.022 0.324 15.043 0.007 0.011
51.680 5.956 6.491 0.231 0.023 0.556 14.506 0.007 0.010
52.689 5.843 9.381 0.460 0.022 0.497 14.828 0.007 0.009
53.700 1.238 6.656 0.159 0.022 0.194 21.899 0.007 0.010
54.715 1.252 5.454 0.030 0.022 0.205 22.171 0.007 0.010
55.725 1.233 5.317 0.030 0.014 0.194 13.912 0.007 0.010
56.740 1.234 5.314 0.030 0.022 0.191 14.004 0.007 0.010
57.751 1.224 5.183 0.030 0.022 0.191 13.842 0.006 0.010
58.765 1.230 5.374 0.031 0.014 0.199 13.825 0.007 0.010
59.779 1.226 5.258 0.030 0.022 0.193 13.822 0.008 0.011
60.794 1.220 5.238 0.034 0.039 0.194 13.871 0.007 0.011
61.806 1.240 5.337 0.031 0.022 0.196 13.826 0.007 0.011
62.820 1.530 4.603 0.027 0.022 0.156 13.877 0.007 0.010
63.841 1.125 0.091 0.020 0.022 0.055 13.612 0.006 0.010
64.863 3.170 0.424 0.018 0.022 0.053 10.672 0.007 0.010
65.884 1.125 0.015 0.017 0.030 0.014 6.438 0.006 0.010
66.905 1.125 0.015 0.017 0.022 0.040 6.826 0.006 0.010
67.926 1.125 0.014 0.017 0.014 0.058 5.956 0.006 0.010
68.947 1.125 0.015 0.017 0.022 0.055 6.013 0.006 0.010
69.967 1.125 0.014 0.017 0.014 0.052 6.028 0.006 0.010
70.987 1.125 0.015 0.017 0.022 0.047 6.008 0.007 0.010
72.007 1.125 0.015 0.017 0.022 0.050 5.989 0.006 0.010
73.027 1.125 0.015 0.017 0.030 0.045 5.980 0.006 0.010
