1.010 1.505 0.088 0.018 0.022 0.137 4.797 0.006 0.010
2.020 2.746 0.537 0.021 0.022 0.127 4.947 0.006 0.010
3.035 1.240 2.649 0.021 0.030 0.173 5.746 0.006 0.010
4.054 1.191 5.333 0.033 0.014 0.180 8.686 0.007 0.010
5.064 1.187 5.452 0.033 0.022 0.218 12.787 0.007 0.010
6.081 1.203 5.461 0.033 0.022 0.247 12.912 0.007 0.010
7.100 1.189 5.425 0.026 0.022 0.213 13.169 0.007 0.011
8.117 1.215 5.419 0.030 0.022 0.211 12.959 0.007 0.010
9.134 1.199 5.311 0.032 0.022 0.241 13.059 0.007 0.010
10.153 1.222 5.417 0.030 0.030 0.187 12.973 0.007 0.010
11.174 1.203 5.534 0.028 0.022 0.200 13.038 0.007 0.010
12.193 1.217 5.367 0.033 0.022 0.233 12.965 0.007 0.010
13.213 1.222 5.419 0.026 0.022 0.184 13.061 0.007 0.010
14.229 1.213 5.230 0.029 0.014 0.249 12.958 0.007 0.010
15.249 1.218 5.454 0.027 0.022 0.230 13.067 0.007 0.010
16.259 1.229 5.483 0.031 0.022 0.272 13.022 0.008 0.011
17.278 1.231 5.402 0.028 0.031 0.186 13.578 0.007 0.010
18.298 1.218 5.356 0.030 0.014 0.201 13.524 0.007 0.010
19.314 1.223 5.268 0.030 0.022 0.216 13.685 0.007 0.010
20.326 1.202 5.478 0.031 0.022 0.216 13.580 0.007 0.011
21.336 1.216 5.278 0.035 0.022 0.223 13.064 0.007 0.010
22.355 1.214 5.197 0.028 0.039 0.200 13.203 0.007 0.010
23.365 1.220 5.335 0.032 0.014 0.204 12.980 0.006 0.010
24.384 1.220 5.304 0.030 0.014 0.234 13.333 0.007 0.011
25.395 1.227 5.319 0.029 0.014 0.214 13.286 0.007 0.010
26.411 1.217 5.461 0.033 0.022 0.256 13.316 0.006 0.010
27.431 1.216 5.475 0.031 0.014 0.224 13.139 0.007 0.010
28.450 1.224 5.411 0.028 0.022 0.205 13.170 0.007 0.010
29.464 1.220 5.418 0.027 0.014 0.253 13.088 0.007 0.010
30.484 1.206 5.521 0.035 0.014 0.211 13.085 0.008 0.011
31.504 1.209 5.485 0.032 0.014 0.236 13.206 0.007 0.010
32.515 1.224 5.368 0.032 0.030 0.268 13.323 0.008 0.011
33.525 1.218 5.430 0.027 0.006 0.225 13.857 0.007 0.011
34.536 1.225 5.550 0.032 0.014 0.232 13.513 0.007 0.010
35.548 1.221 5.313 0.031 0.022 0.198 13.146 0.007 0.010
36.567 1.214 5.486 0.029 0.022 0.231 13.157 0.007 0.010
37.578 1.223 5.381 0.025 0.006 0.251 13.242 0.007 0.010
38.588 1.232 5.406 0.030 0.030 0.189 13.208 0.007 0.010
39.599 1.219 5.408 0.032 0.014 0.245 13.102 0.007 0.010
40.619 1.219 5.392 0.028 0.022 0.201 13.219 0.007 0.011
41.630 1.223 5.295 0.028 0.022 0.262 13.166 0.006 0.010
42.650 1.229 5.502 0.036 0.022 0.192 13.088 0.007 0.010
43.667 1.227 5.412 0.029 0.022 0.188 13.093 0.008 0.011
44.685 1.220 5.367 0.027 0.022 0.189 13.110 0.007 0.010
45.703 1.225 5.487 0.026 0.014 0.246 13.099 0.007 0.010
46.714 1.214 5.568 0.032 0.014 0.221 13.194 0.007 0.011
47.726 1.224 5.263 0.027 0.022 0.231 13.212 0.007 0.010
48.743 2.754 5.779 0.100 0.022 0.247 13.144 0.007 0.010
49.763 1.203 5.991 0.114 0.023 0.378 15.264 0.007 0.011
50.782 1.212 5.508 0.047 0.022 0.243 16.892 0.007 0.011
51.802 1.202 5.592 0.059 0.031 0.309 15.684 0.008 0.011
52.821 1.176 5.596 0.055 0.014 0.335 15.490 0.008 0.011
53.840 1.186 5.549 0.045 0.022 0.345 15.402 0.007 0.011
54.859 1.197 5.596 0.057 0.022 0.348 15.399 0.008 0.011
55.871 1.197 5.589 0.041 0.022 0.311 15.916 0.007 0.011
56.887 1.185 5.519 0.046 0.031 0.323 15.378 0.007 0.011
57.906 1.197 5.613 0.046 0.047 0.329 15.416 0.007 0.011
58.915 1.202 5.580 0.038 0.022 0.282 15.615 0.007 0.010
59.935 1.203 5.557 0.048 0.014 0.315 15.371 0.008 0.011
60.953 1.191 5.463 0.045 0.022 0.309 15.405 0.008 0.011
61.966 1.210 5.567 0.041 0.014 0.306 15.477 0.007 0.010
62.985 1.312 3.961 0.031 0.023 0.225 15.445 0.007 0.010
64.006 1.125 0.015 0.019 0.030 0.210 13.172 0.007 0.010
65.024 1.125 0.015 0.021 0.022 0.163 7.110 0.007 0.010
66.045 1.125 0.016 0.019 0.030 0.122 7.377 0.007 0.011
67.066 1.125 0.016 0.017 0.022 0.161 7.309 0.006 0.010
68.079 1.125 0.015 0.018 0.030 0.192 7.297 0.007 0.010
69.099 1.182 0.015 0.017 0.014 0.192 7.139 0.007 0.010
70.119 1.551 0.042 0.018 0.030 0.213 7.013 0.007 0.010
71.132 1.208 0.171 0.033 0.006 0.217 8.976 0.007 0.010
72.152 1.125 0.015 0.017 0.022 0.199 8.044 0.006 0.010
73.172 1.125 0.015 0.017 0.030 0.191 6.972 0.007 0.010
