1.010 1.422 0.095 0.019 0.022 0.086 4.744 0.006 0.009
2.020 2.639 0.528 0.020 0.022 0.157 5.224 0.006 0.010
3.030 1.223 1.565 0.029 0.014 0.132 5.905 0.005 0.009
4.042 1.187 2.267 0.035 0.022 0.230 7.719 0.005 0.009
5.060 1.190 2.178 0.029 0.014 0.243 8.658 0.005 0.009
6.070 1.181 2.270 0.030 0.039 0.191 8.968 0.005 0.009
7.086 1.185 2.253 0.027 0.022 0.248 8.655 0.005 0.009
8.106 1.189 2.250 0.029 0.022 0.225 8.651 0.005 0.008
9.126 1.191 2.224 0.031 0.031 0.217 8.594 0.005 0.009
10.142 1.179 2.280 0.027 0.039 0.227 8.693 0.005 0.008
11.153 1.178 2.254 0.029 0.014 0.246 8.691 0.005 0.009
12.165 1.195 2.297 0.031 0.030 0.208 8.697 0.005 0.008
13.181 1.181 2.241 0.032 0.014 0.245 8.643 0.005 0.009
14.192 1.200 2.214 0.031 0.006 0.198 8.668 0.005 0.008
15.213 1.200 2.256 0.029 0.022 0.194 8.774 0.005 0.009
16.223 1.180 2.243 0.030 0.022 0.223 9.421 0.005 0.009
17.234 1.189 2.253 0.028 0.384 0.201 9.242 0.005 0.009
18.250 1.189 2.211 0.029 0.022 0.253 8.924 0.005 0.008
19.269 1.183 2.191 0.033 0.023 0.209 9.152 0.005 0.009
20.289 1.181 2.310 0.030 0.031 0.215 8.740 0.005 0.009
21.307 1.186 2.220 0.029 0.030 0.244 9.024 0.005 0.009
22.317 1.194 2.278 0.031 0.022 0.190 8.685 0.005 0.009
23.333 1.185 2.290 0.030 0.022 0.225 8.844 0.005 0.009
24.343 1.188 2.281 0.033 0.014 0.203 8.634 0.005 0.009
25.358 1.187 2.176 0.029 0.022 0.195 8.697 0.005 0.008
26.370 1.192 2.236 0.027 0.022 0.186 8.753 0.005 0.009
27.388 1.188 2.246 0.030 0.022 0.263 8.614 0.005 0.008
28.399 1.184 2.261 0.028 0.022 0.183 8.691 0.005 0.009
29.410 1.180 2.248 0.034 0.022 0.242 8.724 0.005 0.009
30.421 1.188 2.275 0.030 0.031 0.220 8.657 0.005 0.009
31.440 1.187 2.253 0.027 0.022 0.239 8.727 0.005 0.009
32.459 1.190 2.250 0.031 0.022 0.244 8.701 0.006 0.009
33.479 1.178 2.249 0.030 0.022 0.223 8.648 0.005 0.008
34.497 1.178 2.268 0.030 0.014 0.294 8.662 0.005 0.009
35.517 1.174 2.270 0.035 0.014 0.273 8.941 0.005 0.009
36.535 1.186 2.250 0.030 0.014 0.228 8.976 0.005 0.008
37.545 1.185 2.173 0.027 0.022 0.247 9.002 0.005 0.009
38.556 1.185 2.233 0.029 0.006 0.206 8.636 0.005 0.009
39.566 1.194 2.236 0.033 0.031 0.239 8.677 0.005 0.009
40.576 1.187 2.328 0.035 0.014 0.236 8.624 0.005 0.008
41.588 1.184 2.248 0.030 0.022 0.193 8.781 0.005 0.009
42.598 1.185 2.289 0.028 0.014 0.256 8.781 0.005 0.009
43.608 1.180 2.255 0.032 0.022 0.218 8.705 0.005 0.009
44.625 1.194 2.260 0.030 0.006 0.209 8.707 0.005 0.008
45.643 1.188 2.266 0.029 0.030 0.188 8.608 0.005 0.009
46.654 1.192 2.269 0.029 0.014 0.243 8.606 0.005 0.009
47.666 1.189 2.252 0.032 0.022 0.234 8.722 0.005 0.008
48.685 1.186 2.265 0.029 0.022 0.240 8.737 0.005 0.008
49.703 1.195 2.259 0.033 0.014 0.209 8.795 0.005 0.009
50.715 1.184 2.249 0.032 0.030 0.215 8.634 0.005 0.008
51.725 1.193 2.265 0.031 0.022 0.236 8.724 0.005 0.008
52.744 1.188 2.299 0.032 0.022 0.216 8.665 0.005 0.009
53.764 1.193 2.303 0.025 0.022 0.226 8.760 0.005 0.009
54.784 1.203 2.290 0.027 0.022 0.190 8.614 0.005 0.009
55.803 1.191 2.271 0.028 0.022 0.237 8.596 0.005 0.009
56.821 1.179 2.175 0.025 0.022 0.193 8.758 0.005 0.009
57.832 1.193 2.250 0.031 0.022 0.257 8.672 0.005 0.009
58.843 1.184 2.258 0.028 0.022 0.215 8.618 0.005 0.009
59.862 1.178 2.210 0.032 0.022 0.234 8.776 0.005 0.009
60.872 1.185 2.237 0.026 0.014 0.236 8.701 0.006 0.009
61.883 1.190 2.239 0.030 0.022 0.192 8.659 0.005 0.009
62.894 1.198 2.299 0.031 0.014 0.201 8.848 0.005 0.009
63.914 1.387 1.672 0.024 0.014 0.186 8.747 0.005 0.009
64.941 1.125 0.015 0.017 0.022 0.124 7.730 0.006 0.010
65.965 1.125 0.015 0.017 0.022 0.133 4.850 0.006 0.010
66.986 1.125 0.015 0.018 0.014 0.085 4.955 0.006 0.010
68.007 1.125 0.015 0.018 0.014 0.124 4.762 0.006 0.010
69.032 1.125 0.015 0.017 0.022 0.107 4.859 0.006 0.010
70.049 1.125 0.015 0.017 0.014 0.098 4.772 0.006 0.010
71.074 1.125 0.015 0.017 0.030 0.112 4.782 0.006 0.010
72.098 1.125 0.015 0.017 0.030 0.127 4.778 0.006 0.010
73.124 1.125 0.016 0.018 0.014 0.085 4.822 0.006 0.010
