1.005 1.514 0.120 0.019 0.014 0.040 5.848 0.007 0.010
2.016 2.910 0.769 0.020 0.015 0.091 6.072 0.006 0.010
3.031 1.221 2.236 0.031 0.030 0.088 7.067 0.005 0.009
4.043 1.186 2.170 0.026 0.022 0.124 7.684 0.005 0.009
5.053 1.182 2.206 0.030 0.014 0.118 9.470 0.005 0.009
6.063 1.179 2.212 0.026 0.014 0.126 9.399 0.005 0.008
7.078 1.177 2.226 0.026 0.031 0.120 9.460 0.005 0.009
8.089 1.175 2.249 0.030 0.022 0.139 9.441 0.005 0.009
9.104 1.181 2.212 0.028 0.014 0.130 9.507 0.005 0.008
10.117 1.179 2.231 0.026 0.030 0.136 9.495 0.005 0.009
11.127 1.182 2.136 0.025 0.022 0.132 9.554 0.005 0.009
12.142 1.175 2.223 0.023 0.014 0.132 9.526 0.005 0.009
13.155 1.188 2.214 0.029 0.031 0.142 9.454 0.005 0.009
14.170 1.184 2.240 0.028 0.022 0.114 9.520 0.005 0.009
15.182 1.177 2.199 0.024 0.014 0.127 9.421 0.005 0.009
16.197 1.179 2.284 0.030 0.006 0.142 9.441 0.005 0.009
17.212 1.182 2.189 0.025 0.030 0.124 9.502 0.006 0.009
18.226 1.180 2.233 0.030 0.022 0.153 9.390 0.005 0.008
19.241 1.178 2.256 0.029 0.023 0.151 9.624 0.005 0.009
20.253 1.171 2.222 0.033 0.022 0.139 9.699 0.005 0.009
21.268 1.179 2.273 0.034 0.014 0.204 9.622 0.005 0.009
22.280 1.195 2.222 0.029 0.022 0.119 10.393 0.006 0.009
23.291 1.185 2.183 0.028 0.014 0.070 10.496 0.005 0.009
24.306 1.196 2.181 0.029 0.022 0.112 9.194 0.005 0.009
25.319 1.195 2.162 0.034 0.022 0.076 9.281 0.005 0.009
26.329 1.193 2.148 0.027 0.022 0.072 9.168 0.006 0.009
27.344 1.190 2.167 0.028 0.014 0.073 9.196 0.005 0.009
28.357 1.190 2.177 0.029 0.022 0.076 9.154 0.005 0.009
29.367 1.186 2.133 0.031 0.022 0.073 9.145 0.005 0.009
30.382 1.192 2.134 0.028 0.014 0.074 9.199 0.005 0.009
31.394 1.192 2.170 0.027 0.014 0.077 9.199 0.005 0.009
32.409 1.189 2.124 0.027 0.022 0.078 9.365 0.005 0.009
33.422 1.184 2.151 0.029 0.022 0.075 9.234 0.005 0.009
34.432 1.185 2.162 0.032 0.014 0.086 9.176 0.006 0.009
35.442 1.188 2.130 0.029 0.014 0.070 9.156 0.006 0.009
36.456 1.181 2.180 0.030 0.014 0.197 9.193 0.005 0.009
37.469 1.175 2.290 0.026 0.031 0.171 9.172 0.005 0.009
38.484 1.185 2.273 0.028 0.014 0.148 9.715 0.005 0.009
39.496 1.181 2.211 0.029 0.014 0.156 9.872 0.005 0.009
40.511 1.188 2.209 0.024 0.022 0.135 9.719 0.005 0.008
41.525 1.185 2.250 0.031 0.022 0.141 9.600 0.006 0.009
42.540 1.189 2.155 0.025 0.022 0.136 9.534 0.005 0.009
43.554 1.185 2.178 0.028 0.030 0.137 9.583 0.006 0.009
44.569 1.183 2.266 0.030 0.022 0.128 9.580 0.005 0.009
45.583 1.180 2.266 0.030 0.006 0.122 9.578 0.006 0.009
46.597 1.182 2.226 0.027 0.022 0.141 9.541 0.005 0.009
47.612 1.183 2.263 0.030 0.031 0.175 9.497 0.005 0.009
48.623 1.187 2.289 0.034 0.031 0.131 9.513 0.005 0.009
49.633 1.193 2.149 0.033 0.014 0.132 9.632 0.005 0.009
50.648 1.189 2.264 0.024 0.022 0.121 9.517 0.005 0.009
51.659 1.187 2.221 0.024 0.022 0.127 9.517 0.005 0.008
52.669 1.184 2.257 0.030 0.022 0.129 9.497 0.005 0.008
53.684 1.183 2.267 0.032 0.022 0.143 9.497 0.005 0.009
54.696 1.183 2.159 0.023 0.014 0.132 9.536 0.005 0.009
55.711 1.194 2.241 0.028 0.022 0.128 9.572 0.005 0.009
56.723 1.185 2.229 0.025 0.022 0.134 9.478 0.005 0.009
57.737 1.193 2.257 0.032 0.022 0.133 9.489 0.006 0.009
58.748 1.183 2.170 0.028 0.022 0.132 9.488 0.005 0.009
59.760 1.178 2.252 0.028 0.031 0.136 9.537 0.005 0.009
60.775 1.193 2.197 0.026 0.014 0.130 9.538 0.005 0.009
61.789 1.321 2.200 0.028 0.022 0.127 9.567 0.006 0.009
62.811 1.125 1.558 0.027 0.014 0.067 9.521 0.006 0.009
63.836 1.125 0.015 0.017 0.022 0.059 9.416 0.007 0.010
64.861 1.125 0.015 0.016 0.022 0.042 6.783 0.006 0.010
65.881 1.125 0.015 0.018 0.030 0.148 6.168 0.006 0.010
66.894 1.127 0.018 0.100 0.014 0.289 6.173 0.007 0.010
67.917 1.125 0.018 0.126 0.014 0.342 7.926 0.007 0.011
68.931 1.125 0.015 0.080 0.014 0.358 11.425 0.007 0.010
69.952 1.146 0.036 0.090 0.014 0.305 10.888 0.007 0.011
70.965 7.293 5.570 0.451 0.022 0.393 10.433 0.008 0.011
71.975 17.818 14.745 0.579 0.543 0.694 12.302 0.006 0.008
72.992 16.397 13.646 0.615 0.023 0.769 25.861 0.006 0.009
