1.010 1.506 0.079 0.017 0.030 0.075 6.691 0.006 0.010
2.020 2.593 0.532 0.022 0.014 0.122 6.954 0.007 0.010
3.030 1.216 3.526 0.244 0.675 0.773 7.127 0.007 0.010
4.041 1.172 8.989 0.514 0.449 0.809 9.368 0.006 0.009
5.056 1.170 9.001 0.548 0.478 0.842 19.060 0.006 0.009
6.065 1.175 9.146 0.538 0.628 0.824 21.780 0.006 0.009
7.081 1.174 8.976 0.557 0.620 0.829 22.384 0.007 0.010
8.089 1.185 9.203 0.538 0.692 0.818 22.134 0.006 0.009
9.096 1.181 9.094 0.516 0.635 0.809 22.273 0.007 0.010
10.113 1.195 9.167 0.524 0.403 0.784 22.394 0.006 0.009
11.130 1.177 8.891 0.530 0.088 0.853 22.137 0.006 0.010
12.146 1.190 9.367 0.631 0.398 0.857 21.449 0.007 0.010
13.163 1.185 9.206 0.589 0.635 0.856 23.075 0.007 0.010
14.179 1.187 9.056 0.613 0.460 0.874 24.077 0.007 0.010
15.194 1.201 9.006 0.575 0.423 0.863 23.178 0.006 0.010
16.204 1.238 8.746 0.481 0.609 0.779 23.094 0.006 0.009
17.213 1.239 8.583 0.500 0.014 0.754 21.292 0.006 0.010
18.223 1.241 8.501 0.483 0.023 0.758 20.358 0.006 0.009
19.232 1.246 8.768 0.492 0.031 0.760 20.401 0.006 0.010
20.240 1.235 8.576 0.489 0.613 0.763 20.485 0.006 0.009
21.250 1.250 8.686 0.495 0.022 0.760 20.662 0.006 0.009
22.258 1.245 8.624 0.488 0.014 0.759 20.604 0.006 0.009
23.267 1.234 8.735 0.498 0.022 0.779 20.512 0.006 0.009
24.277 1.241 8.786 0.476 0.138 0.752 20.786 0.006 0.010
25.288 1.247 8.755 0.482 0.148 0.757 20.367 0.007 0.010
26.298 1.253 8.727 0.482 0.592 0.765 20.416 0.006 0.009
27.315 1.251 8.735 0.488 0.558 0.758 20.511 0.006 0.010
28.323 1.211 8.856 0.540 0.571 0.773 20.482 0.006 0.010
29.334 1.231 8.753 0.523 0.599 0.813 20.527 0.006 0.009
30.342 1.258 8.674 0.495 0.500 0.760 22.138 0.006 0.010
31.349 1.242 8.765 0.509 0.619 0.761 20.675 0.006 0.009
32.365 1.252 8.731 0.487 0.254 0.756 20.487 0.006 0.009
33.383 1.255 8.695 0.496 0.031 0.754 20.440 0.006 0.009
34.399 1.248 8.580 0.482 0.543 0.757 20.409 0.006 0.009
35.416 1.261 8.789 0.486 0.605 0.757 20.441 0.006 0.009
36.433 1.263 8.556 0.496 0.531 0.757 20.455 0.006 0.009
37.449 1.259 8.760 0.495 0.544 0.760 20.416 0.006 0.009
38.466 1.257 8.815 0.488 0.081 0.761 20.500 0.006 0.010
39.483 1.208 8.647 0.528 0.671 0.763 20.646 0.006 0.009
40.499 1.203 8.528 0.563 0.571 0.823 20.718 0.007 0.010
41.516 1.241 8.501 0.504 0.684 0.796 22.021 0.006 0.009
42.533 1.250 8.689 0.501 0.552 0.758 21.308 0.006 0.010
43.549 1.255 8.538 0.495 0.410 0.778 20.244 0.006 0.009
44.566 1.253 8.439 0.505 0.812 0.760 20.382 0.006 0.009
45.583 1.247 8.498 0.491 0.443 0.765 20.254 0.006 0.009
46.599 1.246 8.229 0.520 0.646 0.776 20.316 0.006 0.009
47.615 1.252 8.319 0.518 0.023 0.792 20.304 0.006 0.009
48.626 1.241 8.390 0.534 0.447 0.796 20.353 0.006 0.009
49.635 1.251 8.321 0.537 0.535 0.799 20.378 0.006 0.009
50.647 1.244 8.395 0.519 0.295 0.793 20.321 0.006 0.009
51.663 1.234 8.473 0.526 0.526 0.792 20.193 0.006 0.009
52.674 1.234 8.466 0.524 0.006 0.803 20.144 0.006 0.009
53.691 1.199 8.473 0.542 0.386 0.799 20.279 0.006 0.010
54.701 1.187 8.145 0.601 0.453 0.870 20.230 0.006 0.010
55.708 1.186 8.122 0.575 0.572 0.844 21.116 0.006 0.010
56.719 1.182 8.060 0.576 0.498 0.848 21.576 0.006 0.009
57.727 1.196 7.989 0.562 0.761 0.849 21.393 0.006 0.009
58.736 1.189 7.904 0.582 0.031 0.837 21.312 0.007 0.010
59.753 1.181 7.793 0.590 0.022 0.829 21.173 0.006 0.010
60.762 1.179 7.947 0.541 0.383 0.819 21.069 0.007 0.010
61.770 1.180 7.880 0.555 0.196 0.822 21.022 0.006 0.010
62.786 1.272 7.982 0.580 0.403 0.700 20.811 0.006 0.009
63.808 1.125 2.703 0.208 0.022 0.077 20.720 0.006 0.010
64.821 1.125 0.016 0.019 0.014 0.084 17.405 0.006 0.010
65.841 1.125 0.016 0.018 0.022 0.073 7.652 0.006 0.010
66.861 1.125 0.016 0.018 0.038 0.066 7.830 0.006 0.010
67.880 1.125 0.015 0.017 0.030 0.081 7.302 0.007 0.011
68.899 1.125 0.015 0.018 0.022 0.070 6.826 0.006 0.010
69.912 1.125 0.015 0.017 0.022 0.039 6.759 0.006 0.010
70.935 1.125 0.014 0.017 0.030 0.005 6.771 0.006 0.010
71.959 1.125 0.015 0.018 0.022 0.006 5.387 0.007 0.010
72.984 1.125 0.015 0.018 0.030 0.035 5.269 0.006 0.010
