1.010 1.517 0.098 0.017 0.022 0.091 5.030 0.006 0.010
2.023 2.411 0.547 0.024 0.014 0.196 5.165 0.006 0.010
3.032 1.225 3.594 0.223 0.501 0.795 6.078 0.006 0.010
4.046 1.214 8.587 0.553 0.239 0.860 11.399 0.006 0.009
5.056 1.222 8.784 0.514 0.113 0.847 20.716 0.006 0.009
6.068 1.237 8.763 0.536 0.254 0.838 20.765 0.006 0.009
7.085 1.240 8.925 0.520 0.686 0.838 20.781 0.006 0.009
8.093 1.229 8.835 0.584 0.565 0.910 20.826 0.006 0.009
9.104 1.239 8.626 0.581 0.453 0.872 21.260 0.006 0.010
10.116 1.231 8.591 0.573 0.014 0.878 21.376 0.006 0.009
11.123 1.233 8.684 0.565 0.845 0.844 20.815 0.006 0.009
12.133 1.228 8.311 0.541 0.494 0.858 20.705 0.006 0.009
13.144 1.227 8.409 0.550 0.031 0.832 20.366 0.006 0.009
14.156 1.226 8.210 0.548 0.670 0.843 20.180 0.006 0.009
15.164 1.206 8.145 0.541 0.395 0.845 19.918 0.006 0.009
16.174 1.223 8.230 0.559 0.672 0.839 19.811 0.006 0.009
17.182 1.210 8.042 0.539 0.031 0.858 19.651 0.006 0.009
18.192 1.214 8.202 0.542 0.679 0.817 19.590 0.006 0.009
19.207 1.225 8.042 0.521 0.696 0.811 19.622 0.006 0.010
20.223 1.217 7.924 0.530 0.014 0.824 19.448 0.006 0.009
21.236 1.212 7.648 0.543 0.579 0.844 19.361 0.006 0.010
22.252 1.213 7.596 0.556 0.743 0.861 19.307 0.006 0.009
23.267 1.205 7.811 0.553 0.031 0.821 19.309 0.006 0.009
24.284 1.214 7.812 0.569 0.568 0.866 19.302 0.006 0.009
25.298 1.220 7.691 0.530 0.022 0.822 19.241 0.006 0.009
26.308 1.193 7.602 0.562 0.332 0.840 18.953 0.006 0.009
27.320 1.209 7.650 0.560 0.439 0.855 19.080 0.006 0.009
28.336 1.197 7.696 0.536 0.660 0.829 19.095 0.006 0.009
29.349 1.188 7.551 0.582 0.700 0.852 18.938 0.006 0.009
30.360 1.202 7.581 0.542 0.654 0.838 19.142 0.006 0.009
31.370 1.197 7.606 0.556 0.022 0.810 18.820 0.006 0.009
32.380 1.199 7.702 0.545 0.496 0.855 18.838 0.006 0.009
33.390 1.195 7.576 0.546 0.662 0.831 18.887 0.006 0.009
34.399 1.189 7.487 0.576 0.598 0.836 18.880 0.006 0.010
35.416 1.192 7.370 0.587 0.014 0.877 18.971 0.006 0.010
36.430 1.194 7.438 0.576 0.786 0.873 19.269 0.006 0.009
37.447 1.193 7.453 0.565 0.775 0.847 19.039 0.006 0.009
38.459 1.199 7.398 0.547 0.719 0.851 19.007 0.006 0.010
39.476 1.189 7.454 0.556 0.605 0.874 18.901 0.006 0.009
40.493 1.181 7.409 0.568 0.620 0.835 18.786 0.006 0.009
41.510 1.188 7.363 0.540 0.097 0.837 18.751 0.006 0.009
42.525 1.190 7.454 0.545 0.701 0.846 18.654 0.006 0.009
43.539 1.184 7.295 0.555 0.653 0.835 18.797 0.006 0.009
44.553 1.176 7.234 0.552 0.048 0.827 18.595 0.006 0.009
45.563 1.194 7.280 0.528 0.619 0.831 18.575 0.006 0.009
46.572 1.182 7.261 0.550 0.602 0.818 18.443 0.006 0.010
47.589 1.191 7.307 0.527 0.749 0.845 18.553 0.006 0.009
48.606 1.186 7.305 0.561 0.022 0.799 18.374 0.006 0.009
49.623 1.198 7.464 0.542 0.417 0.843 18.513 0.006 0.010
50.633 1.189 7.106 0.544 0.660 0.801 18.391 0.006 0.010
51.642 1.188 7.139 0.548 0.549 0.808 18.445 0.006 0.009
52.653 1.186 7.097 0.540 0.031 0.842 18.479 0.006 0.009
53.661 1.183 7.399 0.556 0.022 0.819 18.311 0.006 0.009
54.678 1.193 7.323 0.529 0.643 0.816 18.443 0.006 0.009
55.695 1.192 7.229 0.527 0.572 0.835 18.262 0.006 0.009
56.712 1.197 7.144 0.539 0.601 0.815 18.552 0.006 0.009
57.729 1.186 7.052 0.530 0.708 0.817 18.518 0.006 0.009
58.746 1.206 7.160 0.563 0.559 0.833 18.177 0.006 0.009
59.762 1.191 7.189 0.550 0.377 0.809 18.293 0.006 0.009
60.779 1.180 7.079 0.542 0.039 0.835 18.388 0.006 0.010
61.796 1.205 7.155 0.529 0.048 0.808 18.299 0.007 0.010
62.804 1.187 7.097 0.551 0.031 0.833 18.230 0.006 0.009
63.813 1.229 6.978 0.541 0.047 0.826 18.133 0.006 0.009
64.820 1.200 7.018 0.577 0.678 0.807 17.970 0.006 0.010
65.837 1.329 5.371 0.423 0.031 0.328 18.489 0.006 0.009
66.865 1.125 0.016 0.018 0.030 0.138 15.424 0.006 0.010
67.887 1.125 0.016 0.018 0.022 0.130 5.111 0.006 0.010
68.909 1.125 0.017 0.019 0.030 0.166 5.131 0.006 0.010
69.933 1.125 0.015 0.018 0.022 0.113 5.436 0.006 0.010
70.959 1.125 0.016 0.018 0.014 0.121 5.006 0.006 0.010
71.982 1.125 0.016 0.018 0.014 0.135 5.028 0.006 0.010
73.001 1.125 0.016 0.018 0.022 0.098 4.936 0.006 0.010
