1.010 1.879 0.095 0.018 0.022 0.017 5.432 0.006 0.011
2.018 2.851 0.491 0.018 0.014 0.052 5.598 0.006 0.009
3.026 1.233 1.617 0.130 0.471 0.619 6.031 0.007 0.010
4.035 1.186 5.960 0.449 0.064 0.743 7.685 0.007 0.010
5.045 1.190 5.951 0.468 0.527 0.746 13.810 0.007 0.011
6.054 1.233 6.013 0.474 0.488 0.746 16.374 0.008 0.011
7.065 1.200 6.110 0.479 0.505 0.760 16.418 0.008 0.011
8.076 1.198 5.976 0.474 0.669 0.747 16.476 0.007 0.010
9.087 1.197 6.076 0.485 0.692 0.751 16.552 0.007 0.010
10.104 1.199 6.058 0.473 0.779 0.759 16.465 0.007 0.011
11.121 1.201 6.068 0.492 0.023 0.751 16.602 0.008 0.011
12.136 1.207 6.258 0.570 0.436 0.792 16.551 0.007 0.010
13.151 1.206 6.139 0.550 0.494 0.804 17.030 0.007 0.011
14.160 1.211 6.033 0.567 0.568 0.806 17.786 0.007 0.010
15.171 1.204 6.152 0.575 0.023 0.816 17.696 0.007 0.010
16.181 1.205 6.071 0.529 0.533 0.823 17.730 0.007 0.011
17.197 1.195 6.173 0.549 0.438 0.832 17.674 0.008 0.011
18.214 1.202 6.273 0.541 0.710 0.830 17.203 0.007 0.010
19.221 1.203 6.204 0.576 0.031 0.847 17.200 0.008 0.011
20.235 1.211 6.208 0.550 0.799 0.839 17.394 0.006 0.010
21.242 1.201 6.254 0.568 0.726 0.846 17.344 0.007 0.011
22.259 1.200 6.202 0.536 0.023 0.862 17.398 0.007 0.010
23.271 1.205 6.156 0.550 0.618 0.858 17.370 0.008 0.011
24.285 1.200 6.083 0.544 0.031 0.835 17.261 0.007 0.011
25.302 1.206 6.299 0.540 0.495 0.859 17.175 0.007 0.010
26.319 1.208 6.187 0.547 0.737 0.840 17.332 0.007 0.010
27.328 1.218 6.262 0.527 0.553 0.867 17.213 0.007 0.010
28.344 1.215 6.093 0.546 0.800 0.861 17.353 0.007 0.010
29.359 1.214 6.296 0.545 0.579 0.847 17.294 0.007 0.011
30.368 1.222 6.069 0.522 0.682 0.829 17.260 0.007 0.011
31.385 1.213 6.356 0.526 0.551 0.823 17.253 0.007 0.010
32.399 1.213 6.162 0.564 0.617 0.857 17.217 0.007 0.010
33.416 1.268 6.180 0.547 0.495 0.832 17.297 0.007 0.010
34.433 1.216 6.203 0.551 0.023 0.878 17.237 0.008 0.010
35.449 1.223 6.245 0.572 0.619 0.870 17.524 0.007 0.010
36.457 1.223 6.220 0.563 0.671 0.850 17.455 0.007 0.011
37.467 1.216 6.105 0.559 0.501 0.851 17.388 0.007 0.011
38.475 1.231 6.253 0.545 0.841 0.873 17.357 0.007 0.010
39.491 1.219 6.171 0.550 0.654 0.866 17.455 0.007 0.011
40.502 1.211 6.231 0.562 0.023 0.839 17.331 0.007 0.010
41.512 1.218 6.140 0.560 0.479 0.868 17.355 0.007 0.010
42.529 1.236 6.194 0.547 1.279 0.867 17.458 0.007 0.010
43.539 1.216 6.383 0.563 0.022 0.841 17.405 0.008 0.011
44.548 1.210 6.383 0.537 0.216 0.864 17.311 0.008 0.011
45.557 1.212 6.188 0.555 0.463 0.869 17.386 0.007 0.010
46.573 1.216 6.184 0.559 0.014 0.865 17.387 0.007 0.011
47.587 1.266 6.354 0.613 0.014 0.877 17.405 0.007 0.011
48.596 1.229 6.327 0.605 0.089 0.908 17.445 0.007 0.010
49.610 1.228 6.203 0.579 0.698 0.884 18.576 0.007 0.010
50.617 1.232 6.250 0.560 0.608 0.845 17.582 0.007 0.011
51.626 1.233 6.061 0.540 0.741 0.859 17.500 0.007 0.010
52.643 1.236 6.230 0.563 0.014 0.848 17.300 0.007 0.010
53.654 1.228 6.213 0.537 0.593 0.859 17.366 0.007 0.011
54.666 1.226 6.134 0.578 0.436 0.878 17.413 0.008 0.011
55.677 1.231 6.101 0.565 0.570 0.857 17.271 0.007 0.010
56.684 1.218 6.222 0.573 0.274 0.868 17.451 0.008 0.011
57.691 1.233 6.166 0.546 0.826 0.832 17.400 0.007 0.010
58.703 1.242 6.163 0.555 0.023 0.873 17.462 0.007 0.010
59.711 1.238 6.131 0.577 0.627 0.877 17.328 0.007 0.011
60.720 1.237 6.154 0.575 0.836 0.881 17.361 0.008 0.011
61.729 1.235 6.171 0.564 0.561 0.855 17.419 0.007 0.010
62.745 1.344 5.480 0.481 0.022 0.395 17.489 0.007 0.011
63.772 1.125 0.016 0.018 0.022 0.148 16.493 0.006 0.010
64.799 1.125 0.016 0.018 0.022 0.089 8.484 0.006 0.010
65.820 1.125 0.016 0.018 0.030 0.106 5.843 0.006 0.010
66.844 1.125 0.015 0.017 0.014 0.132 4.933 0.007 0.010
67.868 1.125 0.015 0.018 0.014 0.103 5.230 0.007 0.010
68.892 1.125 0.015 0.018 0.022 0.125 5.787 0.007 0.011
69.917 1.125 0.016 0.018 0.022 0.126 5.725 0.006 0.010
70.942 1.125 0.016 0.017 0.022 0.090 5.393 0.006 0.009
71.966 1.125 0.015 0.017 0.022 0.086 5.746 0.006 0.010
72.991 1.125 0.015 0.018 0.030 0.088 5.945 0.006 0.010
