1.010 1.528 0.095 0.018 0.006 0.088 5.230 0.006 0.010
2.017 2.465 0.510 0.019 0.022 0.186 5.362 0.006 0.010
3.025 1.229 2.946 0.252 0.239 0.813 6.065 0.006 0.010
4.037 1.197 6.182 0.508 0.014 0.808 10.753 0.007 0.011
5.053 1.183 6.071 0.527 0.562 0.856 16.785 0.008 0.010
6.060 1.194 6.057 0.541 0.696 0.827 16.820 0.007 0.010
7.072 1.188 6.096 0.535 0.824 0.854 16.963 0.007 0.011
8.082 1.205 6.139 0.539 0.644 0.847 16.754 0.008 0.011
9.090 1.213 6.251 0.550 0.031 0.845 16.928 0.008 0.011
10.101 1.207 6.076 0.543 0.571 0.862 17.029 0.007 0.010
11.110 1.210 6.102 0.528 0.662 0.839 16.830 0.008 0.011
12.122 1.212 6.056 0.550 0.767 0.847 16.938 0.007 0.011
13.132 1.209 6.265 0.530 0.420 0.836 16.893 0.007 0.011
14.143 1.213 6.121 0.548 0.055 0.843 16.856 0.007 0.010
15.159 1.210 6.208 0.567 0.669 0.851 17.006 0.007 0.010
16.174 1.222 6.363 0.551 0.031 0.862 16.844 0.007 0.010
17.182 1.223 6.188 0.552 0.446 0.831 16.919 0.007 0.010
18.192 1.233 5.981 0.542 0.014 0.848 17.011 0.008 0.011
19.199 1.212 6.267 0.558 0.710 0.863 16.928 0.007 0.011
20.208 1.216 6.226 0.547 0.254 0.855 16.991 0.007 0.010
21.215 1.213 6.181 0.572 0.023 0.854 16.932 0.007 0.010
22.225 1.225 6.169 0.551 0.653 0.854 16.912 0.007 0.010
23.237 1.229 6.268 0.545 0.653 0.875 16.978 0.008 0.011
24.254 1.211 6.275 0.550 0.022 0.864 16.945 0.007 0.010
25.269 1.262 6.294 0.562 0.014 0.834 16.892 0.008 0.011
26.286 1.224 6.269 0.555 0.519 0.852 17.096 0.007 0.011
27.297 1.228 6.065 0.591 0.486 0.872 17.219 0.007 0.010
28.307 1.232 6.185 0.575 0.671 0.877 17.295 0.007 0.010
29.324 1.220 6.193 0.576 0.984 0.851 16.991 0.007 0.010
30.334 1.239 6.211 0.548 0.106 0.869 17.013 0.007 0.011
31.343 1.239 6.269 0.584 0.694 0.870 17.267 0.007 0.011
32.353 1.246 6.346 0.557 0.172 0.833 17.492 0.007 0.010
33.363 1.244 6.231 0.545 1.193 0.842 17.322 0.007 0.011
34.379 1.258 6.183 0.559 0.262 0.830 17.154 0.006 0.010
35.389 1.258 6.181 0.541 0.577 0.854 17.142 0.007 0.011
36.397 1.250 6.271 0.547 0.654 0.834 17.154 0.007 0.010
37.405 1.231 6.293 0.561 0.700 0.857 17.101 0.007 0.011
38.422 1.245 6.152 0.544 0.746 0.847 17.216 0.007 0.010
39.432 1.261 6.203 0.561 0.553 0.885 17.194 0.008 0.011
40.443 1.254 6.230 0.573 0.513 0.858 17.168 0.007 0.010
41.452 1.236 6.117 0.549 0.014 0.862 17.236 0.007 0.011
42.469 4.015 7.187 0.614 0.014 0.857 17.057 0.008 0.011
43.482 1.791 7.118 0.641 0.568 1.076 17.835 0.006 0.009
44.491 1.253 6.094 0.589 1.294 0.843 21.673 0.007 0.010
45.501 1.245 6.161 0.589 0.670 0.840 17.866 0.007 0.011
46.511 1.252 6.175 0.570 0.031 0.876 17.921 0.007 0.010
47.528 1.274 6.284 0.589 0.710 0.859 17.465 0.007 0.010
48.541 1.265 6.373 0.585 0.014 0.894 17.516 0.007 0.010
49.555 1.252 6.178 0.584 0.659 0.899 17.461 0.007 0.011
50.563 1.232 6.261 0.584 0.901 0.873 17.423 0.007 0.011
51.580 1.221 6.232 0.641 0.031 0.930 17.713 0.007 0.010
52.591 2.878 6.767 0.591 0.621 0.895 19.331 0.007 0.010
53.599 1.274 6.643 0.587 0.568 0.926 18.104 0.007 0.010
54.613 1.246 6.365 0.575 0.686 0.852 19.000 0.007 0.010
55.625 1.261 6.348 0.571 0.577 0.869 17.507 0.007 0.011
56.639 1.250 6.189 0.570 0.014 0.866 17.722 0.007 0.010
57.649 1.277 6.207 0.552 0.652 0.848 17.513 0.008 0.011
58.661 1.262 6.205 0.570 0.659 0.835 17.042 0.007 0.010
59.669 1.265 6.398 0.557 0.587 0.888 16.988 0.007 0.011
60.679 1.243 6.211 0.597 0.621 0.862 16.999 0.007 0.010
61.690 1.261 6.256 0.548 0.460 0.850 17.191 0.007 0.011
62.707 1.320 6.274 0.603 0.064 0.858 17.094 0.007 0.010
63.733 1.125 1.340 0.141 0.644 0.678 17.668 0.007 0.010
64.756 1.125 0.015 0.018 0.014 0.135 8.245 0.006 0.010
65.781 1.125 0.015 0.018 0.014 0.125 5.281 0.006 0.009
66.804 1.125 0.015 0.018 0.014 0.112 5.497 0.006 0.010
67.829 1.178 0.057 0.022 0.022 0.225 5.535 0.006 0.010
68.851 1.580 0.015 0.019 0.038 0.105 7.369 0.007 0.010
69.873 1.125 0.105 0.018 0.014 0.127 7.462 0.006 0.010
70.898 1.125 0.015 0.019 0.022 0.098 6.182 0.006 0.010
71.923 1.125 0.017 0.018 0.014 0.125 5.185 0.006 0.010
72.948 1.125 0.015 0.017 0.022 0.117 5.363 0.006 0.010
73.973 1.125 0.015 0.017 0.022 0.099 5.270 0.006 0.010
