1.010 1.536 0.080 0.017 0.023 0.131 5.931 0.006 0.010
2.024 2.380 0.971 0.061 0.030 0.171 5.778 0.006 0.010
3.038 1.211 4.236 0.512 0.014 0.583 7.629 0.007 0.010
4.050 1.181 4.272 0.532 0.834 0.823 13.892 0.007 0.010
5.057 1.182 4.426 0.516 0.463 0.827 15.182 0.007 0.010
6.067 1.180 4.449 0.520 0.014 0.822 15.318 0.007 0.011
7.083 1.187 4.415 0.525 0.014 0.850 14.785 0.007 0.010
8.093 1.189 4.282 0.491 0.353 0.856 14.922 0.007 0.010
9.104 1.192 4.422 0.535 0.627 0.842 14.625 0.007 0.011
10.119 1.185 4.371 0.498 0.412 0.847 14.910 0.007 0.011
11.136 1.178 4.344 0.491 0.221 0.836 14.686 0.007 0.011
12.146 1.185 4.282 0.470 0.114 0.837 14.901 0.008 0.011
13.155 1.187 4.374 0.504 0.618 0.843 14.543 0.008 0.011
14.163 1.191 4.306 0.486 0.345 0.830 14.565 0.007 0.011
15.171 1.186 4.444 0.502 0.645 0.866 14.575 0.007 0.010
16.179 1.182 4.359 0.489 0.122 0.831 14.637 0.007 0.011
17.196 1.183 4.371 0.477 0.579 0.865 14.608 0.008 0.011
18.205 1.174 4.468 0.531 0.628 0.842 14.641 0.007 0.010
19.213 1.183 4.307 0.508 0.659 0.883 14.679 0.007 0.010
20.221 1.180 4.438 0.500 0.702 0.874 15.379 0.007 0.010
21.235 1.185 4.349 0.502 0.503 0.830 14.897 0.007 0.011
22.244 1.190 4.324 0.536 0.014 0.876 14.849 0.007 0.011
23.252 1.198 4.439 0.478 0.488 0.839 14.932 0.007 0.010
24.260 1.188 4.366 0.511 0.450 0.836 14.763 0.007 0.010
25.276 1.186 4.394 0.533 0.023 0.872 14.704 0.008 0.010
26.287 1.186 4.459 0.518 0.719 0.889 14.927 0.007 0.011
27.297 1.189 4.401 0.519 0.562 0.861 15.100 0.007 0.010
28.314 1.187 4.486 0.503 0.213 0.860 15.065 0.007 0.010
29.328 1.195 4.487 0.482 0.579 0.823 14.805 0.007 0.011
30.336 1.188 4.332 0.518 0.554 0.820 14.619 0.007 0.010
31.343 1.191 4.444 0.534 0.603 0.842 14.791 0.007 0.011
32.353 1.203 4.429 0.521 0.819 0.835 15.244 0.007 0.010
33.363 1.191 4.420 0.514 0.555 0.821 15.012 0.007 0.010
34.373 1.193 4.351 0.502 0.412 0.836 14.716 0.007 0.011
35.390 1.185 4.405 0.512 0.404 0.837 14.861 0.007 0.011
36.399 1.197 4.358 0.504 0.014 0.873 14.722 0.007 0.011
37.410 1.194 4.412 0.497 0.993 0.822 14.826 0.007 0.010
38.425 1.207 4.394 0.525 0.621 0.851 14.687 0.007 0.011
39.440 1.200 4.410 0.481 0.312 0.832 14.890 0.007 0.010
40.457 1.193 4.454 0.520 0.014 0.854 14.656 0.007 0.011
41.467 1.187 4.431 0.511 0.031 0.837 14.749 0.007 0.011
42.475 1.180 4.345 0.523 0.543 0.865 14.782 0.007 0.011
43.485 1.202 4.439 0.566 0.885 0.823 15.247 0.007 0.011
44.495 1.192 4.475 0.533 0.770 0.858 15.587 0.008 0.011
45.503 1.201 4.351 0.526 0.023 0.839 15.637 0.007 0.011
46.520 1.193 4.367 0.511 0.554 0.851 15.094 0.007 0.010
47.537 1.195 4.413 0.488 0.647 0.866 14.648 0.007 0.011
48.553 1.197 4.207 0.493 0.031 0.843 14.731 0.007 0.010
49.564 1.195 4.484 0.513 0.655 0.845 14.684 0.006 0.010
50.574 1.187 4.481 0.492 0.529 0.869 14.672 0.007 0.010
51.582 1.191 4.483 0.518 0.445 0.851 14.700 0.007 0.011
52.589 1.194 4.382 0.497 0.023 0.843 14.757 0.007 0.011
53.598 1.187 4.347 0.503 0.023 0.870 14.756 0.007 0.011
54.614 1.200 4.329 0.502 0.704 0.833 14.720 0.007 0.011
55.625 1.194 4.379 0.530 0.463 0.862 14.722 0.008 0.011
56.641 1.192 4.468 0.484 0.726 0.870 14.836 0.007 0.010
57.650 1.197 4.374 0.485 0.023 0.825 14.784 0.007 0.010
58.666 1.199 4.509 0.493 0.645 0.826 14.720 0.007 0.011
59.683 1.196 4.454 0.490 0.572 0.847 14.636 0.007 0.010
60.695 1.190 4.500 0.535 0.693 0.865 14.670 0.007 0.010
61.711 1.195 4.327 0.501 0.056 0.848 14.920 0.007 0.011
62.728 1.285 4.351 0.499 0.014 0.797 14.743 0.007 0.010
63.754 1.125 1.950 0.225 0.038 0.132 14.735 0.006 0.010
64.778 1.125 0.015 0.017 0.014 0.107 10.488 0.006 0.010
65.800 1.125 0.015 0.018 0.022 0.087 5.948 0.007 0.010
66.821 1.125 0.016 0.018 0.022 0.130 5.976 0.006 0.010
67.846 1.125 0.016 0.017 0.014 0.099 5.825 0.006 0.010
68.864 1.125 0.015 0.017 0.014 0.119 5.684 0.006 0.010
69.890 1.227 0.015 0.017 0.022 0.091 5.757 0.007 0.010
70.915 1.125 0.033 0.019 0.022 0.117 5.659 0.006 0.010
71.938 1.125 0.015 0.017 0.022 0.091 5.727 0.007 0.010
72.953 1.125 0.016 0.018 0.022 0.132 5.739 0.006 0.010
73.977 1.125 0.015 0.017 0.022 0.104 5.650 0.006 0.010
