1.010 1.467 0.089 0.018 0.022 0.101 5.365 0.007 0.010
2.022 2.489 0.543 0.023 0.023 0.206 5.514 0.007 0.010
3.033 1.224 2.133 0.230 0.089 0.835 6.379 0.006 0.010
4.045 1.184 4.327 0.482 0.611 0.812 9.871 0.007 0.010
5.053 1.193 4.390 0.470 0.147 0.811 14.367 0.007 0.010
6.068 1.193 4.321 0.473 0.463 0.806 14.307 0.007 0.011
7.077 1.183 4.361 0.476 0.023 0.864 14.225 0.006 0.010
8.086 1.185 4.362 0.482 0.230 0.841 14.353 0.007 0.010
9.102 1.188 4.302 0.502 0.055 0.830 14.307 0.007 0.010
10.117 1.191 4.416 0.474 0.014 0.866 14.315 0.007 0.010
11.130 1.225 4.349 0.461 0.496 0.822 14.369 0.008 0.011
12.139 1.186 4.437 0.468 0.155 0.866 14.371 0.007 0.010
13.146 1.196 4.365 0.491 0.588 0.818 14.400 0.007 0.010
14.156 1.195 4.426 0.476 0.605 0.818 14.404 0.007 0.010
15.165 1.193 4.464 0.489 0.031 0.828 14.310 0.007 0.011
16.173 1.237 4.427 0.485 0.701 0.871 14.309 0.007 0.011
17.182 1.184 4.400 0.498 0.620 0.844 14.404 0.007 0.010
18.191 1.193 4.389 0.508 0.287 0.847 14.568 0.007 0.010
19.202 1.195 4.362 0.504 0.322 0.866 14.544 0.007 0.010
20.212 1.191 4.453 0.508 0.255 0.872 14.494 0.007 0.010
21.220 1.206 4.402 0.513 0.621 0.865 14.586 0.007 0.010
22.237 1.203 4.525 0.502 0.468 0.851 14.653 0.007 0.011
23.249 1.203 4.418 0.543 0.613 0.845 14.577 0.007 0.011
24.260 1.197 4.468 0.504 0.031 0.858 14.900 0.007 0.011
25.269 1.199 4.466 0.501 0.394 0.846 14.662 0.007 0.011
26.280 1.193 4.343 0.485 0.023 0.855 14.538 0.007 0.011
27.289 1.196 4.358 0.509 0.596 0.846 14.402 0.007 0.010
28.296 1.199 4.468 0.502 0.551 0.848 14.516 0.007 0.010
29.306 1.205 4.513 0.508 0.567 0.864 14.446 0.007 0.011
30.317 1.197 4.377 0.488 0.570 0.849 14.436 0.007 0.011
31.328 1.203 4.437 0.473 0.568 0.841 14.529 0.007 0.011
32.338 1.194 4.378 0.511 0.485 0.839 14.304 0.007 0.010
33.350 1.209 4.350 0.458 0.512 0.856 14.484 0.007 0.011
34.359 1.208 4.371 0.497 0.188 0.827 14.314 0.007 0.011
35.376 1.190 4.300 0.483 0.610 0.821 14.369 0.007 0.011
36.389 1.202 4.427 0.494 0.040 0.870 14.300 0.007 0.011
37.397 1.195 4.431 0.498 0.604 0.841 14.386 0.007 0.011
38.410 1.200 4.366 0.502 0.711 0.865 14.410 0.007 0.010
39.418 1.210 4.354 0.485 0.528 0.825 14.585 0.007 0.011
40.429 1.214 4.384 0.489 0.446 0.820 14.405 0.007 0.011
41.446 1.197 4.380 0.495 0.313 0.846 14.255 0.007 0.010
42.463 1.203 4.449 0.468 0.411 0.842 14.478 0.007 0.010
43.479 1.200 4.535 0.491 0.263 0.830 14.352 0.007 0.010
44.486 1.210 4.474 0.468 0.196 0.836 14.364 0.007 0.011
45.496 1.194 4.414 0.497 0.023 0.837 14.216 0.007 0.011
46.506 1.200 4.375 0.471 0.486 0.859 14.416 0.008 0.011
47.521 1.204 4.391 0.497 0.023 0.863 14.395 0.007 0.010
48.530 1.205 4.419 0.492 0.688 0.850 14.495 0.007 0.010
49.541 1.207 4.477 0.490 0.753 0.871 13.788 0.007 0.011
50.549 1.205 4.404 0.469 0.014 0.825 13.790 0.007 0.011
51.560 1.212 4.479 0.466 0.023 0.824 14.250 0.007 0.011
52.570 1.205 4.397 0.504 0.615 0.863 14.496 0.007 0.011
53.581 1.208 4.351 0.469 0.412 0.831 14.445 0.007 0.010
54.590 1.206 4.487 0.476 0.006 0.827 14.334 0.007 0.011
55.601 1.208 4.368 0.469 0.577 0.825 14.277 0.007 0.010
56.613 1.208 4.367 0.491 0.562 0.827 14.331 0.007 0.011
57.623 1.201 4.447 0.496 0.620 0.836 14.442 0.007 0.010
58.635 1.214 4.481 0.479 0.959 0.825 14.386 0.007 0.010
59.644 1.208 4.470 0.476 0.428 0.826 14.332 0.007 0.010
60.653 1.206 4.369 0.474 0.761 0.825 14.315 0.007 0.011
61.664 1.205 4.423 0.495 0.023 0.828 14.260 0.007 0.010
62.681 1.293 4.406 0.498 0.404 0.876 14.289 0.008 0.011
63.701 1.138 1.254 0.154 0.030 0.700 14.247 0.006 0.010
64.719 1.125 0.015 0.018 0.030 0.125 7.837 0.006 0.010
65.743 1.125 0.015 0.017 0.022 0.102 5.570 0.006 0.010
66.768 1.125 0.015 0.017 0.022 0.086 5.322 0.006 0.010
67.791 1.125 0.015 0.017 0.014 0.133 5.452 0.006 0.010
68.815 1.125 0.016 0.017 0.022 0.081 5.294 0.006 0.010
69.839 1.125 0.015 0.018 0.014 0.127 5.175 0.007 0.010
70.854 1.150 0.015 0.017 0.030 0.114 5.252 0.006 0.010
71.878 1.125 0.019 0.018 0.014 0.131 5.290 0.006 0.010
72.900 1.125 0.015 0.017 0.006 0.115 5.310 0.006 0.010
73.915 1.125 0.015 0.017 0.030 0.092 5.212 0.006 0.010
