1.010 1.417 0.098 0.018 0.014 0.103 5.877 0.007 0.010
2.025 2.563 0.591 0.029 0.022 0.163 6.278 0.006 0.010
3.042 1.218 2.911 0.438 0.039 0.523 7.055 0.006 0.010
4.059 1.172 2.934 0.467 0.520 0.797 11.963 0.006 0.010
5.076 1.174 3.024 0.480 0.081 0.803 13.096 0.007 0.010
6.092 1.178 3.109 0.447 0.454 0.839 13.413 0.007 0.011
7.109 1.185 3.062 0.444 0.031 0.811 13.341 0.007 0.010
8.117 1.175 3.044 0.455 0.479 0.814 12.884 0.007 0.010
9.125 1.182 3.143 0.429 0.703 0.852 12.889 0.007 0.010
10.141 1.184 3.149 0.457 0.496 0.849 12.903 0.007 0.011
11.158 1.179 3.111 0.446 0.165 0.824 12.906 0.007 0.010
12.171 1.186 3.057 0.440 0.538 0.849 12.956 0.007 0.010
13.187 1.184 3.096 0.421 0.612 0.811 12.962 0.007 0.010
14.204 1.178 3.065 0.441 0.652 0.839 12.820 0.007 0.010
15.216 1.179 3.129 0.432 0.522 0.827 12.902 0.007 0.010
16.224 1.177 3.118 0.439 0.941 0.867 12.898 0.007 0.010
17.239 1.184 3.037 0.444 0.346 0.843 12.954 0.006 0.010
18.250 1.173 3.071 0.430 0.618 0.837 12.945 0.007 0.010
19.267 1.174 3.084 0.445 0.023 0.842 12.943 0.007 0.010
20.281 1.172 3.087 0.460 0.023 0.861 12.946 0.007 0.010
21.291 1.189 3.096 0.470 0.485 0.866 12.994 0.007 0.010
22.307 1.174 3.144 0.437 0.487 0.847 13.072 0.007 0.010
23.324 1.189 3.127 0.465 0.628 0.847 12.939 0.007 0.010
24.340 1.177 3.153 0.427 0.022 0.815 13.043 0.007 0.010
25.356 1.186 3.047 0.427 0.545 0.817 12.877 0.007 0.010
26.372 1.175 3.122 0.445 0.568 0.867 12.843 0.007 0.010
27.387 1.184 3.106 0.435 0.585 0.842 12.878 0.006 0.010
28.396 1.183 3.119 0.452 0.023 0.824 12.905 0.007 0.010
29.405 1.182 3.115 0.460 0.539 0.866 12.903 0.007 0.010
30.415 1.184 3.201 0.454 0.577 0.863 12.910 0.007 0.010
31.432 1.186 3.065 0.470 0.520 0.824 12.953 0.006 0.010
32.449 1.182 3.059 0.446 0.031 0.867 13.050 0.007 0.010
33.465 1.187 3.061 0.447 0.563 0.849 12.905 0.006 0.010
34.477 1.224 3.118 0.483 0.023 0.849 12.932 0.007 0.010
35.492 1.240 3.102 0.464 0.014 0.852 12.993 0.007 0.010
36.501 1.189 3.045 0.466 0.023 0.823 13.024 0.006 0.010
37.510 1.182 3.105 0.462 0.513 0.844 13.411 0.007 0.010
38.518 1.181 3.100 0.482 0.455 0.828 13.051 0.007 0.010
39.527 1.191 3.104 0.441 0.031 0.820 13.311 0.006 0.010
40.543 1.183 3.104 0.445 1.074 0.813 12.947 0.007 0.011
41.551 1.179 3.082 0.493 0.421 0.816 12.980 0.007 0.010
42.568 1.185 3.202 0.495 0.680 0.853 13.495 0.007 0.010
43.582 1.179 3.162 0.450 0.537 0.849 13.627 0.007 0.011
44.599 1.188 3.023 0.457 0.023 0.826 13.133 0.007 0.010
45.612 1.186 3.079 0.427 0.737 0.840 13.115 0.007 0.010
46.623 1.181 2.981 0.453 0.573 0.841 12.940 0.007 0.010
47.630 1.183 3.127 0.436 0.023 0.863 13.107 0.006 0.010
48.645 1.185 3.133 0.468 0.812 0.845 13.109 0.007 0.010
49.661 1.184 3.141 0.473 0.553 0.846 13.173 0.007 0.010
50.669 1.183 3.153 0.446 0.578 0.871 13.146 0.007 0.010
51.677 1.193 3.138 0.464 0.156 0.827 13.209 0.006 0.010
52.685 1.191 3.026 0.423 0.438 0.827 13.255 0.007 0.010
53.694 1.183 3.112 0.451 0.423 0.848 13.207 0.007 0.011
54.711 1.187 3.098 0.462 0.014 0.843 13.126 0.006 0.010
55.727 1.190 3.152 0.447 0.072 0.875 13.189 0.007 0.010
56.737 1.184 3.180 0.480 0.155 0.850 13.211 0.007 0.010
57.747 1.189 3.078 0.452 0.519 0.850 13.260 0.007 0.010
58.755 1.189 3.025 0.450 0.022 0.865 13.202 0.007 0.010
59.765 1.188 3.062 0.445 0.728 0.846 13.271 0.007 0.011
60.774 1.187 3.105 0.475 0.463 0.856 13.198 0.006 0.010
61.782 1.182 3.072 0.453 0.637 0.851 13.181 0.006 0.010
62.799 1.298 3.152 0.440 0.146 0.860 13.114 0.007 0.010
63.816 1.125 0.015 0.017 0.530 0.360 12.170 0.006 0.010
64.842 1.125 0.015 0.018 0.022 0.119 6.274 0.006 0.010
65.865 1.125 0.015 0.017 0.030 0.127 5.784 0.007 0.010
66.891 1.125 0.015 0.017 0.022 0.087 5.753 0.006 0.010
67.917 1.125 0.016 0.018 0.022 0.105 5.710 0.007 0.010
68.942 1.125 0.015 0.017 0.022 0.102 5.726 0.006 0.010
69.966 1.125 0.015 0.017 0.022 0.106 5.717 0.007 0.010
70.982 1.125 0.015 0.018 0.022 0.124 5.688 0.006 0.010
72.002 1.234 0.047 0.019 0.014 0.114 5.839 0.006 0.010
73.024 1.125 0.015 0.017 0.022 0.127 5.902 0.006 0.010
