1.010 1.497 0.087 0.019 0.022 0.114 5.673 0.006 0.010
2.026 2.515 0.520 0.022 0.006 0.228 5.827 0.006 0.010
3.043 1.216 1.677 0.253 0.538 0.858 6.451 0.006 0.010
4.050 1.185 3.064 0.431 0.530 0.831 9.486 0.007 0.010
5.065 1.182 3.120 0.430 0.014 0.861 12.744 0.007 0.010
6.074 1.189 3.061 0.431 0.023 0.820 12.944 0.007 0.010
7.082 1.182 3.072 0.421 0.454 0.840 12.947 0.007 0.010
8.097 1.180 3.052 0.445 0.521 0.846 12.819 0.007 0.010
9.106 1.182 3.098 0.442 0.579 0.859 12.879 0.007 0.010
10.123 1.181 3.149 0.430 0.097 0.821 13.034 0.006 0.010
11.133 1.189 3.146 0.441 0.180 0.860 12.940 0.007 0.010
12.142 1.183 3.146 0.446 0.164 0.862 12.907 0.007 0.010
13.153 1.191 3.054 0.437 0.579 0.837 12.949 0.007 0.010
14.168 1.182 3.114 0.452 0.470 0.847 12.894 0.007 0.010
15.179 1.195 3.094 0.435 0.014 0.867 12.845 0.006 0.010
16.191 1.184 3.209 0.438 0.537 0.863 12.891 0.007 0.010
17.208 1.188 3.075 0.439 0.395 0.860 12.928 0.006 0.010
18.224 1.181 3.100 0.456 0.569 0.840 12.929 0.007 0.010
19.242 1.187 3.036 0.433 0.521 0.860 12.897 0.007 0.010
20.258 1.198 3.069 0.455 0.618 0.855 12.876 0.007 0.010
21.275 1.190 3.111 0.441 0.413 0.831 12.959 0.007 0.010
22.292 1.187 3.279 0.483 0.405 0.814 13.018 0.007 0.010
23.308 1.194 3.179 0.483 0.462 0.842 13.498 0.007 0.010
24.318 1.192 3.097 0.467 0.621 0.842 13.640 0.006 0.010
25.328 1.193 3.103 0.451 0.329 0.830 13.434 0.007 0.010
26.336 1.196 3.161 0.460 0.014 0.835 12.891 0.007 0.010
27.347 1.190 3.039 0.452 0.518 0.868 12.962 0.007 0.010
28.355 1.190 3.133 0.471 0.023 0.844 12.876 0.006 0.010
29.363 1.190 3.118 0.461 0.577 0.849 12.897 0.007 0.010
30.377 1.189 3.135 0.439 0.430 0.867 12.842 0.007 0.010
31.392 1.185 3.057 0.454 0.363 0.845 12.905 0.007 0.010
32.403 1.184 3.071 0.444 0.014 0.851 12.863 0.007 0.010
33.420 1.186 3.083 0.446 0.642 0.862 12.883 0.006 0.010
34.436 1.192 3.080 0.439 0.081 0.845 12.888 0.007 0.010
35.450 1.188 3.053 0.448 0.329 0.855 12.824 0.007 0.010
36.461 1.186 3.077 0.452 0.156 0.836 12.945 0.007 0.011
37.470 1.184 3.118 0.440 0.023 0.865 12.844 0.006 0.010
38.480 1.188 3.118 0.448 0.638 0.843 12.814 0.007 0.010
39.487 1.188 3.155 0.442 0.437 0.844 12.806 0.006 0.010
40.499 1.197 3.012 0.442 0.554 0.830 12.836 0.007 0.010
41.507 1.188 3.064 0.443 0.429 0.848 12.910 0.007 0.010
42.517 1.187 3.103 0.455 0.809 0.844 12.773 0.007 0.010
43.526 1.185 3.059 0.437 0.056 0.854 12.926 0.006 0.009
44.542 1.197 3.089 0.443 0.538 0.861 12.806 0.007 0.010
45.557 1.186 3.148 0.463 0.023 0.846 12.921 0.007 0.011
46.567 1.185 2.984 0.441 0.512 0.850 12.804 0.007 0.011
47.579 1.194 3.156 0.431 0.031 0.853 11.889 0.007 0.010
48.589 1.186 3.183 0.429 0.264 0.823 12.714 0.007 0.010
49.599 1.191 3.137 0.451 0.014 0.820 12.896 0.006 0.010
50.610 1.188 3.136 0.452 0.479 0.875 12.922 0.006 0.010
51.620 1.182 3.056 0.468 0.545 0.835 12.856 0.006 0.010
52.631 1.189 3.068 0.444 0.023 0.859 12.948 0.007 0.010
53.647 1.192 3.126 0.448 0.462 0.865 12.823 0.006 0.010
54.660 1.200 3.014 0.448 0.014 0.846 12.872 0.006 0.010
55.670 1.199 3.130 0.482 0.667 0.886 12.926 0.007 0.010
56.680 1.200 3.085 0.466 0.733 0.858 12.907 0.007 0.010
57.697 1.195 3.134 0.470 0.072 0.854 13.008 0.007 0.010
58.704 1.198 3.050 0.461 0.114 0.900 13.029 0.007 0.010
59.721 1.200 3.117 0.475 0.337 0.882 13.014 0.007 0.011
60.738 1.191 3.099 0.460 0.595 0.875 13.201 0.007 0.010
61.753 1.193 3.150 0.468 0.471 0.874 13.149 0.006 0.010
62.770 1.298 3.159 0.453 0.487 0.868 13.163 0.007 0.011
63.792 1.230 0.839 0.136 0.596 0.652 12.945 0.006 0.010
64.817 1.125 0.015 0.017 0.022 0.146 8.015 0.006 0.010
65.838 1.125 0.016 0.018 0.022 0.100 5.653 0.007 0.010
66.864 1.125 0.015 0.018 0.014 0.081 5.585 0.007 0.010
67.880 1.125 0.015 0.018 0.014 0.128 5.788 0.006 0.010
68.899 1.125 0.015 0.017 0.014 0.099 5.557 0.007 0.010
69.924 1.125 0.015 0.017 0.022 0.128 5.630 0.006 0.010
70.939 1.125 0.015 0.018 0.022 0.110 5.448 0.006 0.010
71.962 1.125 0.015 0.017 0.030 0.102 5.395 0.006 0.010
72.987 1.125 0.015 0.018 0.022 0.095 5.489 0.006 0.010
