1.010 1.357 0.091 0.017 0.030 0.157 5.922 0.006 0.010
2.022 2.477 0.527 0.029 0.023 0.185 5.999 0.007 0.010
3.033 1.225 3.773 0.369 0.022 0.360 6.616 0.006 0.009
4.050 1.190 5.228 0.479 0.588 0.856 11.051 0.006 0.010
5.065 1.197 5.245 0.473 0.023 0.887 16.418 0.006 0.010
6.081 1.192 5.199 0.472 0.627 0.839 16.695 0.006 0.010
7.093 1.202 5.254 0.499 0.014 0.886 16.517 0.007 0.010
8.109 1.186 4.992 0.494 0.494 0.852 16.723 0.006 0.010
9.123 1.200 5.182 0.469 0.619 0.842 16.743 0.007 0.010
10.130 1.198 5.148 0.486 0.147 0.888 16.800 0.006 0.010
11.142 1.200 5.248 0.502 0.504 0.867 16.761 0.006 0.010
12.158 1.189 5.073 0.478 0.870 0.856 16.873 0.006 0.010
13.167 1.189 5.282 0.469 0.495 0.867 16.831 0.006 0.010
14.175 1.188 5.186 0.465 0.022 0.842 16.798 0.006 0.010
15.184 1.184 5.188 0.493 0.014 0.846 16.621 0.006 0.010
16.195 1.202 5.052 0.462 0.612 0.826 16.575 0.006 0.010
17.205 1.205 5.289 0.453 0.323 0.840 16.666 0.006 0.010
18.212 1.199 5.136 0.475 0.537 0.846 16.533 0.006 0.010
19.222 1.200 5.104 0.481 0.023 0.871 16.553 0.007 0.010
20.229 1.197 5.254 0.510 0.114 0.857 16.729 0.007 0.010
21.236 1.202 5.128 0.470 0.643 0.875 16.843 0.007 0.010
22.246 1.197 5.138 0.474 0.031 0.868 16.696 0.007 0.010
23.256 1.208 5.152 0.473 0.414 0.870 16.741 0.006 0.010
24.266 1.215 5.146 0.480 0.031 0.825 16.773 0.007 0.010
25.274 1.206 5.237 0.451 0.014 0.856 16.806 0.007 0.010
26.286 1.215 5.134 0.488 0.655 0.832 16.623 0.006 0.010
27.297 1.208 5.202 0.477 0.717 0.873 16.786 0.007 0.010
28.305 1.208 5.132 0.478 0.072 0.848 16.619 0.006 0.010
29.315 1.214 5.188 0.480 0.022 0.873 16.840 0.007 0.010
30.324 1.217 5.180 0.480 0.646 0.837 16.750 0.006 0.010
31.336 1.205 5.200 0.479 0.620 0.873 16.793 0.006 0.010
32.352 1.207 5.016 0.473 0.728 0.851 16.684 0.006 0.010
33.368 1.211 5.063 0.494 0.536 0.856 16.752 0.007 0.010
34.379 1.224 5.262 0.483 0.023 0.853 16.717 0.007 0.010
35.395 1.221 5.159 0.475 0.513 0.825 16.773 0.006 0.010
36.409 1.220 5.054 0.482 0.039 0.874 16.696 0.006 0.010
37.419 1.223 5.126 0.490 0.330 0.844 16.676 0.006 0.010
38.435 1.232 5.303 0.476 0.039 0.827 16.744 0.007 0.010
39.447 1.213 5.038 0.473 0.064 0.871 16.768 0.007 0.010
40.455 1.227 5.158 0.468 0.687 0.827 16.630 0.006 0.010
41.465 1.229 5.228 0.482 0.552 0.851 16.697 0.006 0.010
42.481 1.225 5.202 0.489 0.585 0.859 16.592 0.006 0.010
43.498 1.221 5.249 0.489 0.668 0.887 16.661 0.007 0.010
44.515 1.238 5.008 0.477 0.031 0.860 16.743 0.007 0.010
45.529 1.224 5.190 0.485 0.604 0.867 16.887 0.006 0.010
46.545 1.221 5.180 0.502 0.686 0.904 16.860 0.006 0.010
47.562 1.226 5.217 0.515 0.023 0.866 16.831 0.007 0.010
48.576 1.217 5.290 0.490 0.299 0.866 16.811 0.006 0.010
49.585 1.235 5.211 0.501 0.462 0.882 16.994 0.007 0.010
50.600 1.234 5.254 0.497 0.022 0.863 16.928 0.007 0.010
51.617 1.219 5.140 0.502 0.802 0.899 16.851 0.006 0.010
52.627 1.229 5.173 0.499 0.836 0.880 16.991 0.006 0.011
53.645 1.239 5.299 0.485 0.701 0.870 17.034 0.007 0.010
54.661 1.227 5.180 0.500 0.831 0.885 16.941 0.006 0.009
55.678 1.242 5.292 0.490 0.023 0.862 16.911 0.006 0.010
56.694 1.226 5.128 0.501 0.014 0.885 16.746 0.007 0.010
57.708 1.231 5.227 0.495 0.488 0.868 16.820 0.006 0.010
58.725 1.231 5.308 0.492 0.561 0.866 16.743 0.007 0.010
59.737 1.232 5.131 0.501 0.654 0.869 16.650 0.006 0.010
60.749 1.236 5.347 0.497 0.147 0.877 16.636 0.006 0.010
61.760 1.234 5.110 0.498 0.543 0.897 16.950 0.006 0.010
62.777 1.301 4.599 0.442 0.031 0.868 16.950 0.006 0.010
63.800 1.125 0.016 0.018 0.022 0.426 16.083 0.006 0.010
64.823 1.125 0.015 0.018 0.022 0.120 8.392 0.006 0.010
65.841 1.125 0.015 0.017 0.022 0.145 5.957 0.006 0.010
66.865 1.125 0.015 0.017 0.030 0.131 5.729 0.006 0.010
67.891 1.125 0.016 0.018 0.022 0.112 5.703 0.006 0.010
68.913 1.125 0.015 0.018 0.022 0.145 5.676 0.007 0.010
69.938 1.125 0.015 0.018 0.022 0.090 5.674 0.006 0.010
70.960 1.125 0.016 0.017 0.022 0.106 5.630 0.006 0.010
71.985 1.125 0.015 0.018 0.014 0.119 5.676 0.006 0.010
73.003 1.125 0.015 0.017 0.022 0.144 5.685 0.006 0.010
