1.010 1.483 0.094 0.017 0.022 0.141 5.347 0.006 0.010
2.026 2.468 0.535 0.024 0.022 0.291 5.595 0.006 0.010
3.041 1.215 3.267 0.293 0.430 0.850 6.185 0.006 0.009
4.052 1.187 5.157 0.462 0.554 0.827 10.127 0.006 0.009
5.062 1.190 5.215 0.473 0.264 0.844 16.051 0.006 0.009
6.079 1.188 5.179 0.453 0.023 0.860 16.082 0.006 0.010
7.092 1.194 5.239 0.461 0.595 0.835 16.196 0.006 0.010
8.103 1.203 5.206 0.480 0.014 0.844 16.258 0.007 0.010
9.116 1.200 5.207 0.487 0.031 0.864 16.206 0.007 0.010
10.132 1.198 5.151 0.470 0.545 0.843 16.285 0.006 0.010
11.149 1.199 5.205 0.472 0.660 0.847 16.310 0.006 0.009
12.161 1.207 5.146 0.482 0.586 0.857 16.270 0.006 0.010
13.177 1.198 5.127 0.468 0.504 0.838 16.210 0.006 0.010
14.186 1.209 5.312 0.474 0.371 0.844 16.293 0.006 0.010
15.195 1.193 5.227 0.475 0.604 0.855 16.310 0.006 0.010
16.202 1.207 5.120 0.471 0.512 0.842 16.276 0.007 0.010
17.213 1.194 5.174 0.482 0.613 0.866 16.366 0.006 0.010
18.226 1.194 5.105 0.466 0.513 0.858 16.292 0.006 0.010
19.242 1.211 5.155 0.484 0.544 0.818 16.388 0.006 0.010
20.252 1.220 5.115 0.459 0.444 0.823 16.303 0.006 0.010
21.263 1.212 5.183 0.466 0.602 0.826 16.346 0.007 0.010
22.273 1.202 5.152 0.476 0.014 0.844 16.242 0.006 0.010
23.281 1.656 5.211 0.469 0.023 0.870 16.298 0.006 0.010
24.290 1.235 5.478 0.565 0.163 0.953 16.402 0.006 0.010
25.307 1.230 5.235 0.536 0.517 0.878 16.467 0.006 0.010
26.317 1.230 5.092 0.484 0.478 0.825 18.454 0.006 0.010
27.325 1.212 5.289 0.507 0.621 0.851 16.815 0.006 0.009
28.339 1.239 5.161 0.498 0.511 0.857 16.717 0.006 0.010
29.349 1.230 5.138 0.496 0.762 0.871 16.823 0.006 0.009
30.357 1.242 5.221 0.540 0.555 0.893 16.802 0.007 0.010
31.367 1.236 5.145 0.494 0.627 0.897 17.182 0.007 0.010
32.384 1.253 5.188 0.506 0.710 0.873 17.035 0.007 0.010
33.401 1.239 5.230 0.510 0.596 0.868 16.880 0.007 0.010
34.418 1.234 5.127 0.499 0.023 0.872 17.027 0.007 0.010
35.435 1.231 5.193 0.490 0.602 0.895 17.028 0.006 0.010
36.451 1.253 5.408 0.494 0.023 0.881 16.965 0.006 0.010
37.461 1.240 5.082 0.506 0.787 0.878 17.032 0.007 0.010
38.470 1.253 5.101 0.509 0.645 0.905 16.992 0.007 0.010
39.480 1.228 5.107 0.512 0.446 0.886 17.032 0.006 0.010
40.491 1.244 5.159 0.487 0.413 0.874 16.921 0.006 0.010
41.501 1.241 5.132 0.491 0.519 0.865 16.853 0.006 0.010
42.517 1.226 5.230 0.506 0.106 0.864 16.824 0.007 0.010
43.531 1.229 5.282 0.499 0.023 0.912 16.966 0.006 0.010
44.548 1.241 5.163 0.518 0.014 0.884 17.015 0.006 0.010
45.565 1.250 5.188 0.498 0.031 0.881 16.955 0.006 0.010
46.581 1.247 5.197 0.495 0.463 0.902 17.071 0.006 0.010
47.588 1.240 5.244 0.517 0.718 0.884 17.026 0.007 0.010
48.606 1.243 5.275 0.492 0.518 0.879 16.973 0.006 0.010
49.623 1.247 5.089 0.462 0.263 0.857 17.060 0.007 0.010
50.639 1.246 5.120 0.485 0.553 0.846 16.906 0.006 0.009
51.647 1.239 4.943 0.484 0.512 0.872 16.717 0.007 0.010
52.655 1.237 5.225 0.486 0.023 0.850 16.892 0.006 0.010
53.665 1.234 5.136 0.490 0.644 0.854 16.855 0.006 0.010
54.676 1.231 5.122 0.496 0.064 0.892 16.708 0.007 0.010
55.688 1.236 5.239 0.466 0.510 0.834 16.858 0.006 0.010
56.697 1.231 5.116 0.489 0.609 0.869 16.751 0.006 0.010
57.713 1.238 5.278 0.482 0.189 0.846 16.913 0.006 0.010
58.721 1.217 5.110 0.525 0.014 0.883 16.788 0.006 0.010
59.729 1.246 5.091 0.498 0.676 0.877 17.002 0.007 0.010
60.740 1.231 5.076 0.491 0.612 0.872 17.605 0.006 0.009
61.747 1.231 5.238 0.502 0.560 0.880 16.975 0.006 0.010
62.759 1.235 5.117 0.478 0.618 0.858 16.926 0.006 0.010
63.776 1.414 1.685 0.169 0.022 0.732 16.754 0.006 0.010
64.802 1.125 0.016 0.019 0.030 0.092 12.443 0.006 0.010
65.828 1.125 0.016 0.018 0.014 0.124 5.901 0.006 0.010
66.854 1.125 0.016 0.018 0.022 0.116 5.968 0.006 0.010
67.879 1.125 0.016 0.017 0.014 0.087 5.848 0.007 0.011
68.903 1.125 0.015 0.017 0.030 0.136 5.836 0.006 0.010
69.926 1.125 0.015 0.018 0.022 0.130 5.857 0.007 0.010
70.948 1.125 0.015 0.018 0.022 0.089 5.838 0.007 0.010
71.964 1.125 0.015 0.017 0.022 0.102 5.755 0.006 0.010
72.988 1.125 0.015 0.018 0.030 0.120 5.815 0.006 0.010
