1.010 1.255 0.045 0.024 0.000 0.073 2.464 0.183 1.301
2.023 1.926 0.453 0.028 0.000 0.088 2.630 0.275 1.360
3.041 1.412 2.575 0.109 0.000 0.235 3.201 0.178 7.919
4.059 1.393 5.679 0.225 0.000 0.249 6.186 0.220 7.857
5.076 1.390 5.483 0.206 0.000 0.249 10.795 0.183 7.927
6.094 1.379 5.437 0.231 0.000 0.247 10.763 0.162 7.862
7.103 1.400 5.391 0.240 0.000 0.250 10.760 0.172 7.921
8.113 1.392 5.619 0.235 0.000 0.244 10.746 0.248 7.954
9.131 1.400 5.700 0.228 0.000 0.247 10.939 0.220 8.018
10.149 1.393 5.414 0.234 0.151 0.253 10.983 0.177 7.695
11.157 1.392 5.496 0.242 0.289 0.255 10.818 0.180 7.906
12.167 1.377 5.596 0.239 0.000 0.277 10.958 0.180 8.909
13.178 1.388 5.385 0.258 0.000 0.293 10.995 0.193 8.562
14.196 1.383 5.188 0.255 0.000 0.283 12.017 0.189 8.657
15.217 1.125 2.599 0.130 0.000 0.091 11.919 0.192 2.290
16.238 1.125 0.000 0.025 0.000 0.103 7.456 0.163 3.257
17.259 1.125 0.000 0.028 0.000 0.112 3.569 0.196 2.112
18.271 1.125 0.000 0.026 0.000 0.093 3.626 0.177 2.534
19.291 1.125 0.000 0.024 0.000 0.074 3.617 0.157 2.077
20.312 1.158 0.000 0.025 0.000 0.079 3.339 0.153 3.134
21.333 1.125 0.000 0.024 0.000 0.085 3.485 0.150 2.278
22.353 1.125 0.000 0.024 0.000 0.078 3.394 0.150 1.949
23.369 1.125 0.000 0.025 0.000 0.076 3.363 0.151 2.072
24.380 1.125 0.000 0.024 0.000 0.080 3.343 0.145 2.024
25.400 1.125 0.000 0.025 0.000 0.085 3.420 0.151 1.967
