1.010 1.433 0.067 0.022 0.000 0.048 1.308 0.133 0.450
2.019 2.281 0.608 0.026 0.000 0.067 1.458 0.136 1.885
3.031 1.369 4.870 0.116 0.000 0.118 2.368 0.144 6.614
4.050 1.341 5.338 0.124 0.000 0.195 8.590 0.146 6.182
5.059 1.359 5.060 0.127 0.000 0.200 9.017 0.143 6.588
6.078 1.335 5.249 0.123 0.000 0.201 9.059 0.143 6.290
7.087 1.342 5.126 0.120 0.000 0.194 9.009 0.140 6.383
8.097 1.311 5.127 0.129 0.000 0.193 8.979 0.145 6.530
9.116 1.346 5.095 0.130 0.000 0.193 9.018 0.142 6.446
10.127 1.337 5.141 0.132 0.000 0.201 8.957 0.140 6.366
11.143 1.329 5.056 0.119 0.000 0.198 8.996 0.143 6.338
12.156 1.334 5.047 0.153 0.000 0.211 9.113 0.155 6.595
13.165 1.343 5.182 0.123 0.000 0.191 9.109 0.141 6.297
14.175 1.324 5.241 0.128 0.000 0.191 9.002 0.148 6.350
15.193 1.368 5.136 0.126 0.000 0.195 9.093 0.140 6.453
16.213 1.385 5.255 0.137 0.000 0.196 9.057 0.143 6.303
17.238 1.125 1.003 0.051 0.000 0.156 9.214 0.146 0.457
18.261 1.125 0.000 0.021 0.000 0.043 3.074 0.140 0.654
19.282 1.125 0.000 0.023 0.000 0.062 1.592 0.136 0.351
20.305 1.125 0.000 0.022 0.000 0.045 1.368 0.137 0.483
21.327 1.125 0.000 0.022 0.000 0.043 1.457 0.136 0.512
22.350 1.125 0.000 0.022 0.000 0.044 1.404 0.138 0.401
23.373 1.125 0.000 0.022 0.000 0.040 1.381 0.139 0.403
24.394 1.125 0.000 0.024 0.000 0.041 1.356 0.130 0.403
25.415 1.398 0.000 0.021 0.000 0.045 1.364 0.132 0.446
