1.010 1.426 0.070 0.022 0.000 0.056 1.282 0.144 0.417
2.018 2.223 0.562 0.029 0.000 0.062 1.465 0.136 1.779
3.028 1.325 4.946 0.106 0.000 0.108 2.220 0.145 7.044
4.037 1.347 5.278 0.118 0.000 0.191 8.522 0.137 6.309
5.053 1.339 5.360 0.122 0.000 0.195 9.091 0.139 7.338
6.063 1.346 5.271 0.112 0.000 0.194 9.206 0.143 6.884
7.076 1.333 5.262 0.121 0.000 0.191 9.076 0.137 6.489
8.085 1.327 5.421 0.115 0.000 0.192 9.049 0.142 6.620
9.104 1.338 5.297 0.122 0.000 0.189 9.100 0.144 6.992
10.113 1.345 5.264 0.117 0.000 0.190 9.110 0.142 6.643
11.125 1.357 5.152 0.123 0.000 0.193 9.048 0.142 6.889
12.144 1.318 5.229 0.126 0.000 0.194 9.117 0.142 6.708
13.156 1.358 5.285 0.116 0.000 0.193 9.085 0.145 7.296
14.175 1.345 5.251 0.125 0.000 0.193 9.224 0.145 6.550
15.193 1.415 3.205 0.091 0.000 0.199 9.072 0.141 0.443
16.219 1.125 0.000 0.023 0.000 0.062 6.252 0.140 0.739
17.244 1.125 0.000 0.022 0.000 0.043 1.338 0.137 1.025
18.267 1.125 0.000 0.024 0.000 0.060 1.308 0.142 0.639
19.292 1.125 0.000 0.023 0.000 0.041 1.431 0.136 0.656
20.309 1.125 0.000 0.022 0.000 0.040 1.280 0.134 0.474
21.326 1.125 0.000 0.020 0.000 0.039 1.259 0.138 0.460
22.349 1.125 0.000 0.023 0.000 0.041 1.277 0.132 0.426
23.374 1.125 0.000 0.022 0.000 0.041 1.285 0.136 0.413
24.398 1.363 0.000 0.024 0.000 0.079 1.288 0.140 1.524
25.421 1.125 0.036 0.021 0.000 0.061 1.502 0.136 0.629
