1.010 1.383 0.057 0.024 0.000 0.106 1.765 0.142 1.665
2.017 1.961 0.460 0.032 0.000 0.115 2.549 0.146 1.348
3.027 1.362 2.580 0.078 0.000 0.188 3.229 0.145 6.230
4.041 1.322 5.120 0.131 0.000 0.198 5.388 0.141 6.703
5.053 1.317 5.225 0.132 0.000 0.209 9.115 0.147 7.022
6.072 1.358 5.423 0.177 0.000 0.290 9.129 0.154 8.599
7.081 1.340 5.451 0.161 0.000 0.203 10.229 0.151 7.279
8.099 1.344 5.445 0.131 0.000 0.191 10.022 0.146 6.648
9.118 1.338 5.510 0.146 0.000 0.224 9.329 0.146 6.729
10.127 1.336 5.395 0.121 0.000 0.192 9.791 0.146 7.028
11.138 1.347 5.175 0.123 0.000 0.196 9.141 0.145 6.301
12.148 1.332 5.210 0.140 0.000 0.199 9.176 0.145 7.478
13.162 1.332 5.259 0.137 0.000 0.192 9.218 0.138 6.755
14.176 1.334 5.235 0.135 0.000 0.193 9.082 0.146 7.128
15.195 1.385 5.185 0.135 0.000 0.184 9.180 0.141 7.445
16.226 1.125 2.161 0.069 0.000 0.044 9.083 0.136 0.900
17.251 1.125 0.000 0.020 0.000 0.058 4.600 0.135 1.172
18.272 1.125 0.000 0.024 0.000 0.042 1.312 0.137 0.853
19.289 1.125 0.000 0.022 0.000 0.042 1.562 0.133 0.616
20.309 1.125 0.000 0.024 0.000 0.040 1.254 0.136 0.625
21.328 1.316 0.000 0.023 0.000 0.056 1.248 0.165 0.531
22.345 1.125 0.025 0.020 0.000 0.045 1.520 0.136 0.450
23.366 1.125 0.000 0.022 0.000 0.044 1.391 0.143 0.740
24.383 1.125 0.000 0.022 0.000 0.047 1.360 0.146 0.588
25.406 1.125 0.000 0.025 0.000 0.056 1.506 0.140 0.824
