1.010 1.475 0.111 0.023 0.000 0.044 1.423 0.137 0.484
2.018 2.250 0.497 0.026 0.000 0.069 1.601 0.138 0.517
3.029 1.354 1.105 0.046 0.000 0.184 2.206 0.142 3.724
4.038 1.334 2.296 0.102 0.000 0.190 3.414 0.144 3.715
5.051 1.321 2.448 0.101 0.000 0.191 5.662 0.145 3.610
6.065 1.350 2.384 0.093 0.000 0.211 5.684 0.145 3.624
7.084 1.361 2.413 0.122 0.000 0.198 5.686 0.149 3.536
8.094 1.355 2.486 0.113 0.000 0.194 5.755 0.145 3.643
9.103 1.337 2.396 0.103 0.000 0.195 5.746 0.145 3.697
10.113 1.332 2.330 0.103 0.000 0.200 5.571 0.138 3.667
11.131 1.327 2.336 0.116 0.000 0.194 5.640 0.145 3.755
12.142 1.350 2.444 0.102 0.000 0.193 5.703 0.139 3.742
13.161 1.359 2.378 0.115 0.000 0.191 5.590 0.148 3.799
14.179 1.368 2.352 0.095 0.000 0.185 5.661 0.144 3.822
15.200 1.125 1.022 0.060 0.000 0.052 5.573 0.146 0.568
16.224 1.125 0.000 0.021 0.000 0.057 3.224 0.138 0.834
17.241 1.125 0.000 0.022 0.000 0.038 1.514 0.138 0.535
18.265 1.125 0.000 0.020 0.000 0.038 1.356 0.137 0.436
19.285 1.125 0.000 0.020 0.000 0.040 1.265 0.136 0.458
20.311 1.296 0.000 0.022 0.000 0.043 1.263 0.139 0.398
21.335 1.125 0.000 0.022 0.116 0.039 1.406 0.151 1.106
22.351 1.125 0.000 0.021 0.000 0.076 1.545 0.142 0.648
23.375 1.125 0.000 0.019 0.000 0.039 1.527 0.138 0.623
24.393 1.125 0.000 0.023 0.000 0.043 1.269 0.142 1.585
25.407 1.125 0.000 0.023 0.000 0.076 1.616 0.137 0.379
