1.010 1.353 0.083 0.022 0.000 0.046 1.290 0.137 0.351
2.028 2.186 0.525 0.026 0.000 0.074 1.537 0.139 1.040
3.047 1.371 2.204 0.085 0.000 0.109 2.214 0.137 3.538
4.063 1.295 2.427 0.097 0.133 0.188 5.188 0.141 3.723
5.072 1.338 2.398 0.094 0.000 0.189 5.556 0.140 3.615
6.084 1.335 2.361 0.115 0.000 0.192 5.544 0.149 3.748
7.098 1.328 2.354 0.102 0.000 0.199 5.696 0.140 3.761
8.106 1.316 2.345 0.104 0.000 0.193 5.564 0.143 3.547
9.117 1.352 2.393 0.097 0.000 0.192 5.569 0.137 3.819
10.133 1.359 2.353 0.114 0.000 0.192 5.544 0.142 3.897
11.147 1.346 2.343 0.113 0.000 0.199 5.585 0.142 3.777
12.156 1.350 2.362 0.105 0.000 0.190 5.703 0.146 3.682
13.175 1.365 2.370 0.113 0.000 0.194 5.659 0.154 4.806
14.193 1.390 2.338 0.109 0.000 0.208 6.024 0.143 0.459
15.222 1.125 0.000 0.022 0.000 0.116 5.581 0.134 0.696
16.246 1.271 0.032 0.022 0.000 0.054 1.250 0.138 0.427
17.268 1.125 0.000 0.022 0.000 0.051 1.554 0.136 0.403
18.293 1.125 0.000 0.023 0.000 0.041 1.293 0.140 0.403
19.318 1.125 0.000 0.022 0.000 0.041 1.300 0.138 0.474
20.339 1.125 0.000 0.022 0.000 0.044 1.331 0.140 0.417
21.360 1.125 0.000 0.023 0.000 0.041 1.284 0.137 0.371
22.385 1.125 0.000 0.023 0.000 0.053 1.220 0.135 0.403
23.410 1.125 0.000 0.023 0.000 0.040 1.216 0.139 0.350
24.429 1.125 0.000 0.021 0.000 0.038 1.320 0.135 0.407
25.452 1.125 0.000 0.021 0.000 0.041 1.267 0.135 0.374
