1.010 1.493 0.068 0.023 0.000 0.045 1.490 0.136 0.711
2.018 2.477 0.152 0.025 0.000 0.068 1.454 0.133 5.812
3.036 1.282 5.835 0.097 0.000 0.154 3.516 0.146 7.428
4.054 1.238 5.895 0.084 0.000 0.218 9.592 0.145 6.789
5.070 1.240 5.806 0.089 0.000 0.218 9.641 0.146 7.254
6.090 1.224 5.890 0.112 0.000 0.217 9.668 0.169 7.104
7.107 1.238 5.714 0.118 0.000 0.242 9.844 0.152 7.300
8.117 1.240 5.795 0.100 0.000 0.219 9.763 0.146 6.931
9.134 1.258 5.933 0.087 0.000 0.210 9.589 0.140 6.890
10.150 1.246 5.878 0.111 0.000 0.218 9.615 0.152 6.729
11.159 1.248 5.839 0.085 0.000 0.210 9.688 0.145 6.870
12.168 1.263 6.500 0.196 0.000 0.222 9.561 0.203 9.236
13.178 1.253 6.086 0.123 0.000 0.239 11.741 0.154 7.087
14.196 1.246 5.894 0.087 0.000 0.205 10.270 0.148 7.101
15.214 1.356 3.312 0.051 0.000 0.205 9.569 0.140 1.091
16.236 1.125 0.000 0.022 0.000 0.057 6.047 0.137 1.109
17.262 1.125 0.000 0.022 0.000 0.058 1.403 0.139 0.389
18.278 1.125 0.000 0.020 0.000 0.042 1.416 0.135 0.475
19.303 1.359 0.034 0.023 0.000 0.041 1.318 0.138 0.410
20.328 1.125 0.000 0.020 0.000 0.046 1.406 0.137 0.398
21.354 1.125 0.000 0.021 0.000 0.042 1.286 0.139 0.412
22.370 1.125 0.000 0.022 0.000 0.043 1.271 0.136 0.550
23.386 1.125 0.000 0.023 0.000 0.051 1.428 0.141 0.686
24.409 1.125 0.000 0.020 0.000 0.042 1.342 0.134 0.795
25.428 1.125 0.000 0.022 0.000 0.054 1.299 0.144 0.962
