1.010 1.470 0.068 0.021 0.000 0.050 1.345 0.143 0.375
2.022 2.332 0.712 0.028 0.000 0.071 1.514 0.135 2.791
3.031 1.343 5.759 0.082 0.000 0.119 2.417 0.147 8.299
4.039 1.249 6.530 0.086 0.000 0.217 9.582 0.150 7.706
5.048 1.245 6.603 0.088 0.000 0.214 10.346 0.147 7.495
6.067 1.257 6.505 0.097 0.000 0.216 10.375 0.145 7.681
7.085 1.254 6.658 0.086 0.000 0.204 10.385 0.142 7.884
8.103 1.253 6.615 0.087 0.000 0.218 10.446 0.142 7.749
9.112 1.252 6.605 0.081 0.000 0.212 10.440 0.144 7.981
10.131 1.263 6.662 0.104 0.000 0.220 10.338 0.152 7.610
11.140 1.246 6.551 0.075 0.000 0.207 10.410 0.147 7.327
12.159 1.284 6.622 0.079 0.000 0.204 10.390 0.143 7.494
13.177 1.253 6.491 0.087 0.000 0.212 10.358 0.142 7.611
14.195 1.243 6.628 0.118 0.000 0.206 10.424 0.152 7.657
15.213 1.364 5.038 0.085 0.000 0.240 10.552 0.143 0.815
16.244 1.125 0.000 0.022 0.000 0.088 8.267 0.136 1.289
17.272 1.125 0.000 0.025 0.000 0.049 1.307 0.149 0.602
18.295 1.125 0.000 0.022 0.000 0.056 1.558 0.138 0.661
19.319 1.125 0.000 0.023 0.000 0.042 1.378 0.139 0.507
20.345 1.125 0.000 0.024 0.000 0.044 1.300 0.139 0.441
21.370 1.125 0.000 0.023 0.000 0.039 1.292 0.137 0.720
22.395 1.349 0.000 0.021 0.000 0.045 1.320 0.138 0.791
23.419 1.125 0.026 0.019 0.000 0.038 1.270 0.136 0.422
24.438 1.125 0.000 0.022 0.000 0.038 1.363 0.136 0.873
25.461 1.125 0.000 0.021 0.000 0.038 1.277 0.135 0.407
