1.010 2.172 0.060 0.020 0.000 0.045 1.364 0.143 0.420
2.027 2.043 0.587 0.028 0.000 0.067 1.429 0.146 0.662
3.035 1.293 4.941 0.070 0.000 0.089 2.281 0.145 7.118
4.044 1.255 6.092 0.070 0.000 0.204 8.328 0.141 6.903
5.060 1.248 6.097 0.069 0.305 0.203 9.675 0.150 6.894
6.077 1.286 6.552 0.145 0.000 0.228 9.781 0.160 8.672
7.095 1.281 6.697 0.127 0.000 0.273 11.602 0.152 8.658
8.113 1.250 6.833 0.163 0.000 0.294 12.326 0.159 9.187
9.123 1.248 6.219 0.117 0.000 0.305 12.676 0.153 7.218
10.142 1.243 6.113 0.080 0.000 0.204 10.876 0.142 7.208
11.160 1.244 6.057 0.085 0.000 0.206 9.788 0.141 6.967
12.178 1.255 6.109 0.079 0.000 0.205 9.785 0.142 7.148
13.196 1.253 6.030 0.083 0.000 0.206 9.743 0.146 7.096
14.213 1.245 6.079 0.088 0.000 0.208 9.790 0.143 7.180
15.232 1.312 4.286 0.068 0.000 0.096 9.776 0.140 0.427
16.259 1.177 0.000 0.021 0.000 0.061 7.379 0.141 0.536
17.287 1.125 0.026 0.022 0.000 0.047 1.445 0.147 0.403
18.303 1.210 0.000 0.024 0.000 0.049 1.607 0.135 0.432
19.326 1.125 0.014 0.021 0.000 0.042 1.329 0.134 0.388
20.351 1.125 0.000 0.022 0.000 0.041 1.401 0.140 0.427
21.376 1.125 0.000 0.022 0.000 0.040 1.334 0.131 0.379
22.393 1.125 0.000 0.023 0.000 0.038 1.336 0.136 0.460
23.418 1.168 0.000 0.020 0.131 0.041 1.277 0.134 0.403
24.443 1.125 0.012 0.022 0.000 0.059 1.333 0.144 0.569
25.461 1.125 0.000 0.020 0.000 0.037 1.484 0.137 0.470
