1.010 1.533 0.067 0.022 0.000 0.045 1.328 0.136 0.427
2.027 2.394 0.585 0.029 0.000 0.070 1.408 0.134 0.450
3.045 1.308 2.096 0.036 0.000 0.170 2.152 0.140 7.706
4.054 1.253 6.418 0.073 0.000 0.211 4.256 0.141 7.894
5.072 1.255 6.588 0.072 0.000 0.207 10.260 0.142 7.565
6.082 1.255 6.595 0.084 0.000 0.205 10.284 0.141 7.435
7.092 1.247 6.574 0.077 0.000 0.205 10.360 0.140 7.803
8.112 1.247 6.614 0.083 0.000 0.204 10.394 0.150 7.775
9.130 1.253 6.504 0.074 0.000 0.205 10.348 0.143 7.297
10.138 1.256 6.569 0.075 0.000 0.203 10.304 0.143 7.374
11.153 1.254 6.510 0.072 0.000 0.204 10.334 0.144 7.753
12.163 1.253 6.544 0.076 0.000 0.206 10.369 0.142 7.676
13.173 1.287 6.554 0.091 0.000 0.205 10.403 0.142 7.360
14.184 1.250 6.572 0.076 0.000 0.211 10.491 0.143 7.991
15.202 1.360 2.098 0.040 0.000 0.178 10.393 0.140 0.431
16.223 1.125 0.000 0.025 0.000 0.044 4.159 0.141 0.947
17.242 1.125 0.000 0.023 0.000 0.061 1.567 0.138 0.597
18.262 1.125 0.000 0.024 0.000 0.043 1.392 0.132 0.697
19.287 1.125 0.000 0.022 0.000 0.056 1.354 0.141 0.564
20.311 1.217 0.020 0.022 0.000 0.045 1.381 0.138 0.602
21.336 1.125 0.000 0.024 0.000 0.044 1.385 0.133 0.668
22.358 1.125 0.000 0.023 0.000 0.042 1.332 0.140 0.830
23.380 1.304 0.031 0.021 0.000 0.043 1.309 0.134 0.470
24.403 1.125 0.000 0.022 0.000 0.044 1.489 0.137 0.771
25.423 1.125 0.000 0.018 0.000 0.040 1.311 0.135 0.673
