1.010 1.456 0.075 0.026 0.129 0.046 1.299 0.137 0.436
2.017 2.492 0.560 0.024 0.000 0.069 1.518 0.137 0.386
3.026 1.282 3.172 0.050 0.000 0.191 2.197 0.143 7.199
4.044 1.240 6.002 0.080 0.000 0.205 5.689 0.138 6.891
5.055 1.237 6.116 0.082 0.000 0.208 9.654 0.141 7.099
6.066 1.248 6.145 0.087 0.000 0.202 9.788 0.144 6.915
7.074 1.254 6.035 0.088 0.000 0.206 9.811 0.143 7.118
8.083 1.272 6.103 0.096 0.000 0.212 9.771 0.143 7.113
9.102 1.246 6.183 0.087 0.000 0.204 9.875 0.143 6.962
10.112 1.248 6.083 0.114 0.000 0.230 9.767 0.149 7.122
11.120 1.246 6.125 0.104 0.000 0.218 9.971 0.145 7.095
12.128 1.242 6.070 0.105 0.000 0.217 9.912 0.148 7.068
13.137 1.248 6.163 0.104 0.000 0.226 9.851 0.147 6.873
14.146 1.248 6.119 0.123 0.000 0.206 9.931 0.154 6.975
15.164 1.332 6.110 0.092 0.000 0.194 9.939 0.142 7.836
16.190 1.125 2.449 0.048 0.000 0.044 9.861 0.142 0.467
17.210 1.125 0.000 0.022 0.000 0.042 4.933 0.142 0.432
18.235 1.298 0.036 0.024 0.000 0.063 1.331 0.135 0.446
19.262 1.125 0.000 0.022 0.000 0.040 1.618 0.140 0.436
20.285 1.125 0.000 0.022 0.000 0.041 1.315 0.135 0.401
21.310 1.125 0.000 0.023 0.000 0.039 1.293 0.136 0.422
22.332 1.125 0.000 0.021 0.000 0.038 1.287 0.137 0.403
23.352 1.125 0.000 0.021 0.000 0.041 1.294 0.136 0.374
24.376 1.125 0.000 0.021 0.000 0.042 1.343 0.135 0.422
25.400 1.125 0.000 0.022 0.000 0.042 1.345 0.132 0.374
