1.010 1.336 0.070 0.026 0.000 0.047 1.285 0.144 1.060
2.028 2.502 1.004 0.031 0.000 0.075 1.535 0.140 3.634
3.036 1.280 5.752 0.066 0.000 0.124 2.930 0.142 7.336
4.045 1.295 5.882 0.102 0.133 0.224 9.208 0.152 7.200
5.063 1.248 5.939 0.091 0.000 0.207 9.553 0.141 6.705
6.073 1.253 5.936 0.092 0.000 0.205 9.574 0.148 7.110
7.086 1.314 5.911 0.085 0.000 0.214 9.612 0.143 7.036
8.104 1.251 5.967 0.076 0.000 0.203 9.637 0.141 7.023
9.119 1.250 5.849 0.086 0.000 0.204 9.499 0.147 7.530
10.137 1.250 5.930 0.089 0.000 0.204 9.480 0.144 6.680
11.151 1.242 5.878 0.082 0.000 0.204 9.516 0.146 7.278
12.163 1.250 5.876 0.073 0.000 0.206 9.490 0.148 6.979
13.182 1.248 5.882 0.067 0.000 0.204 9.537 0.143 6.915
14.200 1.244 5.971 0.082 0.000 0.205 9.499 0.144 6.877
15.218 1.339 5.002 0.069 0.000 0.203 9.509 0.145 0.778
16.243 1.125 0.000 0.022 0.000 0.101 8.300 0.136 0.706
17.271 1.319 0.042 0.023 0.000 0.060 1.257 0.141 0.523
18.297 1.125 0.000 0.024 0.000 0.044 1.578 0.148 1.847
19.317 1.125 0.000 0.023 0.000 0.073 1.849 0.145 0.365
20.343 1.125 0.000 0.022 0.000 0.044 1.615 0.136 0.394
21.367 1.125 0.000 0.022 0.000 0.054 1.489 0.141 0.394
22.386 1.125 0.000 0.022 0.000 0.051 1.479 0.137 0.457
23.410 1.125 0.000 0.020 0.000 0.040 1.597 0.136 0.536
24.433 1.125 0.000 0.023 0.000 0.042 1.432 0.136 0.701
25.458 1.125 0.000 0.022 0.000 0.042 1.245 0.142 0.592
