0.000 0.041 0.021 0.000 0.041 1.225 0.131 0.502
0.111 0.041 0.021 0.000 0.056 1.225 0.131 0.502
0.217 0.041 0.021 0.000 0.056 1.225 0.131 0.502
0.327 0.041 0.021 0.000 0.056 1.225 0.131 0.502
0.429 0.041 0.021 0.000 0.056 1.225 0.131 0.502
0.537 0.041 0.021 0.000 0.056 1.225 0.131 0.502
0.649 0.000 0.022 0.000 0.056 1.363 0.141 0.747
0.760 0.000 0.022 0.000 0.056 1.363 0.141 0.747
0.868 0.000 0.022 0.000 0.056 1.363 0.141 0.747
0.980 0.000 0.022 0.000 0.056 1.363 0.141 0.747
1.092 0.000 0.022 0.000 0.045 1.363 0.141 0.747
1.203 0.000 0.022 0.000 0.045 1.363 0.141 0.747
1.314 0.000 0.022 0.000 0.045 1.363 0.141 0.747
1.417 0.000 0.022 0.000 0.045 1.363 0.141 0.747
1.529 0.000 0.022 0.000 0.045 1.363 0.141 0.747
1.635 0.523 0.023 0.000 0.045 1.384 0.140 0.639
1.742 0.523 0.023 0.000 0.045 1.384 0.140 0.639
1.851 0.523 0.023 0.000 0.045 1.384 0.140 0.639
1.961 0.523 0.023 0.000 0.045 1.384 0.140 0.639
2.071 0.523 0.023 0.000 0.083 1.384 0.140 0.639
2.173 0.523 0.023 0.000 0.083 1.384 0.140 0.639
2.282 0.523 0.023 0.000 0.083 1.384 0.140 0.639
2.384 0.523 0.023 0.000 0.083 1.384 0.140 0.639
2.486 0.523 0.023 0.000 0.083 1.384 0.140 0.639
2.594 4.474 0.046 0.000 0.083 2.086 0.145 7.949
2.697 4.474 0.046 0.000 0.083 2.086 0.145 7.949
2.808 4.474 0.046 0.000 0.083 2.086 0.145 7.949
2.910 4.474 0.046 0.000 0.083 2.086 0.145 7.949
3.013 4.474 0.046 0.000 0.083 2.086 0.145 7.949
3.114 4.474 0.046 0.000 0.200 2.086 0.145 7.949
3.217 4.474 0.046 0.000 0.200 2.086 0.145 7.949
3.324 4.474 0.046 0.000 0.200 2.086 0.145 7.949
3.436 4.474 0.046 0.000 0.200 2.086 0.145 7.949
3.547 4.474 0.046 0.000 0.200 2.086 0.145 7.949
3.649 6.510 0.071 0.000 0.200 7.308 0.145 7.652
3.760 6.510 0.071 0.000 0.200 7.308 0.145 7.652
3.871 6.510 0.071 0.000 0.200 7.308 0.145 7.652
3.982 6.510 0.071 0.000 0.200 7.308 0.145 7.652
4.093 6.510 0.071 0.000 0.207 7.308 0.145 7.652
4.204 6.510 0.071 0.000 0.207 7.308 0.145 7.652
4.316 6.510 0.071 0.000 0.207 7.308 0.145 7.652
4.418 6.510 0.071 0.000 0.207 7.308 0.145 7.652
4.530 6.510 0.071 0.000 0.207 7.308 0.145 7.652
4.641 6.716 0.084 0.000 0.207 10.263 0.147 7.868
4.752 6.716 0.084 0.000 0.207 10.263 0.147 7.868
4.863 6.716 0.084 0.000 0.207 10.263 0.147 7.868
4.966 6.716 0.084 0.000 0.207 10.263 0.147 7.868
5.068 6.716 0.084 0.000 0.207 10.263 0.147 7.868
5.170 6.716 0.084 0.000 0.205 10.263 0.147 7.868
5.273 6.716 0.084 0.000 0.205 10.263 0.147 7.868
5.384 6.716 0.084 0.000 0.205 10.263 0.147 7.868
5.495 6.716 0.084 0.000 0.205 10.263 0.147 7.868
5.606 6.691 0.065 0.000 0.205 10.489 0.144 7.786
5.708 6.691 0.065 0.000 0.205 10.489 0.144 7.786
5.810 6.691 0.065 0.000 0.205 10.489 0.144 7.786
5.921 6.691 0.065 0.000 0.205 10.489 0.144 7.786
6.032 6.691 0.065 0.000 0.205 10.489 0.144 7.786
6.143 6.691 0.065 0.000 0.202 10.489 0.144 7.786
6.255 6.691 0.065 0.000 0.202 10.489 0.144 7.786
6.356 6.691 0.065 0.000 0.202 10.489 0.144 7.786
6.458 6.691 0.065 0.000 0.202 10.489 0.144 7.786
6.561 6.691 0.065 0.000 0.202 10.489 0.144 7.786
6.663 6.687 0.072 0.000 0.202 10.452 0.142 7.659
6.765 6.687 0.072 0.000 0.202 10.452 0.142 7.659
6.867 6.687 0.072 0.000 0.202 10.452 0.142 7.659
6.970 6.687 0.072 0.000 0.202 10.452 0.142 7.659
7.081 6.687 0.072 0.000 0.203 10.452 0.142 7.659
7.192 6.687 0.072 0.000 0.203 10.452 0.142 7.659
7.303 6.687 0.072 0.000 0.203 10.452 0.142 7.659
7.414 6.687 0.072 0.000 0.203 10.452 0.142 7.659
7.516 6.687 0.072 0.000 0.203 10.452 0.142 7.659
7.618 6.784 0.067 0.000 0.203 10.429 0.143 7.716
7.729 6.784 0.067 0.000 0.203 10.429 0.143 7.716
7.841 6.784 0.067 0.000 0.203 10.429 0.143 7.716
7.952 6.784 0.067 0.000 0.203 10.429 0.143 7.716
8.063 6.784 0.067 0.000 0.203 10.429 0.143 7.716
8.165 6.784 0.067 0.000 0.202 10.429 0.143 7.716
8.272 6.784 0.067 0.000 0.202 10.429 0.143 7.716
8.374 6.784 0.067 0.000 0.202 10.429 0.143 7.716
8.477 6.784 0.067 0.000 0.202 10.429 0.143 7.716
8.579 6.675 0.068 0.000 0.202 10.461 0.147 8.095
8.681 6.675 0.068 0.000 0.202 10.461 0.147 8.095
8.784 6.675 0.068 0.000 0.202 10.461 0.147 8.095
8.886 6.675 0.068 0.000 0.202 10.461 0.147 8.095
8.988 6.675 0.068 0.000 0.202 10.461 0.147 8.095
9.099 6.675 0.068 0.000 0.204 10.461 0.147 8.095
9.209 6.675 0.068 0.000 0.204 10.461 0.147 8.095
9.320 6.675 0.068 0.000 0.204 10.461 0.147 8.095
9.424 6.675 0.068 0.000 0.204 10.461 0.147 8.095
9.529 6.675 0.068 0.000 0.204 10.461 0.147 8.095
9.640 6.817 0.078 0.000 0.204 10.471 0.144 7.716
9.742 6.817 0.078 0.000 0.204 10.471 0.144 7.716
9.844 6.817 0.078 0.000 0.204 10.471 0.144 7.716
9.955 6.817 0.078 0.000 0.204 10.471 0.144 7.716
10.056 6.817 0.078 0.000 0.204 10.471 0.144 7.716
10.159 6.817 0.078 0.000 0.207 10.471 0.144 7.716
10.268 6.817 0.078 0.000 0.207 10.471 0.144 7.716
10.379 6.817 0.078 0.000 0.207 10.471 0.144 7.716
10.490 6.817 0.078 0.000 0.207 10.471 0.144 7.716
10.597 6.753 0.071 0.000 0.207 10.567 0.141 7.767
10.700 6.753 0.071 0.000 0.207 10.567 0.141 7.767
10.811 6.753 0.071 0.000 0.207 10.567 0.141 7.767
10.922 6.753 0.071 0.000 0.207 10.567 0.141 7.767
11.033 6.753 0.071 0.000 0.207 10.567 0.141 7.767
11.144 6.753 0.071 0.000 0.200 10.567 0.141 7.767
11.255 6.753 0.071 0.000 0.200 10.567 0.141 7.767
11.366 6.753 0.071 0.000 0.200 10.567 0.141 7.767
11.478 6.753 0.071 0.000 0.200 10.567 0.141 7.767
11.589 6.762 0.069 0.000 0.200 10.446 0.140 8.192
11.700 6.762 0.069 0.000 0.200 10.446 0.140 8.192
11.811 6.762 0.069 0.000 0.200 10.446 0.140 8.192
11.922 6.762 0.069 0.000 0.200 10.446 0.140 8.192
12.023 6.762 0.069 0.000 0.200 10.446 0.140 8.192
12.135 6.762 0.069 0.000 0.200 10.446 0.140 8.192
12.246 6.762 0.069 0.000 0.200 10.446 0.140 8.192
12.357 6.762 0.069 0.000 0.200 10.446 0.140 8.192
12.468 6.762 0.069 0.000 0.200 10.446 0.140 8.192
12.580 6.641 0.072 0.000 0.200 10.447 0.142 7.776
12.691 6.641 0.072 0.000 0.200 10.447 0.142 7.776
12.802 6.641 0.072 0.000 0.200 10.447 0.142 7.776
12.904 6.641 0.072 0.000 0.200 10.447 0.142 7.776
13.006 6.641 0.072 0.000 0.200 10.447 0.142 7.776
13.117 6.641 0.072 0.000 0.200 10.447 0.142 7.776
13.219 6.641 0.072 0.000 0.200 10.447 0.142 7.776
13.331 6.641 0.072 0.000 0.200 10.447 0.142 7.776
13.433 6.641 0.072 0.000 0.200 10.447 0.142 7.776
13.536 6.641 0.072 0.000 0.200 10.447 0.142 7.776
13.647 6.704 0.070 0.000 0.200 10.431 0.142 7.680
13.749 6.704 0.070 0.000 0.200 10.431 0.142 7.680
13.851 6.704 0.070 0.000 0.200 10.431 0.142 7.680
13.952 6.704 0.070 0.000 0.200 10.431 0.142 7.680
14.055 6.704 0.070 0.000 0.200 10.431 0.142 7.680
14.166 6.704 0.070 0.000 0.216 10.431 0.142 7.680
14.277 6.704 0.070 0.000 0.216 10.431 0.142 7.680
14.388 6.704 0.070 0.000 0.216 10.431 0.142 7.680
14.500 6.704 0.070 0.000 0.216 10.431 0.142 7.680
14.611 6.596 0.085 0.000 0.216 10.508 0.143 0.509
14.722 6.596 0.085 0.000 0.216 10.508 0.143 0.509
14.826 6.596 0.085 0.000 0.216 10.508 0.143 0.509
14.934 6.596 0.085 0.000 0.216 10.508 0.143 0.509
15.037 6.596 0.085 0.000 0.216 10.508 0.143 0.509
15.147 6.596 0.085 0.000 0.119 10.508 0.143 0.509
15.255 6.596 0.085 0.000 0.119 10.508 0.143 0.509
15.366 6.596 0.085 0.000 0.119 10.508 0.143 0.509
15.477 6.596 0.085 0.000 0.119 10.508 0.143 0.509
15.586 0.000 0.024 0.000 0.119 10.354 0.134 0.511
15.694 0.000 0.024 0.000 0.119 10.354 0.134 0.511
15.799 0.000 0.024 0.000 0.119 10.354 0.134 0.511
15.905 0.000 0.024 0.000 0.119 10.354 0.134 0.511
16.017 0.000 0.024 0.000 0.119 10.354 0.134 0.511
16.127 0.000 0.024 0.000 0.066 10.354 0.134 0.511
16.238 0.000 0.024 0.000 0.066 10.354 0.134 0.511
16.348 0.000 0.024 0.000 0.066 10.354 0.134 0.511
16.460 0.000 0.024 0.000 0.066 10.354 0.134 0.511
16.571 0.000 0.024 0.000 0.066 10.354 0.134 0.511
16.683 0.000 0.024 0.000 0.066 1.375 0.143 0.892
16.794 0.000 0.024 0.000 0.066 1.375 0.143 0.892
16.901 0.000 0.024 0.000 0.066 1.375 0.143 0.892
17.007 0.000 0.024 0.000 0.066 1.375 0.143 0.892
17.110 0.000 0.024 0.000 0.055 1.375 0.143 0.892
17.221 0.000 0.024 0.000 0.055 1.375 0.143 0.892
17.327 0.000 0.024 0.000 0.055 1.375 0.143 0.892
17.437 0.000 0.024 0.000 0.055 1.375 0.143 0.892
17.544 0.000 0.024 0.000 0.055 1.375 0.143 0.892
17.655 0.000 0.023 0.000 0.055 2.059 0.138 0.928
17.762 0.000 0.023 0.000 0.055 2.059 0.138 0.928
17.873 0.000 0.023 0.000 0.055 2.059 0.138 0.928
17.983 0.000 0.023 0.000 0.055 2.059 0.138 0.928
18.095 0.000 0.023 0.137 0.043 2.059 0.138 0.928
18.203 0.000 0.023 0.137 0.043 2.059 0.138 0.928
18.308 0.000 0.023 0.137 0.043 2.059 0.138 0.928
18.415 0.000 0.023 0.137 0.043 2.059 0.138 0.928
18.526 0.000 0.023 0.137 0.043 2.059 0.138 0.928
18.635 0.000 0.021 0.137 0.043 1.405 0.138 0.857
18.746 0.000 0.021 0.137 0.043 1.405 0.138 0.857
18.858 0.000 0.021 0.137 0.043 1.405 0.138 0.857
18.968 0.000 0.021 0.137 0.043 1.405 0.138 0.857
19.077 0.000 0.021 0.000 0.043 1.405 0.138 0.857
19.189 0.000 0.021 0.000 0.043 1.405 0.138 0.857
19.301 0.000 0.021 0.000 0.043 1.405 0.138 0.857
19.410 0.000 0.021 0.000 0.043 1.405 0.138 0.857
19.512 0.000 0.021 0.000 0.043 1.405 0.138 0.857
19.622 0.030 0.022 0.000 0.043 1.402 0.135 0.833
19.727 0.030 0.022 0.000 0.043 1.402 0.135 0.833
19.835 0.030 0.022 0.000 0.043 1.402 0.135 0.833
19.944 0.030 0.022 0.000 0.043 1.402 0.135 0.833
20.054 0.030 0.022 0.000 0.043 1.402 0.135 0.833
20.160 0.030 0.022 0.000 0.045 1.402 0.135 0.833
20.270 0.030 0.022 0.000 0.045 1.402 0.135 0.833
20.379 0.030 0.022 0.000 0.045 1.402 0.135 0.833
20.488 0.030 0.022 0.000 0.045 1.402 0.135 0.833
20.600 0.000 0.023 0.000 0.045 1.464 0.135 0.493
20.707 0.000 0.023 0.000 0.045 1.464 0.135 0.493
20.810 0.000 0.023 0.000 0.045 1.464 0.135 0.493
20.916 0.000 0.023 0.000 0.045 1.464 0.135 0.493
21.027 0.000 0.023 0.000 0.045 1.464 0.135 0.493
21.135 0.000 0.023 0.000 0.038 1.464 0.135 0.493
21.244 0.000 0.023 0.000 0.038 1.464 0.135 0.493
21.346 0.000 0.023 0.000 0.038 1.464 0.135 0.493
21.454 0.000 0.023 0.000 0.038 1.464 0.135 0.493
21.565 0.000 0.023 0.000 0.038 1.464 0.135 0.493
21.677 0.000 0.022 0.000 0.038 1.257 0.136 0.336
21.782 0.000 0.022 0.000 0.038 1.257 0.136 0.336
21.894 0.000 0.022 0.000 0.038 1.257 0.136 0.336
22.002 0.000 0.022 0.000 0.038 1.257 0.136 0.336
22.110 0.000 0.022 0.000 0.040 1.257 0.136 0.336
22.218 0.000 0.022 0.000 0.040 1.257 0.136 0.336
22.326 0.000 0.022 0.000 0.040 1.257 0.136 0.336
22.435 0.000 0.022 0.000 0.040 1.257 0.136 0.336
22.544 0.000 0.022 0.000 0.040 1.257 0.136 0.336
22.650 0.000 0.022 0.000 0.040 1.228 0.137 0.478
22.760 0.000 0.022 0.000 0.040 1.228 0.137 0.478
22.868 0.000 0.022 0.000 0.040 1.228 0.137 0.478
22.975 0.000 0.022 0.000 0.040 1.228 0.137 0.478
23.077 0.000 0.022 0.000 0.041 1.228 0.137 0.478
23.189 0.000 0.022 0.000 0.041 1.228 0.137 0.478
23.294 0.000 0.022 0.000 0.041 1.228 0.137 0.478
23.403 0.000 0.022 0.000 0.041 1.228 0.137 0.478
23.510 0.000 0.022 0.000 0.041 1.228 0.137 0.478
23.622 0.015 0.022 0.000 0.041 1.256 0.138 0.441
23.727 0.015 0.022 0.000 0.041 1.256 0.138 0.441
23.836 0.015 0.022 0.000 0.041 1.256 0.138 0.441
23.947 0.015 0.022 0.000 0.041 1.256 0.138 0.441
24.058 0.015 0.022 0.000 0.041 1.256 0.138 0.441
24.167 0.015 0.022 0.000 0.039 1.256 0.138 0.441
24.271 0.015 0.022 0.000 0.039 1.256 0.138 0.441
24.379 0.015 0.022 0.000 0.039 1.256 0.138 0.441
24.490 0.015 0.022 0.000 0.039 1.256 0.138 0.441
24.602 0.000 0.019 0.000 0.039 1.275 0.136 0.498
24.713 0.000 0.019 0.000 0.039 1.275 0.136 0.498
24.818 0.000 0.019 0.000 0.039 1.275 0.136 0.498
24.929 0.000 0.019 0.000 0.039 1.275 0.136 0.498
25.035 0.000 0.019 0.000 0.039 1.275 0.136 0.498
25.144 0.000 0.019 0.000 0.038 1.275 0.136 0.498
25.255 0.000 0.019 0.000 0.038 1.275 0.136 0.498
25.367 0.000 0.019 0.000 0.038 1.275 0.136 0.498
25.478 0.000 0.019 0.000 0.038 1.275 0.136 0.498
25.590 0.000 0.021 0.000 0.038 1.252 0.136 0.843
25.701 0.000 0.021 0.000 0.038 1.252 0.136 0.843
25.803 0.000 0.021 0.000 0.038 1.252 0.136 0.843
25.915 0.000 0.021 0.000 0.038 1.252 0.136 0.843
