0.000 0.000 0.024 0.000 0.054 1.436 0.137 0.469
0.109 0.000 0.024 0.000 0.054 1.436 0.137 0.469
0.221 0.000 0.024 0.000 0.042 1.436 0.137 0.469
0.330 0.000 0.024 0.000 0.042 1.436 0.137 0.469
0.436 0.000 0.024 0.000 0.042 1.436 0.137 0.469
0.546 0.000 0.024 0.000 0.042 1.436 0.137 0.469
0.658 0.000 0.024 0.000 0.042 1.436 0.137 0.469
0.769 0.022 0.022 0.000 0.042 1.343 0.138 0.424
0.871 0.022 0.022 0.000 0.042 1.343 0.138 0.424
0.983 0.022 0.022 0.000 0.042 1.343 0.138 0.424
1.095 0.022 0.022 0.000 0.042 1.343 0.138 0.424
1.206 0.022 0.022 0.000 0.042 1.343 0.138 0.424
1.317 0.022 0.022 0.000 0.071 1.343 0.138 0.424
1.421 0.022 0.022 0.000 0.071 1.343 0.138 0.424
1.533 0.022 0.022 0.000 0.071 1.343 0.138 0.424
1.643 0.022 0.022 0.000 0.071 1.343 0.138 0.424
1.752 0.553 0.027 0.000 0.071 1.406 0.142 0.507
1.857 0.553 0.027 0.000 0.071 1.406 0.142 0.507
1.960 0.553 0.027 0.000 0.071 1.406 0.142 0.507
2.071 0.553 0.027 0.000 0.071 1.406 0.142 0.507
2.174 0.553 0.027 0.000 0.071 1.406 0.142 0.507
2.282 0.553 0.027 0.000 0.088 1.406 0.142 0.507
2.391 0.553 0.027 0.000 0.088 1.406 0.142 0.507
2.494 0.553 0.027 0.000 0.088 1.406 0.142 0.507
2.598 0.553 0.027 0.000 0.088 1.406 0.142 0.507
2.702 0.553 0.027 0.000 0.088 1.406 0.142 0.507
2.808 4.997 0.063 0.000 0.088 2.155 0.143 7.405
2.920 4.997 0.063 0.000 0.088 2.155 0.143 7.405
3.030 4.997 0.063 0.000 0.088 2.155 0.143 7.405
3.141 4.997 0.063 0.000 0.088 2.155 0.143 7.405
3.246 4.997 0.063 0.000 0.137 2.155 0.143 7.405
3.355 4.997 0.063 0.000 0.137 2.155 0.143 7.405
3.461 4.997 0.063 0.000 0.137 2.155 0.143 7.405
3.571 4.997 0.063 0.000 0.137 2.155 0.143 7.405
3.680 4.997 0.063 0.000 0.137 2.155 0.143 7.405
3.789 0.543 0.028 0.000 0.137 8.288 0.138 0.956
3.900 0.543 0.028 0.000 0.137 8.288 0.138 0.956
4.005 0.543 0.028 0.000 0.137 8.288 0.138 0.956
4.109 0.543 0.028 0.000 0.137 8.288 0.138 0.956
4.213 0.543 0.028 0.000 0.137 8.288 0.138 0.956
4.315 0.543 0.028 0.000 0.050 8.288 0.138 0.956
4.425 0.543 0.028 0.000 0.050 8.288 0.138 0.956
4.534 0.543 0.028 0.000 0.050 8.288 0.138 0.956
4.639 0.543 0.028 0.000 0.050 8.288 0.138 0.956
4.746 0.306 0.020 0.000 0.050 2.146 0.136 0.930
4.855 0.306 0.020 0.000 0.050 2.146 0.136 0.930
4.967 0.306 0.020 0.000 0.050 2.146 0.136 0.930
5.073 0.306 0.020 0.000 0.050 2.146 0.136 0.930
5.179 0.306 0.020 0.000 0.050 2.146 0.136 0.930
5.281 0.306 0.020 0.000 0.048 2.146 0.136 0.930
5.388 0.306 0.020 0.000 0.048 2.146 0.136 0.930
5.492 0.306 0.020 0.000 0.048 2.146 0.136 0.930
5.597 0.306 0.020 0.000 0.048 2.146 0.136 0.930
5.705 0.306 0.020 0.000 0.048 2.146 0.136 0.930
5.809 0.285 0.021 0.000 0.048 1.817 0.136 0.839
5.913 0.285 0.021 0.000 0.048 1.817 0.136 0.839
6.023 0.285 0.021 0.000 0.048 1.817 0.136 0.839
6.128 0.285 0.021 0.000 0.048 1.817 0.136 0.839
6.230 0.285 0.021 0.000 0.053 1.817 0.136 0.839
6.338 0.285 0.021 0.000 0.053 1.817 0.136 0.839
6.446 0.285 0.021 0.000 0.053 1.817 0.136 0.839
6.557 0.285 0.021 0.000 0.053 1.817 0.136 0.839
6.660 0.285 0.021 0.000 0.053 1.817 0.136 0.839
6.771 0.302 0.021 0.000 0.053 1.713 0.148 0.893
6.879 0.302 0.021 0.000 0.053 1.713 0.148 0.893
6.989 0.302 0.021 0.000 0.053 1.713 0.148 0.893
7.098 0.302 0.021 0.000 0.053 1.713 0.148 0.893
7.207 0.302 0.021 0.000 0.053 1.713 0.148 0.893
7.318 0.302 0.021 0.000 0.050 1.713 0.148 0.893
7.428 0.302 0.021 0.000 0.050 1.713 0.148 0.893
7.533 0.302 0.021 0.000 0.050 1.713 0.148 0.893
7.644 0.302 0.021 0.000 0.050 1.713 0.148 0.893
7.755 0.297 0.023 0.000 0.050 1.802 0.136 0.896
7.865 0.297 0.023 0.000 0.050 1.802 0.136 0.896
7.971 0.297 0.023 0.000 0.050 1.802 0.136 0.896
8.077 0.297 0.023 0.000 0.050 1.802 0.136 0.896
8.183 0.297 0.023 0.000 0.050 1.802 0.136 0.896
8.288 0.297 0.023 0.000 0.050 1.802 0.136 0.896
8.394 0.297 0.023 0.000 0.050 1.802 0.136 0.896
8.505 0.297 0.023 0.000 0.050 1.802 0.136 0.896
8.608 0.297 0.023 0.000 0.050 1.802 0.136 0.896
8.713 0.297 0.023 0.000 0.050 1.802 0.136 0.896
8.821 0.304 0.023 0.000 0.050 1.707 0.139 0.739
8.924 0.304 0.023 0.000 0.050 1.707 0.139 0.739
9.035 0.304 0.023 0.000 0.050 1.707 0.139 0.739
9.139 0.304 0.023 0.000 0.050 1.707 0.139 0.739
9.250 0.304 0.023 0.000 0.051 1.707 0.139 0.739
9.359 0.304 0.023 0.000 0.051 1.707 0.139 0.739
9.463 0.304 0.023 0.000 0.051 1.707 0.139 0.739
9.575 0.304 0.023 0.000 0.051 1.707 0.139 0.739
9.686 0.304 0.023 0.000 0.051 1.707 0.139 0.739
9.789 0.292 0.023 0.000 0.051 1.728 0.141 0.701
9.893 0.292 0.023 0.000 0.051 1.728 0.141 0.701
10.005 0.292 0.023 0.000 0.051 1.728 0.141 0.701
10.113 0.292 0.023 0.000 0.051 1.728 0.141 0.701
10.219 0.292 0.023 0.000 0.050 1.728 0.141 0.701
10.326 0.292 0.023 0.000 0.050 1.728 0.141 0.701
10.428 0.292 0.023 0.000 0.050 1.728 0.141 0.701
10.537 0.292 0.023 0.000 0.050 1.728 0.141 0.701
10.642 0.292 0.023 0.000 0.050 1.728 0.141 0.701
10.753 0.324 0.020 0.000 0.050 1.697 0.138 0.925
10.862 0.324 0.020 0.000 0.050 1.697 0.138 0.925
10.967 0.324 0.020 0.000 0.050 1.697 0.138 0.925
11.071 0.324 0.020 0.000 0.050 1.697 0.138 0.925
11.180 0.324 0.020 0.000 0.050 1.697 0.138 0.925
11.291 0.324 0.020 0.000 0.055 1.697 0.138 0.925
11.403 0.324 0.020 0.000 0.055 1.697 0.138 0.925
11.513 0.324 0.020 0.000 0.055 1.697 0.138 0.925
11.625 0.324 0.020 0.000 0.055 1.697 0.138 0.925
11.734 0.295 0.024 0.000 0.055 1.801 0.143 1.699
11.838 0.295 0.024 0.000 0.055 1.801 0.143 1.699
11.946 0.295 0.024 0.000 0.055 1.801 0.143 1.699
12.052 0.295 0.024 0.000 0.055 1.801 0.143 1.699
12.155 0.295 0.024 0.000 0.055 1.801 0.143 1.699
12.258 0.295 0.024 0.000 0.075 1.801 0.143 1.699
12.366 0.295 0.024 0.000 0.075 1.801 0.143 1.699
12.468 0.295 0.024 0.000 0.075 1.801 0.143 1.699
12.579 0.295 0.024 0.000 0.075 1.801 0.143 1.699
12.682 0.295 0.024 0.000 0.075 1.801 0.143 1.699
12.784 0.309 0.024 0.000 0.075 1.918 0.146 0.947
12.888 0.309 0.024 0.000 0.075 1.918 0.146 0.947
12.997 0.309 0.024 0.000 0.075 1.918 0.146 0.947
13.106 0.309 0.024 0.000 0.075 1.918 0.146 0.947
13.217 0.309 0.024 0.000 0.060 1.918 0.146 0.947
13.323 0.309 0.024 0.000 0.060 1.918 0.146 0.947
13.426 0.309 0.024 0.000 0.060 1.918 0.146 0.947
13.528 0.309 0.024 0.000 0.060 1.918 0.146 0.947
13.638 0.309 0.024 0.000 0.060 1.918 0.146 0.947
13.741 0.363 0.026 0.000 0.060 2.203 0.137 0.862
13.846 0.363 0.026 0.000 0.060 2.203 0.137 0.862
13.948 0.363 0.026 0.000 0.060 2.203 0.137 0.862
14.055 0.363 0.026 0.000 0.060 2.203 0.137 0.862
14.160 0.363 0.026 0.000 0.060 2.203 0.137 0.862
14.271 0.363 0.026 0.000 0.050 2.203 0.137 0.862
14.379 0.363 0.026 0.000 0.050 2.203 0.137 0.862
14.490 0.363 0.026 0.000 0.050 2.203 0.137 0.862
14.593 0.363 0.026 0.000 0.050 2.203 0.137 0.862
14.702 0.363 0.026 0.000 0.050 2.203 0.137 0.862
14.813 0.298 0.023 0.000 0.050 2.031 0.139 0.891
14.919 0.298 0.023 0.000 0.050 2.031 0.139 0.891
15.028 0.298 0.023 0.000 0.050 2.031 0.139 0.891
15.139 0.298 0.023 0.000 0.050 2.031 0.139 0.891
15.242 0.298 0.023 0.000 0.048 2.031 0.139 0.891
15.354 0.298 0.023 0.000 0.048 2.031 0.139 0.891
15.460 0.298 0.023 0.000 0.048 2.031 0.139 0.891
15.571 0.298 0.023 0.000 0.048 2.031 0.139 0.891
15.680 0.298 0.023 0.000 0.048 2.031 0.139 0.891
15.788 0.297 0.025 0.000 0.048 1.653 0.142 0.998
15.892 0.297 0.025 0.000 0.048 1.653 0.142 0.998
16.004 0.297 0.025 0.000 0.048 1.653 0.142 0.998
16.111 0.297 0.025 0.000 0.048 1.653 0.142 0.998
16.221 0.297 0.025 0.000 0.060 1.653 0.142 0.998
16.329 0.297 0.025 0.000 0.060 1.653 0.142 0.998
16.434 0.297 0.025 0.000 0.060 1.653 0.142 0.998
16.538 0.297 0.025 0.000 0.060 1.653 0.142 0.998
16.646 0.297 0.025 0.000 0.060 1.653 0.142 0.998
16.749 0.300 0.021 0.000 0.060 1.766 0.134 0.923
16.860 0.300 0.021 0.000 0.060 1.766 0.134 0.923
16.971 0.300 0.021 0.000 0.060 1.766 0.134 0.923
17.079 0.300 0.021 0.000 0.060 1.766 0.134 0.923
17.184 0.300 0.021 0.000 0.060 1.766 0.134 0.923
17.287 0.300 0.021 0.000 0.050 1.766 0.134 0.923
17.390 0.300 0.021 0.000 0.050 1.766 0.134 0.923
17.502 0.300 0.021 0.000 0.050 1.766 0.134 0.923
17.613 0.300 0.021 0.000 0.050 1.766 0.134 0.923
17.721 0.300 0.021 0.000 0.050 1.766 0.134 0.923
17.828 0.331 0.027 0.000 0.050 1.648 0.141 0.485
17.930 0.331 0.027 0.000 0.050 1.648 0.141 0.485
18.038 0.331 0.027 0.000 0.050 1.648 0.141 0.485
18.147 0.331 0.027 0.000 0.050 1.648 0.141 0.485
18.257 0.331 0.027 0.000 0.069 1.648 0.141 0.485
18.365 0.331 0.027 0.000 0.069 1.648 0.141 0.485
18.473 0.331 0.027 0.000 0.069 1.648 0.141 0.485
18.579 0.331 0.027 0.000 0.069 1.648 0.141 0.485
18.688 0.331 0.027 0.000 0.069 1.648 0.141 0.485
18.800 0.000 0.020 0.000 0.069 1.983 0.138 0.461
18.905 0.000 0.020 0.000 0.069 1.983 0.138 0.461
19.016 0.000 0.020 0.000 0.069 1.983 0.138 0.461
19.125 0.000 0.020 0.000 0.069 1.983 0.138 0.461
19.236 0.000 0.020 0.000 0.055 1.983 0.138 0.461
19.348 0.000 0.020 0.000 0.055 1.983 0.138 0.461
19.453 0.000 0.020 0.000 0.055 1.983 0.138 0.461
19.565 0.000 0.020 0.000 0.055 1.983 0.138 0.461
19.671 0.000 0.020 0.000 0.055 1.983 0.138 0.461
19.779 0.000 0.024 0.000 0.055 1.332 0.137 0.536
19.890 0.000 0.024 0.000 0.055 1.332 0.137 0.536
20.002 0.000 0.024 0.000 0.055 1.332 0.137 0.536
20.109 0.000 0.024 0.000 0.055 1.332 0.137 0.536
20.213 0.000 0.024 0.000 0.055 1.332 0.137 0.536
20.315 0.000 0.024 0.000 0.052 1.332 0.137 0.536
20.427 0.000 0.024 0.000 0.052 1.332 0.137 0.536
20.538 0.000 0.024 0.000 0.052 1.332 0.137 0.536
20.648 0.000 0.024 0.000 0.052 1.332 0.137 0.536
20.755 0.038 0.021 0.000 0.052 1.553 0.142 0.990
20.867 0.038 0.021 0.000 0.052 1.553 0.142 0.990
20.971 0.038 0.021 0.000 0.052 1.553 0.142 0.990
21.079 0.038 0.021 0.000 0.052 1.553 0.142 0.990
21.188 0.038 0.021 0.000 0.052 1.553 0.142 0.990
21.300 0.038 0.021 0.000 0.064 1.553 0.142 0.990
21.403 0.038 0.021 0.000 0.064 1.553 0.142 0.990
21.515 0.038 0.021 0.000 0.064 1.553 0.142 0.990
21.617 0.038 0.021 0.000 0.064 1.553 0.142 0.990
21.728 0.004 0.024 0.000 0.064 1.565 0.140 0.606
21.840 0.004 0.024 0.000 0.064 1.565 0.140 0.606
21.946 0.004 0.024 0.000 0.064 1.565 0.140 0.606
22.055 0.004 0.024 0.000 0.064 1.565 0.140 0.606
22.166 0.004 0.024 0.000 0.064 1.565 0.140 0.606
22.271 0.004 0.024 0.000 0.061 1.565 0.140 0.606
22.383 0.004 0.024 0.000 0.061 1.565 0.140 0.606
22.488 0.004 0.024 0.000 0.061 1.565 0.140 0.606
22.600 0.004 0.024 0.000 0.061 1.565 0.140 0.606
22.705 0.004 0.024 0.000 0.061 1.565 0.140 0.606
22.816 0.022 0.024 0.000 0.061 1.533 0.146 0.414
22.927 0.022 0.024 0.000 0.061 1.533 0.146 0.414
23.038 0.022 0.024 0.000 0.061 1.533 0.146 0.414
23.149 0.022 0.024 0.000 0.061 1.533 0.146 0.414
23.255 0.022 0.024 0.000 0.067 1.533 0.146 0.414
23.366 0.022 0.024 0.000 0.067 1.533 0.146 0.414
23.474 0.022 0.024 0.000 0.067 1.533 0.146 0.414
23.579 0.022 0.024 0.000 0.067 1.533 0.146 0.414
23.688 0.022 0.024 0.000 0.067 1.533 0.146 0.414
23.800 0.000 0.022 0.000 0.067 1.721 0.141 0.407
23.911 0.000 0.022 0.000 0.067 1.721 0.141 0.407
24.021 0.000 0.022 0.000 0.067 1.721 0.141 0.407
24.126 0.000 0.022 0.000 0.067 1.721 0.141 0.407
24.234 0.000 0.022 0.000 0.051 1.721 0.141 0.407
24.343 0.000 0.022 0.000 0.051 1.721 0.141 0.407
24.454 0.000 0.022 0.000 0.051 1.721 0.141 0.407
24.566 0.000 0.022 0.000 0.051 1.721 0.141 0.407
24.671 0.000 0.022 0.000 0.051 1.721 0.141 0.407
24.783 0.000 0.023 0.000 0.051 1.398 0.149 0.422
24.894 0.000 0.023 0.000 0.051 1.398 0.149 0.422
25.005 0.000 0.023 0.000 0.051 1.398 0.149 0.422
25.117 0.000 0.023 0.000 0.051 1.398 0.149 0.422
25.228 0.000 0.023 0.000 0.047 1.398 0.149 0.422
25.338 0.000 0.023 0.000 0.047 1.398 0.149 0.422
25.449 0.000 0.023 0.000 0.047 1.398 0.149 0.422
25.559 0.000 0.023 0.000 0.047 1.398 0.149 0.422
25.670 0.000 0.023 0.000 0.047 1.398 0.149 0.422
25.779 0.025 0.024 0.000 0.047 1.413 0.146 0.474
25.890 0.025 0.024 0.000 0.047 1.413 0.146 0.474
25.996 0.025 0.024 0.000 0.047 1.413 0.146 0.474
