0.000 0.000 0.020 0.000 0.040 1.231 0.135 0.440
0.107 0.000 0.020 0.000 0.040 1.231 0.135 0.440
0.215 0.000 0.020 0.000 0.040 1.231 0.135 0.440
0.325 0.000 0.020 0.000 0.040 1.231 0.135 0.440
0.432 0.000 0.020 0.000 0.040 1.231 0.135 0.440
0.540 0.000 0.020 0.000 0.043 1.231 0.135 0.440
0.649 0.000 0.020 0.000 0.043 1.231 0.135 0.440
0.760 0.000 0.020 0.000 0.043 1.231 0.135 0.440
0.872 0.000 0.020 0.000 0.043 1.231 0.135 0.440
0.982 0.000 0.020 0.000 0.043 1.231 0.135 0.393
1.094 0.000 0.023 0.000 0.043 1.284 0.138 0.393
1.205 0.000 0.023 0.000 0.043 1.284 0.138 0.393
1.317 0.000 0.023 0.000 0.043 1.284 0.138 0.393
1.427 0.000 0.023 0.000 0.043 1.284 0.138 0.393
1.529 0.000 0.023 0.000 0.066 1.284 0.138 0.393
1.640 0.000 0.023 0.000 0.066 1.284 0.138 0.393
1.749 0.000 0.023 0.000 0.066 1.284 0.138 0.393
1.852 0.000 0.023 0.000 0.066 1.284 0.138 0.393
1.955 0.000 0.023 0.000 0.066 1.284 0.138 0.393
2.058 1.136 0.028 0.000 0.066 1.238 0.142 4.294
2.160 1.136 0.028 0.000 0.066 1.238 0.142 4.294
2.271 1.136 0.028 0.000 0.066 1.238 0.142 4.294
2.382 1.136 0.028 0.000 0.066 1.238 0.142 4.294
2.488 1.136 0.028 0.000 0.135 1.238 0.142 4.294
2.591 1.136 0.028 0.000 0.135 1.238 0.142 4.294
2.699 1.136 0.028 0.000 0.135 1.238 0.142 4.294
2.810 1.136 0.028 0.000 0.135 1.238 0.142 4.294
2.912 1.136 0.028 0.000 0.135 1.238 0.142 4.294
3.014 6.159 0.076 0.000 0.135 2.903 0.145 8.346
3.125 6.159 0.076 0.000 0.135 2.903 0.145 8.346
3.227 6.159 0.076 0.000 0.135 2.903 0.145 8.346
3.338 6.159 0.076 0.000 0.135 2.903 0.145 8.346
3.450 6.159 0.076 0.000 0.135 2.903 0.145 8.346
3.552 6.159 0.076 0.000 0.211 2.903 0.145 8.346
3.663 6.159 0.076 0.000 0.211 2.903 0.145 8.346
3.765 6.159 0.076 0.000 0.211 2.903 0.145 8.346
3.867 6.159 0.076 0.000 0.211 2.903 0.145 8.346
3.972 6.159 0.076 0.000 0.211 2.903 0.145 8.346
4.074 6.211 0.075 0.000 0.211 9.830 0.144 7.317
4.177 6.211 0.075 0.000 0.211 9.830 0.144 7.317
4.279 6.211 0.075 0.000 0.211 9.830 0.144 7.317
4.387 6.211 0.075 0.000 0.211 9.830 0.144 7.317
4.498 6.211 0.075 0.000 0.213 9.830 0.144 7.317
4.604 6.211 0.075 0.000 0.213 9.830 0.144 7.317
4.706 6.211 0.075 0.000 0.213 9.830 0.144 7.317
4.808 6.211 0.075 0.000 0.213 9.830 0.144 7.317
4.911 6.211 0.075 0.000 0.213 9.830 0.144 7.317
5.022 6.159 0.083 0.000 0.213 9.912 0.144 7.267
5.133 6.159 0.083 0.000 0.213 9.912 0.144 7.267
5.236 6.159 0.083 0.000 0.213 9.912 0.144 7.267
5.338 6.159 0.083 0.000 0.213 9.912 0.144 7.267
5.449 6.159 0.083 0.000 0.213 9.912 0.144 7.267
5.551 6.159 0.083 0.000 0.235 9.912 0.144 7.267
5.662 6.159 0.083 0.000 0.235 9.912 0.144 7.267
5.763 6.159 0.083 0.000 0.235 9.912 0.144 7.267
5.875 6.159 0.083 0.000 0.235 9.912 0.144 7.267
5.983 6.159 0.083 0.000 0.235 10.116 0.154 7.181
6.094 6.165 0.103 0.000 0.235 10.116 0.154 7.181
6.196 6.165 0.103 0.000 0.235 10.116 0.154 7.181
6.298 6.165 0.103 0.000 0.235 10.116 0.154 7.181
6.400 6.165 0.103 0.000 0.235 10.116 0.154 7.181
6.509 6.165 0.103 0.000 0.205 10.116 0.154 7.181
6.620 6.165 0.103 0.000 0.205 10.116 0.154 7.181
6.722 6.165 0.103 0.000 0.205 10.116 0.154 7.181
6.824 6.165 0.103 0.000 0.205 10.116 0.154 7.181
6.935 6.165 0.103 0.000 0.205 10.116 0.154 7.181
7.046 6.323 0.072 0.000 0.205 9.995 0.138 7.134
7.157 6.323 0.072 0.000 0.205 9.995 0.138 7.134
7.269 6.323 0.072 0.000 0.205 9.995 0.138 7.134
7.380 6.323 0.072 0.000 0.205 9.995 0.138 7.134
7.491 6.323 0.072 0.000 0.203 9.995 0.138 7.134
7.593 6.323 0.072 0.000 0.203 9.995 0.138 7.134
7.705 6.323 0.072 0.000 0.203 9.995 0.138 7.134
7.816 6.323 0.072 0.000 0.203 9.995 0.138 7.134
7.927 6.323 0.072 0.000 0.203 9.995 0.138 7.134
8.029 6.267 0.072 0.000 0.203 9.843 0.147 7.089
8.140 6.267 0.072 0.000 0.203 9.843 0.147 7.089
8.242 6.267 0.072 0.000 0.203 9.843 0.147 7.089
8.344 6.267 0.072 0.000 0.203 9.843 0.147 7.089
8.446 6.267 0.072 0.000 0.203 9.843 0.147 7.089
8.558 6.267 0.072 0.000 0.205 9.843 0.147 7.089
8.659 6.267 0.072 0.000 0.205 9.843 0.147 7.089
8.770 6.267 0.072 0.000 0.205 9.843 0.147 7.089
8.873 6.267 0.072 0.000 0.205 9.843 0.147 7.089
8.982 6.267 0.072 0.000 0.205 9.843 0.147 7.089
9.084 6.327 0.082 0.000 0.205 9.882 0.145 9.252
9.188 6.327 0.082 0.000 0.205 9.882 0.145 9.252
9.290 6.327 0.082 0.000 0.205 9.882 0.145 9.252
9.402 6.327 0.082 0.000 0.205 9.882 0.145 9.252
9.513 6.327 0.082 0.000 0.214 9.882 0.145 9.252
9.617 6.327 0.082 0.000 0.214 9.882 0.145 9.252
9.718 6.327 0.082 0.000 0.214 9.882 0.145 9.252
9.820 6.327 0.082 0.000 0.214 9.882 0.145 9.252
9.923 6.327 0.082 0.000 0.214 9.882 0.145 9.252
10.034 6.349 0.082 0.000 0.214 10.182 0.149 7.879
10.146 6.349 0.082 0.000 0.214 10.182 0.149 7.879
10.257 6.349 0.082 0.000 0.214 10.182 0.149 7.879
10.358 6.349 0.082 0.000 0.214 10.182 0.149 7.879
10.461 6.349 0.082 0.000 0.214 10.182 0.149 7.879
10.572 6.349 0.082 0.000 0.219 10.182 0.149 7.879
10.683 6.349 0.082 0.000 0.219 10.182 0.149 7.879
10.785 6.349 0.082 0.000 0.219 10.182 0.149 7.879
10.896 6.349 0.082 0.000 0.219 10.182 0.149 7.879
11.008 6.361 0.073 0.000 0.219 10.084 0.147 7.673
11.119 6.361 0.073 0.000 0.219 10.084 0.147 7.673
11.230 6.361 0.073 0.000 0.219 10.084 0.147 7.673
11.341 6.361 0.073 0.000 0.219 10.084 0.147 7.673
11.452 6.361 0.073 0.000 0.219 10.084 0.147 7.673
11.563 6.361 0.073 0.000 0.200 10.084 0.147 7.673
11.666 6.361 0.073 0.000 0.200 10.084 0.147 7.673
11.768 6.361 0.073 0.000 0.200 10.084 0.147 7.673
11.870 6.361 0.073 0.000 0.200 10.084 0.147 7.673
11.982 6.361 0.073 0.000 0.200 10.084 0.147 7.673
12.093 6.241 0.070 0.000 0.200 9.893 0.146 7.535
12.204 6.241 0.070 0.000 0.200 9.893 0.146 7.535
12.315 6.241 0.070 0.000 0.200 9.893 0.146 7.535
12.426 6.241 0.070 0.000 0.200 9.893 0.146 7.535
12.528 6.241 0.070 0.000 0.199 9.893 0.146 7.535
12.639 6.241 0.070 0.000 0.199 9.893 0.146 7.535
12.744 6.241 0.070 0.000 0.199 9.893 0.146 7.535
12.855 6.241 0.070 0.000 0.199 9.893 0.146 7.535
12.966 6.241 0.070 0.000 0.199 9.893 0.146 7.535
13.069 6.252 0.072 0.000 0.199 9.858 0.147 7.476
13.171 6.252 0.072 0.000 0.199 9.858 0.147 7.476
13.275 6.252 0.072 0.000 0.199 9.858 0.147 7.476
13.386 6.252 0.072 0.000 0.199 9.858 0.147 7.476
13.491 6.252 0.072 0.000 0.200 9.858 0.147 7.476
13.593 6.252 0.072 0.000 0.200 9.858 0.147 7.476
13.705 6.252 0.072 0.000 0.200 9.858 0.147 7.476
13.816 6.252 0.072 0.000 0.200 9.858 0.147 7.476
13.918 6.252 0.072 0.000 0.200 9.858 0.147 7.476
14.022 6.351 0.071 0.000 0.200 9.856 0.138 7.724
14.133 6.351 0.071 0.000 0.200 9.856 0.138 7.724
14.245 6.351 0.071 0.000 0.200 9.856 0.138 7.724
14.354 6.351 0.071 0.000 0.200 9.856 0.138 7.724
14.456 6.351 0.071 0.000 0.200 9.856 0.138 7.724
14.558 6.351 0.071 0.000 0.202 9.856 0.138 7.724
14.660 6.351 0.071 0.000 0.202 9.856 0.138 7.724
14.772 6.351 0.071 0.000 0.202 9.856 0.138 7.724
14.883 6.351 0.071 0.000 0.202 9.856 0.138 7.724
14.994 5.176 0.069 0.000 0.202 9.899 0.140 0.462
15.099 5.176 0.069 0.000 0.202 9.899 0.140 0.462
15.210 5.176 0.069 0.000 0.202 9.899 0.140 0.462
15.322 5.176 0.069 0.000 0.202 9.899 0.140 0.462
15.432 5.176 0.069 0.000 0.202 9.899 0.140 0.462
15.543 5.176 0.069 0.000 0.101 9.899 0.140 0.462
15.653 5.176 0.069 0.000 0.101 9.899 0.140 0.462
15.765 5.176 0.069 0.000 0.101 9.899 0.140 0.462
15.873 5.176 0.069 0.000 0.101 9.899 0.140 0.462
15.978 5.176 0.069 0.000 0.101 9.899 0.140 0.462
16.090 0.000 0.020 0.000 0.101 8.562 0.134 1.019
16.199 0.000 0.020 0.000 0.101 8.562 0.134 1.019
16.307 0.000 0.020 0.000 0.101 8.562 0.134 1.019
16.417 0.000 0.020 0.000 0.101 8.562 0.134 1.019
16.529 0.000 0.020 0.000 0.054 8.562 0.134 1.019
16.632 0.000 0.020 0.000 0.054 8.562 0.134 1.019
16.736 0.000 0.020 0.000 0.054 8.562 0.134 1.019
16.844 0.000 0.020 0.000 0.054 8.562 0.134 1.019
16.955 0.000 0.020 0.000 0.054 8.562 0.134 1.019
17.058 0.000 0.021 0.000 0.054 1.223 0.138 0.417
17.169 0.000 0.021 0.000 0.054 1.223 0.138 0.417
17.281 0.000 0.021 0.000 0.054 1.223 0.138 0.417
17.393 0.000 0.021 0.000 0.054 1.223 0.138 0.417
17.505 0.000 0.021 0.000 0.052 1.223 0.138 0.417
17.616 0.000 0.021 0.000 0.052 1.223 0.138 0.417
17.725 0.000 0.021 0.000 0.052 1.223 0.138 0.417
17.832 0.000 0.021 0.000 0.052 1.223 0.138 0.417
17.944 0.000 0.021 0.000 0.052 1.223 0.138 0.417
18.053 0.000 0.023 0.000 0.052 1.426 0.138 0.465
18.165 0.000 0.023 0.000 0.052 1.426 0.138 0.465
18.276 0.000 0.023 0.000 0.052 1.426 0.138 0.465
18.382 0.000 0.023 0.000 0.052 1.426 0.138 0.465
18.492 0.000 0.023 0.000 0.046 1.426 0.138 0.465
18.599 0.000 0.023 0.000 0.046 1.426 0.138 0.465
18.710 0.000 0.023 0.000 0.046 1.426 0.138 0.465
18.816 0.000 0.023 0.000 0.046 1.426 0.138 0.465
18.918 0.000 0.023 0.000 0.046 1.426 0.138 0.465
19.029 0.000 0.021 0.000 0.046 1.459 0.137 0.615
19.140 0.000 0.021 0.000 0.046 1.459 0.137 0.615
19.245 0.000 0.021 0.000 0.046 1.459 0.137 0.615
19.349 0.000 0.021 0.000 0.046 1.459 0.137 0.615
19.456 0.000 0.021 0.000 0.046 1.459 0.137 0.615
19.566 0.000 0.021 0.000 0.045 1.459 0.137 0.615
19.677 0.000 0.021 0.000 0.045 1.459 0.137 0.615
19.785 0.000 0.021 0.000 0.045 1.459 0.137 0.615
19.896 0.000 0.021 0.000 0.045 1.459 0.137 0.615
20.006 0.000 0.023 0.000 0.045 1.368 0.135 0.571
20.118 0.000 0.023 0.000 0.045 1.368 0.135 0.571
20.222 0.000 0.023 0.000 0.045 1.368 0.135 0.571
20.324 0.000 0.023 0.000 0.045 1.368 0.135 0.571
20.434 0.000 0.023 0.000 0.045 1.368 0.135 0.571
20.543 0.000 0.023 0.000 0.040 1.368 0.135 0.571
20.653 0.000 0.023 0.000 0.040 1.368 0.135 0.571
20.765 0.000 0.023 0.000 0.040 1.368 0.135 0.571
20.877 0.000 0.023 0.000 0.040 1.368 0.135 0.571
20.983 0.000 0.023 0.000 0.040 1.306 0.140 0.601
21.085 0.000 0.022 0.000 0.040 1.306 0.140 0.601
21.197 0.000 0.022 0.000 0.040 1.306 0.140 0.601
21.307 0.000 0.022 0.000 0.040 1.306 0.140 0.601
21.416 0.000 0.022 0.000 0.040 1.306 0.140 0.601
21.528 0.000 0.022 0.000 0.040 1.306 0.140 0.601
21.636 0.000 0.022 0.000 0.040 1.306 0.140 0.601
21.745 0.000 0.022 0.000 0.040 1.306 0.140 0.601
21.857 0.000 0.022 0.000 0.040 1.306 0.140 0.601
21.966 0.000 0.022 0.000 0.040 1.306 0.140 0.601
22.073 0.000 0.024 0.000 0.040 1.342 0.136 0.535
22.176 0.000 0.024 0.000 0.040 1.342 0.136 0.535
22.282 0.000 0.024 0.000 0.040 1.342 0.136 0.535
22.394 0.000 0.024 0.000 0.040 1.342 0.136 0.535
22.499 0.000 0.024 0.000 0.042 1.342 0.136 0.535
22.610 0.000 0.024 0.000 0.042 1.342 0.136 0.535
22.716 0.000 0.024 0.000 0.042 1.342 0.136 0.535
22.827 0.000 0.024 0.000 0.042 1.342 0.136 0.535
22.932 0.000 0.024 0.000 0.042 1.342 0.136 0.535
23.037 0.000 0.021 0.000 0.042 1.301 0.137 0.440
23.148 0.000 0.021 0.000 0.042 1.301 0.137 0.440
23.254 0.000 0.021 0.000 0.042 1.301 0.137 0.440
23.366 0.000 0.021 0.000 0.042 1.301 0.137 0.440
23.477 0.000 0.021 0.000 0.039 1.301 0.137 0.440
23.588 0.000 0.021 0.000 0.039 1.301 0.137 0.440
23.699 0.000 0.021 0.000 0.039 1.301 0.137 0.440
23.807 0.000 0.021 0.000 0.039 1.301 0.137 0.440
23.916 0.000 0.021 0.000 0.039 1.301 0.137 0.440
24.021 0.000 0.021 0.000 0.039 1.236 0.133 0.492
24.133 0.000 0.021 0.000 0.039 1.236 0.133 0.492
24.245 0.000 0.021 0.000 0.039 1.236 0.133 0.492
24.353 0.000 0.021 0.000 0.039 1.236 0.133 0.492
24.465 0.000 0.021 0.000 0.039 1.236 0.133 0.492
24.576 0.000 0.021 0.000 0.044 1.236 0.133 0.492
24.682 0.000 0.021 0.000 0.044 1.236 0.133 0.492
24.790 0.000 0.021 0.000 0.044 1.236 0.133 0.492
24.898 0.000 0.021 0.000 0.044 1.236 0.133 0.492
25.010 0.030 0.021 0.000 0.044 1.237 0.133 0.438
25.116 0.030 0.021 0.000 0.044 1.237 0.133 0.438
25.225 0.030 0.021 0.000 0.044 1.237 0.133 0.438
25.337 0.030 0.021 0.000 0.044 1.237 0.133 0.438
25.440 0.030 0.021 0.000 0.044 1.237 0.133 0.438
25.549 0.030 0.021 0.000 0.043 1.237 0.133 0.438
25.661 0.030 0.021 0.000 0.043 1.237 0.133 0.438
25.772 0.030 0.021 0.000 0.043 1.237 0.133 0.438
25.882 0.030 0.021 0.000 0.043 1.237 0.133 0.438
25.991 0.000 0.020 0.000 0.043 1.389 0.139 0.427
