0.000 0.071 0.022 0.000 0.045 1.188 0.139 0.795
0.107 0.071 0.022 0.000 0.045 1.188 0.139 0.795
0.214 0.000 0.022 0.000 0.045 1.409 0.137 0.852
0.326 0.000 0.022 0.000 0.045 1.409 0.137 0.852
0.437 0.000 0.022 0.000 0.045 1.409 0.137 0.852
0.549 0.000 0.022 0.000 0.045 1.409 0.137 0.852
0.660 0.000 0.022 0.000 0.045 1.409 0.137 0.852
0.769 0.000 0.022 0.000 0.038 1.409 0.137 0.852
0.879 0.000 0.022 0.000 0.038 1.409 0.137 0.852
0.991 0.000 0.022 0.000 0.038 1.409 0.137 0.852
1.102 0.000 0.022 0.000 0.038 1.409 0.137 0.852
1.213 0.000 0.022 0.000 0.038 1.166 0.142 2.880
1.325 0.552 0.026 0.000 0.038 1.166 0.142 2.880
1.430 0.552 0.026 0.000 0.038 1.166 0.142 2.880
1.534 0.552 0.026 0.000 0.038 1.166 0.142 2.880
1.646 0.552 0.026 0.000 0.038 1.166 0.142 2.880
1.747 0.552 0.026 0.000 0.067 1.166 0.142 2.880
1.858 0.552 0.026 0.000 0.067 1.166 0.142 2.880
1.961 0.552 0.026 0.000 0.067 1.166 0.142 2.880
2.063 0.552 0.026 0.000 0.067 1.166 0.142 2.880
2.172 0.552 0.026 0.000 0.067 1.166 0.142 2.880
2.283 3.237 0.049 0.000 0.067 2.064 0.147 12.673
2.394 3.237 0.049 0.000 0.067 2.064 0.147 12.673
2.505 3.237 0.049 0.000 0.067 2.064 0.147 12.673
2.617 3.237 0.049 0.000 0.067 2.064 0.147 12.673
2.728 3.237 0.049 0.000 0.175 2.064 0.147 12.673
2.839 3.237 0.049 0.000 0.175 2.064 0.147 12.673
2.950 3.237 0.049 0.000 0.175 2.064 0.147 12.673
3.061 3.237 0.049 0.000 0.175 2.064 0.147 12.673
3.173 3.237 0.049 0.000 0.175 2.064 0.147 12.673
3.284 10.813 0.144 0.000 0.175 5.868 0.153 11.993
3.395 10.813 0.144 0.000 0.175 5.868 0.153 11.993
3.506 10.813 0.144 0.000 0.175 5.868 0.153 11.993
3.609 10.813 0.144 0.000 0.175 5.868 0.153 11.993
3.711 10.813 0.144 0.000 0.214 5.868 0.153 11.993
3.822 10.813 0.144 0.000 0.214 5.868 0.153 11.993
3.933 10.813 0.144 0.000 0.214 5.868 0.153 11.993
4.045 10.813 0.144 0.000 0.214 5.868 0.153 11.993
4.156 10.813 0.144 0.000 0.214 5.868 0.153 11.993
4.257 11.010 0.150 0.000 0.214 16.430 0.149 16.804
4.368 11.010 0.150 0.000 0.214 16.430 0.149 16.804
4.479 11.010 0.150 0.000 0.214 16.430 0.149 16.804
4.590 11.010 0.150 0.000 0.214 16.430 0.149 16.804
4.702 11.010 0.150 0.000 0.214 16.430 0.149 16.804
4.813 11.010 0.150 0.000 0.220 16.430 0.149 16.804
4.924 11.010 0.150 0.000 0.220 16.430 0.149 16.804
5.035 11.010 0.150 0.000 0.220 16.430 0.149 16.804
5.147 11.010 0.150 0.000 0.220 16.430 0.149 16.804
5.256 10.991 0.162 0.000 0.220 16.728 0.150 12.398
5.367 10.991 0.162 0.000 0.220 16.728 0.150 12.398
5.468 10.991 0.162 0.000 0.220 16.728 0.150 12.398
5.579 10.991 0.162 0.000 0.220 16.728 0.150 12.398
5.690 10.991 0.162 0.000 0.220 16.728 0.150 12.398
5.801 10.991 0.162 0.000 0.215 16.728 0.150 12.398
5.913 10.991 0.162 0.000 0.215 16.728 0.150 12.398
6.015 10.991 0.162 0.000 0.215 16.728 0.150 12.398
6.117 10.991 0.162 0.000 0.215 16.728 0.150 12.398
6.228 11.031 0.149 0.000 0.215 16.675 0.149 12.898
6.331 11.031 0.149 0.000 0.215 16.675 0.149 12.898
6.438 11.031 0.149 0.000 0.215 16.675 0.149 12.898
6.549 11.031 0.149 0.000 0.215 16.675 0.149 12.898
6.660 11.031 0.149 0.000 0.215 16.675 0.149 12.898
6.772 11.031 0.149 0.000 0.220 16.675 0.149 12.898
6.883 11.031 0.149 0.000 0.220 16.675 0.149 12.898
6.994 11.031 0.149 0.000 0.220 16.675 0.149 12.898
7.105 11.031 0.149 0.000 0.220 16.675 0.149 12.898
7.209 11.031 0.149 0.000 0.220 16.675 0.149 12.898
7.317 11.164 0.148 0.000 0.220 16.709 0.151 12.654
7.428 11.164 0.148 0.000 0.220 16.709 0.151 12.654
7.539 11.164 0.148 0.000 0.220 16.709 0.151 12.654
7.650 11.164 0.148 0.000 0.220 16.709 0.151 12.654
7.761 11.164 0.148 0.000 0.216 16.709 0.151 12.654
7.872 11.164 0.148 0.000 0.216 16.709 0.151 12.654
7.984 11.164 0.148 0.000 0.216 16.709 0.151 12.654
8.095 11.164 0.148 0.000 0.216 16.709 0.151 12.654
8.206 11.164 0.148 0.000 0.216 16.709 0.151 12.654
8.308 11.059 0.146 0.000 0.216 16.645 0.151 12.332
8.415 11.059 0.146 0.000 0.216 16.645 0.151 12.332
8.519 11.059 0.146 0.000 0.216 16.645 0.151 12.332
8.630 11.059 0.146 0.000 0.216 16.645 0.151 12.332
8.741 11.059 0.146 0.000 0.216 16.645 0.151 12.332
8.852 11.059 0.146 0.000 0.216 16.645 0.151 12.332
8.954 11.059 0.146 0.000 0.216 16.645 0.151 12.332
9.066 11.059 0.146 0.000 0.216 16.645 0.151 12.332
9.177 11.059 0.146 0.000 0.216 16.645 0.151 12.332
9.288 11.282 0.143 0.000 0.216 16.646 0.142 12.295
9.399 11.282 0.143 0.000 0.216 16.646 0.142 12.295
9.501 11.282 0.143 0.000 0.216 16.646 0.142 12.295
9.612 11.282 0.143 0.000 0.216 16.646 0.142 12.295
9.723 11.282 0.143 0.000 0.213 16.646 0.142 12.295
9.835 11.282 0.143 0.000 0.213 16.646 0.142 12.295
9.946 11.282 0.143 0.000 0.213 16.646 0.142 12.295
10.047 11.282 0.143 0.000 0.213 16.646 0.142 12.295
10.158 11.282 0.143 0.000 0.213 16.646 0.142 12.295
10.270 10.823 0.156 0.000 0.213 16.638 0.148 12.797
10.371 10.823 0.156 0.000 0.213 16.638 0.148 12.797
10.473 10.823 0.156 0.000 0.213 16.638 0.148 12.797
10.575 10.823 0.156 0.000 0.213 16.638 0.148 12.797
10.687 10.823 0.156 0.000 0.213 16.638 0.148 12.797
10.788 10.823 0.156 0.000 0.217 16.638 0.148 12.797
10.899 10.823 0.156 0.000 0.217 16.638 0.148 12.797
11.011 10.823 0.156 0.000 0.217 16.638 0.148 12.797
11.122 10.823 0.156 0.000 0.217 16.638 0.148 12.797
11.233 10.583 0.169 0.000 0.217 16.682 0.147 12.501
11.335 10.583 0.169 0.000 0.217 16.682 0.147 12.501
11.437 10.583 0.169 0.000 0.217 16.682 0.147 12.501
11.539 10.583 0.169 0.000 0.217 16.682 0.147 12.501
11.650 10.583 0.169 0.000 0.217 16.682 0.147 12.501
11.761 10.583 0.169 0.000 0.221 16.682 0.147 12.501
11.873 10.583 0.169 0.000 0.221 16.682 0.147 12.501
11.984 10.583 0.169 0.000 0.221 16.682 0.147 12.501
12.095 10.583 0.169 0.000 0.221 16.682 0.147 12.501
12.197 10.583 0.169 0.000 0.221 16.682 0.147 12.501
12.308 10.831 0.162 0.000 0.221 16.683 0.152 12.456
12.419 10.831 0.162 0.000 0.221 16.683 0.152 12.456
12.530 10.831 0.162 0.000 0.221 16.683 0.152 12.456
12.633 10.831 0.162 0.000 0.221 16.683 0.152 12.456
12.735 10.831 0.162 0.000 0.218 16.683 0.152 12.456
12.846 10.831 0.162 0.000 0.218 16.683 0.152 12.456
12.947 10.831 0.162 0.000 0.218 16.683 0.152 12.456
13.051 10.831 0.162 0.000 0.218 16.683 0.152 12.456
13.162 10.831 0.162 0.000 0.218 16.683 0.152 12.456
13.273 10.910 0.161 0.000 0.218 16.883 0.151 12.859
13.385 10.910 0.161 0.000 0.218 16.883 0.151 12.859
13.488 10.910 0.161 0.000 0.218 16.883 0.151 12.859
13.590 10.910 0.161 0.000 0.218 16.883 0.151 12.859
13.701 10.910 0.161 0.000 0.218 16.883 0.151 12.859
13.812 10.910 0.161 0.000 0.221 16.883 0.151 12.859
13.923 10.910 0.161 0.000 0.221 16.883 0.151 12.859
14.026 10.910 0.161 0.000 0.221 16.883 0.151 12.859
14.137 10.910 0.161 0.000 0.221 16.883 0.151 12.859
14.239 11.301 0.166 0.000 0.221 16.728 0.150 12.629
14.342 11.301 0.166 0.000 0.221 16.728 0.150 12.629
14.453 11.301 0.166 0.000 0.221 16.728 0.150 12.629
14.564 11.301 0.166 0.000 0.221 16.728 0.150 12.629
14.676 11.301 0.166 0.000 0.221 16.728 0.150 12.629
14.787 11.301 0.166 0.000 0.221 16.728 0.150 12.629
14.898 11.301 0.166 0.000 0.221 16.728 0.150 12.629
15.010 11.301 0.166 0.000 0.221 16.728 0.150 12.629
15.116 11.301 0.166 0.000 0.221 16.728 0.150 12.629
15.228 6.519 0.113 0.000 0.221 16.767 0.143 0.848
15.331 6.519 0.113 0.000 0.221 16.767 0.143 0.848
15.437 6.519 0.113 0.000 0.221 16.767 0.143 0.848
15.546 6.519 0.113 0.000 0.221 16.767 0.143 0.848
15.657 6.519 0.113 0.000 0.221 16.767 0.143 0.848
15.766 6.519 0.113 0.000 0.060 16.767 0.143 0.848
15.870 6.519 0.113 0.000 0.060 16.767 0.143 0.848
15.979 6.519 0.113 0.000 0.060 16.767 0.143 0.848
16.087 6.519 0.113 0.000 0.060 16.767 0.143 0.848
16.196 6.519 0.113 0.000 0.060 16.767 0.143 0.848
16.306 0.000 0.022 0.000 0.060 10.442 0.137 1.268
16.418 0.000 0.022 0.000 0.060 10.442 0.137 1.268
16.529 0.000 0.022 0.000 0.060 10.442 0.137 1.268
16.641 0.000 0.022 0.000 0.060 10.442 0.137 1.268
16.746 0.000 0.022 0.000 0.060 10.442 0.137 1.268
16.852 0.000 0.022 0.000 0.060 10.442 0.137 1.268
16.962 0.000 0.022 0.000 0.060 10.442 0.137 1.268
17.074 0.000 0.022 0.000 0.060 10.442 0.137 1.268
17.179 0.000 0.022 0.000 0.060 10.442 0.137 1.268
17.291 0.000 0.024 0.000 0.060 1.258 0.139 0.559
17.396 0.000 0.024 0.000 0.060 1.258 0.139 0.559
17.507 0.000 0.024 0.000 0.060 1.258 0.139 0.559
17.612 0.000 0.024 0.000 0.060 1.258 0.139 0.559
17.724 0.000 0.024 0.000 0.040 1.258 0.139 0.559
17.835 0.000 0.024 0.000 0.040 1.258 0.139 0.559
17.943 0.000 0.024 0.000 0.040 1.258 0.139 0.559
18.055 0.000 0.024 0.000 0.040 1.258 0.139 0.559
18.157 0.000 0.024 0.000 0.040 1.258 0.139 0.559
18.260 0.000 0.024 0.000 0.040 1.446 0.138 0.413
18.371 0.000 0.024 0.000 0.040 1.446 0.138 0.413
18.479 0.000 0.024 0.000 0.040 1.446 0.138 0.413
18.591 0.000 0.024 0.000 0.040 1.446 0.138 0.413
18.699 0.000 0.024 0.000 0.040 1.446 0.138 0.413
18.808 0.000 0.024 0.000 0.040 1.446 0.138 0.413
18.912 0.000 0.024 0.000 0.040 1.446 0.138 0.413
19.019 0.000 0.024 0.000 0.040 1.446 0.138 0.413
19.121 0.000 0.024 0.000 0.040 1.446 0.138 0.413
19.229 0.081 0.022 0.000 0.040 1.215 0.133 0.704
19.337 0.081 0.022 0.000 0.040 1.215 0.133 0.704
19.443 0.081 0.022 0.000 0.040 1.215 0.133 0.704
19.550 0.081 0.022 0.000 0.040 1.215 0.133 0.704
19.659 0.081 0.022 0.000 0.040 1.215 0.133 0.704
19.771 0.081 0.022 0.000 0.048 1.215 0.133 0.704
19.877 0.081 0.022 0.000 0.048 1.215 0.133 0.704
19.979 0.081 0.022 0.000 0.048 1.215 0.133 0.704
20.089 0.081 0.022 0.000 0.048 1.215 0.133 0.704
20.195 0.081 0.022 0.000 0.048 1.215 0.133 0.704
20.298 0.000 0.022 0.000 0.048 1.428 0.136 0.424
20.404 0.000 0.022 0.000 0.048 1.428 0.136 0.424
20.512 0.000 0.022 0.000 0.048 1.428 0.136 0.424
20.622 0.000 0.022 0.000 0.048 1.428 0.136 0.424
20.729 0.000 0.022 0.000 0.040 1.428 0.136 0.424
20.837 0.000 0.022 0.000 0.040 1.428 0.136 0.424
20.949 0.000 0.022 0.000 0.040 1.428 0.136 0.424
21.060 0.000 0.022 0.000 0.040 1.428 0.136 0.424
21.170 0.000 0.022 0.000 0.040 1.428 0.136 0.424
21.279 0.000 0.020 0.000 0.040 1.255 0.137 0.901
21.381 0.000 0.020 0.000 0.040 1.255 0.137 0.901
21.493 0.000 0.020 0.000 0.040 1.255 0.137 0.901
21.604 0.000 0.020 0.000 0.040 1.255 0.137 0.901
21.712 0.000 0.020 0.000 0.039 1.255 0.137 0.901
21.825 0.000 0.020 0.000 0.039 1.255 0.137 0.901
21.934 0.000 0.020 0.000 0.039 1.255 0.137 0.901
22.045 0.000 0.020 0.000 0.039 1.255 0.137 0.901
22.157 0.000 0.020 0.000 0.039 1.255 0.137 0.901
22.268 0.000 0.022 0.000 0.039 1.199 0.134 0.531
22.379 0.000 0.022 0.000 0.039 1.199 0.134 0.531
22.490 0.000 0.022 0.000 0.039 1.199 0.134 0.531
22.600 0.000 0.022 0.000 0.039 1.199 0.134 0.531
22.704 0.000 0.022 0.000 0.039 1.199 0.134 0.531
22.812 0.000 0.022 0.000 0.039 1.199 0.134 0.531
22.924 0.000 0.022 0.000 0.039 1.199 0.134 0.531
23.036 0.000 0.022 0.000 0.039 1.199 0.134 0.531
23.146 0.000 0.022 0.000 0.039 1.199 0.134 0.531
23.257 0.000 0.022 0.000 0.039 1.201 0.135 0.526
23.369 0.000 0.022 0.000 0.039 1.201 0.135 0.526
23.475 0.000 0.022 0.000 0.039 1.201 0.135 0.526
23.579 0.000 0.022 0.000 0.039 1.201 0.135 0.526
23.690 0.000 0.022 0.000 0.039 1.201 0.135 0.526
23.794 0.000 0.022 0.000 0.040 1.201 0.135 0.526
23.906 0.000 0.022 0.000 0.040 1.201 0.135 0.526
24.012 0.000 0.022 0.000 0.040 1.201 0.135 0.526
24.122 0.000 0.022 0.000 0.040 1.201 0.135 0.526
24.229 0.000 0.021 0.000 0.040 1.222 0.134 0.502
24.341 0.000 0.021 0.000 0.040 1.222 0.134 0.502
24.450 0.000 0.021 0.000 0.040 1.222 0.134 0.502
24.562 0.000 0.021 0.000 0.040 1.222 0.134 0.502
24.673 0.000 0.021 0.000 0.040 1.222 0.134 0.502
24.779 0.000 0.021 0.000 0.055 1.222 0.134 0.502
24.890 0.000 0.021 0.000 0.055 1.222 0.134 0.502
24.996 0.000 0.021 0.000 0.055 1.222 0.134 0.502
25.098 0.000 0.021 0.000 0.055 1.222 0.134 0.502
25.202 0.000 0.021 0.000 0.055 1.222 0.134 0.502
25.312 0.031 0.021 0.000 0.055 1.217 0.138 0.983
25.424 0.031 0.021 0.000 0.055 1.217 0.138 0.983
25.534 0.031 0.021 0.000 0.055 1.217 0.138 0.983
25.646 0.031 0.021 0.000 0.055 1.217 0.138 0.983
25.757 0.031 0.021 0.000 0.038 1.217 0.138 0.983
25.867 0.031 0.021 0.000 0.038 1.217 0.138 0.983
25.979 0.031 0.021 0.000 0.038 1.217 0.138 0.983
