0.000 0.040 0.020 0.000 0.043 1.319 0.139 0.481
0.107 0.040 0.020 0.000 0.043 1.319 0.139 0.481
0.213 0.040 0.020 0.000 0.040 1.319 0.139 0.481
0.323 0.040 0.020 0.000 0.040 1.319 0.139 0.481
0.435 0.040 0.020 0.000 0.040 1.319 0.139 0.481
0.546 0.040 0.020 0.000 0.040 1.319 0.139 0.481
0.658 0.000 0.022 0.000 0.040 1.361 0.140 0.535
0.768 0.000 0.022 0.000 0.040 1.361 0.140 0.535
0.879 0.000 0.022 0.000 0.040 1.361 0.140 0.535
0.988 0.000 0.022 0.000 0.040 1.361 0.140 0.535
1.098 0.000 0.022 0.000 0.040 1.361 0.140 0.535
1.210 0.000 0.022 0.000 0.056 1.361 0.140 0.535
1.321 0.000 0.022 0.000 0.056 1.361 0.140 0.535
1.433 0.000 0.022 0.000 0.056 1.361 0.140 0.535
1.544 0.000 0.022 0.000 0.056 1.361 0.140 0.535
1.656 0.566 0.023 0.000 0.056 1.304 0.139 0.488
1.768 0.566 0.023 0.000 0.056 1.304 0.139 0.488
1.878 0.566 0.023 0.000 0.056 1.304 0.139 0.488
1.980 0.566 0.023 0.000 0.056 1.304 0.139 0.488
2.083 0.566 0.023 0.000 0.056 1.304 0.139 0.488
2.189 0.566 0.023 0.000 0.078 1.304 0.139 0.488
2.291 0.566 0.023 0.000 0.078 1.304 0.139 0.488
2.393 0.566 0.023 0.000 0.078 1.304 0.139 0.488
2.496 0.566 0.023 0.000 0.078 1.304 0.139 0.488
2.598 0.566 0.023 0.000 0.078 1.304 0.139 0.488
2.709 4.431 0.058 0.000 0.078 2.146 0.144 7.500
2.820 4.431 0.058 0.000 0.078 2.146 0.144 7.500
2.932 4.431 0.058 0.000 0.078 2.146 0.144 7.500
3.036 4.431 0.058 0.000 0.078 2.146 0.144 7.500
3.147 4.431 0.058 0.000 0.157 2.146 0.144 7.500
3.259 4.431 0.058 0.000 0.157 2.146 0.144 7.500
3.363 4.431 0.058 0.000 0.157 2.146 0.144 7.500
3.468 4.431 0.058 0.000 0.157 2.146 0.144 7.500
3.571 4.431 0.058 0.000 0.157 2.146 0.144 7.500
3.677 1.449 0.032 0.000 0.157 7.411 0.142 1.225
3.789 1.449 0.032 0.000 0.157 7.411 0.142 1.225
3.898 1.449 0.032 0.000 0.157 7.411 0.142 1.225
4.003 1.449 0.032 0.000 0.157 7.411 0.142 1.225
4.113 1.449 0.032 0.000 0.157 7.411 0.142 1.225
4.222 1.449 0.032 0.137 0.053 7.411 0.142 1.225
4.329 1.449 0.032 0.137 0.053 7.411 0.142 1.225
4.436 1.449 0.032 0.137 0.053 7.411 0.142 1.225
4.547 1.449 0.032 0.137 0.053 7.411 0.142 1.225
4.655 0.596 0.026 0.137 0.053 3.398 0.137 1.112
4.759 0.596 0.026 0.137 0.053 3.398 0.137 1.112
4.863 0.596 0.026 0.137 0.053 3.398 0.137 1.112
4.973 0.596 0.026 0.137 0.053 3.398 0.137 1.112
5.084 0.596 0.026 0.137 0.053 3.398 0.137 1.112
5.192 0.596 0.026 0.000 0.054 3.398 0.137 1.112
5.300 0.596 0.026 0.000 0.054 3.398 0.137 1.112
5.402 0.596 0.026 0.000 0.054 3.398 0.137 1.112
5.513 0.596 0.026 0.000 0.054 3.398 0.137 1.112
5.623 0.596 0.026 0.000 0.054 3.398 0.137 1.112
5.726 0.575 0.024 0.000 0.054 2.136 0.138 1.685
5.833 0.575 0.024 0.000 0.054 2.136 0.138 1.685
5.943 0.575 0.024 0.000 0.054 2.136 0.138 1.685
6.051 0.575 0.024 0.000 0.054 2.136 0.138 1.685
6.156 0.575 0.024 0.000 0.058 2.136 0.138 1.685
6.264 0.575 0.024 0.000 0.058 2.136 0.138 1.685
6.366 0.575 0.024 0.000 0.058 2.136 0.138 1.685
6.469 0.575 0.024 0.000 0.058 2.136 0.138 1.685
6.577 0.575 0.024 0.000 0.058 2.136 0.138 1.685
6.687 0.577 0.024 0.000 0.058 2.210 0.133 1.515
6.790 0.577 0.024 0.000 0.058 2.210 0.133 1.515
6.898 0.577 0.024 0.000 0.058 2.210 0.133 1.515
7.008 0.577 0.024 0.000 0.058 2.210 0.133 1.515
7.112 0.577 0.024 0.000 0.058 2.210 0.133 1.515
7.221 0.577 0.024 0.000 0.059 2.210 0.133 1.515
7.328 0.577 0.024 0.000 0.059 2.210 0.133 1.515
7.434 0.577 0.024 0.000 0.059 2.210 0.133 1.515
7.546 0.577 0.024 0.000 0.059 2.210 0.133 1.515
7.647 0.600 0.023 0.000 0.059 2.128 0.143 1.158
7.750 0.600 0.023 0.000 0.059 2.128 0.143 1.158
7.852 0.600 0.023 0.000 0.059 2.128 0.143 1.158
7.960 0.600 0.023 0.000 0.059 2.128 0.143 1.158
8.070 0.600 0.023 0.000 0.059 2.128 0.143 1.158
8.172 0.600 0.023 0.000 0.068 2.128 0.143 1.158
8.278 0.600 0.023 0.000 0.068 2.128 0.143 1.158
8.381 0.600 0.023 0.000 0.068 2.128 0.143 1.158
8.492 0.600 0.023 0.000 0.068 2.128 0.143 1.158
8.602 0.600 0.023 0.000 0.068 2.128 0.143 1.158
8.713 0.569 0.025 0.000 0.068 2.196 0.142 1.512
8.816 0.569 0.025 0.000 0.068 2.196 0.142 1.512
8.925 0.569 0.025 0.000 0.068 2.196 0.142 1.512
9.032 0.569 0.025 0.000 0.068 2.196 0.142 1.512
9.136 0.569 0.025 0.000 0.059 2.196 0.142 1.512
9.247 0.569 0.025 0.000 0.059 2.196 0.142 1.512
9.358 0.569 0.025 0.000 0.059 2.196 0.142 1.512
9.465 0.569 0.025 0.000 0.059 2.196 0.142 1.512
9.569 0.569 0.025 0.000 0.059 2.196 0.142 1.512
9.681 0.638 0.025 0.000 0.059 2.229 0.133 1.274
9.787 0.638 0.025 0.000 0.059 2.229 0.133 1.274
9.894 0.638 0.025 0.000 0.059 2.229 0.133 1.274
9.997 0.638 0.025 0.000 0.059 2.229 0.133 1.274
10.099 0.638 0.025 0.000 0.059 2.229 0.133 1.274
10.202 0.638 0.025 0.000 0.082 2.229 0.133 1.274
10.307 0.638 0.025 0.000 0.082 2.229 0.133 1.274
10.412 0.638 0.025 0.000 0.082 2.229 0.133 1.274
10.521 0.638 0.025 0.000 0.082 2.229 0.133 1.274
10.630 0.638 0.025 0.000 0.082 2.229 0.133 1.274
10.733 0.609 0.028 0.000 0.082 2.175 0.148 2.038
10.838 0.609 0.028 0.000 0.082 2.175 0.148 2.038
10.945 0.609 0.028 0.000 0.082 2.175 0.148 2.038
11.056 0.609 0.028 0.000 0.082 2.175 0.148 2.038
11.167 0.609 0.028 0.000 0.115 2.175 0.148 2.038
11.276 0.609 0.028 0.000 0.115 2.175 0.148 2.038
11.381 0.609 0.028 0.000 0.115 2.175 0.148 2.038
11.488 0.609 0.028 0.000 0.115 2.175 0.148 2.038
11.594 0.609 0.028 0.000 0.115 2.175 0.148 2.038
11.699 0.682 0.026 0.000 0.115 3.190 0.144 1.838
11.807 0.682 0.026 0.000 0.115 3.190 0.144 1.838
11.917 0.682 0.026 0.000 0.115 3.190 0.144 1.838
12.024 0.682 0.026 0.000 0.115 3.190 0.144 1.838
12.132 0.682 0.026 0.000 0.131 3.190 0.144 1.838
12.235 0.682 0.026 0.000 0.131 3.190 0.144 1.838
12.340 0.682 0.026 0.000 0.131 3.190 0.144 1.838
12.446 0.682 0.026 0.000 0.131 3.190 0.144 1.838
12.557 0.682 0.026 0.000 0.131 3.190 0.144 1.838
12.667 0.624 0.023 0.000 0.131 3.442 0.145 1.335
12.771 0.624 0.023 0.000 0.131 3.442 0.145 1.335
12.873 0.624 0.023 0.000 0.131 3.442 0.145 1.335
12.980 0.624 0.023 0.000 0.131 3.442 0.145 1.335
13.088 0.624 0.023 0.000 0.131 3.442 0.145 1.335
13.190 0.624 0.023 0.000 0.080 3.442 0.145 1.335
13.295 0.624 0.023 0.000 0.080 3.442 0.145 1.335
13.397 0.624 0.023 0.000 0.080 3.442 0.145 1.335
13.503 0.624 0.023 0.000 0.080 3.442 0.145 1.335
13.614 0.624 0.023 0.000 0.080 3.442 0.145 1.335
13.722 0.597 0.023 0.000 0.080 2.853 0.134 1.077
13.832 0.597 0.023 0.000 0.080 2.853 0.134 1.077
13.934 0.597 0.023 0.000 0.080 2.853 0.134 1.077
14.037 0.597 0.023 0.000 0.080 2.853 0.134 1.077
14.148 0.597 0.023 0.000 0.048 2.853 0.134 1.077
14.251 0.597 0.023 0.000 0.048 2.853 0.134 1.077
14.363 0.597 0.023 0.000 0.048 2.853 0.134 1.077
14.470 0.597 0.023 0.000 0.048 2.853 0.134 1.077
14.579 0.597 0.023 0.000 0.048 2.853 0.134 1.077
14.689 0.598 0.024 0.000 0.048 2.444 0.135 1.074
14.792 0.598 0.024 0.000 0.048 2.444 0.135 1.074
14.900 0.598 0.024 0.000 0.048 2.444 0.135 1.074
15.005 0.598 0.024 0.000 0.048 2.444 0.135 1.074
15.113 0.598 0.024 0.000 0.048 2.444 0.135 1.074
15.216 0.598 0.024 0.000 0.049 2.444 0.135 1.074
15.318 0.598 0.024 0.000 0.049 2.444 0.135 1.074
15.426 0.598 0.024 0.000 0.049 2.444 0.135 1.074
15.531 0.598 0.024 0.000 0.049 2.444 0.135 1.074
15.639 0.594 0.024 0.000 0.049 2.072 0.141 1.108
15.745 0.594 0.024 0.000 0.049 2.072 0.141 1.108
15.853 0.594 0.024 0.000 0.049 2.072 0.141 1.108
15.964 0.594 0.024 0.000 0.049 2.072 0.141 1.108
16.070 0.594 0.024 0.000 0.049 2.072 0.141 1.108
16.180 0.594 0.024 0.000 0.059 2.072 0.141 1.108
16.292 0.594 0.024 0.000 0.059 2.072 0.141 1.108
16.404 0.594 0.024 0.000 0.059 2.072 0.141 1.108
16.515 0.594 0.024 0.000 0.059 2.072 0.141 1.108
16.620 0.594 0.024 0.000 0.059 2.072 0.141 1.108
16.732 0.368 0.024 0.000 0.059 2.082 0.138 0.770
16.838 0.368 0.024 0.000 0.059 2.082 0.138 0.770
16.947 0.368 0.024 0.000 0.059 2.082 0.138 0.770
17.055 0.368 0.024 0.000 0.059 2.082 0.138 0.770
17.158 0.368 0.024 0.000 0.041 2.082 0.138 0.770
17.268 0.368 0.024 0.000 0.041 2.082 0.138 0.770
17.379 0.368 0.024 0.000 0.041 2.082 0.138 0.770
17.490 0.368 0.024 0.000 0.041 2.082 0.138 0.770
17.595 0.368 0.024 0.000 0.041 2.082 0.138 0.770
17.698 0.000 0.020 0.000 0.041 1.884 0.140 0.851
17.800 0.000 0.020 0.000 0.041 1.884 0.140 0.851
17.912 0.000 0.020 0.000 0.041 1.884 0.140 0.851
18.016 0.000 0.020 0.000 0.041 1.884 0.140 0.851
18.121 0.000 0.020 0.000 0.041 1.884 0.140 0.851
18.233 0.000 0.020 0.000 0.056 1.884 0.140 0.851
18.338 0.000 0.020 0.000 0.056 1.884 0.140 0.851
18.447 0.000 0.020 0.000 0.056 1.884 0.140 0.851
18.555 0.000 0.020 0.000 0.056 1.884 0.140 0.851
18.664 0.000 0.022 0.000 0.056 1.322 0.135 0.612
18.773 0.000 0.022 0.000 0.056 1.322 0.135 0.612
18.875 0.000 0.022 0.000 0.056 1.322 0.135 0.612
18.977 0.000 0.022 0.000 0.056 1.322 0.135 0.612
19.086 0.000 0.022 0.000 0.056 1.322 0.135 0.612
19.191 0.000 0.022 0.000 0.041 1.322 0.135 0.612
19.296 0.000 0.022 0.000 0.041 1.322 0.135 0.612
19.403 0.000 0.022 0.000 0.041 1.322 0.135 0.612
19.513 0.000 0.022 0.000 0.041 1.322 0.135 0.612
19.621 0.000 0.022 0.000 0.041 1.322 0.135 0.612
19.730 0.031 0.024 0.000 0.041 1.288 0.139 0.650
19.835 0.031 0.024 0.000 0.041 1.288 0.139 0.650
19.937 0.031 0.024 0.000 0.041 1.288 0.139 0.650
20.041 0.031 0.024 0.000 0.041 1.288 0.139 0.650
20.148 0.031 0.024 0.000 0.038 1.288 0.139 0.650
20.255 0.031 0.024 0.000 0.038 1.288 0.139 0.650
20.364 0.031 0.024 0.000 0.038 1.288 0.139 0.650
20.475 0.031 0.024 0.000 0.038 1.288 0.139 0.650
20.581 0.031 0.024 0.000 0.038 1.288 0.139 0.650
20.693 0.000 0.021 0.000 0.038 1.328 0.135 0.408
20.795 0.000 0.021 0.000 0.038 1.328 0.135 0.408
20.897 0.000 0.021 0.000 0.038 1.328 0.135 0.408
21.008 0.000 0.021 0.000 0.038 1.328 0.135 0.408
21.114 0.000 0.021 0.000 0.038 1.328 0.135 0.408
21.226 0.000 0.021 0.000 0.041 1.328 0.135 0.408
21.335 0.000 0.021 0.000 0.041 1.328 0.135 0.408
21.447 0.000 0.021 0.000 0.041 1.328 0.135 0.408
21.555 0.000 0.021 0.000 0.041 1.328 0.135 0.408
21.666 0.000 0.023 0.000 0.041 1.277 0.139 0.541
21.777 0.000 0.023 0.000 0.041 1.277 0.139 0.541
21.888 0.000 0.023 0.000 0.041 1.277 0.139 0.541
21.999 0.000 0.023 0.000 0.041 1.277 0.139 0.541
22.106 0.000 0.023 0.000 0.041 1.277 0.139 0.541
22.214 0.000 0.023 0.000 0.039 1.277 0.139 0.541
22.324 0.000 0.023 0.000 0.039 1.277 0.139 0.541
22.433 0.000 0.023 0.000 0.039 1.277 0.139 0.541
22.535 0.000 0.023 0.000 0.039 1.277 0.139 0.541
22.647 0.000 0.022 0.000 0.039 1.284 0.135 0.436
22.756 0.000 0.022 0.000 0.039 1.284 0.135 0.436
22.864 0.000 0.022 0.000 0.039 1.284 0.135 0.436
22.971 0.000 0.022 0.000 0.039 1.284 0.135 0.436
23.083 0.000 0.022 0.000 0.039 1.284 0.135 0.436
23.189 0.000 0.022 0.000 0.037 1.284 0.135 0.436
23.297 0.000 0.022 0.000 0.037 1.284 0.135 0.436
23.405 0.000 0.022 0.000 0.037 1.284 0.135 0.436
23.514 0.000 0.022 0.000 0.037 1.284 0.135 0.436
23.625 0.000 0.022 0.000 0.037 1.284 0.135 0.436
23.736 0.000 0.021 0.000 0.037 1.216 0.136 0.418
23.847 0.000 0.021 0.000 0.037 1.216 0.136 0.418
23.957 0.000 0.021 0.000 0.037 1.216 0.136 0.418
24.069 0.000 0.021 0.000 0.037 1.216 0.136 0.418
24.180 0.000 0.021 0.000 0.038 1.216 0.136 0.418
24.288 0.000 0.021 0.000 0.038 1.216 0.136 0.418
24.399 0.000 0.021 0.000 0.038 1.216 0.136 0.418
24.502 0.000 0.021 0.000 0.038 1.216 0.136 0.418
24.614 0.000 0.021 0.000 0.038 1.216 0.136 0.418
24.723 0.000 0.023 0.000 0.038 1.240 0.135 0.488
24.830 0.000 0.023 0.000 0.038 1.240 0.135 0.488
24.939 0.000 0.023 0.000 0.038 1.240 0.135 0.488
25.047 0.000 0.023 0.000 0.038 1.240 0.135 0.488
25.158 0.000 0.023 0.000 0.038 1.240 0.135 0.488
25.264 0.000 0.023 0.000 0.038 1.240 0.135 0.488
25.373 0.000 0.023 0.000 0.038 1.240 0.135 0.488
25.476 0.000 0.023 0.000 0.038 1.240 0.135 0.488
25.580 0.000 0.023 0.000 0.038 1.240 0.135 0.488
25.688 0.000 0.022 0.000 0.038 1.213 0.138 0.460
25.797 0.000 0.022 0.000 0.038 1.213 0.138 0.460
25.906 0.000 0.022 0.000 0.038 1.213 0.138 0.460
