0.000 0.000 0.022 0.000 0.036 1.334 0.137 0.493
0.105 0.000 0.022 0.000 0.036 1.219 0.138 0.426
0.216 0.000 0.022 0.000 0.036 1.219 0.138 0.426
0.327 0.000 0.022 0.000 0.036 1.219 0.138 0.426
0.437 0.000 0.022 0.000 0.036 1.219 0.138 0.426
0.549 0.000 0.022 0.000 0.038 1.219 0.138 0.426
0.653 0.000 0.022 0.000 0.038 1.219 0.138 0.426
0.760 0.000 0.022 0.000 0.038 1.219 0.138 0.426
0.869 0.000 0.022 0.000 0.038 1.219 0.138 0.426
0.975 0.000 0.022 0.000 0.038 1.219 0.138 0.426
1.087 0.005 0.021 0.000 0.038 1.234 0.133 1.337
1.198 0.005 0.021 0.000 0.038 1.234 0.133 1.337
1.309 0.005 0.021 0.000 0.038 1.234 0.133 1.337
1.414 0.005 0.021 0.000 0.038 1.234 0.133 1.337
1.523 0.005 0.021 0.000 0.038 1.234 0.133 1.337
1.627 0.005 0.021 0.000 0.065 1.234 0.133 1.337
1.736 0.005 0.021 0.000 0.065 1.234 0.133 1.337
1.842 0.005 0.021 0.000 0.065 1.234 0.133 1.337
1.944 0.005 0.021 0.000 0.065 1.234 0.133 1.337
2.046 1.685 0.066 0.000 0.065 1.230 0.141 10.391
2.147 1.685 0.066 0.000 0.065 1.230 0.141 10.391
2.249 1.685 0.066 0.000 0.065 1.230 0.141 10.391
2.351 1.685 0.066 0.000 0.065 1.230 0.141 10.391
2.453 1.685 0.066 0.000 0.065 1.230 0.141 10.391
2.564 1.685 0.066 0.000 0.233 1.230 0.141 10.391
2.666 1.685 0.066 0.000 0.233 1.230 0.141 10.391
2.777 1.685 0.066 0.000 0.233 1.230 0.141 10.391
2.889 1.685 0.066 0.000 0.233 1.230 0.141 10.391
3.000 1.685 0.066 0.000 0.233 1.230 0.141 10.391
3.106 8.313 0.347 0.000 0.233 3.887 0.155 10.294
3.210 8.313 0.347 0.000 0.233 3.887 0.155 10.294
3.312 8.313 0.347 0.000 0.233 3.887 0.155 10.294
3.423 8.313 0.347 0.000 0.233 3.887 0.155 10.294
3.526 8.313 0.347 0.000 0.233 3.887 0.155 10.294
3.636 8.313 0.347 0.000 0.328 3.887 0.155 10.294
3.739 8.313 0.347 0.000 0.328 3.887 0.155 10.294
3.850 8.313 0.347 0.000 0.328 3.887 0.155 10.294
3.952 8.313 0.347 0.000 0.328 3.887 0.155 10.294
4.058 8.114 0.329 0.000 0.328 13.822 0.161 10.634
4.167 8.114 0.329 0.000 0.328 13.822 0.161 10.634
4.271 8.114 0.329 0.000 0.328 13.822 0.161 10.634
4.374 8.114 0.329 0.000 0.328 13.822 0.161 10.634
4.483 8.114 0.329 0.000 0.328 13.822 0.161 10.634
4.594 8.114 0.329 0.000 0.332 13.822 0.161 10.634
4.698 8.114 0.329 0.000 0.332 13.822 0.161 10.634
4.799 8.114 0.329 0.000 0.332 13.822 0.161 10.634
4.902 8.114 0.329 0.000 0.332 13.822 0.161 10.634
5.006 8.114 0.329 0.000 0.332 13.822 0.161 10.634
5.108 8.356 0.343 0.000 0.332 14.061 0.155 10.518
5.212 8.356 0.343 0.000 0.332 14.061 0.155 10.518
5.314 8.356 0.343 0.000 0.332 14.061 0.155 10.518
5.420 8.356 0.343 0.000 0.332 14.061 0.155 10.518
5.532 8.356 0.343 0.000 0.336 14.061 0.155 10.518
5.634 8.356 0.343 0.000 0.336 14.061 0.155 10.518
5.745 8.356 0.343 0.000 0.336 14.061 0.155 10.518
5.856 8.356 0.343 0.000 0.336 14.061 0.155 10.518
5.960 8.356 0.343 0.000 0.336 14.061 0.155 10.518
6.070 8.372 0.349 0.000 0.336 14.064 0.159 10.420
6.174 8.372 0.349 0.000 0.336 14.064 0.159 10.420
6.285 8.372 0.349 0.000 0.336 14.064 0.159 10.420
6.386 8.372 0.349 0.000 0.336 14.064 0.159 10.420
6.488 8.372 0.349 0.000 0.336 14.064 0.159 10.420
6.591 8.372 0.349 0.000 0.334 14.064 0.159 10.420
6.702 8.372 0.349 0.000 0.334 14.064 0.159 10.420
6.805 8.372 0.349 0.000 0.334 14.064 0.159 10.420
6.909 8.372 0.349 0.000 0.334 14.064 0.159 10.420
7.020 8.372 0.349 0.000 0.334 14.064 0.159 10.420
7.125 8.201 0.336 0.000 0.334 14.280 0.163 10.887
7.229 8.201 0.336 0.000 0.334 14.280 0.163 10.887
7.335 8.201 0.336 0.000 0.334 14.280 0.163 10.887
7.439 8.201 0.336 0.000 0.334 14.280 0.163 10.887
7.550 8.201 0.336 0.000 0.333 14.280 0.163 10.887
7.653 8.201 0.336 0.000 0.333 14.280 0.163 10.887
7.765 8.201 0.336 0.000 0.333 14.280 0.163 10.887
7.876 8.201 0.336 0.000 0.333 14.280 0.163 10.887
7.978 8.201 0.336 0.000 0.333 14.280 0.163 10.887
8.080 8.105 0.330 0.000 0.333 14.288 0.161 10.426
8.182 8.105 0.330 0.000 0.333 14.288 0.161 10.426
8.290 8.105 0.330 0.000 0.333 14.288 0.161 10.426
8.401 8.105 0.330 0.000 0.333 14.288 0.161 10.426
8.506 8.105 0.330 0.000 0.333 14.288 0.161 10.426
8.609 8.105 0.330 0.000 0.330 14.288 0.161 10.426
8.716 8.105 0.330 0.000 0.330 14.288 0.161 10.426
8.827 8.105 0.330 0.000 0.330 14.288 0.161 10.426
8.933 8.105 0.330 0.000 0.330 14.288 0.161 10.426
9.040 8.286 0.337 0.000 0.330 14.211 0.159 10.485
9.143 8.286 0.337 0.000 0.330 14.211 0.159 10.485
9.245 8.286 0.337 0.000 0.330 14.211 0.159 10.485
9.347 8.286 0.337 0.000 0.330 14.211 0.159 10.485
9.458 8.286 0.337 0.000 0.330 14.211 0.159 10.485
9.562 8.286 0.337 0.000 0.330 14.211 0.159 10.485
9.673 8.286 0.337 0.000 0.330 14.211 0.159 10.485
9.778 8.286 0.337 0.000 0.330 14.211 0.159 10.485
9.880 8.286 0.337 0.000 0.330 14.211 0.159 10.485
9.987 8.286 0.337 0.000 0.330 14.211 0.159 10.485
10.089 8.315 0.353 0.000 0.330 14.169 0.164 10.505
10.190 8.315 0.353 0.000 0.330 14.169 0.164 10.505
10.292 8.315 0.353 0.000 0.330 14.169 0.164 10.505
10.394 8.315 0.353 0.000 0.330 14.169 0.164 10.505
10.505 8.315 0.353 0.000 0.330 14.169 0.164 10.505
10.616 8.315 0.353 0.000 0.332 14.169 0.164 10.505
10.720 8.315 0.353 0.000 0.332 14.169 0.164 10.505
10.829 8.315 0.353 0.000 0.332 14.169 0.164 10.505
10.940 8.315 0.353 0.000 0.332 14.169 0.164 10.505
11.051 8.332 0.334 0.000 0.332 14.396 0.159 11.072
11.153 8.332 0.334 0.000 0.332 14.396 0.159 11.072
11.255 8.332 0.334 0.000 0.332 14.396 0.159 11.072
11.363 8.332 0.334 0.000 0.332 14.396 0.159 11.072
11.466 8.332 0.334 0.000 0.332 14.396 0.159 11.072
11.577 8.332 0.334 0.000 0.330 14.396 0.159 11.072
11.686 8.332 0.334 0.000 0.330 14.396 0.159 11.072
11.788 8.332 0.334 0.000 0.330 14.396 0.159 11.072
11.899 8.332 0.334 0.000 0.330 14.396 0.159 11.072
12.010 8.332 0.334 0.000 0.330 14.396 0.159 11.072
12.112 8.176 0.356 0.000 0.330 14.221 0.161 10.487
12.219 8.176 0.356 0.000 0.330 14.221 0.161 10.487
12.324 8.176 0.356 0.000 0.330 14.221 0.161 10.487
12.431 8.176 0.356 0.000 0.330 14.221 0.161 10.487
12.532 8.176 0.356 0.000 0.325 14.221 0.161 10.487
12.640 8.176 0.356 0.000 0.325 14.221 0.161 10.487
12.742 8.176 0.356 0.000 0.325 14.221 0.161 10.487
12.844 8.176 0.356 0.000 0.325 14.221 0.161 10.487
12.945 8.176 0.356 0.000 0.325 14.221 0.161 10.487
13.050 8.390 0.332 0.000 0.325 14.110 0.152 10.579
13.152 8.390 0.332 0.000 0.325 14.110 0.152 10.579
13.254 8.390 0.332 0.000 0.325 14.110 0.152 10.579
13.356 8.390 0.332 0.000 0.325 14.110 0.152 10.579
13.457 8.390 0.332 0.000 0.325 14.110 0.152 10.579
13.559 8.390 0.332 0.000 0.327 14.110 0.152 10.579
13.664 8.390 0.332 0.000 0.327 14.110 0.152 10.579
13.766 8.390 0.332 0.000 0.327 14.110 0.152 10.579
13.867 8.390 0.332 0.000 0.327 14.110 0.152 10.579
13.971 8.390 0.332 0.000 0.327 14.110 0.152 10.579
14.074 8.520 0.339 0.000 0.327 14.162 0.155 10.376
14.175 8.520 0.339 0.000 0.327 14.162 0.155 10.376
14.286 8.520 0.339 0.000 0.327 14.162 0.155 10.376
14.395 8.520 0.339 0.000 0.327 14.162 0.155 10.376
14.506 8.520 0.339 0.000 0.327 14.162 0.155 10.376
14.617 8.520 0.339 0.000 0.350 14.162 0.155 10.376
14.728 8.520 0.339 0.000 0.350 14.162 0.155 10.376
14.835 8.520 0.339 0.000 0.350 14.162 0.155 10.376
14.946 8.520 0.339 0.000 0.350 14.162 0.155 10.376
15.058 5.087 0.223 0.000 0.350 14.193 0.155 0.415
15.170 5.087 0.223 0.000 0.350 14.193 0.155 0.415
15.281 5.087 0.223 0.000 0.350 14.193 0.155 0.415
15.386 5.087 0.223 0.000 0.350 14.193 0.155 0.415
15.497 5.087 0.223 0.000 0.350 14.193 0.155 0.415
15.603 5.087 0.223 0.000 0.076 14.193 0.155 0.415
15.710 5.087 0.223 0.000 0.076 14.193 0.155 0.415
15.821 5.087 0.223 0.000 0.076 14.193 0.155 0.415
15.931 5.087 0.223 0.000 0.076 14.193 0.155 0.415
16.033 5.087 0.223 0.000 0.076 14.193 0.155 0.415
16.145 0.000 0.023 0.000 0.076 9.367 0.142 0.759
16.257 0.000 0.023 0.000 0.076 9.367 0.142 0.759
16.361 0.000 0.023 0.000 0.076 9.367 0.142 0.759
16.470 0.000 0.023 0.000 0.076 9.367 0.142 0.759
16.582 0.000 0.023 0.000 0.057 9.367 0.142 0.759
16.686 0.000 0.023 0.000 0.057 9.367 0.142 0.759
16.798 0.000 0.023 0.000 0.057 9.367 0.142 0.759
16.903 0.000 0.023 0.000 0.057 9.367 0.142 0.759
17.011 0.000 0.023 0.000 0.057 9.367 0.142 0.759
17.119 0.000 0.023 0.000 0.057 1.337 0.137 0.450
17.230 0.000 0.023 0.000 0.057 1.337 0.137 0.450
17.336 0.000 0.023 0.000 0.057 1.337 0.137 0.450
17.440 0.000 0.023 0.000 0.057 1.337 0.137 0.450
17.548 0.000 0.023 0.000 0.040 1.337 0.137 0.450
17.655 0.000 0.023 0.000 0.040 1.337 0.137 0.450
17.763 0.000 0.023 0.000 0.040 1.337 0.137 0.450
17.874 0.000 0.023 0.000 0.040 1.337 0.137 0.450
17.975 0.000 0.023 0.000 0.040 1.337 0.137 0.450
18.086 0.000 0.021 0.000 0.040 1.373 0.137 0.464
18.194 0.000 0.021 0.000 0.040 1.373 0.137 0.464
18.303 0.000 0.021 0.000 0.040 1.373 0.137 0.464
18.414 0.000 0.021 0.000 0.040 1.373 0.137 0.464
18.526 0.000 0.021 0.000 0.040 1.373 0.137 0.464
18.636 0.000 0.021 0.000 0.040 1.373 0.137 0.464
18.747 0.000 0.021 0.000 0.040 1.373 0.137 0.464
18.853 0.000 0.021 0.000 0.040 1.373 0.137 0.464
18.960 0.000 0.021 0.000 0.040 1.373 0.137 0.464
19.065 0.000 0.024 0.000 0.040 1.232 0.133 0.607
19.174 0.000 0.024 0.000 0.040 1.232 0.133 0.607
19.276 0.000 0.024 0.000 0.040 1.232 0.133 0.607
19.381 0.000 0.024 0.000 0.040 1.232 0.133 0.607
19.486 0.000 0.024 0.000 0.040 1.232 0.133 0.607
19.597 0.000 0.024 0.000 0.041 1.232 0.133 0.607
19.709 0.000 0.024 0.000 0.041 1.232 0.133 0.607
19.821 0.000 0.024 0.000 0.041 1.232 0.133 0.607
19.930 0.000 0.024 0.000 0.041 1.232 0.133 0.607
20.039 0.000 0.022 0.000 0.041 1.234 0.140 0.546
20.141 0.000 0.022 0.000 0.041 1.234 0.140 0.546
20.250 0.000 0.022 0.000 0.041 1.234 0.140 0.546
20.360 0.000 0.022 0.000 0.041 1.234 0.140 0.546
20.471 0.000 0.022 0.000 0.041 1.234 0.140 0.546
20.582 0.000 0.022 0.000 0.040 1.234 0.140 0.546
20.688 0.000 0.022 0.000 0.040 1.234 0.140 0.546
20.794 0.000 0.022 0.000 0.040 1.234 0.140 0.546
20.903 0.000 0.022 0.000 0.040 1.234 0.140 0.546
21.010 0.000 0.022 0.000 0.040 1.234 0.140 0.546
21.113 0.000 0.022 0.000 0.040 1.345 0.140 0.612
21.219 0.000 0.022 0.000 0.040 1.345 0.140 0.612
21.331 0.000 0.022 0.000 0.040 1.345 0.140 0.612
21.435 0.000 0.022 0.000 0.040 1.345 0.140 0.612
21.547 0.000 0.022 0.000 0.038 1.345 0.140 0.612
21.659 0.000 0.022 0.000 0.038 1.345 0.140 0.612
21.771 0.000 0.022 0.000 0.038 1.345 0.140 0.612
21.879 0.000 0.022 0.000 0.038 1.345 0.140 0.612
21.989 0.000 0.022 0.000 0.038 1.345 0.140 0.612
22.094 0.000 0.021 0.000 0.038 1.235 0.139 0.455
22.205 0.000 0.021 0.000 0.038 1.235 0.139 0.455
22.315 0.000 0.021 0.000 0.038 1.235 0.139 0.455
22.426 0.000 0.021 0.000 0.038 1.235 0.139 0.455
22.536 0.000 0.021 0.000 0.041 1.235 0.139 0.455
22.647 0.000 0.021 0.000 0.041 1.235 0.139 0.455
22.759 0.000 0.021 0.000 0.041 1.235 0.139 0.455
22.869 0.000 0.021 0.000 0.041 1.235 0.139 0.455
22.981 0.000 0.021 0.000 0.041 1.235 0.139 0.455
23.086 0.000 0.024 0.000 0.041 1.222 0.138 0.426
23.196 0.000 0.024 0.000 0.041 1.222 0.138 0.426
23.302 0.000 0.024 0.000 0.041 1.222 0.138 0.426
23.407 0.000 0.024 0.000 0.041 1.222 0.138 0.426
23.518 0.000 0.024 0.000 0.041 1.222 0.138 0.426
23.620 0.000 0.024 0.000 0.040 1.222 0.138 0.426
23.727 0.000 0.024 0.000 0.040 1.222 0.138 0.426
23.839 0.000 0.024 0.000 0.040 1.222 0.138 0.426
23.944 0.000 0.024 0.000 0.040 1.222 0.138 0.426
24.055 0.000 0.022 0.000 0.040 1.269 0.137 0.412
24.160 0.000 0.022 0.000 0.040 1.269 0.137 0.412
24.271 0.000 0.022 0.000 0.040 1.269 0.137 0.412
24.383 0.000 0.022 0.000 0.040 1.269 0.137 0.412
24.495 0.000 0.022 0.000 0.040 1.269 0.137 0.412
24.603 0.000 0.022 0.000 0.041 1.269 0.137 0.412
24.711 0.000 0.022 0.000 0.041 1.269 0.137 0.412
24.822 0.000 0.022 0.000 0.041 1.269 0.137 0.412
24.934 0.000 0.022 0.000 0.041 1.269 0.137 0.412
25.045 0.034 0.024 0.000 0.041 1.255 0.137 0.445
25.155 0.034 0.024 0.000 0.041 1.255 0.137 0.445
25.263 0.034 0.024 0.000 0.041 1.255 0.137 0.445
25.371 0.034 0.024 0.000 0.041 1.255 0.137 0.445
25.481 0.034 0.024 0.000 0.041 1.255 0.137 0.445
25.592 0.034 0.024 0.000 0.043 1.255 0.137 0.445
25.704 0.034 0.024 0.000 0.043 1.255 0.137 0.445
25.809 0.034 0.024 0.000 0.043 1.255 0.137 0.445
25.919 0.034 0.024 0.000 0.043 1.255 0.137 0.445
