0.000 0.000 0.021 0.000 0.046 1.235 0.134 0.634
0.111 0.000 0.021 0.000 0.046 1.235 0.134 0.634
0.220 0.000 0.021 0.000 0.046 1.235 0.134 0.634
0.328 0.077 0.022 0.000 0.046 1.227 0.141 0.531
0.432 0.077 0.022 0.000 0.046 1.227 0.141 0.531
0.541 0.077 0.022 0.000 0.046 1.227 0.141 0.531
0.648 0.077 0.022 0.000 0.046 1.227 0.141 0.531
0.754 0.077 0.022 0.000 0.046 1.227 0.141 0.531
0.864 0.077 0.022 0.000 0.041 1.227 0.141 0.531
0.975 0.077 0.022 0.000 0.041 1.227 0.141 0.531
1.085 0.077 0.022 0.000 0.041 1.227 0.141 0.531
1.197 0.077 0.022 0.000 0.041 1.227 0.141 0.531
1.308 0.832 0.025 0.000 0.041 1.499 0.139 5.682
1.419 0.832 0.025 0.000 0.041 1.499 0.139 5.682
1.530 0.832 0.025 0.000 0.041 1.499 0.139 5.682
1.637 0.832 0.025 0.000 0.041 1.499 0.139 5.682
1.744 0.832 0.025 0.000 0.041 1.499 0.139 5.682
1.852 0.832 0.025 0.000 0.091 1.499 0.139 5.682
1.958 0.832 0.025 0.000 0.091 1.499 0.139 5.682
2.062 0.832 0.025 0.000 0.091 1.499 0.139 5.682
2.167 0.832 0.025 0.000 0.091 1.499 0.139 5.682
2.270 0.832 0.025 0.000 0.091 1.499 0.139 5.682
2.372 0.896 0.316 0.000 0.091 2.568 0.139 5.462
2.474 0.896 0.316 0.000 0.091 2.568 0.139 5.462
2.585 0.896 0.316 0.000 0.091 2.568 0.139 5.462
2.694 0.896 0.316 0.000 0.091 2.568 0.139 5.462
2.796 0.896 0.316 0.000 0.146 2.568 0.139 5.462
2.907 0.896 0.316 0.000 0.146 2.568 0.139 5.462
3.009 0.896 0.316 0.000 0.146 2.568 0.139 5.462
3.120 0.896 0.316 0.000 0.146 2.568 0.139 5.462
3.222 0.896 0.316 0.000 0.146 2.568 0.139 5.462
3.333 2.669 1.129 0.000 0.146 3.126 0.145 5.439
3.443 2.669 1.129 0.000 0.146 3.126 0.145 5.439
3.554 2.669 1.129 0.000 0.146 3.126 0.145 5.439
3.665 2.669 1.129 0.000 0.146 3.126 0.145 5.439
3.769 2.669 1.129 0.000 0.146 3.126 0.145 5.439
3.880 2.669 1.129 0.000 0.216 3.126 0.145 5.439
3.983 2.669 1.129 0.000 0.216 3.126 0.145 5.439
4.094 2.669 1.129 0.000 0.216 3.126 0.145 5.439
4.205 2.669 1.129 0.000 0.216 3.126 0.145 5.439
4.317 2.855 1.115 0.000 0.216 7.578 0.157 6.381
4.418 2.855 1.115 0.000 0.216 7.578 0.157 6.381
4.529 2.855 1.115 0.000 0.216 7.578 0.157 6.381
4.631 2.855 1.115 0.000 0.216 7.578 0.157 6.381
4.743 2.855 1.115 0.000 0.216 7.578 0.157 6.381
4.854 2.855 1.115 0.000 0.195 7.578 0.157 6.381
4.957 2.855 1.115 0.000 0.195 7.578 0.157 6.381
5.059 2.855 1.115 0.000 0.195 7.578 0.157 6.381
5.170 2.855 1.115 0.000 0.195 7.578 0.157 6.381
5.272 2.855 1.115 0.000 0.195 7.578 0.157 6.381
5.375 2.649 1.155 0.000 0.195 8.075 0.138 5.404
5.477 2.649 1.155 0.000 0.195 8.075 0.138 5.404
5.579 2.649 1.155 0.000 0.195 8.075 0.138 5.404
5.687 2.649 1.155 0.000 0.195 8.075 0.138 5.404
5.798 2.649 1.155 0.000 0.178 8.075 0.138 5.404
5.909 2.649 1.155 0.000 0.178 8.075 0.138 5.404
6.020 2.649 1.155 0.000 0.178 8.075 0.138 5.404
6.131 2.649 1.155 0.000 0.178 8.075 0.138 5.404
6.233 2.649 1.155 0.000 0.178 8.075 0.138 5.404
6.335 2.807 1.148 0.000 0.178 7.736 0.148 5.401
6.447 2.807 1.148 0.000 0.178 7.736 0.148 5.401
6.548 2.807 1.148 0.000 0.178 7.736 0.148 5.401
6.657 2.807 1.148 0.000 0.178 7.736 0.148 5.401
6.759 2.807 1.148 0.000 0.178 7.736 0.148 5.401
6.870 2.807 1.148 0.000 0.168 7.736 0.148 5.401
6.981 2.807 1.148 0.000 0.168 7.736 0.148 5.401
7.092 2.807 1.148 0.000 0.168 7.736 0.148 5.401
7.201 2.807 1.148 0.000 0.168 7.736 0.148 5.401
7.312 2.618 1.117 0.000 0.168 7.703 0.141 5.401
7.423 2.618 1.117 0.000 0.168 7.703 0.141 5.401
7.535 2.618 1.117 0.000 0.168 7.703 0.141 5.401
7.638 2.618 1.117 0.000 0.168 7.703 0.141 5.401
7.740 2.618 1.117 0.000 0.168 7.703 0.141 5.401
7.847 2.618 1.117 0.000 0.170 7.703 0.141 5.401
7.949 2.618 1.117 0.000 0.170 7.703 0.141 5.401
8.060 2.618 1.117 0.000 0.170 7.703 0.141 5.401
8.163 2.618 1.117 0.000 0.170 7.703 0.141 5.401
8.274 2.618 1.117 0.000 0.170 7.703 0.141 5.401
8.385 2.625 1.128 0.000 0.170 7.582 0.145 5.520
8.491 2.625 1.128 0.000 0.170 7.582 0.145 5.520
8.593 2.625 1.128 0.000 0.170 7.582 0.145 5.520
8.705 2.625 1.128 0.000 0.170 7.582 0.145 5.520
8.816 2.625 1.128 0.000 0.171 7.582 0.145 5.520
8.918 2.625 1.128 0.000 0.171 7.582 0.145 5.520
9.029 2.625 1.128 0.000 0.171 7.582 0.145 5.520
9.140 2.625 1.128 0.000 0.171 7.582 0.145 5.520
9.251 2.625 1.128 0.000 0.171 7.582 0.145 5.520
9.362 2.724 1.111 0.000 0.171 7.634 0.140 5.294
9.464 2.724 1.111 0.000 0.171 7.634 0.140 5.294
9.575 2.724 1.111 0.000 0.171 7.634 0.140 5.294
9.677 2.724 1.111 0.000 0.171 7.634 0.140 5.294
9.779 2.724 1.111 0.000 0.171 7.634 0.140 5.294
9.888 2.724 1.111 0.000 0.168 7.634 0.140 5.294
9.999 2.724 1.111 0.000 0.168 7.634 0.140 5.294
10.101 2.724 1.111 0.000 0.168 7.634 0.140 5.294
10.203 2.724 1.111 0.000 0.168 7.634 0.140 5.294
10.314 2.656 1.133 0.000 0.168 7.680 0.141 5.281
10.425 2.656 1.133 0.000 0.168 7.680 0.141 5.281
10.528 2.656 1.133 0.000 0.168 7.680 0.141 5.281
10.639 2.656 1.133 0.000 0.168 7.680 0.141 5.281
10.741 2.656 1.133 0.000 0.168 7.680 0.141 5.281
10.852 2.656 1.133 0.000 0.174 7.680 0.141 5.281
10.964 2.656 1.133 0.000 0.174 7.680 0.141 5.281
11.065 2.656 1.133 0.000 0.174 7.680 0.141 5.281
11.167 2.656 1.133 0.000 0.174 7.680 0.141 5.281
11.269 2.656 1.133 0.000 0.174 7.680 0.141 5.281
11.371 2.635 1.138 0.000 0.174 7.622 0.146 5.392
11.473 2.635 1.138 0.000 0.174 7.622 0.146 5.392
11.575 2.635 1.138 0.000 0.174 7.622 0.146 5.392
11.678 2.635 1.138 0.000 0.174 7.622 0.146 5.392
11.780 2.635 1.138 0.000 0.174 7.622 0.146 5.392
11.891 2.635 1.138 0.000 0.177 7.622 0.146 5.392
12.002 2.635 1.138 0.000 0.177 7.622 0.146 5.392
12.105 2.635 1.138 0.000 0.177 7.622 0.146 5.392
12.216 2.635 1.138 0.000 0.177 7.622 0.146 5.392
12.327 2.776 1.117 0.000 0.177 7.819 0.142 5.348
12.435 2.776 1.117 0.000 0.177 7.819 0.142 5.348
12.537 2.776 1.117 0.000 0.177 7.819 0.142 5.348
12.648 2.776 1.117 0.000 0.177 7.819 0.142 5.348
12.759 2.776 1.117 0.000 0.177 7.819 0.142 5.348
12.861 2.776 1.117 0.000 0.182 7.819 0.142 5.348
12.972 2.776 1.117 0.000 0.182 7.819 0.142 5.348
13.083 2.776 1.117 0.000 0.182 7.819 0.142 5.348
13.186 2.776 1.117 0.000 0.182 7.819 0.142 5.348
13.297 2.686 1.102 0.000 0.182 7.730 0.140 5.456
13.406 2.686 1.102 0.000 0.182 7.730 0.140 5.456
13.517 2.686 1.102 0.000 0.182 7.730 0.140 5.456
13.628 2.686 1.102 0.000 0.182 7.730 0.140 5.456
13.739 2.686 1.102 0.000 0.182 7.730 0.140 5.456
13.851 2.686 1.102 0.000 0.175 7.730 0.140 5.456
13.954 2.686 1.102 0.000 0.175 7.730 0.140 5.456
14.062 2.686 1.102 0.000 0.175 7.730 0.140 5.456
14.173 2.686 1.102 0.000 0.175 7.730 0.140 5.456
14.275 2.686 1.102 0.000 0.175 7.730 0.140 5.456
14.387 2.779 1.159 0.000 0.175 7.711 0.141 5.479
14.498 2.779 1.159 0.000 0.175 7.711 0.141 5.479
14.609 2.779 1.159 0.000 0.175 7.711 0.141 5.479
14.720 2.779 1.159 0.000 0.175 7.711 0.141 5.479
14.831 2.779 1.159 0.000 0.184 7.711 0.141 5.479
14.942 2.779 1.159 0.000 0.184 7.711 0.141 5.479
15.053 2.779 1.159 0.000 0.184 7.711 0.141 5.479
15.163 2.779 1.159 0.000 0.184 7.711 0.141 5.479
15.272 2.779 1.159 0.000 0.184 7.711 0.141 5.479
15.375 1.789 0.747 0.000 0.184 7.881 0.142 0.619
15.480 1.789 0.747 0.000 0.184 7.881 0.142 0.619
15.584 1.789 0.747 0.000 0.184 7.881 0.142 0.619
15.696 1.789 0.747 0.000 0.184 7.881 0.142 0.619
15.807 1.789 0.747 0.000 0.075 7.881 0.142 0.619
15.915 1.789 0.747 0.000 0.075 7.881 0.142 0.619
16.019 1.789 0.747 0.000 0.075 7.881 0.142 0.619
16.128 1.789 0.747 0.000 0.075 7.881 0.142 0.619
16.239 1.789 0.747 0.000 0.075 7.881 0.142 0.619
16.351 0.073 0.024 0.000 0.075 5.515 0.138 0.870
16.463 0.073 0.024 0.000 0.075 5.515 0.138 0.870
16.572 0.073 0.024 0.000 0.075 5.515 0.138 0.870
16.684 0.073 0.024 0.000 0.075 5.515 0.138 0.870
16.794 0.073 0.024 0.000 0.060 5.515 0.138 0.870
16.904 0.073 0.024 0.000 0.060 5.515 0.138 0.870
17.015 0.073 0.024 0.000 0.060 5.515 0.138 0.870
17.127 0.073 0.024 0.000 0.060 5.515 0.138 0.870
17.234 0.073 0.024 0.000 0.060 5.515 0.138 0.870
17.344 0.000 0.022 0.000 0.060 1.506 0.137 0.522
17.452 0.000 0.022 0.000 0.060 1.506 0.137 0.522
17.563 0.000 0.022 0.000 0.060 1.506 0.137 0.522
17.671 0.000 0.022 0.000 0.060 1.506 0.137 0.522
17.773 0.000 0.022 0.000 0.060 1.506 0.137 0.522
17.876 0.000 0.022 0.000 0.040 1.506 0.137 0.522
17.985 0.000 0.022 0.000 0.040 1.506 0.137 0.522
18.094 0.000 0.022 0.000 0.040 1.506 0.137 0.522
18.202 0.000 0.022 0.000 0.040 1.506 0.137 0.522
18.307 0.000 0.022 0.000 0.040 1.493 0.136 0.413
18.415 0.000 0.022 0.000 0.040 1.493 0.136 0.413
18.526 0.000 0.022 0.000 0.040 1.493 0.136 0.413
18.632 0.000 0.022 0.000 0.040 1.493 0.136 0.413
18.743 0.000 0.022 0.000 0.040 1.493 0.136 0.413
18.855 0.000 0.022 0.000 0.038 1.493 0.136 0.413
18.960 0.000 0.022 0.000 0.038 1.493 0.136 0.413
19.072 0.000 0.022 0.000 0.038 1.493 0.136 0.413
19.179 0.000 0.022 0.000 0.038 1.493 0.136 0.413
19.285 0.000 0.022 0.000 0.038 1.493 0.136 0.413
19.394 0.000 0.021 0.000 0.038 1.243 0.135 0.469
19.506 0.000 0.021 0.000 0.038 1.243 0.135 0.469
19.611 0.000 0.021 0.000 0.038 1.243 0.135 0.469
19.719 0.000 0.021 0.000 0.038 1.243 0.135 0.469
19.828 0.000 0.021 0.000 0.040 1.243 0.135 0.469
19.932 0.000 0.021 0.000 0.040 1.243 0.135 0.469
20.034 0.000 0.021 0.000 0.040 1.243 0.135 0.469
20.142 0.000 0.021 0.000 0.040 1.243 0.135 0.469
20.250 0.000 0.021 0.000 0.040 1.243 0.135 0.469
20.361 0.074 0.022 0.000 0.040 1.221 0.142 0.433
20.468 0.074 0.022 0.000 0.040 1.221 0.142 0.433
20.579 0.074 0.022 0.000 0.040 1.221 0.142 0.433
20.681 0.074 0.022 0.000 0.040 1.221 0.142 0.433
20.785 0.074 0.022 0.000 0.040 1.221 0.142 0.433
20.896 0.074 0.022 0.000 0.048 1.221 0.142 0.433
21.005 0.074 0.022 0.000 0.048 1.221 0.142 0.433
21.112 0.074 0.022 0.000 0.048 1.221 0.142 0.433
21.216 0.074 0.022 0.000 0.048 1.221 0.142 0.433
21.326 0.000 0.022 0.000 0.048 1.432 0.134 0.436
21.438 0.000 0.022 0.000 0.048 1.432 0.134 0.436
21.544 0.000 0.022 0.000 0.048 1.432 0.134 0.436
21.654 0.000 0.022 0.000 0.048 1.432 0.134 0.436
21.760 0.000 0.022 0.000 0.048 1.432 0.134 0.436
21.870 0.000 0.022 0.000 0.038 1.432 0.134 0.436
21.982 0.000 0.022 0.000 0.038 1.432 0.134 0.436
22.085 0.000 0.022 0.000 0.038 1.432 0.134 0.436
22.194 0.000 0.022 0.000 0.038 1.432 0.134 0.436
22.304 0.000 0.022 0.000 0.038 1.244 0.131 0.607
22.410 0.000 0.022 0.000 0.038 1.244 0.131 0.607
22.521 0.000 0.022 0.000 0.038 1.244 0.131 0.607
22.633 0.000 0.022 0.000 0.038 1.244 0.131 0.607
22.744 0.000 0.022 0.000 0.038 1.244 0.131 0.607
22.856 0.000 0.022 0.000 0.039 1.244 0.131 0.607
22.968 0.000 0.022 0.000 0.039 1.244 0.131 0.607
23.080 0.000 0.022 0.000 0.039 1.244 0.131 0.607
23.190 0.000 0.022 0.000 0.039 1.244 0.131 0.607
23.301 0.000 0.021 0.000 0.039 1.220 0.136 0.493
23.411 0.000 0.021 0.000 0.039 1.220 0.136 0.493
23.519 0.000 0.021 0.000 0.039 1.220 0.136 0.493
23.622 0.000 0.021 0.000 0.039 1.220 0.136 0.493
23.728 0.000 0.021 0.000 0.039 1.220 0.136 0.493
23.839 0.000 0.021 0.000 0.037 1.220 0.136 0.493
23.951 0.000 0.021 0.000 0.037 1.220 0.136 0.493
24.062 0.000 0.021 0.000 0.037 1.220 0.136 0.493
24.173 0.000 0.021 0.000 0.037 1.220 0.136 0.493
24.282 0.000 0.021 0.000 0.037 1.220 0.136 0.493
24.385 0.038 0.021 0.000 0.037 1.210 0.133 0.574
24.492 0.038 0.021 0.000 0.037 1.210 0.133 0.574
24.603 0.038 0.021 0.000 0.037 1.210 0.133 0.574
24.713 0.038 0.021 0.000 0.037 1.210 0.133 0.574
24.822 0.038 0.021 0.000 0.041 1.210 0.133 0.574
24.928 0.038 0.021 0.000 0.041 1.210 0.133 0.574
25.030 0.038 0.021 0.000 0.041 1.210 0.133 0.574
25.136 0.038 0.021 0.000 0.041 1.210 0.133 0.574
25.244 0.038 0.021 0.000 0.041 1.210 0.133 0.574
25.348 0.000 0.026 0.000 0.041 1.334 0.135 0.417
25.460 0.000 0.026 0.000 0.041 1.334 0.135 0.417
25.568 0.000 0.026 0.000 0.041 1.334 0.135 0.417
25.678 0.000 0.026 0.000 0.041 1.334 0.135 0.417
25.785 0.000 0.026 0.000 0.041 1.334 0.135 0.417
25.897 0.000 0.026 0.000 0.038 1.334 0.135 0.417
