0.000 0.000 0.020 0.000 0.044 1.503 0.135 0.583
0.110 0.000 0.020 0.000 0.044 1.503 0.135 0.583
0.216 0.000 0.020 0.000 0.044 1.503 0.135 0.583
0.328 0.000 0.020 0.000 0.044 1.503 0.135 0.583
0.439 0.000 0.020 0.000 0.044 1.503 0.135 0.583
0.551 0.000 0.020 0.000 0.044 1.503 0.135 0.583
0.662 0.000 0.020 0.000 0.044 1.503 0.135 0.583
0.769 0.000 0.020 0.000 0.044 1.503 0.135 0.583
0.872 0.066 0.017 0.000 0.044 1.248 0.138 0.455
0.977 0.066 0.017 0.000 0.044 1.248 0.138 0.455
1.088 0.066 0.017 0.000 0.044 1.248 0.138 0.455
1.199 0.066 0.017 0.000 0.044 1.248 0.138 0.455
1.310 0.066 0.017 0.000 0.044 1.248 0.138 0.455
1.422 0.066 0.017 0.000 0.066 1.248 0.138 0.455
1.528 0.066 0.017 0.000 0.066 1.248 0.138 0.455
1.640 0.066 0.017 0.000 0.066 1.248 0.138 0.455
1.750 0.066 0.017 0.000 0.066 1.248 0.138 0.455
1.855 0.459 0.029 0.000 0.066 1.424 0.139 1.179
1.961 0.459 0.029 0.000 0.066 1.424 0.139 1.179
2.072 0.459 0.029 0.000 0.066 1.424 0.139 1.179
2.183 0.459 0.029 0.000 0.066 1.424 0.139 1.179
2.290 0.459 0.029 0.000 0.066 1.424 0.139 1.179
2.393 0.459 0.029 0.000 0.101 1.424 0.139 1.179
2.496 0.459 0.029 0.000 0.101 1.424 0.139 1.179
2.607 0.459 0.029 0.000 0.101 1.424 0.139 1.179
2.719 0.459 0.029 0.000 0.101 1.424 0.139 1.179
2.830 2.058 0.606 0.000 0.101 2.006 0.146 4.083
2.933 2.058 0.606 0.000 0.101 2.006 0.146 4.083
3.034 2.058 0.606 0.000 0.101 2.006 0.146 4.083
3.135 2.058 0.606 0.000 0.101 2.006 0.146 4.083
3.246 2.058 0.606 0.000 0.101 2.006 0.146 4.083
3.357 2.058 0.606 0.000 0.190 2.006 0.146 4.083
3.468 2.058 0.606 0.000 0.190 2.006 0.146 4.083
3.579 2.058 0.606 0.000 0.190 2.006 0.146 4.083
3.682 2.058 0.606 0.000 0.190 2.006 0.146 4.083
3.785 2.058 0.606 0.000 0.190 2.006 0.146 4.083
3.896 2.248 0.650 0.000 0.190 5.523 0.139 4.080
4.007 2.248 0.650 0.000 0.190 5.523 0.139 4.080
4.109 2.248 0.650 0.000 0.190 5.523 0.139 4.080
4.220 2.248 0.650 0.000 0.190 5.523 0.139 4.080
4.332 2.248 0.650 0.000 0.163 5.523 0.139 4.080
4.443 2.248 0.650 0.000 0.163 5.523 0.139 4.080
4.554 2.248 0.650 0.000 0.163 5.523 0.139 4.080
4.665 2.248 0.650 0.000 0.163 5.523 0.139 4.080
4.767 2.248 0.650 0.000 0.163 5.523 0.139 4.080
4.869 2.325 0.687 0.000 0.163 5.908 0.139 4.191
4.980 2.325 0.687 0.000 0.163 5.908 0.139 4.191
5.091 2.325 0.687 0.000 0.163 5.908 0.139 4.191
5.193 2.325 0.687 0.000 0.163 5.908 0.139 4.191
5.304 2.325 0.687 0.000 0.163 5.908 0.139 4.191
5.409 2.325 0.687 0.000 0.188 5.908 0.139 4.191
5.513 2.325 0.687 0.000 0.188 5.908 0.139 4.191
5.615 2.325 0.687 0.000 0.188 5.908 0.139 4.191
5.727 2.325 0.687 0.000 0.188 5.908 0.139 4.191
5.838 2.284 0.650 0.000 0.188 6.265 0.138 4.250
5.949 2.284 0.650 0.000 0.188 6.265 0.138 4.250
6.060 2.284 0.650 0.000 0.188 6.265 0.138 4.250
6.163 2.284 0.650 0.000 0.188 6.265 0.138 4.250
6.275 2.284 0.650 0.000 0.188 6.265 0.138 4.250
6.386 2.284 0.650 0.000 0.169 6.265 0.138 4.250
6.497 2.284 0.650 0.000 0.169 6.265 0.138 4.250
6.600 2.284 0.650 0.000 0.169 6.265 0.138 4.250
6.702 2.284 0.650 0.000 0.169 6.265 0.138 4.250
6.813 2.284 0.650 0.000 0.169 6.265 0.138 4.250
6.924 2.340 0.659 0.000 0.169 5.962 0.141 4.042
7.026 2.340 0.659 0.000 0.169 5.962 0.141 4.042
7.128 2.340 0.659 0.000 0.169 5.962 0.141 4.042
7.230 2.340 0.659 0.000 0.169 5.962 0.141 4.042
7.332 2.340 0.659 0.000 0.169 5.962 0.141 4.042
7.442 2.340 0.659 0.000 0.169 5.962 0.141 4.042
7.553 2.340 0.659 0.000 0.169 5.962 0.141 4.042
7.659 2.340 0.659 0.000 0.169 5.962 0.141 4.042
7.762 2.340 0.659 0.000 0.169 5.962 0.141 4.042
7.864 2.230 0.653 0.000 0.169 6.063 0.140 4.109
7.966 2.230 0.653 0.000 0.169 6.063 0.140 4.109
8.077 2.230 0.653 0.000 0.169 6.063 0.140 4.109
8.188 2.230 0.653 0.000 0.169 6.063 0.140 4.109
8.299 2.230 0.653 0.000 0.169 6.063 0.140 4.109
8.410 2.230 0.653 0.000 0.166 6.063 0.140 4.109
8.522 2.230 0.653 0.000 0.166 6.063 0.140 4.109
8.625 2.230 0.653 0.000 0.166 6.063 0.140 4.109
8.726 2.230 0.653 0.000 0.166 6.063 0.140 4.109
8.838 2.352 0.656 0.000 0.166 5.976 0.141 4.015
8.949 2.352 0.656 0.000 0.166 5.976 0.141 4.015
9.060 2.352 0.656 0.000 0.166 5.976 0.141 4.015
9.171 2.352 0.656 0.000 0.166 5.976 0.141 4.015
9.282 2.352 0.656 0.000 0.166 5.976 0.141 4.015
9.393 2.352 0.656 0.000 0.171 5.976 0.141 4.015
9.504 2.352 0.656 0.000 0.171 5.976 0.141 4.015
9.616 2.352 0.656 0.000 0.171 5.976 0.141 4.015
9.727 2.352 0.656 0.000 0.171 5.976 0.141 4.015
9.838 2.312 0.660 0.000 0.171 6.051 0.140 4.098
9.949 2.312 0.660 0.000 0.171 6.051 0.140 4.098
10.060 2.312 0.660 0.000 0.171 6.051 0.140 4.098
10.163 2.312 0.660 0.000 0.171 6.051 0.140 4.098
10.274 2.312 0.660 0.000 0.171 6.051 0.140 4.098
10.381 2.312 0.660 0.000 0.167 6.051 0.140 4.098
10.492 2.312 0.660 0.000 0.167 6.051 0.140 4.098
10.603 2.312 0.660 0.000 0.167 6.051 0.140 4.098
10.714 2.312 0.660 0.000 0.167 6.051 0.140 4.098
10.825 2.286 0.682 0.000 0.167 5.956 0.140 4.173
10.936 2.286 0.682 0.000 0.167 5.956 0.140 4.173
11.048 2.286 0.682 0.000 0.167 5.956 0.140 4.173
11.149 2.286 0.682 0.000 0.167 5.956 0.140 4.173
11.251 2.286 0.682 0.000 0.167 5.956 0.140 4.173
11.362 2.286 0.682 0.000 0.164 5.956 0.140 4.173
11.473 2.286 0.682 0.000 0.164 5.956 0.140 4.173
11.582 2.286 0.682 0.000 0.164 5.956 0.140 4.173
11.693 2.286 0.682 0.000 0.164 5.956 0.140 4.173
11.804 2.286 0.682 0.000 0.164 5.956 0.140 4.173
11.915 2.269 0.688 0.000 0.164 5.928 0.140 4.731
12.016 2.269 0.688 0.000 0.164 5.928 0.140 4.731
12.128 2.269 0.688 0.000 0.164 5.928 0.140 4.731
12.239 2.269 0.688 0.000 0.164 5.928 0.140 4.731
12.350 2.269 0.688 0.000 0.164 5.928 0.140 4.731
12.461 2.269 0.688 0.000 0.164 5.928 0.140 4.731
12.563 2.269 0.688 0.000 0.164 5.928 0.140 4.731
12.674 2.269 0.688 0.000 0.164 5.928 0.140 4.731
12.785 2.269 0.688 0.000 0.164 5.928 0.140 4.731
12.896 2.254 0.674 0.000 0.164 5.924 0.148 4.588
13.004 2.254 0.674 0.000 0.164 5.924 0.148 4.588
13.115 2.254 0.674 0.000 0.164 5.924 0.148 4.588
13.227 2.254 0.674 0.000 0.164 5.924 0.148 4.588
13.329 2.254 0.674 0.000 0.166 5.924 0.148 4.588
13.431 2.254 0.674 0.000 0.166 5.924 0.148 4.588
13.542 2.254 0.674 0.000 0.166 5.924 0.148 4.588
13.653 2.254 0.674 0.000 0.166 5.924 0.148 4.588
13.764 2.254 0.674 0.000 0.166 5.924 0.148 4.588
13.875 2.368 0.667 0.000 0.166 5.930 0.142 4.539
13.986 2.368 0.667 0.000 0.166 5.930 0.142 4.539
14.097 2.368 0.667 0.000 0.166 5.930 0.142 4.539
14.208 2.368 0.667 0.000 0.166 5.930 0.142 4.539
14.319 2.368 0.667 0.000 0.164 5.930 0.142 4.539
14.430 2.368 0.667 0.000 0.164 5.930 0.142 4.539
14.542 2.368 0.667 0.000 0.164 5.930 0.142 4.539
14.646 2.368 0.667 0.000 0.164 5.930 0.142 4.539
14.757 2.368 0.667 0.000 0.164 5.930 0.142 4.539
14.862 1.750 0.533 0.000 0.164 5.943 0.139 0.550
14.969 1.750 0.533 0.000 0.164 5.943 0.139 0.550
15.077 1.750 0.533 0.000 0.164 5.943 0.139 0.550
15.186 1.750 0.533 0.000 0.164 5.943 0.139 0.550
15.295 1.750 0.533 0.000 0.164 5.943 0.139 0.550
15.402 1.750 0.533 0.000 0.080 5.943 0.139 0.550
15.510 1.750 0.533 0.000 0.080 5.943 0.139 0.550
15.619 1.750 0.533 0.000 0.080 5.943 0.139 0.550
15.728 1.750 0.533 0.000 0.080 5.943 0.139 0.550
15.836 0.000 0.022 0.000 0.080 5.026 0.136 0.403
15.945 0.000 0.022 0.000 0.080 5.026 0.136 0.403
16.052 0.000 0.022 0.000 0.080 5.026 0.136 0.403
16.157 0.000 0.022 0.000 0.080 5.026 0.136 0.403
16.268 0.000 0.022 0.000 0.080 5.026 0.136 0.403
16.380 0.000 0.022 0.000 0.042 5.026 0.136 0.403
16.486 0.000 0.022 0.000 0.042 5.026 0.136 0.403
16.589 0.000 0.022 0.000 0.042 5.026 0.136 0.403
16.696 0.000 0.022 0.000 0.042 5.026 0.136 0.403
16.804 0.000 0.022 0.000 0.042 5.026 0.136 0.403
16.916 0.000 0.025 0.000 0.042 1.258 0.139 0.787
17.019 0.000 0.025 0.000 0.042 1.258 0.139 0.787
17.131 0.000 0.025 0.000 0.042 1.258 0.139 0.787
17.237 0.000 0.025 0.000 0.042 1.258 0.139 0.787
17.349 0.000 0.025 0.000 0.060 1.258 0.139 0.787
17.457 0.000 0.025 0.000 0.060 1.258 0.139 0.787
17.568 0.000 0.025 0.000 0.060 1.258 0.139 0.787
17.678 0.000 0.025 0.000 0.060 1.258 0.139 0.787
17.782 0.000 0.025 0.000 0.060 1.258 0.139 0.787
17.886 0.000 0.024 0.000 0.060 1.257 0.142 0.673
17.991 0.000 0.024 0.000 0.060 1.257 0.142 0.673
18.102 0.000 0.024 0.000 0.060 1.257 0.142 0.673
18.208 0.000 0.024 0.000 0.060 1.257 0.142 0.673
18.319 0.000 0.024 0.000 0.039 1.257 0.142 0.673
18.431 0.000 0.024 0.000 0.039 1.257 0.142 0.673
18.536 0.000 0.024 0.000 0.039 1.257 0.142 0.673
18.646 0.000 0.024 0.000 0.039 1.257 0.142 0.673
18.752 0.000 0.024 0.000 0.039 1.257 0.142 0.673
18.864 0.032 0.023 0.000 0.039 1.486 0.132 0.910
18.971 0.032 0.023 0.000 0.039 1.486 0.132 0.910
19.077 0.032 0.023 0.000 0.039 1.486 0.132 0.910
19.186 0.032 0.023 0.000 0.039 1.486 0.132 0.910
19.297 0.032 0.023 0.000 0.039 1.486 0.132 0.910
19.405 0.032 0.023 0.000 0.044 1.486 0.132 0.910
19.508 0.032 0.023 0.000 0.044 1.486 0.132 0.910
19.620 0.032 0.023 0.000 0.044 1.486 0.132 0.910
19.732 0.032 0.023 0.000 0.044 1.486 0.132 0.910
19.841 0.000 0.022 0.000 0.044 1.328 0.138 0.531
19.944 0.000 0.022 0.000 0.044 1.328 0.138 0.531
20.052 0.000 0.022 0.000 0.044 1.328 0.138 0.531
20.160 0.000 0.022 0.000 0.044 1.328 0.138 0.531
20.272 0.000 0.022 0.000 0.044 1.328 0.138 0.531
20.379 0.000 0.022 0.000 0.041 1.328 0.138 0.531
20.486 0.000 0.022 0.000 0.041 1.328 0.138 0.531
20.593 0.000 0.022 0.000 0.041 1.328 0.138 0.531
20.702 0.000 0.022 0.000 0.041 1.328 0.138 0.531
20.810 0.000 0.022 0.000 0.041 1.328 0.138 0.531
20.919 0.076 0.023 0.000 0.041 1.244 0.139 0.550
21.031 0.076 0.023 0.000 0.041 1.244 0.139 0.550
21.143 0.076 0.023 0.000 0.041 1.244 0.139 0.550
21.252 0.076 0.023 0.000 0.041 1.244 0.139 0.550
21.364 0.076 0.023 0.000 0.046 1.244 0.139 0.550
21.476 0.076 0.023 0.000 0.046 1.244 0.139 0.550
21.586 0.076 0.023 0.000 0.046 1.244 0.139 0.550
21.694 0.076 0.023 0.000 0.046 1.244 0.139 0.550
21.802 0.076 0.023 0.000 0.046 1.244 0.139 0.550
21.908 0.000 0.023 0.000 0.046 1.445 0.133 0.592
22.018 0.000 0.023 0.000 0.046 1.445 0.133 0.592
22.129 0.000 0.023 0.000 0.046 1.445 0.133 0.592
22.236 0.000 0.023 0.000 0.046 1.445 0.133 0.592
22.346 0.000 0.023 0.000 0.041 1.445 0.133 0.592
22.457 0.000 0.023 0.000 0.041 1.445 0.133 0.592
22.568 0.000 0.023 0.000 0.041 1.445 0.133 0.592
22.680 0.000 0.023 0.000 0.041 1.445 0.133 0.592
22.785 0.000 0.023 0.000 0.041 1.445 0.133 0.592
22.888 0.000 0.021 0.000 0.041 1.273 0.140 0.431
22.997 0.000 0.021 0.000 0.041 1.273 0.140 0.431
23.106 0.000 0.021 0.000 0.041 1.273 0.140 0.431
23.218 0.000 0.021 0.000 0.041 1.273 0.140 0.431
23.319 0.000 0.021 0.000 0.037 1.273 0.140 0.431
23.431 0.000 0.021 0.000 0.037 1.273 0.140 0.431
23.536 0.000 0.021 0.000 0.037 1.273 0.140 0.431
23.647 0.000 0.021 0.000 0.037 1.273 0.140 0.431
23.752 0.000 0.021 0.000 0.037 1.273 0.140 0.431
23.857 0.000 0.019 0.000 0.037 1.270 0.135 0.673
23.969 0.000 0.019 0.000 0.037 1.270 0.135 0.673
24.078 0.000 0.019 0.000 0.037 1.270 0.135 0.673
24.186 0.000 0.019 0.000 0.037 1.270 0.135 0.673
24.297 0.000 0.019 0.000 0.037 1.270 0.135 0.673
24.402 0.000 0.019 0.000 0.038 1.270 0.135 0.673
24.510 0.000 0.019 0.000 0.038 1.270 0.135 0.673
24.619 0.000 0.019 0.000 0.038 1.270 0.135 0.673
24.731 0.000 0.019 0.000 0.038 1.270 0.135 0.673
24.841 0.015 0.022 0.000 0.038 1.215 0.135 0.929
24.947 0.015 0.022 0.000 0.038 1.215 0.135 0.929
25.051 0.015 0.022 0.000 0.038 1.215 0.135 0.929
25.162 0.015 0.022 0.000 0.038 1.215 0.135 0.929
25.273 0.015 0.022 0.000 0.038 1.215 0.135 0.929
25.381 0.015 0.022 0.000 0.046 1.215 0.135 0.929
25.488 0.015 0.022 0.000 0.046 1.215 0.135 0.929
25.599 0.015 0.022 0.000 0.046 1.215 0.135 0.929
25.710 0.015 0.022 0.000 0.046 1.215 0.135 0.929
25.819 0.015 0.022 0.000 0.046 1.215 0.135 0.929
25.931 0.060 0.021 0.000 0.046 1.281 0.137 1.080
