0.000 0.000 0.020 0.000 0.038 1.215 0.139 0.440
0.111 0.000 0.020 0.000 0.038 1.215 0.139 0.440
0.223 0.000 0.020 0.000 0.038 1.215 0.139 0.440
0.334 0.000 0.020 0.000 0.038 1.215 0.139 0.440
0.441 0.000 0.022 0.000 0.038 1.201 0.141 0.568
0.544 0.000 0.022 0.000 0.038 1.201 0.141 0.568
0.653 0.000 0.022 0.000 0.038 1.201 0.141 0.568
0.761 0.000 0.022 0.000 0.038 1.201 0.141 0.568
0.873 0.000 0.022 0.000 0.039 1.201 0.141 0.568
0.984 0.000 0.022 0.000 0.039 1.201 0.141 0.568
1.088 0.000 0.022 0.000 0.039 1.201 0.141 0.568
1.200 0.000 0.022 0.000 0.039 1.201 0.141 0.568
1.311 0.000 0.022 0.000 0.039 1.201 0.141 0.568
1.422 1.042 0.025 0.000 0.039 1.232 0.134 1.033
1.533 1.042 0.025 0.000 0.039 1.232 0.134 1.033
1.642 1.042 0.025 0.000 0.039 1.232 0.134 1.033
1.753 1.042 0.025 0.000 0.039 1.232 0.134 1.033
1.860 1.042 0.025 0.000 0.089 1.232 0.134 1.033
1.970 1.042 0.025 0.000 0.089 1.232 0.134 1.033
2.080 1.042 0.025 0.000 0.089 1.232 0.134 1.033
2.187 1.042 0.025 0.000 0.089 1.232 0.134 1.033
2.289 1.042 0.025 0.000 0.089 1.232 0.134 1.033
2.401 0.082 0.056 0.000 0.089 2.855 0.140 2.364
2.504 0.082 0.056 0.000 0.089 2.855 0.140 2.364
2.615 0.082 0.056 0.000 0.089 2.855 0.140 2.364
2.727 0.082 0.056 0.000 0.089 2.855 0.140 2.364
2.838 0.082 0.056 0.000 0.089 2.855 0.140 2.364
2.949 0.082 0.056 0.000 0.115 2.855 0.140 2.364
3.054 0.082 0.056 0.000 0.115 2.855 0.140 2.364
3.158 0.082 0.056 0.000 0.115 2.855 0.140 2.364
3.269 0.082 0.056 0.000 0.115 2.855 0.140 2.364
3.380 2.843 1.045 0.000 0.115 1.638 0.145 9.977
3.491 2.843 1.045 0.000 0.115 1.638 0.145 9.977
3.602 2.843 1.045 0.000 0.115 1.638 0.145 9.977
3.714 2.843 1.045 0.000 0.115 1.638 0.145 9.977
3.825 2.843 1.045 0.000 0.115 1.638 0.145 9.977
3.936 2.843 1.045 0.000 0.183 1.638 0.145 9.977
4.047 2.843 1.045 0.000 0.183 1.638 0.145 9.977
4.158 2.843 1.045 0.000 0.183 1.638 0.145 9.977
4.260 2.843 1.045 0.000 0.183 1.638 0.145 9.977
4.366 2.798 1.081 0.000 0.183 7.568 0.143 5.352
4.468 2.798 1.081 0.000 0.183 7.568 0.143 5.352
4.579 2.798 1.081 0.000 0.183 7.568 0.143 5.352
4.681 2.798 1.081 0.000 0.183 7.568 0.143 5.352
4.786 2.798 1.081 0.000 0.183 7.568 0.143 5.352
4.897 2.798 1.081 0.000 0.173 7.568 0.143 5.352
4.999 2.798 1.081 0.000 0.173 7.568 0.143 5.352
5.111 2.798 1.081 0.000 0.173 7.568 0.143 5.352
5.222 2.798 1.081 0.000 0.173 7.568 0.143 5.352
5.323 2.798 1.081 0.000 0.173 7.568 0.143 5.352
5.434 2.903 1.055 0.000 0.173 7.727 0.140 6.235
5.546 2.903 1.055 0.000 0.173 7.727 0.140 6.235
5.648 2.903 1.055 0.000 0.173 7.727 0.140 6.235
5.750 2.903 1.055 0.000 0.173 7.727 0.140 6.235
5.859 2.903 1.055 0.000 0.193 7.727 0.140 6.235
5.961 2.903 1.055 0.000 0.193 7.727 0.140 6.235
6.072 2.903 1.055 0.000 0.193 7.727 0.140 6.235
6.183 2.903 1.055 0.000 0.193 7.727 0.140 6.235
6.294 2.903 1.055 0.000 0.193 7.727 0.140 6.235
6.406 2.862 1.051 0.000 0.193 7.813 0.140 5.379
6.507 2.862 1.051 0.000 0.193 7.813 0.140 5.379
6.618 2.862 1.051 0.000 0.193 7.813 0.140 5.379
6.722 2.862 1.051 0.000 0.193 7.813 0.140 5.379
6.833 2.862 1.051 0.000 0.193 7.813 0.140 5.379
6.934 2.862 1.051 0.000 0.173 7.813 0.140 5.379
7.046 2.862 1.051 0.000 0.173 7.813 0.140 5.379
7.157 2.862 1.051 0.000 0.173 7.813 0.140 5.379
7.260 2.862 1.051 0.000 0.173 7.813 0.140 5.379
7.361 2.872 1.087 0.000 0.173 7.874 0.138 5.496
7.463 2.872 1.087 0.000 0.173 7.874 0.138 5.496
7.574 2.872 1.087 0.000 0.173 7.874 0.138 5.496
7.686 2.872 1.087 0.000 0.173 7.874 0.138 5.496
7.797 2.872 1.087 0.000 0.173 7.874 0.138 5.496
7.908 2.872 1.087 0.000 0.173 7.874 0.138 5.496
8.019 2.872 1.087 0.000 0.173 7.874 0.138 5.496
8.121 2.872 1.087 0.000 0.173 7.874 0.138 5.496
8.232 2.872 1.087 0.000 0.173 7.874 0.138 5.496
8.343 2.872 1.087 0.000 0.173 7.874 0.138 5.496
8.455 2.826 1.065 0.000 0.173 7.690 0.142 5.523
8.566 2.826 1.065 0.000 0.173 7.690 0.142 5.523
8.668 2.826 1.065 0.000 0.173 7.690 0.142 5.523
8.779 2.826 1.065 0.000 0.173 7.690 0.142 5.523
8.880 2.826 1.065 0.000 0.205 7.690 0.142 5.523
8.991 2.826 1.065 0.000 0.205 7.690 0.142 5.523
9.093 2.826 1.065 0.000 0.205 7.690 0.142 5.523
9.204 2.826 1.065 0.000 0.205 7.690 0.142 5.523
9.313 2.826 1.065 0.000 0.205 7.690 0.142 5.523
9.414 3.016 1.173 0.000 0.205 7.689 0.150 6.613
9.526 3.016 1.173 0.000 0.205 7.689 0.150 6.613
9.636 3.016 1.173 0.000 0.205 7.689 0.150 6.613
9.739 3.016 1.173 0.000 0.205 7.689 0.150 6.613
9.846 3.016 1.173 0.000 0.205 7.689 0.150 6.613
9.957 3.016 1.173 0.000 0.288 7.689 0.150 6.613
10.068 3.016 1.173 0.000 0.288 7.689 0.150 6.613
10.179 3.016 1.173 0.000 0.288 7.689 0.150 6.613
10.282 3.016 1.173 0.000 0.288 7.689 0.150 6.613
10.384 3.152 1.212 0.000 0.288 9.288 0.149 8.274
10.495 3.152 1.212 0.000 0.288 9.288 0.149 8.274
10.596 3.152 1.212 0.000 0.288 9.288 0.149 8.274
10.698 3.152 1.212 0.000 0.288 9.288 0.149 8.274
10.803 3.152 1.212 0.000 0.288 9.288 0.149 8.274
10.904 3.152 1.212 0.000 0.315 9.288 0.149 8.274
11.006 3.152 1.212 0.000 0.315 9.288 0.149 8.274
11.112 3.152 1.212 0.000 0.315 9.288 0.149 8.274
11.223 3.152 1.212 0.000 0.315 9.288 0.149 8.274
11.324 3.152 1.212 0.000 0.315 9.288 0.149 8.274
11.435 3.057 1.202 0.000 0.315 9.966 0.162 8.646
11.536 3.057 1.202 0.000 0.315 9.966 0.162 8.646
11.647 3.057 1.202 0.000 0.315 9.966 0.162 8.646
11.749 3.057 1.202 0.000 0.315 9.966 0.162 8.646
11.860 3.057 1.202 0.000 0.294 9.966 0.162 8.646
11.963 3.057 1.202 0.000 0.294 9.966 0.162 8.646
12.074 3.057 1.202 0.000 0.294 9.966 0.162 8.646
12.175 3.057 1.202 0.000 0.294 9.966 0.162 8.646
12.278 3.057 1.202 0.000 0.294 9.966 0.162 8.646
12.384 2.912 1.094 0.000 0.294 10.309 0.153 5.403
12.486 2.912 1.094 0.000 0.294 10.309 0.153 5.403
12.597 2.912 1.094 0.000 0.294 10.309 0.153 5.403
12.708 2.912 1.094 0.000 0.294 10.309 0.153 5.403
12.810 2.912 1.094 0.000 0.294 10.309 0.153 5.403
12.921 2.912 1.094 0.000 0.183 10.309 0.153 5.403
13.032 2.912 1.094 0.000 0.183 10.309 0.153 5.403
13.143 2.912 1.094 0.000 0.183 10.309 0.153 5.403
13.254 2.912 1.094 0.000 0.183 10.309 0.153 5.403
13.357 2.839 1.095 0.000 0.183 8.407 0.139 5.450
13.468 2.839 1.095 0.000 0.183 8.407 0.139 5.450
13.571 2.839 1.095 0.000 0.183 8.407 0.139 5.450
13.682 2.839 1.095 0.000 0.183 8.407 0.139 5.450
13.793 2.839 1.095 0.000 0.183 8.407 0.139 5.450
13.895 2.839 1.095 0.000 0.183 8.407 0.139 5.450
13.997 2.839 1.095 0.000 0.183 8.407 0.139 5.450
14.108 2.839 1.095 0.000 0.183 8.407 0.139 5.450
14.219 2.839 1.095 0.000 0.183 8.407 0.139 5.450
14.321 2.839 1.095 0.000 0.183 8.407 0.139 5.450
14.424 2.998 1.090 0.000 0.183 7.724 0.144 6.229
14.535 2.998 1.090 0.000 0.183 7.724 0.144 6.229
14.646 2.998 1.090 0.000 0.183 7.724 0.144 6.229
14.757 2.998 1.090 0.000 0.183 7.724 0.144 6.229
14.866 2.998 1.090 0.000 0.139 7.724 0.144 6.229
14.978 2.998 1.090 0.000 0.139 7.724 0.144 6.229
15.087 2.998 1.090 0.000 0.139 7.724 0.144 6.229
15.198 2.998 1.090 0.000 0.139 7.724 0.144 6.229
15.303 2.998 1.090 0.000 0.139 7.724 0.144 6.229
15.408 0.632 0.244 0.000 0.139 7.863 0.136 0.416
15.519 0.632 0.244 0.000 0.139 7.863 0.136 0.416
15.625 0.632 0.244 0.000 0.139 7.863 0.136 0.416
15.737 0.632 0.244 0.000 0.139 7.863 0.136 0.416
15.844 0.632 0.244 0.000 0.139 7.863 0.136 0.416
15.953 0.632 0.244 0.000 0.043 7.863 0.136 0.416
16.061 0.632 0.244 0.000 0.043 7.863 0.136 0.416
16.172 0.632 0.244 0.000 0.043 7.863 0.136 0.416
16.278 0.632 0.244 0.000 0.043 7.863 0.136 0.416
16.389 0.020 0.025 0.000 0.043 2.735 0.143 0.777
16.500 0.020 0.025 0.000 0.043 2.735 0.143 0.777
16.611 0.020 0.025 0.000 0.043 2.735 0.143 0.777
16.720 0.020 0.025 0.000 0.043 2.735 0.143 0.777
16.832 0.020 0.025 0.000 0.043 2.735 0.143 0.777
16.935 0.020 0.025 0.000 0.042 2.735 0.143 0.777
17.045 0.020 0.025 0.000 0.042 2.735 0.143 0.777
17.152 0.020 0.025 0.000 0.042 2.735 0.143 0.777
17.259 0.020 0.025 0.000 0.042 2.735 0.143 0.777
17.362 0.000 0.025 0.000 0.042 1.275 0.139 0.706
17.470 0.000 0.025 0.000 0.042 1.275 0.139 0.706
17.578 0.000 0.025 0.000 0.042 1.275 0.139 0.706
17.689 0.000 0.025 0.000 0.042 1.275 0.139 0.706
17.796 0.000 0.025 0.000 0.042 1.275 0.139 0.706
17.903 0.000 0.025 0.000 0.058 1.275 0.139 0.706
18.011 0.000 0.025 0.000 0.058 1.275 0.139 0.706
18.118 0.000 0.025 0.000 0.058 1.275 0.139 0.706
18.230 0.000 0.025 0.000 0.058 1.275 0.139 0.706
18.342 0.000 0.025 0.000 0.058 1.275 0.139 0.706
18.453 0.000 0.021 0.000 0.058 1.492 0.131 0.700
18.562 0.000 0.021 0.000 0.058 1.492 0.131 0.700
18.670 0.000 0.021 0.000 0.058 1.492 0.131 0.700
18.778 0.000 0.021 0.000 0.058 1.492 0.131 0.700
18.887 0.000 0.021 0.000 0.040 1.492 0.131 0.700
18.998 0.000 0.021 0.000 0.040 1.492 0.131 0.700
19.103 0.000 0.021 0.000 0.040 1.492 0.131 0.700
19.211 0.000 0.021 0.000 0.040 1.492 0.131 0.700
19.320 0.000 0.021 0.000 0.040 1.492 0.131 0.700
19.432 0.000 0.023 0.000 0.040 1.355 0.136 0.628
19.537 0.000 0.023 0.000 0.040 1.355 0.136 0.628
19.645 0.000 0.023 0.000 0.040 1.355 0.136 0.628
19.754 0.000 0.023 0.000 0.040 1.355 0.136 0.628
19.857 0.000 0.023 0.000 0.039 1.355 0.136 0.628
19.969 0.000 0.023 0.000 0.039 1.355 0.136 0.628
20.080 0.000 0.023 0.000 0.039 1.355 0.136 0.628
20.185 0.000 0.023 0.000 0.039 1.355 0.136 0.628
20.296 0.000 0.023 0.000 0.039 1.355 0.136 0.628
20.408 0.000 0.023 0.000 0.039 1.217 0.135 0.941
20.518 0.000 0.023 0.000 0.039 1.217 0.135 0.941
20.626 0.000 0.023 0.000 0.039 1.217 0.135 0.941
20.737 0.000 0.023 0.000 0.039 1.217 0.135 0.941
20.845 0.000 0.023 0.000 0.039 1.217 0.135 0.941
20.957 0.000 0.023 0.000 0.045 1.217 0.135 0.941
21.059 0.000 0.023 0.000 0.045 1.217 0.135 0.941
21.166 0.000 0.023 0.000 0.045 1.217 0.135 0.941
21.273 0.000 0.023 0.000 0.045 1.217 0.135 0.941
21.380 0.000 0.023 0.000 0.045 1.228 0.141 0.455
21.482 0.000 0.023 0.000 0.045 1.228 0.141 0.455
21.589 0.000 0.023 0.000 0.045 1.228 0.141 0.455
21.701 0.000 0.023 0.000 0.045 1.228 0.141 0.455
21.810 0.000 0.023 0.000 0.045 1.228 0.141 0.455
21.917 0.000 0.023 0.000 0.044 1.228 0.141 0.455
22.020 0.000 0.023 0.000 0.044 1.228 0.141 0.455
22.125 0.000 0.023 0.000 0.044 1.228 0.141 0.455
22.236 0.000 0.023 0.000 0.044 1.228 0.141 0.455
22.340 0.000 0.023 0.000 0.044 1.228 0.141 0.455
22.445 0.000 0.023 0.000 0.044 1.268 0.136 0.531
22.557 0.000 0.023 0.000 0.044 1.268 0.136 0.531
22.659 0.000 0.023 0.000 0.044 1.268 0.136 0.531
22.770 0.000 0.023 0.000 0.044 1.268 0.136 0.531
22.882 0.000 0.023 0.000 0.055 1.268 0.136 0.531
22.993 0.000 0.023 0.000 0.055 1.268 0.136 0.531
23.105 0.000 0.023 0.000 0.055 1.268 0.136 0.531
23.211 0.000 0.023 0.000 0.055 1.268 0.136 0.531
23.320 0.000 0.023 0.000 0.055 1.268 0.136 0.531
23.429 0.000 0.020 0.000 0.055 1.314 0.140 0.436
23.531 0.000 0.020 0.000 0.055 1.314 0.140 0.436
23.634 0.000 0.020 0.000 0.055 1.314 0.140 0.436
23.745 0.000 0.020 0.000 0.055 1.314 0.140 0.436
23.853 0.000 0.020 0.000 0.042 1.314 0.140 0.436
23.965 0.000 0.020 0.000 0.042 1.314 0.140 0.436
24.075 0.000 0.020 0.000 0.042 1.314 0.140 0.436
24.187 0.000 0.020 0.000 0.042 1.314 0.140 0.436
24.298 0.000 0.020 0.000 0.042 1.314 0.140 0.436
24.401 0.033 0.023 0.000 0.042 1.276 0.136 0.892
24.504 0.033 0.023 0.000 0.042 1.276 0.136 0.892
24.615 0.033 0.023 0.000 0.042 1.276 0.136 0.892
24.726 0.033 0.023 0.000 0.042 1.276 0.136 0.892
24.837 0.033 0.023 0.000 0.042 1.276 0.136 0.892
24.945 0.033 0.023 0.000 0.039 1.276 0.136 0.892
25.053 0.033 0.023 0.000 0.039 1.276 0.136 0.892
25.164 0.033 0.023 0.000 0.039 1.276 0.136 0.892
25.272 0.033 0.023 0.000 0.039 1.276 0.136 0.892
25.383 0.000 0.022 0.000 0.039 1.346 0.136 0.999
25.491 0.000 0.022 0.000 0.039 1.346 0.136 0.999
25.594 0.000 0.022 0.000 0.039 1.346 0.136 0.999
25.703 0.000 0.022 0.000 0.039 1.346 0.136 0.999
25.813 0.000 0.022 0.000 0.039 1.346 0.136 0.999
25.922 0.000 0.022 0.000 0.052 1.346 0.136 0.999
