0.000 0.035 0.020 0.000 0.044 1.271 0.137 0.569
0.111 0.035 0.020 0.000 0.044 1.271 0.137 0.569
0.221 0.035 0.020 0.000 0.044 1.271 0.137 0.569
0.332 0.035 0.020 0.000 0.044 1.271 0.137 0.569
0.444 0.035 0.020 0.000 0.044 1.271 0.137 0.569
0.549 0.035 0.020 0.000 0.040 1.271 0.137 0.569
0.657 0.035 0.020 0.000 0.040 1.271 0.137 0.569
0.769 0.035 0.020 0.000 0.040 1.271 0.137 0.569
0.880 0.035 0.020 0.000 0.040 1.271 0.137 0.569
0.986 0.000 0.020 0.000 0.040 1.383 0.137 0.497
1.097 0.000 0.020 0.000 0.040 1.383 0.137 0.497
1.208 0.000 0.020 0.000 0.040 1.383 0.137 0.497
1.319 0.000 0.020 0.000 0.040 1.383 0.137 0.497
1.430 0.000 0.020 0.000 0.040 1.383 0.137 0.497
1.538 0.000 0.020 0.000 0.068 1.383 0.137 0.497
1.641 0.000 0.020 0.000 0.068 1.383 0.137 0.497
1.752 0.000 0.020 0.000 0.068 1.383 0.137 0.497
1.857 0.000 0.020 0.000 0.068 1.383 0.137 0.497
1.967 0.981 0.100 0.000 0.068 1.237 0.179 6.480
2.070 0.981 0.100 0.000 0.068 1.237 0.179 6.480
2.171 0.981 0.100 0.000 0.068 1.237 0.179 6.480
2.275 0.981 0.100 0.000 0.068 1.237 0.179 6.480
2.377 0.981 0.100 0.000 0.068 1.237 0.179 6.480
2.489 0.981 0.100 0.790 1.232 1.237 0.179 6.480
2.599 0.981 0.100 0.790 1.232 1.237 0.179 6.480
2.708 0.981 0.100 0.790 1.232 1.237 0.179 6.480
2.811 0.981 0.100 0.790 1.232 1.237 0.179 6.480
2.922 0.981 0.100 0.790 1.232 1.237 0.179 6.480
3.024 6.915 1.455 0.790 1.232 3.216 0.415 12.767
3.135 6.915 1.455 0.790 1.232 3.216 0.415 12.767
3.236 6.915 1.455 0.790 1.232 3.216 0.415 12.767
3.347 6.915 1.455 0.790 1.232 3.216 0.415 12.767
3.449 6.915 1.455 0.790 1.232 3.216 0.415 12.767
3.554 6.915 1.455 0.000 2.069 3.216 0.415 12.767
3.658 6.915 1.455 0.000 2.069 3.216 0.415 12.767
3.761 6.915 1.455 0.000 2.069 3.216 0.415 12.767
3.872 6.915 1.455 0.000 2.069 3.216 0.415 12.767
3.975 7.666 1.521 0.000 2.069 17.385 0.412 14.348
4.078 7.666 1.521 0.000 2.069 17.385 0.412 14.348
4.189 7.666 1.521 0.000 2.069 17.385 0.412 14.348
4.300 7.666 1.521 0.000 2.069 17.385 0.412 14.348
4.403 7.666 1.521 0.000 2.069 17.385 0.412 14.348
4.515 7.666 1.521 0.000 2.121 17.385 0.412 14.348
4.626 7.666 1.521 0.000 2.121 17.385 0.412 14.348
4.728 7.666 1.521 0.000 2.121 17.385 0.412 14.348
4.832 7.666 1.521 0.000 2.121 17.385 0.412 14.348
4.943 7.666 1.521 0.000 2.121 17.385 0.412 14.348
5.054 7.521 1.548 0.000 2.121 17.948 0.420 13.392
5.165 7.521 1.548 0.000 2.121 17.948 0.420 13.392
5.273 7.521 1.548 0.000 2.121 17.948 0.420 13.392
5.384 7.521 1.548 0.000 2.121 17.948 0.420 13.392
5.492 7.521 1.548 0.000 2.099 17.948 0.420 13.392
5.604 7.521 1.548 0.000 2.099 17.948 0.420 13.392
5.708 7.521 1.548 0.000 2.099 17.948 0.420 13.392
5.819 7.521 1.548 0.000 2.099 17.948 0.420 13.392
5.928 7.521 1.548 0.000 2.099 17.948 0.420 13.392
6.037 7.346 1.535 0.000 2.099 18.542 0.419 14.100
6.141 7.346 1.535 0.000 2.099 18.542 0.419 14.100
6.252 7.346 1.535 0.000 2.099 18.542 0.419 14.100
6.359 7.346 1.535 0.000 2.099 18.542 0.419 14.100
6.463 7.346 1.535 0.778 2.099 18.542 0.419 14.100
6.574 7.346 1.535 0.778 2.099 18.542 0.419 14.100
6.685 7.346 1.535 0.778 2.099 18.542 0.419 14.100
6.796 7.346 1.535 0.778 2.099 18.542 0.419 14.100
6.900 7.346 1.535 0.778 2.099 18.542 0.419 14.100
7.011 7.349 1.512 0.778 2.099 18.074 0.414 13.157
7.115 7.349 1.512 0.778 2.099 18.074 0.414 13.157
7.219 7.349 1.512 0.778 2.099 18.074 0.414 13.157
7.323 7.349 1.512 0.778 2.099 18.074 0.414 13.157
7.425 7.349 1.512 0.778 2.099 18.074 0.414 13.157
7.532 7.349 1.512 0.000 2.107 18.074 0.414 13.157
7.638 7.349 1.512 0.000 2.107 18.074 0.414 13.157
7.749 7.349 1.512 0.000 2.107 18.074 0.414 13.157
7.853 7.349 1.512 0.000 2.107 18.074 0.414 13.157
7.957 7.349 1.512 0.000 2.107 18.074 0.414 13.157
8.068 7.483 1.537 0.000 2.107 17.993 0.420 13.184
8.180 7.483 1.537 0.000 2.107 17.993 0.420 13.184
8.281 7.483 1.537 0.000 2.107 17.993 0.420 13.184
8.392 7.483 1.537 0.000 2.107 17.993 0.420 13.184
8.494 7.483 1.537 0.000 2.099 17.993 0.420 13.184
8.600 7.483 1.537 0.000 2.099 17.993 0.420 13.184
8.711 7.483 1.537 0.000 2.099 17.993 0.420 13.184
8.814 7.483 1.537 0.000 2.099 17.993 0.420 13.184
8.918 7.483 1.537 0.000 2.099 17.993 0.420 13.184
9.022 7.713 1.560 0.000 2.099 18.126 0.419 12.616
9.126 7.713 1.560 0.000 2.099 18.126 0.419 12.616
9.237 7.713 1.560 0.000 2.099 18.126 0.419 12.616
9.339 7.713 1.560 0.000 2.099 18.126 0.419 12.616
9.450 7.713 1.560 0.000 2.099 18.126 0.419 12.616
9.561 7.713 1.560 0.000 2.105 18.126 0.419 12.616
9.664 7.713 1.560 0.000 2.105 18.126 0.419 12.616
9.769 7.713 1.560 0.000 2.105 18.126 0.419 12.616
9.874 7.713 1.560 0.000 2.105 18.126 0.419 12.616
9.978 7.614 1.565 0.000 2.105 18.062 0.416 13.503
10.089 7.614 1.565 0.000 2.105 18.062 0.416 13.503
10.192 7.614 1.565 0.000 2.105 18.062 0.416 13.503
10.303 7.614 1.565 0.000 2.105 18.062 0.416 13.503
10.414 7.614 1.565 0.000 2.105 18.062 0.416 13.503
10.517 7.614 1.565 0.792 2.097 18.062 0.416 13.503
10.621 7.614 1.565 0.792 2.097 18.062 0.416 13.503
10.723 7.614 1.565 0.792 2.097 18.062 0.416 13.503
10.826 7.614 1.565 0.792 2.097 18.062 0.416 13.503
10.930 7.614 1.565 0.792 2.097 18.062 0.416 13.503
11.033 7.295 1.509 0.792 2.097 18.306 0.420 13.866
11.136 7.295 1.509 0.792 2.097 18.306 0.420 13.866
11.248 7.295 1.509 0.792 2.097 18.306 0.420 13.866
11.350 7.295 1.509 0.792 2.097 18.306 0.420 13.866
11.459 7.295 1.509 0.782 2.127 18.306 0.420 13.866
11.570 7.295 1.509 0.782 2.127 18.306 0.420 13.866
11.681 7.295 1.509 0.782 2.127 18.306 0.420 13.866
11.792 7.295 1.509 0.782 2.127 18.306 0.420 13.866
11.903 7.295 1.509 0.782 2.127 18.306 0.420 13.866
12.006 7.474 1.557 0.782 2.127 18.095 0.419 13.644
12.110 7.474 1.557 0.782 2.127 18.095 0.419 13.644
12.221 7.474 1.557 0.782 2.127 18.095 0.419 13.644
12.333 7.474 1.557 0.782 2.127 18.095 0.419 13.644
12.435 7.474 1.557 0.782 2.127 18.095 0.419 13.644
12.540 7.474 1.557 0.000 2.107 18.095 0.419 13.644
12.644 7.474 1.557 0.000 2.107 18.095 0.419 13.644
12.755 7.474 1.557 0.000 2.107 18.095 0.419 13.644
12.865 7.474 1.557 0.000 2.107 18.095 0.419 13.644
12.977 7.637 1.554 0.000 2.107 18.614 0.420 13.871
13.088 7.637 1.554 0.000 2.107 18.614 0.420 13.871
13.191 7.637 1.554 0.000 2.107 18.614 0.420 13.871
13.295 7.637 1.554 0.000 2.107 18.614 0.420 13.871
13.402 7.637 1.554 0.000 2.107 18.614 0.420 13.871
13.513 7.637 1.554 0.746 2.099 18.614 0.420 13.871
13.624 7.637 1.554 0.746 2.099 18.614 0.420 13.871
13.735 7.637 1.554 0.746 2.099 18.614 0.420 13.871
13.840 7.637 1.554 0.746 2.099 18.614 0.420 13.871
13.951 7.637 1.554 0.746 2.099 18.614 0.420 13.871
14.062 7.725 1.609 0.746 2.099 18.297 0.418 13.486
14.171 7.725 1.609 0.746 2.099 18.297 0.418 13.486
14.279 7.725 1.609 0.746 2.099 18.297 0.418 13.486
14.381 7.725 1.609 0.746 2.099 18.297 0.418 13.486
14.485 7.725 1.609 0.772 2.096 18.297 0.418 13.486
14.592 7.725 1.609 0.772 2.096 18.297 0.418 13.486
14.703 7.725 1.609 0.772 2.096 18.297 0.418 13.486
14.815 7.725 1.609 0.772 2.096 18.297 0.418 13.486
14.924 7.725 1.609 0.772 2.096 18.297 0.418 13.486
15.029 4.537 0.927 0.772 2.096 18.153 0.313 0.642
15.132 4.537 0.927 0.772 2.096 18.153 0.313 0.642
15.236 4.537 0.927 0.772 2.096 18.153 0.313 0.642
15.347 4.537 0.927 0.772 2.096 18.153 0.313 0.642
15.449 4.537 0.927 0.772 2.096 18.153 0.313 0.642
15.559 4.537 0.927 0.000 0.289 18.153 0.313 0.642
15.669 4.537 0.927 0.000 0.289 18.153 0.313 0.642
15.777 4.537 0.927 0.000 0.289 18.153 0.313 0.642
15.888 4.537 0.927 0.000 0.289 18.153 0.313 0.642
15.999 0.000 0.022 0.000 0.289 11.725 0.141 0.462
16.103 0.000 0.022 0.000 0.289 11.725 0.141 0.462
16.205 0.000 0.022 0.000 0.289 11.725 0.141 0.462
16.316 0.000 0.022 0.000 0.289 11.725 0.141 0.462
16.428 0.000 0.022 0.000 0.289 11.725 0.141 0.462
16.532 0.000 0.022 0.000 0.049 11.725 0.141 0.462
16.643 0.000 0.022 0.000 0.049 11.725 0.141 0.462
16.749 0.000 0.022 0.000 0.049 11.725 0.141 0.462
16.861 0.000 0.022 0.000 0.049 11.725 0.141 0.462
16.971 0.000 0.023 0.000 0.049 1.255 0.144 1.070
17.082 0.000 0.023 0.000 0.049 1.255 0.144 1.070
17.188 0.000 0.023 0.000 0.049 1.255 0.144 1.070
17.300 0.000 0.023 0.000 0.049 1.255 0.144 1.070
17.403 0.000 0.023 0.000 0.049 1.255 0.144 1.070
17.511 0.000 0.023 0.000 0.057 1.255 0.144 1.070
17.623 0.000 0.023 0.000 0.057 1.255 0.144 1.070
17.733 0.000 0.023 0.000 0.057 1.255 0.144 1.070
17.836 0.000 0.023 0.000 0.057 1.255 0.144 1.070
17.938 0.000 0.023 0.000 0.057 1.255 0.144 1.070
18.050 0.000 0.021 0.000 0.057 1.544 0.137 0.426
18.161 0.000 0.021 0.000 0.057 1.544 0.137 0.426
18.273 0.000 0.021 0.000 0.057 1.544 0.137 0.426
18.382 0.000 0.021 0.000 0.057 1.544 0.137 0.426
18.493 0.000 0.021 0.000 0.047 1.544 0.137 0.426
18.597 0.000 0.021 0.000 0.047 1.544 0.137 0.426
18.703 0.000 0.021 0.000 0.047 1.544 0.137 0.426
18.805 0.000 0.021 0.000 0.047 1.544 0.137 0.426
18.917 0.000 0.021 0.000 0.047 1.544 0.137 0.426
19.023 0.000 0.024 0.000 0.047 1.457 0.134 0.517
19.126 0.000 0.024 0.000 0.047 1.457 0.134 0.517
19.238 0.000 0.024 0.000 0.047 1.457 0.134 0.517
19.343 0.000 0.024 0.000 0.047 1.457 0.134 0.517
19.455 0.000 0.024 0.000 0.047 1.457 0.134 0.517
19.566 0.000 0.024 0.000 0.060 1.457 0.134 0.517
19.677 0.000 0.024 0.000 0.060 1.457 0.134 0.517
19.784 0.000 0.024 0.000 0.060 1.457 0.134 0.517
19.892 0.000 0.024 0.000 0.060 1.457 0.134 0.517
19.999 0.108 0.025 0.000 0.060 1.350 0.147 0.588
20.103 0.108 0.025 0.000 0.060 1.350 0.147 0.588
20.211 0.108 0.025 0.000 0.060 1.350 0.147 0.588
20.316 0.108 0.025 0.000 0.060 1.350 0.147 0.588
20.425 0.108 0.025 0.000 0.060 1.350 0.147 0.588
20.532 0.108 0.025 0.000 0.049 1.350 0.147 0.588
20.644 0.108 0.025 0.000 0.049 1.350 0.147 0.588
20.749 0.108 0.025 0.000 0.049 1.350 0.147 0.588
20.859 0.108 0.025 0.000 0.049 1.350 0.147 0.588
20.968 0.000 0.021 0.000 0.049 1.636 0.134 0.957
21.075 0.000 0.021 0.000 0.049 1.636 0.134 0.957
21.184 0.000 0.021 0.000 0.049 1.636 0.134 0.957
21.286 0.000 0.021 0.000 0.049 1.636 0.134 0.957
21.398 0.000 0.021 0.000 0.049 1.636 0.134 0.957
21.510 0.000 0.021 0.000 0.039 1.636 0.134 0.957
21.619 0.000 0.021 0.000 0.039 1.636 0.134 0.957
21.721 0.000 0.021 0.000 0.039 1.636 0.134 0.957
21.824 0.000 0.021 0.000 0.039 1.636 0.134 0.957
21.932 0.000 0.021 0.000 0.039 1.636 0.134 0.957
22.044 0.000 0.021 0.000 0.039 1.224 0.136 0.830
22.149 0.000 0.021 0.000 0.039 1.224 0.136 0.830
22.260 0.000 0.021 0.000 0.039 1.224 0.136 0.830
22.362 0.000 0.021 0.000 0.039 1.224 0.136 0.830
22.468 0.000 0.021 0.000 0.039 1.224 0.136 0.830
22.579 0.000 0.021 0.000 0.039 1.224 0.136 0.830
22.690 0.000 0.021 0.000 0.039 1.224 0.136 0.830
22.797 0.000 0.021 0.000 0.039 1.224 0.136 0.830
22.905 0.000 0.021 0.000 0.039 1.224 0.136 0.830
23.016 0.000 0.022 0.000 0.039 1.225 0.136 0.581
23.127 0.000 0.022 0.000 0.039 1.225 0.136 0.581
23.239 0.000 0.022 0.000 0.039 1.225 0.136 0.581
23.349 0.000 0.022 0.000 0.039 1.225 0.136 0.581
23.451 0.000 0.022 0.000 0.039 1.225 0.136 0.581
23.560 0.000 0.022 0.000 0.039 1.225 0.136 0.581
23.667 0.000 0.022 0.000 0.039 1.225 0.136 0.581
23.775 0.000 0.022 0.000 0.039 1.225 0.136 0.581
23.885 0.000 0.022 0.000 0.039 1.225 0.136 0.581
23.996 0.010 0.021 0.000 0.039 1.231 0.143 0.564
24.103 0.010 0.021 0.000 0.039 1.231 0.143 0.564
24.207 0.010 0.021 0.000 0.039 1.231 0.143 0.564
24.316 0.010 0.021 0.000 0.039 1.231 0.143 0.564
24.427 0.010 0.021 0.000 0.039 1.231 0.143 0.564
24.536 0.010 0.021 0.000 0.062 1.231 0.143 0.564
24.648 0.010 0.021 0.000 0.062 1.231 0.143 0.564
24.757 0.010 0.021 0.000 0.062 1.231 0.143 0.564
24.866 0.010 0.021 0.000 0.062 1.231 0.143 0.564
24.974 0.072 0.019 0.000 0.062 1.452 0.139 0.426
25.085 0.072 0.019 0.000 0.062 1.452 0.139 0.426
25.190 0.072 0.019 0.000 0.062 1.452 0.139 0.426
25.301 0.072 0.019 0.000 0.062 1.452 0.139 0.426
25.409 0.072 0.019 0.000 0.062 1.452 0.139 0.426
25.516 0.072 0.019 0.000 0.047 1.452 0.139 0.426
25.628 0.072 0.019 0.000 0.047 1.452 0.139 0.426
25.732 0.072 0.019 0.000 0.047 1.452 0.139 0.426
25.838 0.072 0.019 0.000 0.047 1.452 0.139 0.426
25.949 0.072 0.019 0.000 0.047 1.452 0.139 0.426
