0.000 0.000 0.022 0.000 0.039 1.235 0.132 0.381
0.111 0.000 0.022 0.000 0.037 1.235 0.132 0.381
0.222 0.000 0.022 0.000 0.037 1.235 0.132 0.381
0.327 0.000 0.022 0.000 0.037 1.235 0.132 0.381
0.437 0.000 0.022 0.000 0.037 1.235 0.132 0.381
0.548 0.000 0.023 0.000 0.037 1.209 0.134 0.384
0.660 0.000 0.023 0.000 0.037 1.209 0.134 0.384
0.768 0.000 0.023 0.000 0.037 1.209 0.134 0.384
0.872 0.000 0.023 0.000 0.037 1.209 0.134 0.384
0.977 0.000 0.023 0.000 0.037 1.209 0.134 0.384
1.087 0.000 0.023 0.000 0.040 1.209 0.134 0.384
1.198 0.000 0.023 0.000 0.040 1.209 0.134 0.384
1.310 0.000 0.023 0.000 0.040 1.209 0.134 0.384
1.421 0.000 0.023 0.000 0.040 1.209 0.134 0.384
1.532 1.955 0.029 0.000 0.040 1.240 0.140 5.567
1.643 1.955 0.029 0.000 0.040 1.240 0.140 5.567
1.754 1.955 0.029 0.000 0.040 1.240 0.140 5.567
1.865 1.955 0.029 0.000 0.040 1.240 0.140 5.567
1.976 1.955 0.029 0.000 0.040 1.240 0.140 5.567
2.087 1.955 0.029 0.000 0.126 1.240 0.140 5.567
2.198 1.955 0.029 0.000 0.126 1.240 0.140 5.567
2.310 1.955 0.029 0.000 0.126 1.240 0.140 5.567
2.421 1.955 0.029 0.000 0.126 1.240 0.140 5.567
2.532 4.552 0.027 0.000 0.126 4.093 0.147 6.121
2.643 4.552 0.027 0.000 0.126 4.093 0.147 6.121
2.754 4.552 0.027 0.000 0.126 4.093 0.147 6.121
2.866 4.552 0.027 0.000 0.126 4.093 0.147 6.121
2.977 4.552 0.027 0.000 0.126 4.093 0.147 6.121
3.088 4.552 0.027 0.000 0.107 4.093 0.147 6.121
3.199 4.552 0.027 0.000 0.107 4.093 0.147 6.121
3.310 4.552 0.027 0.000 0.107 4.093 0.147 6.121
3.421 4.552 0.027 0.000 0.107 4.093 0.147 6.121
3.533 4.043 0.026 0.000 0.107 7.806 0.141 0.520
3.644 4.043 0.026 0.000 0.107 7.806 0.141 0.520
3.752 4.043 0.026 0.000 0.107 7.806 0.141 0.520
3.862 4.043 0.026 0.000 0.107 7.806 0.141 0.520
3.965 4.043 0.026 0.000 0.107 7.806 0.141 0.520
4.071 4.043 0.026 0.000 0.119 7.806 0.141 0.520
4.182 4.043 0.026 0.000 0.119 7.806 0.141 0.520
4.292 4.043 0.026 0.000 0.119 7.806 0.141 0.520
4.402 4.043 0.026 0.000 0.119 7.806 0.141 0.520
4.513 4.043 0.026 0.000 0.119 7.806 0.141 0.520
4.624 0.532 0.201 0.000 0.119 7.065 0.219 9.415
4.736 0.532 0.201 0.000 0.119 7.065 0.219 9.415
4.847 0.532 0.201 0.000 0.119 7.065 0.219 9.415
4.955 0.532 0.201 0.000 0.119 7.065 0.219 9.415
5.067 0.532 0.201 0.521 1.410 7.065 0.219 9.415
5.178 0.532 0.201 0.521 1.410 7.065 0.219 9.415
5.289 0.532 0.201 0.521 1.410 7.065 0.219 9.415
5.400 0.532 0.201 0.521 1.410 7.065 0.219 9.415
5.511 0.532 0.201 0.521 1.410 7.065 0.219 9.415
5.622 5.521 1.081 0.521 1.410 3.558 0.378 11.072
5.733 5.521 1.081 0.521 1.410 3.558 0.378 11.072
5.845 5.521 1.081 0.521 1.410 3.558 0.378 11.072
5.953 5.521 1.081 0.521 1.410 3.558 0.378 11.072
6.064 5.521 1.081 0.508 1.346 3.558 0.378 11.072
6.173 5.521 1.081 0.508 1.346 3.558 0.378 11.072
6.282 5.521 1.081 0.508 1.346 3.558 0.378 11.072
6.393 5.521 1.081 0.508 1.346 3.558 0.378 11.072
6.495 5.521 1.081 0.508 1.346 3.558 0.378 11.072
6.597 0.917 0.283 0.508 1.346 14.353 0.219 3.383
6.704 0.917 0.283 0.508 1.346 14.353 0.219 3.383
6.815 0.917 0.283 0.508 1.346 14.353 0.219 3.383
6.926 0.917 0.283 0.508 1.346 14.353 0.219 3.383
7.038 0.917 0.283 0.000 1.136 14.353 0.219 3.383
7.149 0.917 0.283 0.000 1.136 14.353 0.219 3.383
7.260 0.917 0.283 0.000 1.136 14.353 0.219 3.383
7.365 0.917 0.283 0.000 1.136 14.353 0.219 3.383
7.468 0.917 0.283 0.000 1.136 14.353 0.219 3.383
7.579 4.937 1.036 0.000 1.136 4.276 0.384 11.668
7.690 4.937 1.036 0.000 1.136 4.276 0.384 11.668
7.802 4.937 1.036 0.000 1.136 4.276 0.384 11.668
7.913 4.937 1.036 0.000 1.136 4.276 0.384 11.668
8.015 4.937 1.036 0.000 1.136 4.276 0.384 11.668
8.121 4.937 1.036 0.529 1.967 4.276 0.384 11.668
8.226 4.937 1.036 0.529 1.967 4.276 0.384 11.668
8.331 4.937 1.036 0.529 1.967 4.276 0.384 11.668
8.433 4.937 1.036 0.529 1.967 4.276 0.384 11.668
8.543 5.280 1.124 0.529 1.967 13.430 0.384 10.672
8.644 5.280 1.124 0.529 1.967 13.430 0.384 10.672
8.753 5.280 1.124 0.529 1.967 13.430 0.384 10.672
8.854 5.280 1.124 0.529 1.967 13.430 0.384 10.672
8.956 5.280 1.124 0.529 1.967 13.430 0.384 10.672
9.067 5.280 1.124 0.527 1.969 13.430 0.384 10.672
9.168 5.280 1.124 0.527 1.969 13.430 0.384 10.672
9.270 5.280 1.124 0.527 1.969 13.430 0.384 10.672
9.372 5.280 1.124 0.527 1.969 13.430 0.384 10.672
9.483 5.280 1.124 0.527 1.969 13.430 0.384 10.672
9.585 5.311 1.117 0.527 1.969 14.781 0.391 11.897
9.696 5.311 1.117 0.527 1.969 14.781 0.391 11.897
9.798 5.311 1.117 0.527 1.969 14.781 0.391 11.897
9.910 5.311 1.117 0.527 1.969 14.781 0.391 11.897
10.021 5.311 1.117 0.533 1.945 14.781 0.391 11.897
10.131 5.311 1.117 0.533 1.945 14.781 0.391 11.897
10.236 5.311 1.117 0.533 1.945 14.781 0.391 11.897
10.347 5.311 1.117 0.533 1.945 14.781 0.391 11.897
10.458 5.311 1.117 0.533 1.945 14.781 0.391 11.897
10.570 5.454 1.080 0.533 1.945 14.549 0.385 10.236
10.672 5.454 1.080 0.533 1.945 14.549 0.385 10.236
10.783 5.454 1.080 0.533 1.945 14.549 0.385 10.236
10.894 5.454 1.080 0.533 1.945 14.549 0.385 10.236
11.005 5.454 1.080 0.533 1.945 14.549 0.385 10.236
11.116 5.454 1.080 0.524 1.961 14.549 0.385 10.236
11.227 5.454 1.080 0.524 1.961 14.549 0.385 10.236
11.338 5.454 1.080 0.524 1.961 14.549 0.385 10.236
11.450 5.454 1.080 0.524 1.961 14.549 0.385 10.236
11.557 3.973 0.782 0.524 1.961 14.764 0.317 0.547
11.665 3.973 0.782 0.524 1.961 14.764 0.317 0.547
11.771 3.973 0.782 0.524 1.961 14.764 0.317 0.547
11.874 3.973 0.782 0.524 1.961 14.764 0.317 0.547
11.985 3.973 0.782 0.524 1.961 14.764 0.317 0.547
12.096 3.973 0.782 0.000 0.698 14.764 0.317 0.547
12.201 3.973 0.782 0.000 0.698 14.764 0.317 0.547
12.305 3.973 0.782 0.000 0.698 14.764 0.317 0.547
12.409 3.973 0.782 0.000 0.698 14.764 0.317 0.547
12.511 3.973 0.782 0.000 0.698 14.764 0.317 0.547
12.622 2.462 0.591 0.000 0.698 10.950 0.299 11.003
12.734 2.462 0.591 0.000 0.698 10.950 0.299 11.003
12.840 2.462 0.591 0.000 0.698 10.950 0.299 11.003
12.941 2.462 0.591 0.000 0.698 10.950 0.299 11.003
13.044 2.462 0.591 0.000 1.225 10.950 0.299 11.003
13.146 2.462 0.591 0.000 1.225 10.950 0.299 11.003
13.251 2.462 0.591 0.000 1.225 10.950 0.299 11.003
13.362 2.462 0.591 0.000 1.225 10.950 0.299 11.003
13.473 2.462 0.591 0.000 1.225 10.950 0.299 11.003
13.584 2.590 0.631 0.000 1.225 8.172 0.308 11.187
13.687 2.590 0.631 0.000 1.225 8.172 0.308 11.187
13.798 2.590 0.631 0.000 1.225 8.172 0.308 11.187
13.909 2.590 0.631 0.000 1.225 8.172 0.308 11.187
14.014 2.590 0.631 0.000 1.225 8.172 0.308 11.187
14.125 2.590 0.631 0.513 1.900 8.172 0.308 11.187
14.236 2.590 0.631 0.513 1.900 8.172 0.308 11.187
14.347 2.590 0.631 0.513 1.900 8.172 0.308 11.187
14.458 2.590 0.631 0.513 1.900 8.172 0.308 11.187
14.567 4.352 0.887 0.513 1.900 8.619 0.333 0.840
14.677 4.352 0.887 0.513 1.900 8.619 0.333 0.840
14.786 4.352 0.887 0.513 1.900 8.619 0.333 0.840
14.888 4.352 0.887 0.513 1.900 8.619 0.333 0.840
14.993 4.352 0.887 0.513 1.900 8.619 0.333 0.840
15.102 4.352 0.887 0.000 0.798 8.619 0.333 0.840
15.208 4.352 0.887 0.000 0.798 8.619 0.333 0.840
15.311 4.352 0.887 0.000 0.798 8.619 0.333 0.840
15.414 4.352 0.887 0.000 0.798 8.619 0.333 0.840
15.525 4.352 0.887 0.000 0.798 8.619 0.333 0.840
15.636 1.314 0.411 0.000 0.798 11.723 0.275 11.882
15.747 1.314 0.411 0.000 0.798 11.723 0.275 11.882
15.854 1.314 0.411 0.000 0.798 11.723 0.275 11.882
15.966 1.314 0.411 0.000 0.798 11.723 0.275 11.882
16.077 1.314 0.411 0.474 1.650 11.723 0.275 11.882
16.188 1.314 0.411 0.474 1.650 11.723 0.275 11.882
16.299 1.314 0.411 0.474 1.650 11.723 0.275 11.882
16.410 1.314 0.411 0.474 1.650 11.723 0.275 11.882
16.522 1.314 0.411 0.474 1.650 11.723 0.275 11.882
16.633 5.454 1.103 0.474 1.650 5.497 0.391 11.373
16.735 5.454 1.103 0.474 1.650 5.497 0.391 11.373
16.837 5.454 1.103 0.474 1.650 5.497 0.391 11.373
16.948 5.454 1.103 0.474 1.650 5.497 0.391 11.373
17.050 5.454 1.103 0.587 1.971 5.497 0.391 11.373
17.161 5.454 1.103 0.587 1.971 5.497 0.391 11.373
17.272 5.454 1.103 0.587 1.971 5.497 0.391 11.373
17.383 5.454 1.103 0.587 1.971 5.497 0.391 11.373
17.494 5.454 1.103 0.587 1.971 5.497 0.391 11.373
17.605 5.589 1.114 0.587 1.971 14.648 0.388 11.688
17.714 5.589 1.114 0.587 1.971 14.648 0.388 11.688
17.825 5.589 1.114 0.587 1.971 14.648 0.388 11.688
17.936 5.589 1.114 0.587 1.971 14.648 0.388 11.688
18.047 5.589 1.114 0.531 1.975 14.648 0.388 11.688
18.158 5.589 1.114 0.531 1.975 14.648 0.388 11.688
18.270 5.589 1.114 0.531 1.975 14.648 0.388 11.688
18.380 5.589 1.114 0.531 1.975 14.648 0.388 11.688
18.482 5.589 1.114 0.531 1.975 14.648 0.388 11.688
18.593 5.481 1.118 0.531 1.975 14.616 0.387 10.420
18.704 5.481 1.118 0.531 1.975 14.616 0.387 10.420
18.807 5.481 1.118 0.531 1.975 14.616 0.387 10.420
18.918 5.481 1.118 0.531 1.975 14.616 0.387 10.420
19.029 5.481 1.118 0.454 1.975 14.616 0.387 10.420
19.140 5.481 1.118 0.454 1.975 14.616 0.387 10.420
19.252 5.481 1.118 0.454 1.975 14.616 0.387 10.420
19.363 5.481 1.118 0.454 1.975 14.616 0.387 10.420
19.474 5.481 1.118 0.454 1.975 14.616 0.387 10.420
19.585 5.621 1.103 0.454 1.975 14.784 0.390 11.607
19.690 5.621 1.103 0.454 1.975 14.784 0.390 11.607
19.793 5.621 1.103 0.454 1.975 14.784 0.390 11.607
19.904 5.621 1.103 0.454 1.975 14.784 0.390 11.607
20.007 5.621 1.103 0.454 1.975 14.784 0.390 11.607
20.118 5.621 1.103 0.505 1.974 14.784 0.390 11.607
20.230 5.621 1.103 0.505 1.974 14.784 0.390 11.607
20.341 5.621 1.103 0.505 1.974 14.784 0.390 11.607
20.452 5.621 1.103 0.505 1.974 14.784 0.390 11.607
20.563 4.896 0.980 0.505 1.974 14.740 0.362 0.919
20.670 4.896 0.980 0.505 1.974 14.740 0.362 0.919
20.778 4.896 0.980 0.505 1.974 14.740 0.362 0.919
20.885 4.896 0.980 0.505 1.974 14.740 0.362 0.919
20.994 4.896 0.980 0.505 1.974 14.740 0.362 0.919
21.105 4.896 0.980 0.000 0.796 14.740 0.362 0.919
21.213 4.896 0.980 0.000 0.796 14.740 0.362 0.919
21.318 4.896 0.980 0.000 0.796 14.740 0.362 0.919
21.427 4.896 0.980 0.000 0.796 14.740 0.362 0.919
21.539 0.000 0.023 0.000 0.796 13.176 0.140 1.109
21.643 0.000 0.023 0.000 0.796 13.176 0.140 1.109
21.752 0.000 0.023 0.000 0.796 13.176 0.140 1.109
21.859 0.000 0.023 0.000 0.796 13.176 0.140 1.109
21.971 0.000 0.023 0.000 0.796 13.176 0.140 1.109
22.082 0.000 0.023 0.000 0.062 13.176 0.140 1.109
22.194 0.000 0.023 0.000 0.062 13.176 0.140 1.109
22.297 0.000 0.023 0.000 0.062 13.176 0.140 1.109
22.404 0.000 0.023 0.000 0.062 13.176 0.140 1.109
22.511 0.000 0.023 0.000 0.062 13.176 0.140 1.109
22.618 0.000 0.024 0.000 0.062 1.354 0.140 0.574
22.721 0.000 0.024 0.000 0.062 1.354 0.140 0.574
22.827 0.000 0.024 0.000 0.062 1.354 0.140 0.574
22.939 0.000 0.024 0.000 0.062 1.354 0.140 0.574
23.044 0.000 0.024 0.000 0.049 1.354 0.140 0.574
23.152 0.000 0.024 0.000 0.049 1.354 0.140 0.574
23.258 0.000 0.024 0.000 0.049 1.354 0.140 0.574
23.370 0.000 0.024 0.000 0.049 1.354 0.140 0.574
23.479 0.000 0.024 0.000 0.049 1.354 0.140 0.574
23.590 0.000 0.023 0.000 0.049 1.619 0.134 0.550
23.701 0.000 0.023 0.000 0.049 1.619 0.134 0.550
23.811 0.000 0.023 0.000 0.049 1.619 0.134 0.550
23.919 0.000 0.023 0.000 0.049 1.619 0.134 0.550
24.027 0.000 0.023 0.000 0.042 1.619 0.134 0.550
24.130 0.000 0.023 0.000 0.042 1.619 0.134 0.550
24.239 0.000 0.023 0.000 0.042 1.619 0.134 0.550
24.348 0.000 0.023 0.000 0.042 1.619 0.134 0.550
24.460 0.000 0.023 0.000 0.042 1.619 0.134 0.550
24.565 0.000 0.025 0.000 0.042 1.242 0.132 0.407
24.667 0.000 0.025 0.000 0.042 1.242 0.132 0.407
24.777 0.000 0.025 0.000 0.042 1.242 0.132 0.407
24.885 0.000 0.025 0.000 0.042 1.242 0.132 0.407
24.994 0.000 0.025 0.000 0.042 1.242 0.132 0.407
25.101 0.000 0.025 0.000 0.040 1.242 0.132 0.407
25.211 0.000 0.025 0.000 0.040 1.242 0.132 0.407
25.322 0.000 0.025 0.000 0.040 1.242 0.132 0.407
25.434 0.000 0.025 0.000 0.040 1.242 0.132 0.407
25.540 0.000 0.021 0.000 0.040 1.265 0.137 0.441
25.651 0.000 0.021 0.000 0.040 1.265 0.137 0.441
25.755 0.000 0.021 0.000 0.040 1.265 0.137 0.441
25.861 0.000 0.021 0.000 0.040 1.265 0.137 0.441
25.972 0.000 0.021 0.000 0.040 1.265 0.137 0.441
