0.000 0.033 0.022 0.000 0.041 1.211 0.131 0.478
0.103 0.033 0.022 0.000 0.041 1.211 0.131 0.478
0.213 0.033 0.022 0.000 0.041 1.211 0.131 0.478
0.323 0.033 0.022 0.000 0.041 1.211 0.131 0.478
0.435 0.033 0.022 0.223 0.040 1.211 0.131 0.478
0.546 0.033 0.022 0.223 0.040 1.211 0.131 0.478
0.655 0.033 0.022 0.223 0.040 1.211 0.131 0.478
0.763 0.033 0.022 0.223 0.040 1.211 0.131 0.478
0.875 0.033 0.022 0.223 0.040 1.211 0.131 0.478
0.986 0.000 0.021 0.223 0.040 1.419 0.136 0.564
1.097 0.000 0.021 0.223 0.040 1.419 0.136 0.564
1.208 0.000 0.021 0.223 0.040 1.419 0.136 0.564
1.320 0.000 0.021 0.223 0.040 1.419 0.136 0.564
1.430 0.000 0.021 0.000 0.065 1.419 0.136 0.564
1.542 0.000 0.021 0.000 0.065 1.419 0.136 0.564
1.652 0.000 0.021 0.000 0.065 1.419 0.136 0.564
1.763 0.000 0.021 0.000 0.065 1.419 0.136 0.564
1.865 0.000 0.021 0.000 0.065 1.419 0.136 0.564
1.970 0.553 0.104 0.000 0.065 1.241 0.174 4.917
2.081 0.553 0.104 0.000 0.065 1.241 0.174 4.917
2.185 0.553 0.104 0.000 0.065 1.241 0.174 4.917
2.287 0.553 0.104 0.000 0.065 1.241 0.174 4.917
2.399 0.553 0.104 0.759 1.236 1.241 0.174 4.917
2.510 0.553 0.104 0.759 1.236 1.241 0.174 4.917
2.619 0.553 0.104 0.759 1.236 1.241 0.174 4.917
2.723 0.553 0.104 0.759 1.236 1.241 0.174 4.917
2.826 0.553 0.104 0.759 1.236 1.241 0.174 4.917
2.937 2.254 1.399 0.759 1.236 2.542 0.398 8.127
3.040 2.254 1.399 0.759 1.236 2.542 0.398 8.127
3.151 2.254 1.399 0.759 1.236 2.542 0.398 8.127
3.257 2.254 1.399 0.759 1.236 2.542 0.398 8.127
3.368 2.254 1.399 0.759 1.236 2.542 0.398 8.127
3.470 2.254 1.399 0.755 2.081 2.542 0.398 8.127
3.572 2.254 1.399 0.755 2.081 2.542 0.398 8.127
3.683 2.254 1.399 0.755 2.081 2.542 0.398 8.127
3.788 2.254 1.399 0.755 2.081 2.542 0.398 8.127
3.899 2.349 1.493 0.755 2.081 10.712 0.408 7.907
4.001 2.349 1.493 0.755 2.081 10.712 0.408 7.907
4.112 2.349 1.493 0.755 2.081 10.712 0.408 7.907
4.214 2.349 1.493 0.755 2.081 10.712 0.408 7.907
4.318 2.349 1.493 0.755 2.081 10.712 0.408 7.907
4.421 2.349 1.493 0.000 2.106 10.712 0.408 7.907
4.524 2.349 1.493 0.000 2.106 10.712 0.408 7.907
4.635 2.349 1.493 0.000 2.106 10.712 0.408 7.907
4.738 2.349 1.493 0.000 2.106 10.712 0.408 7.907
4.849 2.349 1.493 0.000 2.106 10.712 0.408 7.907
4.960 2.350 1.427 0.000 2.106 10.912 0.403 7.757
5.071 2.350 1.427 0.000 2.106 10.912 0.403 7.757
5.175 2.350 1.427 0.000 2.106 10.912 0.403 7.757
5.286 2.350 1.427 0.000 2.106 10.912 0.403 7.757
5.395 2.350 1.427 0.752 2.106 10.912 0.403 7.757
5.507 2.350 1.427 0.752 2.106 10.912 0.403 7.757
5.618 2.350 1.427 0.752 2.106 10.912 0.403 7.757
5.729 2.350 1.427 0.752 2.106 10.912 0.403 7.757
5.840 2.350 1.427 0.752 2.106 10.912 0.403 7.757
5.944 2.356 1.439 0.752 2.106 10.973 0.401 8.464
6.055 2.356 1.439 0.752 2.106 10.973 0.401 8.464
6.159 2.356 1.439 0.752 2.106 10.973 0.401 8.464
6.271 2.356 1.439 0.752 2.106 10.973 0.401 8.464
6.375 2.356 1.439 0.752 2.106 10.973 0.401 8.464
6.479 2.356 1.439 0.757 2.105 10.973 0.401 8.464
6.582 2.356 1.439 0.757 2.105 10.973 0.401 8.464
6.692 2.356 1.439 0.757 2.105 10.973 0.401 8.464
6.803 2.356 1.439 0.757 2.105 10.973 0.401 8.464
6.915 2.338 1.475 0.757 2.105 10.910 0.407 8.495
7.024 2.338 1.475 0.757 2.105 10.910 0.407 8.495
7.135 2.338 1.475 0.757 2.105 10.910 0.407 8.495
7.238 2.338 1.475 0.757 2.105 10.910 0.407 8.495
7.349 2.338 1.475 0.757 2.105 10.910 0.407 8.495
7.461 2.338 1.475 0.755 2.107 10.910 0.407 8.495
7.572 2.338 1.475 0.755 2.107 10.910 0.407 8.495
7.673 2.338 1.475 0.755 2.107 10.910 0.407 8.495
7.776 2.338 1.475 0.755 2.107 10.910 0.407 8.495
7.884 2.338 1.475 0.755 2.107 10.910 0.407 8.495
7.995 2.320 1.446 0.755 2.107 10.888 0.405 8.510
8.102 2.320 1.446 0.755 2.107 10.888 0.405 8.510
8.213 2.320 1.446 0.755 2.107 10.888 0.405 8.510
8.323 2.320 1.446 0.755 2.107 10.888 0.405 8.510
8.434 2.320 1.446 0.749 2.109 10.888 0.405 8.510
8.546 2.320 1.446 0.749 2.109 10.888 0.405 8.510
8.657 2.320 1.446 0.749 2.109 10.888 0.405 8.510
8.760 2.320 1.446 0.749 2.109 10.888 0.405 8.510
8.862 2.320 1.446 0.749 2.109 10.888 0.405 8.510
8.973 2.364 1.434 0.749 2.109 10.914 0.400 7.604
9.084 2.364 1.434 0.749 2.109 10.914 0.400 7.604
9.185 2.364 1.434 0.749 2.109 10.914 0.400 7.604
9.290 2.364 1.434 0.749 2.109 10.914 0.400 7.604
9.399 2.364 1.434 0.740 2.117 10.914 0.400 7.604
9.503 2.364 1.434 0.740 2.117 10.914 0.400 7.604
9.614 2.364 1.434 0.740 2.117 10.914 0.400 7.604
9.717 2.364 1.434 0.740 2.117 10.914 0.400 7.604
9.820 2.364 1.434 0.740 2.117 10.914 0.400 7.604
9.931 2.435 1.466 0.740 2.117 10.891 0.410 7.851
10.035 2.435 1.466 0.740 2.117 10.891 0.410 7.851
10.147 2.435 1.466 0.740 2.117 10.891 0.410 7.851
10.258 2.435 1.466 0.740 2.117 10.891 0.410 7.851
10.361 2.435 1.466 0.740 2.117 10.891 0.410 7.851
10.472 2.435 1.466 0.761 2.111 10.891 0.410 7.851
10.576 2.435 1.466 0.761 2.111 10.891 0.410 7.851
10.678 2.435 1.466 0.761 2.111 10.891 0.410 7.851
10.789 2.435 1.466 0.761 2.111 10.891 0.410 7.851
10.891 2.435 1.466 0.761 2.111 10.891 0.410 7.851
10.995 2.566 1.486 0.761 2.111 11.102 0.406 8.025
11.099 2.566 1.486 0.761 2.111 11.102 0.406 8.025
11.202 2.566 1.486 0.761 2.111 11.102 0.406 8.025
11.303 2.566 1.486 0.761 2.111 11.102 0.406 8.025
11.407 2.566 1.486 0.754 2.131 11.102 0.406 8.025
11.510 2.566 1.486 0.754 2.131 11.102 0.406 8.025
11.614 2.566 1.486 0.754 2.131 11.102 0.406 8.025
11.725 2.566 1.486 0.754 2.131 11.102 0.406 8.025
11.836 2.566 1.486 0.754 2.131 11.102 0.406 8.025
11.945 2.444 1.459 0.754 2.131 11.222 0.406 7.699
12.046 2.444 1.459 0.754 2.131 11.222 0.406 7.699
12.157 2.444 1.459 0.754 2.131 11.222 0.406 7.699
12.269 2.444 1.459 0.754 2.131 11.222 0.406 7.699
12.372 2.444 1.459 0.754 2.131 11.222 0.406 7.699
12.474 2.444 1.459 0.765 2.106 11.222 0.406 7.699
12.585 2.444 1.459 0.765 2.106 11.222 0.406 7.699
12.689 2.444 1.459 0.765 2.106 11.222 0.406 7.699
12.800 2.444 1.459 0.765 2.106 11.222 0.406 7.699
12.902 2.405 1.460 0.765 2.106 10.935 0.404 7.860
13.013 2.405 1.460 0.765 2.106 10.935 0.404 7.860
13.125 2.405 1.460 0.765 2.106 10.935 0.404 7.860
13.226 2.405 1.460 0.765 2.106 10.935 0.404 7.860
13.330 2.405 1.460 0.765 2.106 10.935 0.404 7.860
13.441 2.405 1.460 0.000 2.104 10.935 0.404 7.860
13.553 2.405 1.460 0.000 2.104 10.935 0.404 7.860
13.655 2.405 1.460 0.000 2.104 10.935 0.404 7.860
13.764 2.405 1.460 0.000 2.104 10.935 0.404 7.860
13.875 2.405 1.460 0.000 2.104 10.935 0.404 7.860
13.977 2.335 1.465 0.000 2.104 10.850 0.403 8.447
14.089 2.335 1.465 0.000 2.104 10.850 0.403 8.447
14.200 2.335 1.465 0.000 2.104 10.850 0.403 8.447
14.302 2.335 1.465 0.000 2.104 10.850 0.403 8.447
14.403 2.335 1.465 0.743 2.105 10.850 0.403 8.447
14.507 2.335 1.465 0.743 2.105 10.850 0.403 8.447
14.618 2.335 1.465 0.743 2.105 10.850 0.403 8.447
14.729 2.335 1.465 0.743 2.105 10.850 0.403 8.447
14.840 2.335 1.465 0.743 2.105 10.850 0.403 8.447
14.947 2.435 1.431 0.743 2.105 10.930 0.395 0.909
15.058 2.435 1.431 0.743 2.105 10.930 0.395 0.909
15.162 2.435 1.431 0.743 2.105 10.930 0.395 0.909
15.273 2.435 1.431 0.743 2.105 10.930 0.395 0.909
15.381 2.435 1.431 0.743 2.105 10.930 0.395 0.909
15.490 2.435 1.431 0.746 1.023 10.930 0.395 0.909
15.597 2.435 1.431 0.746 1.023 10.930 0.395 0.909
15.700 2.435 1.431 0.746 1.023 10.930 0.395 0.909
15.804 2.435 1.431 0.746 1.023 10.930 0.395 0.909
15.913 0.055 0.023 0.746 1.023 10.753 0.142 0.441
16.024 0.055 0.023 0.746 1.023 10.753 0.142 0.441
16.135 0.055 0.023 0.746 1.023 10.753 0.142 0.441
16.244 0.055 0.023 0.746 1.023 10.753 0.142 0.441
16.347 0.055 0.023 0.746 1.023 10.753 0.142 0.441
16.458 0.055 0.023 0.000 0.042 10.753 0.142 0.441
16.563 0.055 0.023 0.000 0.042 10.753 0.142 0.441
16.666 0.055 0.023 0.000 0.042 10.753 0.142 0.441
16.778 0.055 0.023 0.000 0.042 10.753 0.142 0.441
16.890 0.055 0.023 0.000 0.042 10.753 0.142 0.441
17.000 0.000 0.023 0.000 0.042 1.517 0.140 0.899
17.104 0.000 0.023 0.000 0.042 1.517 0.140 0.899
17.214 0.000 0.023 0.000 0.042 1.517 0.140 0.899
17.324 0.000 0.023 0.000 0.042 1.517 0.140 0.899
17.430 0.000 0.023 0.000 0.058 1.517 0.140 0.899
17.542 0.000 0.023 0.000 0.058 1.517 0.140 0.899
17.653 0.000 0.023 0.000 0.058 1.517 0.140 0.899
17.764 0.000 0.023 0.000 0.058 1.517 0.140 0.899
17.875 0.000 0.023 0.000 0.058 1.517 0.140 0.899
17.980 0.000 0.022 0.000 0.058 1.319 0.140 0.531
18.088 0.000 0.022 0.000 0.058 1.319 0.140 0.531
18.199 0.000 0.022 0.000 0.058 1.319 0.140 0.531
18.306 0.000 0.022 0.000 0.058 1.319 0.140 0.531
18.415 0.000 0.022 0.000 0.041 1.319 0.140 0.531
18.521 0.000 0.022 0.000 0.041 1.319 0.140 0.531
18.630 0.000 0.022 0.000 0.041 1.319 0.140 0.531
18.740 0.000 0.022 0.000 0.041 1.319 0.140 0.531
18.847 0.000 0.022 0.000 0.041 1.319 0.140 0.531
18.957 0.000 0.021 0.000 0.041 1.321 0.138 0.526
19.060 0.000 0.021 0.000 0.041 1.321 0.138 0.526
19.163 0.000 0.021 0.000 0.041 1.321 0.138 0.526
19.269 0.000 0.021 0.000 0.041 1.321 0.138 0.526
19.380 0.000 0.021 0.000 0.041 1.321 0.138 0.526
19.491 0.000 0.021 0.000 0.040 1.321 0.138 0.526
19.597 0.000 0.021 0.000 0.040 1.321 0.138 0.526
19.709 0.000 0.021 0.000 0.040 1.321 0.138 0.526
19.816 0.000 0.021 0.000 0.040 1.321 0.138 0.526
19.921 0.034 0.024 0.000 0.040 1.261 0.132 0.360
20.033 0.034 0.024 0.000 0.040 1.261 0.132 0.360
20.145 0.034 0.024 0.000 0.040 1.261 0.132 0.360
20.247 0.034 0.024 0.000 0.040 1.261 0.132 0.360
20.355 0.034 0.024 0.000 0.040 1.261 0.132 0.360
20.464 0.034 0.024 0.000 0.044 1.261 0.132 0.360
20.575 0.034 0.024 0.000 0.044 1.261 0.132 0.360
20.684 0.034 0.024 0.000 0.044 1.261 0.132 0.360
20.787 0.034 0.024 0.000 0.044 1.261 0.132 0.360
20.896 0.034 0.024 0.000 0.044 1.261 0.132 0.360
21.006 0.000 0.020 0.000 0.044 1.317 0.136 0.460
21.116 0.000 0.020 0.000 0.044 1.317 0.136 0.460
21.224 0.000 0.020 0.000 0.044 1.317 0.136 0.460
21.330 0.000 0.020 0.000 0.044 1.317 0.136 0.460
21.434 0.000 0.020 0.000 0.037 1.317 0.136 0.460
21.540 0.000 0.020 0.000 0.037 1.317 0.136 0.460
21.651 0.000 0.020 0.000 0.037 1.317 0.136 0.460
21.761 0.000 0.020 0.000 0.037 1.317 0.136 0.460
21.862 0.000 0.020 0.000 0.037 1.317 0.136 0.460
21.971 0.000 0.024 0.000 0.037 1.221 0.133 0.417
22.077 0.000 0.024 0.000 0.037 1.221 0.133 0.417
22.188 0.000 0.024 0.000 0.037 1.221 0.133 0.417
22.299 0.000 0.024 0.000 0.037 1.221 0.133 0.417
22.401 0.000 0.024 0.000 0.038 1.221 0.133 0.417
22.507 0.000 0.024 0.000 0.038 1.221 0.133 0.417
22.614 0.000 0.024 0.000 0.038 1.221 0.133 0.417
22.721 0.000 0.024 0.000 0.038 1.221 0.133 0.417
22.830 0.000 0.024 0.000 0.038 1.221 0.133 0.417
22.938 0.000 0.024 0.000 0.038 1.193 0.142 0.569
23.042 0.000 0.024 0.000 0.038 1.193 0.142 0.569
23.154 0.000 0.024 0.000 0.038 1.193 0.142 0.569
23.264 0.000 0.024 0.000 0.038 1.193 0.142 0.569
23.367 0.000 0.024 0.000 0.038 1.193 0.142 0.569
23.478 0.000 0.024 0.000 0.048 1.193 0.142 0.569
23.588 0.000 0.024 0.000 0.048 1.193 0.142 0.569
23.697 0.000 0.024 0.000 0.048 1.193 0.142 0.569
23.808 0.000 0.024 0.000 0.048 1.193 0.142 0.569
23.920 0.000 0.021 0.000 0.048 1.234 0.139 0.455
24.030 0.000 0.021 0.000 0.048 1.234 0.139 0.455
24.142 0.000 0.021 0.000 0.048 1.234 0.139 0.455
24.247 0.000 0.021 0.000 0.048 1.234 0.139 0.455
24.359 0.000 0.021 0.000 0.048 1.234 0.139 0.455
24.471 0.000 0.021 0.000 0.040 1.234 0.139 0.455
24.580 0.000 0.021 0.000 0.040 1.234 0.139 0.455
24.691 0.000 0.021 0.000 0.040 1.234 0.139 0.455
24.803 0.000 0.021 0.000 0.040 1.234 0.139 0.455
24.914 0.000 0.022 0.000 0.040 1.339 0.135 0.517
25.023 0.000 0.022 0.000 0.040 1.339 0.135 0.517
25.130 0.000 0.022 0.000 0.040 1.339 0.135 0.517
25.242 0.000 0.022 0.000 0.040 1.339 0.135 0.517
25.347 0.000 0.022 0.000 0.040 1.339 0.135 0.517
25.458 0.000 0.022 0.000 0.038 1.339 0.135 0.517
25.567 0.000 0.022 0.000 0.038 1.339 0.135 0.517
25.679 0.000 0.022 0.000 0.038 1.339 0.135 0.517
25.789 0.000 0.022 0.000 0.038 1.339 0.135 0.517
25.896 0.000 0.022 0.000 0.038 1.339 0.135 0.517
