abs	0 s	peak computeplan 0 MB	ANECompilerService 20 MB	
acos	0 s	peak computeplan 0 MB	ANECompilerService 20 MB	
add	0 s	peak computeplan 0 MB	ANECompilerService 21 MB	
add_bc_batch	0 s	peak computeplan 0 MB	ANECompilerService 21 MB	
add_bc_both	0 s	peak computeplan 0 MB	ANECompilerService 21 MB	
add_bc_ch	0 s	peak computeplan 0 MB	ANECompilerService 21 MB	
add_bc_hw	0 s	peak computeplan 0 MB	ANECompilerService 21 MB	
add_bc_w	0 s	peak computeplan 0 MB	ANECompilerService 21 MB	
add_f32	0 s	peak computeplan 0 MB	ANECompilerService 21 MB	
add_i32	0 s	peak computeplan 0 MB	ANECompilerService 21 MB	
affine	0 s	peak computeplan 0 MB	ANECompilerService 21 MB	
argmax_flat	0 s	peak computeplan 0 MB	ANECompilerService 21 MB	
argsort_w	0 s	peak computeplan 0 MB	ANECompilerService 21 MB	
asin	0 s	peak computeplan 0 MB	ANECompilerService 21 MB	
atan	0 s	peak computeplan 0 MB	ANECompilerService 21 MB	
atanh	0 s	peak computeplan 0 MB	ANECompilerService 21 MB	
avg_pool	0 s	peak computeplan 0 MB	ANECompilerService 21 MB	
avg_pool3d	0 s	peak computeplan 0 MB	ANECompilerService 21 MB	
band_part	0 s	peak computeplan 0 MB	ANECompilerService 21 MB	
batch_norm	0 s	peak computeplan 0 MB	ANECompilerService 21 MB	
batch_to_space	0 s	peak computeplan 0 MB	ANECompilerService 21 MB	
cast_f16_f32	0 s	peak computeplan 0 MB	ANECompilerService 21 MB	
cast_f16_i32	0 s	peak computeplan 0 MB	ANECompilerService 21 MB	
cast_f16_i8	0 s	peak computeplan 0 MB	ANECompilerService 21 MB	
cast_i32_f16	0 s	peak computeplan 0 MB	ANECompilerService 21 MB	
ceil	0 s	peak computeplan 0 MB	ANECompilerService 21 MB	
clip	0 s	peak computeplan 0 MB	ANECompilerService 21 MB	
concat_c	0 s	peak computeplan 0 MB	ANECompilerService 21 MB	
concat_interleave	0 s	peak computeplan 0 MB	ANECompilerService 21 MB	
concat_n	0 s	peak computeplan 0 MB	ANECompilerService 21 MB	
concat_w	0 s	peak computeplan 0 MB	ANECompilerService 21 MB	
conv1d	0 s	peak computeplan 0 MB	ANECompilerService 21 MB	
conv1x1	0 s	peak computeplan 0 MB	ANECompilerService 21 MB	
conv3d	0 s	peak computeplan 0 MB	ANECompilerService 21 MB	
conv3x3	0 s	peak computeplan 0 MB	ANECompilerService 21 MB	
conv3x3_d2	0 s	peak computeplan 0 MB	ANECompilerService 21 MB	
conv3x3_dw	0 s	peak computeplan 0 MB	ANECompilerService 21 MB	
conv7x7_s2	0 s	peak computeplan 0 MB	ANECompilerService 21 MB	
conv_dynw	0 s	peak computeplan 0 MB	ANECompilerService 21 MB	
conv_k17	0 s	peak computeplan 0 MB	ANECompilerService 21 MB	
conv_k1x31	0 s	peak computeplan 0 MB	ANECompilerService 21 MB	
conv_s5	0 s	peak computeplan 0 MB	ANECompilerService 21 MB	
conv_transpose	0 s	peak computeplan 0 MB	ANECompilerService 21 MB	
conv_transpose_1d	0 s	peak computeplan 0 MB	ANECompilerService 21 MB	
conv_transpose_3d	0 s	peak computeplan 0 MB	ANECompilerService 21 MB	
conv_transpose_k3s2	0 s	peak computeplan 0 MB	ANECompilerService 21 MB	
cos	0 s	peak computeplan 0 MB	ANECompilerService 21 MB	
cosh	0 s	peak computeplan 0 MB	ANECompilerService 21 MB	
crop_resize	0 s	peak computeplan 0 MB	ANECompilerService 21 MB	
cumsum_c	0 s	peak computeplan 0 MB	ANECompilerService 21 MB	
cumsum_w	0 s	peak computeplan 0 MB	ANECompilerService 21 MB	
depth_to_space	0 s	peak computeplan 0 MB	ANECompilerService 21 MB	
elu	0 s	peak computeplan 0 MB	ANECompilerService 21 MB	
embedding	0 s	peak computeplan 0 MB	ANECompilerService 21 MB	
equal	0 s	peak computeplan 0 MB	ANECompilerService 21 MB	
erf	0 s	peak computeplan 0 MB	ANECompilerService 22 MB	
exp	0 s	peak computeplan 0 MB	ANECompilerService 22 MB	
exp2	0 s	peak computeplan 0 MB	ANECompilerService 22 MB	
fill_like	0 s	peak computeplan 0 MB	ANECompilerService 22 MB	
floor	0 s	peak computeplan 0 MB	ANECompilerService 22 MB	
floor_div	0 s	peak computeplan 0 MB	ANECompilerService 21 MB	
gather_along_axis	0 s	peak computeplan 0 MB	ANECompilerService 21 MB	
gather_c	0 s	peak computeplan 0 MB	ANECompilerService 21 MB	
gather_dyn	0 s	peak computeplan 0 MB	ANECompilerService 21 MB	
gather_nd	0 s	peak computeplan 0 MB	ANECompilerService 21 MB	
gather_w	0 s	peak computeplan 0 MB	ANECompilerService 21 MB	
gelu_exact	0 s	peak computeplan 0 MB	ANECompilerService 21 MB	
gelu_sigmoid	0 s	peak computeplan 0 MB	ANECompilerService 21 MB	
gelu_tanh	0 s	peak computeplan 0 MB	ANECompilerService 22 MB	
global_avg	0 s	peak computeplan 0 MB	ANECompilerService 22 MB	
greater	0 s	peak computeplan 0 MB	ANECompilerService 22 MB	
greater_equal	0 s	peak computeplan 0 MB	ANECompilerService 22 MB	
gru	0 s	peak computeplan 0 MB	ANECompilerService 22 MB	
hard_sigmoid	0 s	peak computeplan 0 MB	ANECompilerService 22 MB	
instance_norm	0 s	peak computeplan 0 MB	ANECompilerService 22 MB	
inverse	0 s	peak computeplan 0 MB	ANECompilerService 22 MB	
l2_norm	0 s	peak computeplan 0 MB	ANECompilerService 22 MB	
l2_pool	0 s	peak computeplan 0 MB	ANECompilerService 22 MB	
layer_norm_c	0 s	peak computeplan 0 MB	ANECompilerService 22 MB	
layer_norm_chw	0 s	peak computeplan 0 MB	ANECompilerService 22 MB	
layer_norm_hw	0 s	peak computeplan 0 MB	ANECompilerService 22 MB	
leaky_relu	0 s	peak computeplan 0 MB	ANECompilerService 22 MB	
less	0 s	peak computeplan 0 MB	ANECompilerService 22 MB	
less_equal	0 s	peak computeplan 0 MB	ANECompilerService 22 MB	
linear	0 s	peak computeplan 0 MB	ANECompilerService 22 MB	
linear_act	0 s	peak computeplan 0 MB	ANECompilerService 22 MB	
log	0 s	peak computeplan 0 MB	ANECompilerService 22 MB	
log_softmax	0 s	peak computeplan 0 MB	ANECompilerService 22 MB	
logical_and	0 s	peak computeplan 0 MB	ANECompilerService 22 MB	
lrn	0 s	peak computeplan 0 MB	ANECompilerService 22 MB	
lstm	0 s	peak computeplan 0 MB	ANECompilerService 22 MB	
matmul_batched4d	0 s	peak computeplan 0 MB	ANECompilerService 22 MB	
matmul_bc	0 s	peak computeplan 0 MB	ANECompilerService 22 MB	
matmul_const	0 s	peak computeplan 0 MB	ANECompilerService 23 MB	
matmul_dyn	0 s	peak computeplan 0 MB	ANECompilerService 23 MB	
matmul_dyn_tr	0 s	peak computeplan 0 MB	ANECompilerService 23 MB	
matmul_f32	0 s	peak computeplan 0 MB	ANECompilerService 23 MB	
matmul_i32	0 s	peak computeplan 0 MB	ANECompilerService 23 MB	
max_pool	0 s	peak computeplan 0 MB	ANECompilerService 23 MB	
max_pool_k15	0 s	peak computeplan 0 MB	ANECompilerService 23 MB	
maximum	0 s	peak computeplan 0 MB	ANECompilerService 23 MB	
minimum	0 s	peak computeplan 0 MB	ANECompilerService 23 MB	
mod	0 s	peak computeplan 0 MB	ANECompilerService 23 MB	
mul	0 s	peak computeplan 0 MB	ANECompilerService 23 MB	
mul_i32	0 s	peak computeplan 0 MB	ANECompilerService 23 MB	
nms	0 s	peak computeplan 0 MB	ANECompilerService 23 MB	
nonzero	0 s	peak computeplan 0 MB	ANECompilerService 23 MB	
not_equal	0 s	peak computeplan 0 MB	ANECompilerService 23 MB	
one_hot	0 s	peak computeplan 0 MB	ANECompilerService 23 MB	
pad_c	0 s	peak computeplan 0 MB	ANECompilerService 23 MB	
pad_const	0 s	peak computeplan 0 MB	ANECompilerService 23 MB	
pad_reflect	0 s	peak computeplan 0 MB	ANECompilerService 23 MB	
pad_replicate	0 s	peak computeplan 0 MB	ANECompilerService 23 MB	
pixel_shuffle	0 s	peak computeplan 0 MB	ANECompilerService 23 MB	
pixel_unshuffle	0 s	peak computeplan 0 MB	ANECompilerService 23 MB	
pow	0 s	peak computeplan 0 MB	ANECompilerService 23 MB	
pow_const	0 s	peak computeplan 0 MB	ANECompilerService 23 MB	
pow_half	0 s	peak computeplan 0 MB	ANECompilerService 23 MB	
prelu	0 s	peak computeplan 0 MB	ANECompilerService 23 MB	
q_dq_i8	0 s	peak computeplan 0 MB	ANECompilerService 23 MB	
quantize_i8	0 s	peak computeplan 0 MB	ANECompilerService 23 MB	
random_normal	0 s	peak computeplan 0 MB	ANECompilerService 23 MB	
range_1d	0 s	peak computeplan 0 MB	ANECompilerService 23 MB	
real_div	0 s	peak computeplan 0 MB	ANECompilerService 23 MB	
reduce_argmax_c	0 s	peak computeplan 0 MB	ANECompilerService 23 MB	
reduce_argmax_w	0 s	peak computeplan 0 MB	ANECompilerService 23 MB	
reduce_l1_norm_c	0 s	peak computeplan 0 MB	ANECompilerService 23 MB	
reduce_l2_norm_c	0 s	peak computeplan 0 MB	ANECompilerService 23 MB	
reduce_log_sum_c	0 s	peak computeplan 0 MB	ANECompilerService 23 MB	
reduce_log_sum_exp_c	0 s	peak computeplan 0 MB	ANECompilerService 23 MB	
reduce_max_c	0 s	peak computeplan 0 MB	ANECompilerService 23 MB	
reduce_mean_c	0 s	peak computeplan 0 MB	ANECompilerService 23 MB	
reduce_min_c	0 s	peak computeplan 0 MB	ANECompilerService 23 MB	
reduce_prod_c	0 s	peak computeplan 0 MB	ANECompilerService 23 MB	
reduce_sum_all	0 s	peak computeplan 0 MB	ANECompilerService 23 MB	
reduce_sum_c	0 s	peak computeplan 0 MB	ANECompilerService 23 MB	
reduce_sum_square_c	0 s	peak computeplan 0 MB	ANECompilerService 23 MB	
reduce_sum_w	0 s	peak computeplan 0 MB	ANECompilerService 23 MB	
relu	0 s	peak computeplan 0 MB	ANECompilerService 23 MB	
relu6	0 s	peak computeplan 0 MB	ANECompilerService 23 MB	
relu_c65536	0 s	peak computeplan 0 MB	ANECompilerService 23 MB	
relu_c65537	0 s	peak computeplan 0 MB	ANECompilerService 23 MB	
relu_f32	0 s	peak computeplan 0 MB	ANECompilerService 23 MB	
relu_h65536	0 s	peak computeplan 0 MB	ANECompilerService 23 MB	
relu_h65537	0 s	peak computeplan 0 MB	ANECompilerService 23 MB	
relu_n64	0 s	peak computeplan 0 MB	ANECompilerService 23 MB	
relu_r1	0 s	peak computeplan 0 MB	ANECompilerService 23 MB	
relu_r2	0 s	peak computeplan 0 MB	ANECompilerService 23 MB	
relu_r3	0 s	peak computeplan 0 MB	ANECompilerService 23 MB	
relu_r5	0 s	peak computeplan 0 MB	ANECompilerService 23 MB	
relu_w16384	0 s	peak computeplan 0 MB	ANECompilerService 23 MB	
relu_w16385	0 s	peak computeplan 0 MB	ANECompilerService 23 MB	
relu_w65536	0 s	peak computeplan 0 MB	ANECompilerService 23 MB	
relu_w65537	0 s	peak computeplan 0 MB	ANECompilerService 23 MB	
resample	0 s	peak computeplan 0 MB	ANECompilerService 23 MB	
reshape	0 s	peak computeplan 0 MB	ANECompilerService 23 MB	
reshape_split_c	0 s	peak computeplan 0 MB	ANECompilerService 23 MB	
resize_bilinear	0 s	peak computeplan 0 MB	ANECompilerService 23 MB	
resize_down	0 s	peak computeplan 0 MB	ANECompilerService 23 MB	
resize_nearest	0 s	peak computeplan 0 MB	ANECompilerService 24 MB	
reverse_w	0 s	peak computeplan 0 MB	ANECompilerService 24 MB	
rnn	0 s	peak computeplan 0 MB	ANECompilerService 24 MB	
round	0 s	peak computeplan 0 MB	ANECompilerService 24 MB	
rsqrt	0 s	peak computeplan 0 MB	ANECompilerService 24 MB	
scaled_tanh	0 s	peak computeplan 0 MB	ANECompilerService 24 MB	
scatter	0 s	peak computeplan 0 MB	ANECompilerService 24 MB	
scatter_along_axis	0 s	peak computeplan 0 MB	ANECompilerService 24 MB	
sdpa	0 s	peak computeplan 0 MB	ANECompilerService 24 MB	
sdpa_mask	0 s	peak computeplan 0 MB	ANECompilerService 24 MB	
select	0 s	peak computeplan 0 MB	ANECompilerService 23 MB	
shape	0 s	peak computeplan 0 MB	ANECompilerService 23 MB	
sigmoid	0 s	peak computeplan 0 MB	ANECompilerService 23 MB	
sign	0 s	peak computeplan 0 MB	ANECompilerService 23 MB	
silu	0 s	peak computeplan 0 MB	ANECompilerService 23 MB	
sin	0 s	peak computeplan 0 MB	ANECompilerService 23 MB	
sinh	0 s	peak computeplan 0 MB	ANECompilerService 23 MB	
slice_by_size	0 s	peak computeplan 0 MB	ANECompilerService 23 MB	
slice_c	0 s	peak computeplan 0 MB	ANECompilerService 23 MB	
slice_dyn	0 s	peak computeplan 0 MB	ANECompilerService 23 MB	
slice_w_stride2	0 s	peak computeplan 0 MB	ANECompilerService 23 MB	
sliding_windows	0 s	peak computeplan 0 MB	ANECompilerService 23 MB	
softmax_c	0 s	peak computeplan 0 MB	ANECompilerService 24 MB	
softmax_h	0 s	peak computeplan 0 MB	ANECompilerService 24 MB	
softmax_n	0 s	peak computeplan 0 MB	ANECompilerService 24 MB	
softmax_w	0 s	peak computeplan 0 MB	ANECompilerService 24 MB	
softplus	0 s	peak computeplan 0 MB	ANECompilerService 24 MB	
softsign	0 s	peak computeplan 0 MB	ANECompilerService 24 MB	
space_to_batch	0 s	peak computeplan 0 MB	ANECompilerService 24 MB	
space_to_depth	0 s	peak computeplan 0 MB	ANECompilerService 25 MB	
split_c	0 s	peak computeplan 0 MB	ANECompilerService 25 MB	
sqrt	0 s	peak computeplan 0 MB	ANECompilerService 25 MB	
square	0 s	peak computeplan 0 MB	ANECompilerService 25 MB	
squeeze_expand	0 s	peak computeplan 0 MB	ANECompilerService 25 MB	
stack	0 s	peak computeplan 0 MB	ANECompilerService 25 MB	
sub	0 s	peak computeplan 0 MB	ANECompilerService 25 MB	
tan	0 s	peak computeplan 0 MB	ANECompilerService 25 MB	
tanh	0 s	peak computeplan 0 MB	ANECompilerService 25 MB	
thresholded_relu	0 s	peak computeplan 0 MB	ANECompilerService 24 MB	
tile	0 s	peak computeplan 0 MB	ANECompilerService 24 MB	
topk_c	0 s	peak computeplan 0 MB	ANECompilerService 24 MB	
topk_large	0 s	peak computeplan 0 MB	ANECompilerService 24 MB	
topk_w	0 s	peak computeplan 0 MB	ANECompilerService 24 MB	
transpose_cw	0 s	peak computeplan 0 MB	ANECompilerService 24 MB	
transpose_hw	0 s	peak computeplan 0 MB	ANECompilerService 24 MB	
transpose_nc	0 s	peak computeplan 0 MB	ANECompilerService 24 MB	
transpose_r5	0 s	peak computeplan 0 MB	ANECompilerService 24 MB	
upsample_bilinear	0 s	peak computeplan 0 MB	ANECompilerService 24 MB	
upsample_bilinear_ac	0 s	peak computeplan 0 MB	ANECompilerService 25 MB	
upsample_nearest	0 s	peak computeplan 0 MB	ANECompilerService 23 MB	
upsample_nearest_frac	0 s	peak computeplan 0 MB	ANECompilerService 23 MB	
upsample_nearest_x3	0 s	peak computeplan 0 MB	ANECompilerService 23 MB	
