OSLOGTAP	[CostModelFeature],upsample_bilinear_0,Op,ios16.upsample_bilinear,gFlopCnt,0.0001311,totalMB,0.625,kKBPerOC,0,mbKernel,0,mbInputTensors,0.125,mbOutputTensors,0.5,opsPerByte,0.2097,inputTensorX,32,inputTensorY,0,outputTensorX,64,outputTensorY,0,outputChannelCount,0,inputChannelCount,0,kernelX,0,kernelY,0,dilationX,0,dilationY,0,workUnitEfficiency16,0,isL2Resident,0,is3DConv,0,GFLOP/s,0.262347,GBP/s,0.000000,Runtime,0.499635,UsedDTree,True,Bound:Memory
OSLOGTAP	[CostModelFeature],upsample_bilinear_0,Op,ios16.upsample_bilinear,gFlopCnt,0.0001311,totalMB,0.625,kKBPerOC,0,mbKernel,0,mbInputTensors,0.125,mbOutputTensors,0.5,opsPerByte,0.2097,inputTensorX,32,inputTensorY,0,outputTensorX,64,outputTensorY,0,outputChannelCount,0,inputChannelCount,0,kernelX,0,kernelY,0,dilationX,0,dilationY,0,workUnitEfficiency16,0,isL2Resident,0,is3DConv,0,GFLOP/s,0.228085,GBP/s,0.000000,Runtime,0.574689,UsedDTree,True,Bound:Memory
OSLOGTAP	[CostModelFeature],upsample_bilinear_0,Op,ios16.upsample_bilinear,gFlopCnt,0.0001311,totalMB,0.625,kKBPerOC,0,mbKernel,0,mbInputTensors,0.125,mbOutputTensors,0.5,opsPerByte,0.2097,inputTensorX,32,inputTensorY,0,outputTensorX,64,outputTensorY,0,outputChannelCount,0,inputChannelCount,0,kernelX,0,kernelY,0,dilationX,0,dilationY,0,workUnitEfficiency16,0,isL2Resident,0,is3DConv,0,GFLOP/s,39.658901,GBP/s,0.000000,Runtime,0.003305,UsedDTree,True,Bound:Memory
